nohup: ignoring input
shared_utils.py yüklendi. [Q1 | Sensitivity-First | TTA | ClinicalFocalLoss]
MAE pretraining manifest: 241 benzersiz hasta
MAE pretrained encoder zaten var, pretraining atlanıyor: /home/zera/Downloads/Appendiks varyasyon3 DS-20260713T105239Z-2-001/Appendiks varyasyon3 DS/segformer/experiments_q1_final/mae_tinytransformer/mae_pretrained_encoder.pt
================================================================================
MAE-TinyTransformer3D — External Test: 37 hasta
================================================================================

======================================================================
FOLD 1/5
======================================================================
  Fold 1: MAE pretrained encoder yüklendi.
[mae-tiny | fold 1 | epoch 001] train=0.2297 val_loss=0.2284 auc=0.4238 thr=0.490
  [Metrics] AUC:0.424 F1:0.607 SENS:0.850 SPEC:0.095 | COMPOSITE:0.5695 EMA:-1.4305
[mae-tiny | fold 1 | epoch 002] train=0.2237 val_loss=0.2261 auc=0.4429 thr=0.541
  [Metrics] AUC:0.443 F1:0.607 SENS:0.850 SPEC:0.095 | COMPOSITE:0.5743 EMA:-1.4290
[mae-tiny | fold 1 | epoch 003] train=0.2153 val_loss=0.2370 auc=0.4762 thr=0.444
  [Metrics] AUC:0.476 F1:0.618 SENS:0.850 SPEC:0.143 | COMPOSITE:0.5925 EMA:-1.4226
    ☆ SAVED FALLBACK (SENS=0.850 SPEC=0.143 | comp=0.5925)
[mae-tiny | fold 1 | epoch 004] train=0.2368 val_loss=0.2216 auc=0.5190 thr=0.528
  [Metrics] AUC:0.519 F1:0.604 SENS:0.800 SPEC:0.190 | COMPOSITE:0.5893 EMA:-1.4190
    ☆ SAVED FALLBACK (SENS=0.800 SPEC=0.190 | comp=0.5893)
[mae-tiny | fold 1 | epoch 005] train=0.2538 val_loss=0.2317 auc=0.5238 thr=0.452
  [Metrics] AUC:0.524 F1:0.655 SENS:0.900 SPEC:0.190 | COMPOSITE:0.6382 EMA:-1.4019
    ☆ SAVED FALLBACK (SENS=0.900 SPEC=0.190 | comp=0.6382)
[mae-tiny | fold 1 | epoch 006] train=0.2231 val_loss=0.2216 auc=0.5190 thr=0.493
  [Metrics] AUC:0.519 F1:0.615 SENS:0.800 SPEC:0.238 | COMPOSITE:0.5993 EMA:-1.4015
    ☆ SAVED FALLBACK (SENS=0.800 SPEC=0.238 | comp=0.5993)
[mae-tiny | fold 1 | epoch 007] train=0.2058 val_loss=0.2184 auc=0.5071 thr=0.534
  [Metrics] AUC:0.507 F1:0.604 SENS:0.800 SPEC:0.190 | COMPOSITE:0.5863 EMA:-1.4052
[mae-tiny | fold 1 | epoch 008] train=0.2143 val_loss=0.2678 auc=0.6048 thr=0.400
  [Metrics] AUC:0.605 F1:0.679 SENS:0.950 SPEC:0.190 | COMPOSITE:0.6819 EMA:-1.3790
    ☆ SAVED FALLBACK (SENS=0.950 SPEC=0.190 | comp=0.6819)
[mae-tiny | fold 1 | epoch 009] train=0.2190 val_loss=0.2210 auc=0.5405 thr=0.479
  [Metrics] AUC:0.540 F1:0.630 SENS:0.850 SPEC:0.190 | COMPOSITE:0.6186 EMA:-1.3798
[mae-tiny | fold 1 | epoch 010] train=0.2054 val_loss=0.2353 auc=0.5119 thr=0.536
  [Metrics] AUC:0.512 F1:0.655 SENS:0.900 SPEC:0.190 | COMPOSITE:0.6352 EMA:-1.3753
    ☆ SAVED FALLBACK (SENS=0.900 SPEC=0.190 | comp=0.6352)
[mae-tiny | fold 1 | epoch 011] train=0.2177 val_loss=0.2227 auc=0.6524 thr=0.475
  [Metrics] AUC:0.652 F1:0.681 SENS:0.800 SPEC:0.476 | COMPOSITE:0.6847 EMA:-1.3573
    ☆ SAVED FALLBACK (SENS=0.800 SPEC=0.476 | comp=0.6847)
[mae-tiny | fold 1 | epoch 012] train=0.2065 val_loss=0.2732 auc=0.5429 thr=0.382
  [Metrics] AUC:0.543 F1:0.615 SENS:0.800 SPEC:0.238 | COMPOSITE:0.6053 EMA:-1.3685
[mae-tiny | fold 1 | epoch 013] train=0.2143 val_loss=0.2175 auc=0.5929 thr=0.552
  [Metrics] AUC:0.593 F1:0.640 SENS:0.800 SPEC:0.333 | COMPOSITE:0.6382 EMA:-1.3665
[mae-tiny | fold 1 | epoch 014] train=0.1949 val_loss=0.3442 auc=0.5762 thr=0.331
  [Metrics] AUC:0.576 F1:0.615 SENS:0.800 SPEC:0.238 | COMPOSITE:0.6136 EMA:-1.3725
[mae-tiny | fold 1 | epoch 015] train=0.2138 val_loss=0.2329 auc=0.5881 thr=0.437
  [Metrics] AUC:0.588 F1:0.630 SENS:0.850 SPEC:0.190 | COMPOSITE:0.6305 EMA:-1.3716
[mae-tiny | fold 1 | epoch 016] train=0.1996 val_loss=0.2335 auc=0.6095 thr=0.444
  [Metrics] AUC:0.610 F1:0.667 SENS:0.850 SPEC:0.333 | COMPOSITE:0.6665 EMA:-1.3601
[mae-tiny | fold 1 | epoch 017] train=0.2020 val_loss=0.2345 auc=0.6762 thr=0.438
  [Metrics] AUC:0.676 F1:0.667 SENS:0.800 SPEC:0.429 | COMPOSITE:0.6800 EMA:-1.3481
    ☆ SAVED FALLBACK (SENS=0.800 SPEC=0.429 | comp=0.6800)
[mae-tiny | fold 1 | epoch 018] train=0.1950 val_loss=0.2319 auc=0.6310 thr=0.447
  [Metrics] AUC:0.631 F1:0.708 SENS:0.850 SPEC:0.476 | COMPOSITE:0.7037 EMA:-1.3325
    ☆ SAVED FALLBACK (SENS=0.850 SPEC=0.476 | comp=0.7037)
[mae-tiny | fold 1 | epoch 019] train=0.1897 val_loss=0.2108 auc=0.6286 thr=0.503
  [Metrics] AUC:0.629 F1:0.615 SENS:0.800 SPEC:0.238 | COMPOSITE:0.6267 EMA:-1.3448
[mae-tiny | fold 1 | epoch 020] train=0.2077 val_loss=0.2447 auc=0.7071 thr=0.414
  [Metrics] AUC:0.707 F1:0.711 SENS:0.800 SPEC:0.571 | COMPOSITE:0.7203 EMA:-0.7253
    ★ SAVED DUAL-PASS (SENS=0.800≥0.8 SPEC=0.571≥0.5 | comp=0.7203)
[mae-tiny | fold 1 | epoch 021] train=0.1917 val_loss=0.2428 auc=0.6238 thr=0.422
  [Metrics] AUC:0.624 F1:0.706 SENS:0.900 SPEC:0.381 | COMPOSITE:0.7046 EMA:-0.8963
[mae-tiny | fold 1 | epoch 022] train=0.1864 val_loss=0.2055 auc=0.7429 thr=0.439
  [Metrics] AUC:0.743 F1:0.696 SENS:0.800 SPEC:0.524 | COMPOSITE:0.7182 EMA:-0.4120
    ★ SAVED DUAL-PASS (SENS=0.800≥0.8 SPEC=0.524≥0.5 | comp=0.7182)
[mae-tiny | fold 1 | epoch 023] train=0.1789 val_loss=0.2226 auc=0.7429 thr=0.431
  [Metrics] AUC:0.743 F1:0.681 SENS:0.800 SPEC:0.476 | COMPOSITE:0.7074 EMA:-0.6762
[mae-tiny | fold 1 | epoch 024] train=0.1855 val_loss=0.2393 auc=0.6405 thr=0.441
  [Metrics] AUC:0.640 F1:0.694 SENS:0.850 SPEC:0.429 | COMPOSITE:0.6954 EMA:-0.8647
[mae-tiny | fold 1 | epoch 025] train=0.1793 val_loss=0.2057 auc=0.7381 thr=0.457
  [Metrics] AUC:0.738 F1:0.723 SENS:0.850 SPEC:0.524 | COMPOSITE:0.7414 EMA:-0.3829
    ★ SAVED DUAL-PASS (SENS=0.850≥0.8 SPEC=0.524≥0.5 | comp=0.7414)
[mae-tiny | fold 1 | epoch 026] train=0.1791 val_loss=0.2728 auc=0.6690 thr=0.351
  [Metrics] AUC:0.669 F1:0.731 SENS:0.950 SPEC:0.381 | COMPOSITE:0.7396 EMA:-0.6461
[mae-tiny | fold 1 | epoch 027] train=0.1807 val_loss=0.2140 auc=0.6762 thr=0.470
  [Metrics] AUC:0.676 F1:0.667 SENS:0.800 SPEC:0.429 | COMPOSITE:0.6800 EMA:-0.8483
[mae-tiny | fold 1 | epoch 028] train=0.1836 val_loss=0.2254 auc=0.6881 thr=0.441
  [Metrics] AUC:0.688 F1:0.667 SENS:0.800 SPEC:0.429 | COMPOSITE:0.6830 EMA:-0.9889
[mae-tiny | fold 1 | epoch 029] train=0.1696 val_loss=0.2229 auc=0.7310 thr=0.403
  [Metrics] AUC:0.731 F1:0.739 SENS:0.850 SPEC:0.571 | COMPOSITE:0.7507 EMA:-0.4670
[mae-tiny | fold 1 | epoch 030] train=0.1660 val_loss=0.2148 auc=0.7190 thr=0.497
  [Metrics] AUC:0.719 F1:0.735 SENS:0.900 SPEC:0.476 | COMPOSITE:0.7499 EMA:-0.7020
[mae-tiny | fold 1 | epoch 031] train=0.1863 val_loss=0.2391 auc=0.7405 thr=0.402
  [Metrics] AUC:0.740 F1:0.711 SENS:0.800 SPEC:0.571 | COMPOSITE:0.7286 EMA:-0.2728
    ★ SAVED DUAL-PASS (SENS=0.800≥0.8 SPEC=0.571≥0.5 | comp=0.7286)
[mae-tiny | fold 1 | epoch 032] train=0.1573 val_loss=0.2263 auc=0.7714 thr=0.353
  [Metrics] AUC:0.771 F1:0.766 SENS:0.900 SPEC:0.571 | COMPOSITE:0.7851 EMA:0.0446
    ★ SAVED DUAL-PASS (SENS=0.900≥0.8 SPEC=0.571≥0.5 | comp=0.7851)
[mae-tiny | fold 1 | epoch 033] train=0.1773 val_loss=0.2306 auc=0.7214 thr=0.610
  [Metrics] AUC:0.721 F1:0.667 SENS:0.800 SPEC:0.429 | COMPOSITE:0.6913 EMA:-0.3614
[mae-tiny | fold 1 | epoch 034] train=0.2217 val_loss=0.1991 auc=0.7143 thr=0.534
  [Metrics] AUC:0.714 F1:0.696 SENS:0.800 SPEC:0.524 | COMPOSITE:0.7111 EMA:-0.0397
[mae-tiny | fold 1 | epoch 035] train=0.1640 val_loss=0.2759 auc=0.6881 thr=0.367
  [Metrics] AUC:0.688 F1:0.667 SENS:0.800 SPEC:0.429 | COMPOSITE:0.6830 EMA:-0.4229
[mae-tiny | fold 1 | epoch 036] train=0.1380 val_loss=0.2211 auc=0.7595 thr=0.428
  [Metrics] AUC:0.760 F1:0.681 SENS:0.800 SPEC:0.476 | COMPOSITE:0.7115 EMA:-0.6826
[mae-tiny | fold 1 | epoch 037] train=0.2058 val_loss=0.2007 auc=0.7595 thr=0.570
  [Metrics] AUC:0.760 F1:0.723 SENS:0.850 SPEC:0.524 | COMPOSITE:0.7468 EMA:-0.2537
[mae-tiny | fold 1 | epoch 038] train=0.1544 val_loss=0.2849 auc=0.6524 thr=0.401
  [Metrics] AUC:0.652 F1:0.706 SENS:0.900 SPEC:0.381 | COMPOSITE:0.7117 EMA:-0.5641
[mae-tiny | fold 1 | epoch 039] train=0.1401 val_loss=0.3193 auc=0.7000 thr=0.347
  [Metrics] AUC:0.700 F1:0.723 SENS:0.850 SPEC:0.524 | COMPOSITE:0.7319 EMA:-0.1753
[mae-tiny | fold 1 | epoch 040] train=0.1282 val_loss=0.7145 auc=0.6690 thr=0.165
  [Metrics] AUC:0.669 F1:0.696 SENS:0.800 SPEC:0.524 | COMPOSITE:0.6997 EMA:0.0872
    ★ SAVED DUAL-PASS (SENS=0.800≥0.8 SPEC=0.524≥0.5 | comp=0.6997)
[mae-tiny | fold 1 | epoch 041] train=0.1755 val_loss=0.2975 auc=0.7571 thr=0.319
  [Metrics] AUC:0.757 F1:0.696 SENS:0.800 SPEC:0.524 | COMPOSITE:0.7218 EMA:0.2776
    ★ SAVED DUAL-PASS (SENS=0.800≥0.8 SPEC=0.524≥0.5 | comp=0.7218)
[mae-tiny | fold 1 | epoch 042] train=0.1541 val_loss=0.2663 auc=0.7143 thr=0.440
  [Metrics] AUC:0.714 F1:0.696 SENS:0.800 SPEC:0.524 | COMPOSITE:0.7111 EMA:0.4076
    ★ SAVED DUAL-PASS (SENS=0.800≥0.8 SPEC=0.524≥0.5 | comp=0.7111)
[mae-tiny | fold 1 | epoch 043] train=0.1413 val_loss=0.4356 auc=0.6929 thr=0.383
  [Metrics] AUC:0.693 F1:0.696 SENS:0.800 SPEC:0.524 | COMPOSITE:0.7057 EMA:0.4970
    ★ SAVED DUAL-PASS (SENS=0.800≥0.8 SPEC=0.524≥0.5 | comp=0.7057)
[mae-tiny | fold 1 | epoch 044] train=0.1709 val_loss=0.2862 auc=0.7071 thr=0.624
  [Metrics] AUC:0.707 F1:0.711 SENS:0.800 SPEC:0.571 | COMPOSITE:0.7203 EMA:0.5640
    ★ SAVED DUAL-PASS (SENS=0.800≥0.8 SPEC=0.571≥0.5 | comp=0.7203)
[mae-tiny | fold 1 | epoch 045] train=0.2068 val_loss=0.5103 auc=0.6619 thr=0.258
  [Metrics] AUC:0.662 F1:0.667 SENS:0.800 SPEC:0.429 | COMPOSITE:0.6764 EMA:-0.0023
[mae-tiny | fold 1 | epoch 046] train=0.1434 val_loss=0.4505 auc=0.6357 thr=0.270
  [Metrics] AUC:0.636 F1:0.706 SENS:0.900 SPEC:0.381 | COMPOSITE:0.7075 EMA:-0.3893
[mae-tiny | fold 1 | epoch 047] train=0.1433 val_loss=0.5513 auc=0.6286 thr=0.235
  [Metrics] AUC:0.629 F1:0.694 SENS:0.850 SPEC:0.429 | COMPOSITE:0.6924 EMA:-0.6648
[mae-tiny | fold 1 | epoch 048] train=0.1270 val_loss=0.6935 auc=0.6667 thr=0.150
  [Metrics] AUC:0.667 F1:0.609 SENS:0.700 SPEC:0.429 | COMPOSITE:0.6281 EMA:-0.8769
[mae-tiny | fold 1 | epoch 049] train=0.1548 val_loss=0.3167 auc=0.6810 thr=0.330
  [Metrics] AUC:0.681 F1:0.708 SENS:0.850 SPEC:0.476 | COMPOSITE:0.7162 EMA:-0.9990
[mae-tiny | fold 1 | epoch 050] train=0.1286 val_loss=0.3945 auc=0.6881 thr=0.347
  [Metrics] AUC:0.688 F1:0.711 SENS:0.800 SPEC:0.571 | COMPOSITE:0.7155 EMA:-0.4846
[mae-tiny | fold 1 | epoch 051] train=0.1496 val_loss=0.6470 auc=0.6548 thr=0.199
  [Metrics] AUC:0.655 F1:0.696 SENS:0.800 SPEC:0.524 | COMPOSITE:0.6962 EMA:-0.1304
[mae-tiny | fold 1 | epoch 052] train=0.1465 val_loss=0.3461 auc=0.6714 thr=0.312
  [Metrics] AUC:0.671 F1:0.667 SENS:0.800 SPEC:0.429 | COMPOSITE:0.6788 EMA:-0.4876
[mae-tiny | fold 1 | epoch 053] train=0.1210 val_loss=0.5297 auc=0.6571 thr=0.181
  [Metrics] AUC:0.657 F1:0.708 SENS:0.850 SPEC:0.476 | COMPOSITE:0.7103 EMA:-0.7282
[mae-tiny | fold 1 | epoch 054] train=0.1520 val_loss=0.2435 auc=0.7167 thr=0.380
  [Metrics] AUC:0.717 F1:0.739 SENS:0.850 SPEC:0.571 | COMPOSITE:0.7472 EMA:-0.2856
[mae-tiny | fold 1 | epoch 055] train=0.1289 val_loss=0.2675 auc=0.7095 thr=0.413
  [Metrics] AUC:0.710 F1:0.681 SENS:0.800 SPEC:0.476 | COMPOSITE:0.6990 EMA:-0.5902
[mae-tiny | fold 1 | epoch 056] train=0.1251 val_loss=0.3443 auc=0.7143 thr=0.258
  [Metrics] AUC:0.714 F1:0.667 SENS:0.800 SPEC:0.429 | COMPOSITE:0.6895 EMA:-0.8063
[mae-tiny | fold 1 | epoch 057] train=0.1190 val_loss=0.4598 auc=0.7000 thr=0.227
  [Metrics] AUC:0.700 F1:0.711 SENS:0.800 SPEC:0.571 | COMPOSITE:0.7185 EMA:-0.3489
[mae-tiny | fold 1 | epoch 058] train=0.1271 val_loss=0.3518 auc=0.6976 thr=0.371
  [Metrics] AUC:0.698 F1:0.727 SENS:0.800 SPEC:0.619 | COMPOSITE:0.7291 EMA:-0.0255
[mae-tiny | fold 1 | epoch 059] train=0.1150 val_loss=0.2694 auc=0.7262 thr=0.283
  [Metrics] AUC:0.726 F1:0.653 SENS:0.800 SPEC:0.381 | COMPOSITE:0.6820 EMA:-0.4133
[mae-tiny | fold 1 | epoch 060] train=0.1095 val_loss=0.3297 auc=0.7143 thr=0.303
  [Metrics] AUC:0.714 F1:0.696 SENS:0.800 SPEC:0.524 | COMPOSITE:0.7111 EMA:-0.0760
[mae-tiny | fold 1 | epoch 061] train=0.1138 val_loss=0.2803 auc=0.7357 thr=0.413
  [Metrics] AUC:0.736 F1:0.727 SENS:0.800 SPEC:0.619 | COMPOSITE:0.7386 EMA:0.1684
[mae-tiny | fold 1 | epoch 062] train=0.1516 val_loss=0.4934 auc=0.7071 thr=0.266
  [Metrics] AUC:0.707 F1:0.744 SENS:0.800 SPEC:0.667 | COMPOSITE:0.7428 EMA:0.3407
[mae-tiny | fold 1 | epoch 063] train=0.1213 val_loss=0.3620 auc=0.6976 thr=0.311
  [Metrics] AUC:0.698 F1:0.681 SENS:0.800 SPEC:0.476 | COMPOSITE:0.6960 EMA:-0.1527
[mae-tiny | fold 1 | epoch 064] train=0.0999 val_loss=0.3902 auc=0.7000 thr=0.287
  [Metrics] AUC:0.700 F1:0.681 SENS:0.800 SPEC:0.476 | COMPOSITE:0.6966 EMA:-0.4979
[mae-tiny | fold 1 | epoch 065] train=0.1236 val_loss=0.5152 auc=0.6762 thr=0.216
  [Metrics] AUC:0.676 F1:0.681 SENS:0.800 SPEC:0.476 | COMPOSITE:0.6907 EMA:-0.7413
[mae-tiny | fold 1 | epoch 066] train=0.1161 val_loss=0.3589 auc=0.7381 thr=0.314
  [Metrics] AUC:0.738 F1:0.739 SENS:0.850 SPEC:0.571 | COMPOSITE:0.7525 EMA:-0.2932
[mae-tiny | fold 1 | epoch 067] train=0.1101 val_loss=0.4326 auc=0.7190 thr=0.253
  [Metrics] AUC:0.719 F1:0.696 SENS:0.800 SPEC:0.524 | COMPOSITE:0.7122 EMA:0.0085
[mae-tiny | fold 1 | epoch 068] train=0.1229 val_loss=0.4883 auc=0.6952 thr=0.220
  [Metrics] AUC:0.695 F1:0.653 SENS:0.800 SPEC:0.381 | COMPOSITE:0.6742 EMA:-0.3918
[mae-tiny | fold 1 | epoch 069] train=0.1230 val_loss=0.2955 auc=0.7262 thr=0.423
  [Metrics] AUC:0.726 F1:0.727 SENS:0.800 SPEC:0.619 | COMPOSITE:0.7362 EMA:-0.0534
[mae-tiny | fold 1 | epoch 070] train=0.1227 val_loss=0.4136 auc=0.7095 thr=0.267
  [Metrics] AUC:0.710 F1:0.696 SENS:0.800 SPEC:0.524 | COMPOSITE:0.7099 EMA:0.1756
  Early stopping @ epoch 70 (best EMA score=0.5640)
  SWA model finalize ediliyor...
  SWA val COMPOSITE: 0.7020 | Best EMA COMPOSITE: 0.5640
  SWA model kaydedildi.

=================================================================
  MAE-Tiny Fold 1  |  Threshold: Youden 0.482
=================================================================
  Metrik                Değer                   95% CI
  -------------------------------------------------------
  AUC-ROC               0.710          [0.540 - 0.865]
  AUC-PR                0.717                        -
  Sensitivity           0.650          [0.429 - 0.857]
  Specificity           0.810          [0.625 - 0.955]
  PPV                   0.765          [0.533 - 0.944]
  NPV                   0.708          [0.519 - 0.889]
  Accuracy              0.732          [0.585 - 0.854]
  F1-Score              0.703          [0.500 - 0.849]
  Composite             0.702                        -

  CM: TP=13 FP=4 FN=7 TN=17
  Toplam Hata: 11/41
=================================================================

======================================================================
FOLD 2/5
======================================================================
  Fold 2: MAE pretrained encoder yüklendi.
[mae-tiny | fold 2 | epoch 001] train=0.3017 val_loss=0.2796 auc=0.4913 thr=0.398
  [Metrics] AUC:0.491 F1:0.593 SENS:0.800 SPEC:0.217 | COMPOSITE:0.5836 EMA:-1.4164
[mae-tiny | fold 2 | epoch 002] train=0.2321 val_loss=0.2277 auc=0.6065 thr=0.591
  [Metrics] AUC:0.607 F1:0.642 SENS:0.850 SPEC:0.304 | COMPOSITE:0.6552 EMA:-1.3949
[mae-tiny | fold 2 | epoch 003] train=0.2136 val_loss=0.2083 auc=0.6413 thr=0.464
  [Metrics] AUC:0.641 F1:0.653 SENS:0.800 SPEC:0.435 | COMPOSITE:0.6688 EMA:-1.3758
    ☆ SAVED FALLBACK (SENS=0.800 SPEC=0.435 | comp=0.6688)
[mae-tiny | fold 2 | epoch 004] train=0.2070 val_loss=0.2082 auc=0.6630 thr=0.540
  [Metrics] AUC:0.663 F1:0.696 SENS:0.800 SPEC:0.565 | COMPOSITE:0.7045 EMA:-0.7517
    ★ SAVED DUAL-PASS (SENS=0.800≥0.8 SPEC=0.565≥0.5 | comp=0.7045)
[mae-tiny | fold 2 | epoch 005] train=0.2080 val_loss=0.2048 auc=0.6696 thr=0.524
  [Metrics] AUC:0.670 F1:0.708 SENS:0.850 SPEC:0.522 | COMPOSITE:0.7202 EMA:-0.3101
    ★ SAVED DUAL-PASS (SENS=0.850≥0.8 SPEC=0.522≥0.5 | comp=0.7202)
[mae-tiny | fold 2 | epoch 006] train=0.2067 val_loss=0.2058 auc=0.6674 thr=0.539
  [Metrics] AUC:0.667 F1:0.667 SENS:0.800 SPEC:0.478 | COMPOSITE:0.6853 EMA:-0.6115
[mae-tiny | fold 2 | epoch 007] train=0.2023 val_loss=0.2099 auc=0.6435 thr=0.431
  [Metrics] AUC:0.643 F1:0.679 SENS:0.900 SPEC:0.348 | COMPOSITE:0.6979 EMA:-0.8187
[mae-tiny | fold 2 | epoch 008] train=0.2020 val_loss=0.2205 auc=0.6500 thr=0.561
  [Metrics] AUC:0.650 F1:0.681 SENS:0.800 SPEC:0.522 | COMPOSITE:0.6910 EMA:-0.3658
[mae-tiny | fold 2 | epoch 009] train=0.2106 val_loss=0.2098 auc=0.6587 thr=0.562
  [Metrics] AUC:0.659 F1:0.653 SENS:0.800 SPEC:0.435 | COMPOSITE:0.6732 EMA:-0.6541
[mae-tiny | fold 2 | epoch 010] train=0.2006 val_loss=0.1945 auc=0.6739 thr=0.489
  [Metrics] AUC:0.674 F1:0.667 SENS:0.800 SPEC:0.478 | COMPOSITE:0.6869 EMA:-0.8518
[mae-tiny | fold 2 | epoch 011] train=0.2030 val_loss=0.2201 auc=0.6587 thr=0.558
  [Metrics] AUC:0.659 F1:0.653 SENS:0.800 SPEC:0.435 | COMPOSITE:0.6732 EMA:-0.9943
[mae-tiny | fold 2 | epoch 012] train=0.2244 val_loss=0.2369 auc=0.6783 thr=0.611
  [Metrics] AUC:0.678 F1:0.627 SENS:0.800 SPEC:0.348 | COMPOSITE:0.6586 EMA:-1.0984
[mae-tiny | fold 2 | epoch 013] train=0.2076 val_loss=0.2049 auc=0.6478 thr=0.456
  [Metrics] AUC:0.648 F1:0.680 SENS:0.850 SPEC:0.435 | COMPOSITE:0.6947 EMA:-1.1605
[mae-tiny | fold 2 | epoch 014] train=0.2015 val_loss=0.1992 auc=0.6978 thr=0.536
  [Metrics] AUC:0.698 F1:0.694 SENS:0.850 SPEC:0.478 | COMPOSITE:0.7172 EMA:-1.1972
[mae-tiny | fold 2 | epoch 015] train=0.1977 val_loss=0.2235 auc=0.6913 thr=0.587
  [Metrics] AUC:0.691 F1:0.696 SENS:0.800 SPEC:0.565 | COMPOSITE:0.7115 EMA:-0.6246
[mae-tiny | fold 2 | epoch 016] train=0.2058 val_loss=0.2543 auc=0.6804 thr=0.600
  [Metrics] AUC:0.680 F1:0.696 SENS:0.800 SPEC:0.565 | COMPOSITE:0.7088 EMA:-0.2246
    ★ SAVED DUAL-PASS (SENS=0.800≥0.8 SPEC=0.565≥0.5 | comp=0.7088)
[mae-tiny | fold 2 | epoch 017] train=0.2124 val_loss=0.1985 auc=0.7065 thr=0.540
  [Metrics] AUC:0.707 F1:0.667 SENS:0.800 SPEC:0.478 | COMPOSITE:0.6950 EMA:-0.5487
[mae-tiny | fold 2 | epoch 018] train=0.1984 val_loss=0.2104 auc=0.6957 thr=0.566
  [Metrics] AUC:0.696 F1:0.708 SENS:0.850 SPEC:0.522 | COMPOSITE:0.7268 EMA:-0.1661
    ★ SAVED DUAL-PASS (SENS=0.850≥0.8 SPEC=0.522≥0.5 | comp=0.7268)
[mae-tiny | fold 2 | epoch 019] train=0.1889 val_loss=0.1930 auc=0.6978 thr=0.541
  [Metrics] AUC:0.698 F1:0.694 SENS:0.850 SPEC:0.478 | COMPOSITE:0.7172 EMA:-0.5011
[mae-tiny | fold 2 | epoch 020] train=0.1965 val_loss=0.2241 auc=0.7000 thr=0.585
  [Metrics] AUC:0.700 F1:0.723 SENS:0.850 SPEC:0.565 | COMPOSITE:0.7381 EMA:-0.1293
    ★ SAVED DUAL-PASS (SENS=0.850≥0.8 SPEC=0.565≥0.5 | comp=0.7381)
[mae-tiny | fold 2 | epoch 021] train=0.1836 val_loss=0.1942 auc=0.6870 thr=0.489
  [Metrics] AUC:0.687 F1:0.694 SENS:0.850 SPEC:0.478 | COMPOSITE:0.7144 EMA:-0.4762
[mae-tiny | fold 2 | epoch 022] train=0.2166 val_loss=0.1982 auc=0.6891 thr=0.479
  [Metrics] AUC:0.689 F1:0.667 SENS:0.800 SPEC:0.478 | COMPOSITE:0.6907 EMA:-0.7261
[mae-tiny | fold 2 | epoch 023] train=0.1922 val_loss=0.2403 auc=0.7348 thr=0.630
  [Metrics] AUC:0.735 F1:0.708 SENS:0.850 SPEC:0.522 | COMPOSITE:0.7365 EMA:-0.2873
[mae-tiny | fold 2 | epoch 024] train=0.2111 val_loss=0.1948 auc=0.7065 thr=0.464
  [Metrics] AUC:0.707 F1:0.720 SENS:0.900 SPEC:0.478 | COMPOSITE:0.7434 EMA:-0.5781
[mae-tiny | fold 2 | epoch 025] train=0.1986 val_loss=0.2010 auc=0.7109 thr=0.536
  [Metrics] AUC:0.711 F1:0.681 SENS:0.800 SPEC:0.522 | COMPOSITE:0.7062 EMA:-0.1928
[mae-tiny | fold 2 | epoch 026] train=0.2015 val_loss=0.1978 auc=0.6652 thr=0.482
  [Metrics] AUC:0.665 F1:0.653 SENS:0.800 SPEC:0.435 | COMPOSITE:0.6748 EMA:-0.5325
[mae-tiny | fold 2 | epoch 027] train=0.1874 val_loss=0.1795 auc=0.7543 thr=0.482
  [Metrics] AUC:0.754 F1:0.735 SENS:0.900 SPEC:0.522 | COMPOSITE:0.7655 EMA:-0.1431
[mae-tiny | fold 2 | epoch 028] train=0.1885 val_loss=0.1788 auc=0.7413 thr=0.484
  [Metrics] AUC:0.741 F1:0.739 SENS:0.850 SPEC:0.609 | COMPOSITE:0.7589 EMA:0.1275
    ★ SAVED DUAL-PASS (SENS=0.850≥0.8 SPEC=0.609≥0.5 | comp=0.7589)
[mae-tiny | fold 2 | epoch 029] train=0.1901 val_loss=0.2076 auc=0.7391 thr=0.383
  [Metrics] AUC:0.739 F1:0.735 SENS:0.900 SPEC:0.522 | COMPOSITE:0.7617 EMA:0.3178
    ★ SAVED DUAL-PASS (SENS=0.900≥0.8 SPEC=0.522≥0.5 | comp=0.7617)
[mae-tiny | fold 2 | epoch 030] train=0.1731 val_loss=0.2077 auc=0.7348 thr=0.556
  [Metrics] AUC:0.735 F1:0.706 SENS:0.900 SPEC:0.435 | COMPOSITE:0.7404 EMA:-0.1555
[mae-tiny | fold 2 | epoch 031] train=0.1784 val_loss=0.2767 auc=0.7000 thr=0.638
  [Metrics] AUC:0.700 F1:0.694 SENS:0.850 SPEC:0.478 | COMPOSITE:0.7177 EMA:-0.4935
[mae-tiny | fold 2 | epoch 032] train=0.1794 val_loss=0.2009 auc=0.7630 thr=0.576
  [Metrics] AUC:0.763 F1:0.744 SENS:0.800 SPEC:0.696 | COMPOSITE:0.7612 EMA:-0.1171
[mae-tiny | fold 2 | epoch 033] train=0.1723 val_loss=0.1972 auc=0.7500 thr=0.501
  [Metrics] AUC:0.750 F1:0.735 SENS:0.900 SPEC:0.522 | COMPOSITE:0.7644 EMA:0.1474
[mae-tiny | fold 2 | epoch 034] train=0.1628 val_loss=0.2283 auc=0.7609 thr=0.596
  [Metrics] AUC:0.761 F1:0.708 SENS:0.850 SPEC:0.522 | COMPOSITE:0.7431 EMA:0.3261
    ★ SAVED DUAL-PASS (SENS=0.850≥0.8 SPEC=0.522≥0.5 | comp=0.7431)
[mae-tiny | fold 2 | epoch 035] train=0.1627 val_loss=0.2757 auc=0.7630 thr=0.598
  [Metrics] AUC:0.763 F1:0.769 SENS:1.000 SPEC:0.478 | COMPOSITE:0.8048 EMA:-0.1303
[mae-tiny | fold 2 | epoch 036] train=0.1701 val_loss=0.1861 auc=0.7826 thr=0.601
  [Metrics] AUC:0.783 F1:0.762 SENS:0.800 SPEC:0.739 | COMPOSITE:0.7770 EMA:0.1419
[mae-tiny | fold 2 | epoch 037] train=0.1800 val_loss=0.2029 auc=0.7870 thr=0.572
  [Metrics] AUC:0.787 F1:0.735 SENS:0.900 SPEC:0.522 | COMPOSITE:0.7737 EMA:0.3314
    ★ SAVED DUAL-PASS (SENS=0.900≥0.8 SPEC=0.522≥0.5 | comp=0.7737)
[mae-tiny | fold 2 | epoch 038] train=0.1683 val_loss=0.1913 auc=0.7870 thr=0.565
  [Metrics] AUC:0.787 F1:0.681 SENS:0.800 SPEC:0.522 | COMPOSITE:0.7252 EMA:0.4496
    ★ SAVED DUAL-PASS (SENS=0.800≥0.8 SPEC=0.522≥0.5 | comp=0.7252)
[mae-tiny | fold 2 | epoch 039] train=0.1464 val_loss=0.2993 auc=0.7130 thr=0.572
  [Metrics] AUC:0.713 F1:0.706 SENS:0.900 SPEC:0.435 | COMPOSITE:0.7349 EMA:-0.0648
[mae-tiny | fold 2 | epoch 040] train=0.1753 val_loss=0.2982 auc=0.8043 thr=0.647
  [Metrics] AUC:0.804 F1:0.766 SENS:0.900 SPEC:0.609 | COMPOSITE:0.7989 EMA:0.1943
[mae-tiny | fold 2 | epoch 041] train=0.1706 val_loss=0.1989 auc=0.7717 thr=0.573
  [Metrics] AUC:0.772 F1:0.696 SENS:0.800 SPEC:0.565 | COMPOSITE:0.7316 EMA:0.3555
[mae-tiny | fold 2 | epoch 042] train=0.1491 val_loss=0.1993 auc=0.7870 thr=0.562
  [Metrics] AUC:0.787 F1:0.723 SENS:0.850 SPEC:0.565 | COMPOSITE:0.7599 EMA:0.4768
    ★ SAVED DUAL-PASS (SENS=0.850≥0.8 SPEC=0.565≥0.5 | comp=0.7599)
[mae-tiny | fold 2 | epoch 043] train=0.1539 val_loss=0.1907 auc=0.7674 thr=0.571
  [Metrics] AUC:0.767 F1:0.744 SENS:0.800 SPEC:0.696 | COMPOSITE:0.7622 EMA:0.5624
    ★ SAVED DUAL-PASS (SENS=0.800≥0.8 SPEC=0.696≥0.5 | comp=0.7622)
[mae-tiny | fold 2 | epoch 044] train=0.1619 val_loss=0.2190 auc=0.7652 thr=0.522
  [Metrics] AUC:0.765 F1:0.735 SENS:0.900 SPEC:0.522 | COMPOSITE:0.7682 EMA:0.6242
    ★ SAVED DUAL-PASS (SENS=0.900≥0.8 SPEC=0.522≥0.5 | comp=0.7682)
[mae-tiny | fold 2 | epoch 045] train=0.1494 val_loss=0.2338 auc=0.7261 thr=0.594
  [Metrics] AUC:0.726 F1:0.667 SENS:0.800 SPEC:0.478 | COMPOSITE:0.6999 EMA:0.0469
[mae-tiny | fold 2 | epoch 046] train=0.1400 val_loss=0.3331 auc=0.7609 thr=0.716
  [Metrics] AUC:0.761 F1:0.681 SENS:0.800 SPEC:0.522 | COMPOSITE:0.7187 EMA:0.2484
[mae-tiny | fold 2 | epoch 047] train=0.1478 val_loss=0.1715 auc=0.7587 thr=0.480
  [Metrics] AUC:0.759 F1:0.727 SENS:0.800 SPEC:0.652 | COMPOSITE:0.7493 EMA:0.3987
[mae-tiny | fold 2 | epoch 048] train=0.1509 val_loss=0.1771 auc=0.8087 thr=0.517
  [Metrics] AUC:0.809 F1:0.723 SENS:0.850 SPEC:0.565 | COMPOSITE:0.7653 EMA:0.5087
[mae-tiny | fold 2 | epoch 049] train=0.1559 val_loss=0.3304 auc=0.6935 thr=0.503
  [Metrics] AUC:0.693 F1:0.741 SENS:1.000 SPEC:0.391 | COMPOSITE:0.7673 EMA:-0.0137
[mae-tiny | fold 2 | epoch 050] train=0.1333 val_loss=0.1582 auc=0.8196 thr=0.445
  [Metrics] AUC:0.820 F1:0.773 SENS:0.850 SPEC:0.696 | COMPOSITE:0.7999 EMA:0.2304
[mae-tiny | fold 2 | epoch 051] train=0.2017 val_loss=0.2202 auc=0.7739 thr=0.632
  [Metrics] AUC:0.774 F1:0.681 SENS:0.800 SPEC:0.522 | COMPOSITE:0.7220 EMA:0.3778
[mae-tiny | fold 2 | epoch 052] train=0.1468 val_loss=0.1786 auc=0.8022 thr=0.579
  [Metrics] AUC:0.802 F1:0.681 SENS:0.800 SPEC:0.522 | COMPOSITE:0.7290 EMA:0.4832
[mae-tiny | fold 2 | epoch 053] train=0.1513 val_loss=0.1622 auc=0.7870 thr=0.483
  [Metrics] AUC:0.787 F1:0.723 SENS:0.850 SPEC:0.565 | COMPOSITE:0.7599 EMA:0.5662
[mae-tiny | fold 2 | epoch 054] train=0.1566 val_loss=0.1935 auc=0.7826 thr=0.533
  [Metrics] AUC:0.783 F1:0.708 SENS:0.850 SPEC:0.522 | COMPOSITE:0.7485 EMA:0.6209
[mae-tiny | fold 2 | epoch 055] train=0.1573 val_loss=0.2534 auc=0.7826 thr=0.684
  [Metrics] AUC:0.783 F1:0.696 SENS:0.800 SPEC:0.565 | COMPOSITE:0.7343 EMA:0.6549
    ★ SAVED DUAL-PASS (SENS=0.800≥0.8 SPEC=0.565≥0.5 | comp=0.7343)
[mae-tiny | fold 2 | epoch 056] train=0.1483 val_loss=0.2156 auc=0.7761 thr=0.595
  [Metrics] AUC:0.776 F1:0.667 SENS:0.800 SPEC:0.478 | COMPOSITE:0.7124 EMA:0.0722
[mae-tiny | fold 2 | epoch 057] train=0.1363 val_loss=0.1586 auc=0.7957 thr=0.477
  [Metrics] AUC:0.796 F1:0.696 SENS:0.800 SPEC:0.565 | COMPOSITE:0.7376 EMA:0.2718
[mae-tiny | fold 2 | epoch 058] train=0.1442 val_loss=0.2026 auc=0.7717 thr=0.581
  [Metrics] AUC:0.772 F1:0.720 SENS:0.900 SPEC:0.478 | COMPOSITE:0.7597 EMA:-0.1818
[mae-tiny | fold 2 | epoch 059] train=0.1297 val_loss=0.2619 auc=0.7500 thr=0.548
  [Metrics] AUC:0.750 F1:0.745 SENS:0.950 SPEC:0.478 | COMPOSITE:0.7780 EMA:-0.4939
[mae-tiny | fold 2 | epoch 060] train=0.1177 val_loss=0.3193 auc=0.7522 thr=0.658
  [Metrics] AUC:0.752 F1:0.735 SENS:0.900 SPEC:0.522 | COMPOSITE:0.7650 EMA:-0.1162
[mae-tiny | fold 2 | epoch 061] train=0.1256 val_loss=0.2175 auc=0.7630 thr=0.531
  [Metrics] AUC:0.763 F1:0.735 SENS:0.900 SPEC:0.522 | COMPOSITE:0.7677 EMA:0.1490
[mae-tiny | fold 2 | epoch 062] train=0.1288 val_loss=0.1660 auc=0.8196 thr=0.509
  [Metrics] AUC:0.820 F1:0.762 SENS:0.800 SPEC:0.739 | COMPOSITE:0.7862 EMA:0.3401
[mae-tiny | fold 2 | epoch 063] train=0.1611 val_loss=0.2997 auc=0.7435 thr=0.634
  [Metrics] AUC:0.743 F1:0.708 SENS:0.850 SPEC:0.522 | COMPOSITE:0.7387 EMA:0.4597
[mae-tiny | fold 2 | epoch 064] train=0.1418 val_loss=0.2621 auc=0.7500 thr=0.599
  [Metrics] AUC:0.750 F1:0.667 SENS:0.800 SPEC:0.478 | COMPOSITE:0.7059 EMA:-0.0664
[mae-tiny | fold 2 | epoch 065] train=0.1203 val_loss=0.3386 auc=0.7717 thr=0.678
  [Metrics] AUC:0.772 F1:0.723 SENS:0.850 SPEC:0.565 | COMPOSITE:0.7561 EMA:0.1803
[mae-tiny | fold 2 | epoch 066] train=0.1216 val_loss=0.1999 auc=0.7609 thr=0.487
  [Metrics] AUC:0.761 F1:0.653 SENS:0.800 SPEC:0.435 | COMPOSITE:0.6987 EMA:-0.2642
[mae-tiny | fold 2 | epoch 067] train=0.1257 val_loss=0.3027 auc=0.7457 thr=0.520
  [Metrics] AUC:0.746 F1:0.717 SENS:0.950 SPEC:0.391 | COMPOSITE:0.7569 EMA:-0.5579
[mae-tiny | fold 2 | epoch 068] train=0.1050 val_loss=0.2024 auc=0.7891 thr=0.493
  [Metrics] AUC:0.789 F1:0.735 SENS:0.900 SPEC:0.522 | COMPOSITE:0.7742 EMA:-0.1582
[mae-tiny | fold 2 | epoch 069] train=0.1033 val_loss=0.4173 auc=0.7413 thr=0.684
  [Metrics] AUC:0.741 F1:0.653 SENS:0.800 SPEC:0.435 | COMPOSITE:0.6938 EMA:-0.5026
[mae-tiny | fold 2 | epoch 070] train=0.0995 val_loss=0.3374 auc=0.7717 thr=0.621
  [Metrics] AUC:0.772 F1:0.667 SENS:0.800 SPEC:0.478 | COMPOSITE:0.7113 EMA:-0.7384
[mae-tiny | fold 2 | epoch 071] train=0.1103 val_loss=0.3639 auc=0.7587 thr=0.633
  [Metrics] AUC:0.759 F1:0.680 SENS:0.850 SPEC:0.435 | COMPOSITE:0.7224 EMA:-0.9002
[mae-tiny | fold 2 | epoch 072] train=0.1001 val_loss=0.1952 auc=0.7761 thr=0.431
  [Metrics] AUC:0.776 F1:0.667 SENS:0.850 SPEC:0.391 | COMPOSITE:0.7169 EMA:-1.0151
[mae-tiny | fold 2 | epoch 073] train=0.1153 val_loss=0.3111 auc=0.7674 thr=0.619
  [Metrics] AUC:0.767 F1:0.680 SENS:0.850 SPEC:0.435 | COMPOSITE:0.7246 EMA:-1.0932
[mae-tiny | fold 2 | epoch 074] train=0.1035 val_loss=0.3153 auc=0.7587 thr=0.648
  [Metrics] AUC:0.759 F1:0.653 SENS:0.800 SPEC:0.435 | COMPOSITE:0.6982 EMA:-1.1558
[mae-tiny | fold 2 | epoch 075] train=0.0944 val_loss=0.3362 auc=0.7478 thr=0.511
  [Metrics] AUC:0.748 F1:0.717 SENS:0.950 SPEC:0.391 | COMPOSITE:0.7574 EMA:-1.1818
  Early stopping @ epoch 75 (best EMA score=0.6549)
  SWA model finalize ediliyor...
  SWA val COMPOSITE: 0.6863 | Best EMA COMPOSITE: 0.6549
  SWA model kaydedildi.

=================================================================
  MAE-Tiny Fold 2  |  Threshold: Youden 0.792
=================================================================
  Metrik                Değer                   95% CI
  -------------------------------------------------------
  AUC-ROC               0.761          [0.600 - 0.896]
  AUC-PR                0.796                        -
  Sensitivity           0.550          [0.316 - 0.778]
  Specificity           0.913          [0.786 - 1.000]
  PPV                   0.846          [0.625 - 1.000]
  NPV                   0.700          [0.529 - 0.867]
  Accuracy              0.744          [0.605 - 0.861]
  F1-Score              0.667          [0.444 - 0.833]
  Composite             0.686                        -

  CM: TP=11 FP=2 FN=9 TN=21
  Toplam Hata: 11/43
=================================================================

======================================================================
FOLD 3/5
======================================================================
  Fold 3: MAE pretrained encoder yüklendi.
[mae-tiny | fold 3 | epoch 001] train=0.2283 val_loss=0.2302 auc=0.5338 thr=0.456
  [Metrics] AUC:0.534 F1:0.655 SENS:0.947 SPEC:0.143 | COMPOSITE:0.6501 EMA:-1.3499
[mae-tiny | fold 3 | epoch 002] train=0.2171 val_loss=0.2243 auc=0.5138 thr=0.535
  [Metrics] AUC:0.514 F1:0.655 SENS:0.947 SPEC:0.143 | COMPOSITE:0.6451 EMA:-1.3514
[mae-tiny | fold 3 | epoch 003] train=0.2101 val_loss=0.2385 auc=0.4862 thr=0.438
  [Metrics] AUC:0.486 F1:0.643 SENS:0.947 SPEC:0.095 | COMPOSITE:0.6281 EMA:-1.3575
    ☆ SAVED FALLBACK (SENS=0.947 SPEC=0.095 | comp=0.6281)
[mae-tiny | fold 3 | epoch 004] train=0.2008 val_loss=0.2397 auc=0.5388 thr=0.552
  [Metrics] AUC:0.539 F1:0.630 SENS:0.895 SPEC:0.143 | COMPOSITE:0.6267 EMA:-1.3623
[mae-tiny | fold 3 | epoch 005] train=0.2146 val_loss=0.2820 auc=0.5714 thr=0.368
  [Metrics] AUC:0.571 F1:0.642 SENS:0.895 SPEC:0.190 | COMPOSITE:0.6450 EMA:-1.3601
[mae-tiny | fold 3 | epoch 006] train=0.2407 val_loss=0.2241 auc=0.5840 thr=0.512
  [Metrics] AUC:0.584 F1:0.704 SENS:1.000 SPEC:0.238 | COMPOSITE:0.7076 EMA:-1.3398
    ☆ SAVED FALLBACK (SENS=1.000 SPEC=0.238 | comp=0.7076)
[mae-tiny | fold 3 | epoch 007] train=0.2061 val_loss=0.2312 auc=0.5614 thr=0.498
  [Metrics] AUC:0.561 F1:0.679 SENS:1.000 SPEC:0.143 | COMPOSITE:0.6814 EMA:-1.3334
    ☆ SAVED FALLBACK (SENS=1.000 SPEC=0.143 | comp=0.6814)
[mae-tiny | fold 3 | epoch 008] train=0.2054 val_loss=0.2408 auc=0.5789 thr=0.447
  [Metrics] AUC:0.579 F1:0.654 SENS:0.895 SPEC:0.238 | COMPOSITE:0.6571 EMA:-1.3363
[mae-tiny | fold 3 | epoch 009] train=0.1940 val_loss=0.2278 auc=0.5940 thr=0.500
  [Metrics] AUC:0.594 F1:0.706 SENS:0.947 SPEC:0.333 | COMPOSITE:0.7065 EMA:-1.3234
    ☆ SAVED FALLBACK (SENS=0.947 SPEC=0.333 | comp=0.7065)
[mae-tiny | fold 3 | epoch 010] train=0.2055 val_loss=0.2382 auc=0.6040 thr=0.471
  [Metrics] AUC:0.604 F1:0.667 SENS:0.842 SPEC:0.381 | COMPOSITE:0.6695 EMA:-1.3255
[mae-tiny | fold 3 | epoch 011] train=0.1969 val_loss=0.2653 auc=0.6115 thr=0.401
  [Metrics] AUC:0.612 F1:0.653 SENS:0.842 SPEC:0.333 | COMPOSITE:0.6609 EMA:-1.3296
[mae-tiny | fold 3 | epoch 012] train=0.1997 val_loss=0.2668 auc=0.5288 thr=0.541
  [Metrics] AUC:0.529 F1:0.630 SENS:0.895 SPEC:0.143 | COMPOSITE:0.6242 EMA:-1.3435
[mae-tiny | fold 3 | epoch 013] train=0.2004 val_loss=0.2230 auc=0.6391 thr=0.513
  [Metrics] AUC:0.639 F1:0.723 SENS:0.895 SPEC:0.476 | COMPOSITE:0.7252 EMA:-1.3229
    ☆ SAVED FALLBACK (SENS=0.895 SPEC=0.476 | comp=0.7252)
[mae-tiny | fold 3 | epoch 014] train=0.1980 val_loss=0.2373 auc=0.6216 thr=0.496
  [Metrics] AUC:0.622 F1:0.696 SENS:0.842 SPEC:0.476 | COMPOSITE:0.6955 EMA:-1.3174
    ☆ SAVED FALLBACK (SENS=0.842 SPEC=0.476 | comp=0.6955)
[mae-tiny | fold 3 | epoch 015] train=0.2003 val_loss=0.2283 auc=0.6617 thr=0.495
  [Metrics] AUC:0.662 F1:0.735 SENS:0.947 SPEC:0.429 | COMPOSITE:0.7450 EMA:-1.2987
    ☆ SAVED FALLBACK (SENS=0.947 SPEC=0.429 | comp=0.7450)
[mae-tiny | fold 3 | epoch 016] train=0.2037 val_loss=0.2334 auc=0.6216 thr=0.480
  [Metrics] AUC:0.622 F1:0.653 SENS:0.842 SPEC:0.333 | COMPOSITE:0.6634 EMA:-1.3101
[mae-tiny | fold 3 | epoch 017] train=0.2019 val_loss=0.2292 auc=0.6216 thr=0.496
  [Metrics] AUC:0.622 F1:0.708 SENS:0.895 SPEC:0.429 | COMPOSITE:0.7099 EMA:-1.3041
[mae-tiny | fold 3 | epoch 018] train=0.1994 val_loss=0.2370 auc=0.6316 thr=0.538
  [Metrics] AUC:0.632 F1:0.708 SENS:0.895 SPEC:0.429 | COMPOSITE:0.7124 EMA:-1.2991
[mae-tiny | fold 3 | epoch 019] train=0.1979 val_loss=0.2461 auc=0.6391 thr=0.469
  [Metrics] AUC:0.639 F1:0.760 SENS:1.000 SPEC:0.429 | COMPOSITE:0.7641 EMA:-1.2802
    ☆ SAVED FALLBACK (SENS=1.000 SPEC=0.429 | comp=0.7641)
[mae-tiny | fold 3 | epoch 020] train=0.1937 val_loss=0.2420 auc=0.6341 thr=0.479
  [Metrics] AUC:0.634 F1:0.720 SENS:0.947 SPEC:0.381 | COMPOSITE:0.7272 EMA:-1.2779
    ☆ SAVED FALLBACK (SENS=0.947 SPEC=0.381 | comp=0.7272)
[mae-tiny | fold 3 | epoch 021] train=0.1884 val_loss=0.2403 auc=0.6341 thr=0.513
  [Metrics] AUC:0.634 F1:0.667 SENS:0.842 SPEC:0.381 | COMPOSITE:0.6771 EMA:-1.2914
[mae-tiny | fold 3 | epoch 022] train=0.1927 val_loss=0.2599 auc=0.6541 thr=0.429
  [Metrics] AUC:0.654 F1:0.680 SENS:0.895 SPEC:0.333 | COMPOSITE:0.6967 EMA:-1.2950
[mae-tiny | fold 3 | epoch 023] train=0.2044 val_loss=0.2434 auc=0.6491 thr=0.510
  [Metrics] AUC:0.649 F1:0.731 SENS:1.000 SPEC:0.333 | COMPOSITE:0.7450 EMA:-1.2830
[mae-tiny | fold 3 | epoch 024] train=0.1964 val_loss=0.2353 auc=0.6441 thr=0.473
  [Metrics] AUC:0.644 F1:0.708 SENS:0.895 SPEC:0.429 | COMPOSITE:0.7156 EMA:-1.2834
[mae-tiny | fold 3 | epoch 025] train=0.1963 val_loss=0.2258 auc=0.6617 thr=0.471
  [Metrics] AUC:0.662 F1:0.723 SENS:0.895 SPEC:0.476 | COMPOSITE:0.7309 EMA:-1.2792
[mae-tiny | fold 3 | epoch 026] train=0.1945 val_loss=0.2350 auc=0.6617 thr=0.483
  [Metrics] AUC:0.662 F1:0.750 SENS:0.947 SPEC:0.476 | COMPOSITE:0.7559 EMA:-1.2686
    ☆ SAVED FALLBACK (SENS=0.947 SPEC=0.476 | comp=0.7559)
[mae-tiny | fold 3 | epoch 027] train=0.1966 val_loss=0.2400 auc=0.6391 thr=0.439
  [Metrics] AUC:0.639 F1:0.735 SENS:0.947 SPEC:0.429 | COMPOSITE:0.7393 EMA:-1.2662
    ☆ SAVED FALLBACK (SENS=0.947 SPEC=0.429 | comp=0.7393)
[mae-tiny | fold 3 | epoch 028] train=0.1892 val_loss=0.2284 auc=0.6642 thr=0.540
  [Metrics] AUC:0.664 F1:0.708 SENS:0.895 SPEC:0.429 | COMPOSITE:0.7206 EMA:-1.2702
[mae-tiny | fold 3 | epoch 029] train=0.1855 val_loss=0.2347 auc=0.6892 thr=0.452
  [Metrics] AUC:0.689 F1:0.723 SENS:0.895 SPEC:0.476 | COMPOSITE:0.7377 EMA:-1.2678
[mae-tiny | fold 3 | epoch 030] train=0.1869 val_loss=0.2117 auc=0.8195 thr=0.479
  [Metrics] AUC:0.820 F1:0.810 SENS:0.895 SPEC:0.714 | COMPOSITE:0.8276 EMA:-0.6392
    ★ SAVED DUAL-PASS (SENS=0.895≥0.8 SPEC=0.714≥0.5 | comp=0.8276)
[mae-tiny | fold 3 | epoch 031] train=0.1925 val_loss=0.2073 auc=0.7970 thr=0.497
  [Metrics] AUC:0.797 F1:0.792 SENS:1.000 SPEC:0.524 | COMPOSITE:0.8257 EMA:-0.1997
    ★ SAVED DUAL-PASS (SENS=1.000≥0.8 SPEC=0.524≥0.5 | comp=0.8257)
[mae-tiny | fold 3 | epoch 032] train=0.1810 val_loss=0.2155 auc=0.7393 thr=0.475
  [Metrics] AUC:0.739 F1:0.681 SENS:0.842 SPEC:0.429 | COMPOSITE:0.7141 EMA:-0.5256
[mae-tiny | fold 3 | epoch 033] train=0.1914 val_loss=0.2309 auc=0.7218 thr=0.445
  [Metrics] AUC:0.722 F1:0.744 SENS:0.842 SPEC:0.619 | COMPOSITE:0.7541 EMA:-0.1417
    ★ SAVED DUAL-PASS (SENS=0.842≥0.8 SPEC=0.619≥0.5 | comp=0.7541)
[mae-tiny | fold 3 | epoch 034] train=0.1873 val_loss=0.2104 auc=0.7419 thr=0.513
  [Metrics] AUC:0.742 F1:0.756 SENS:0.895 SPEC:0.571 | COMPOSITE:0.7732 EMA:0.1328
    ★ SAVED DUAL-PASS (SENS=0.895≥0.8 SPEC=0.571≥0.5 | comp=0.7732)
[mae-tiny | fold 3 | epoch 035] train=0.1968 val_loss=0.2433 auc=0.6692 thr=0.545
  [Metrics] AUC:0.669 F1:0.696 SENS:0.842 SPEC:0.476 | COMPOSITE:0.7074 EMA:-0.2948
[mae-tiny | fold 3 | epoch 036] train=0.1895 val_loss=0.2015 auc=0.8271 thr=0.473
  [Metrics] AUC:0.827 F1:0.800 SENS:0.947 SPEC:0.619 | COMPOSITE:0.8312 EMA:0.0430
[mae-tiny | fold 3 | epoch 037] train=0.2062 val_loss=0.2301 auc=0.7193 thr=0.443
  [Metrics] AUC:0.719 F1:0.739 SENS:0.895 SPEC:0.524 | COMPOSITE:0.7563 EMA:0.2570
    ★ SAVED DUAL-PASS (SENS=0.895≥0.8 SPEC=0.524≥0.5 | comp=0.7563)
[mae-tiny | fold 3 | epoch 038] train=0.1860 val_loss=0.2407 auc=0.6917 thr=0.526
  [Metrics] AUC:0.692 F1:0.766 SENS:0.947 SPEC:0.524 | COMPOSITE:0.7746 EMA:0.4123
    ★ SAVED DUAL-PASS (SENS=0.947≥0.8 SPEC=0.524≥0.5 | comp=0.7746)
[mae-tiny | fold 3 | epoch 039] train=0.1952 val_loss=0.2135 auc=0.7995 thr=0.496
  [Metrics] AUC:0.799 F1:0.791 SENS:0.895 SPEC:0.667 | COMPOSITE:0.8107 EMA:0.5318
    ★ SAVED DUAL-PASS (SENS=0.895≥0.8 SPEC=0.667≥0.5 | comp=0.8107)
[mae-tiny | fold 3 | epoch 040] train=0.1797 val_loss=0.2136 auc=0.7644 thr=0.473
  [Metrics] AUC:0.764 F1:0.773 SENS:0.895 SPEC:0.619 | COMPOSITE:0.7903 EMA:0.6093
    ★ SAVED DUAL-PASS (SENS=0.895≥0.8 SPEC=0.619≥0.5 | comp=0.7903)
[mae-tiny | fold 3 | epoch 041] train=0.1801 val_loss=0.2205 auc=0.7469 thr=0.525
  [Metrics] AUC:0.747 F1:0.727 SENS:0.842 SPEC:0.571 | COMPOSITE:0.7490 EMA:0.6512
    ★ SAVED DUAL-PASS (SENS=0.842≥0.8 SPEC=0.571≥0.5 | comp=0.7490)
[mae-tiny | fold 3 | epoch 042] train=0.1818 val_loss=0.2229 auc=0.7820 thr=0.574
  [Metrics] AUC:0.782 F1:0.739 SENS:0.895 SPEC:0.524 | COMPOSITE:0.7720 EMA:0.6875
    ★ SAVED DUAL-PASS (SENS=0.895≥0.8 SPEC=0.524≥0.5 | comp=0.7720)
[mae-tiny | fold 3 | epoch 043] train=0.1966 val_loss=0.2272 auc=0.7419 thr=0.448
  [Metrics] AUC:0.742 F1:0.773 SENS:0.895 SPEC:0.619 | COMPOSITE:0.7847 EMA:0.7166
    ★ SAVED DUAL-PASS (SENS=0.895≥0.8 SPEC=0.619≥0.5 | comp=0.7847)
[mae-tiny | fold 3 | epoch 044] train=0.1817 val_loss=0.1975 auc=0.8396 thr=0.494
  [Metrics] AUC:0.840 F1:0.800 SENS:0.842 SPEC:0.762 | COMPOSITE:0.8189 EMA:0.7473
    ★ SAVED DUAL-PASS (SENS=0.842≥0.8 SPEC=0.762≥0.5 | comp=0.8189)
[mae-tiny | fold 3 | epoch 045] train=0.1717 val_loss=0.2019 auc=0.8346 thr=0.473
  [Metrics] AUC:0.835 F1:0.780 SENS:0.842 SPEC:0.714 | COMPOSITE:0.8056 EMA:0.7648
    ★ SAVED DUAL-PASS (SENS=0.842≥0.8 SPEC=0.714≥0.5 | comp=0.8056)
[mae-tiny | fold 3 | epoch 046] train=0.1621 val_loss=0.1849 auc=0.8872 thr=0.607
  [Metrics] AUC:0.887 F1:0.865 SENS:0.842 SPEC:0.905 | COMPOSITE:0.8685 EMA:0.7959
    ★ SAVED DUAL-PASS (SENS=0.842≥0.8 SPEC=0.905≥0.5 | comp=0.8685)
[mae-tiny | fold 3 | epoch 047] train=0.1867 val_loss=0.2240 auc=0.8471 thr=0.631
  [Metrics] AUC:0.847 F1:0.810 SENS:0.895 SPEC:0.714 | COMPOSITE:0.8345 EMA:0.8075
    ★ SAVED DUAL-PASS (SENS=0.895≥0.8 SPEC=0.714≥0.5 | comp=0.8345)
[mae-tiny | fold 3 | epoch 048] train=0.1954 val_loss=0.2110 auc=0.7895 thr=0.480
  [Metrics] AUC:0.789 F1:0.800 SENS:0.842 SPEC:0.762 | COMPOSITE:0.8064 EMA:0.8072
[mae-tiny | fold 3 | epoch 049] train=0.1939 val_loss=0.2125 auc=0.7769 thr=0.494
  [Metrics] AUC:0.777 F1:0.762 SENS:0.842 SPEC:0.667 | COMPOSITE:0.7794 EMA:0.7988
[mae-tiny | fold 3 | epoch 050] train=0.1801 val_loss=0.2189 auc=0.7644 thr=0.484
  [Metrics] AUC:0.764 F1:0.783 SENS:0.947 SPEC:0.571 | COMPOSITE:0.8040 EMA:0.8004
[mae-tiny | fold 3 | epoch 051] train=0.1699 val_loss=0.1950 auc=0.8296 thr=0.509
  [Metrics] AUC:0.830 F1:0.766 SENS:0.947 SPEC:0.524 | COMPOSITE:0.8090 EMA:0.8030
[mae-tiny | fold 3 | epoch 052] train=0.1597 val_loss=0.1877 auc=0.8421 thr=0.484
  [Metrics] AUC:0.842 F1:0.762 SENS:0.842 SPEC:0.667 | COMPOSITE:0.7957 EMA:0.8008
[mae-tiny | fold 3 | epoch 053] train=0.1717 val_loss=0.1846 auc=0.8672 thr=0.473
  [Metrics] AUC:0.867 F1:0.837 SENS:0.947 SPEC:0.714 | COMPOSITE:0.8648 EMA:0.8200
    ★ SAVED DUAL-PASS (SENS=0.947≥0.8 SPEC=0.714≥0.5 | comp=0.8648)
[mae-tiny | fold 3 | epoch 054] train=0.1798 val_loss=0.1996 auc=0.7970 thr=0.470
  [Metrics] AUC:0.797 F1:0.756 SENS:0.895 SPEC:0.571 | COMPOSITE:0.7870 EMA:0.8101
[mae-tiny | fold 3 | epoch 055] train=0.1671 val_loss=0.1869 auc=0.8571 thr=0.425
  [Metrics] AUC:0.857 F1:0.766 SENS:0.947 SPEC:0.524 | COMPOSITE:0.8159 EMA:0.8119
[mae-tiny | fold 3 | epoch 056] train=0.1735 val_loss=0.1863 auc=0.8221 thr=0.492
  [Metrics] AUC:0.822 F1:0.762 SENS:0.842 SPEC:0.667 | COMPOSITE:0.7907 EMA:0.8055
[mae-tiny | fold 3 | epoch 057] train=0.1757 val_loss=0.2204 auc=0.8571 thr=0.607
  [Metrics] AUC:0.857 F1:0.792 SENS:1.000 SPEC:0.524 | COMPOSITE:0.8408 EMA:0.8161
[mae-tiny | fold 3 | epoch 058] train=0.1726 val_loss=0.1911 auc=0.8772 thr=0.454
  [Metrics] AUC:0.877 F1:0.842 SENS:0.842 SPEC:0.857 | COMPOSITE:0.8531 EMA:0.8272
    ★ SAVED DUAL-PASS (SENS=0.842≥0.8 SPEC=0.857≥0.5 | comp=0.8531)
[mae-tiny | fold 3 | epoch 059] train=0.1688 val_loss=0.1857 auc=0.8697 thr=0.577
  [Metrics] AUC:0.870 F1:0.791 SENS:0.895 SPEC:0.667 | COMPOSITE:0.8283 EMA:0.8275
    ★ SAVED DUAL-PASS (SENS=0.895≥0.8 SPEC=0.667≥0.5 | comp=0.8283)
[mae-tiny | fold 3 | epoch 060] train=0.1671 val_loss=0.1737 auc=0.8471 thr=0.467
  [Metrics] AUC:0.847 F1:0.766 SENS:0.947 SPEC:0.524 | COMPOSITE:0.8134 EMA:0.8233
[mae-tiny | fold 3 | epoch 061] train=0.1559 val_loss=0.1667 auc=0.8997 thr=0.480
  [Metrics] AUC:0.900 F1:0.865 SENS:0.842 SPEC:0.905 | COMPOSITE:0.8716 EMA:0.8378
    ★ SAVED DUAL-PASS (SENS=0.842≥0.8 SPEC=0.905≥0.5 | comp=0.8716)
[mae-tiny | fold 3 | epoch 062] train=0.1684 val_loss=0.1712 auc=0.8697 thr=0.482
  [Metrics] AUC:0.870 F1:0.821 SENS:0.842 SPEC:0.810 | COMPOSITE:0.8387 EMA:0.8381
    ★ SAVED DUAL-PASS (SENS=0.842≥0.8 SPEC=0.810≥0.5 | comp=0.8387)
[mae-tiny | fold 3 | epoch 063] train=0.1452 val_loss=0.1705 auc=0.8622 thr=0.558
  [Metrics] AUC:0.862 F1:0.783 SENS:0.947 SPEC:0.571 | COMPOSITE:0.8285 EMA:0.8352
[mae-tiny | fold 3 | epoch 064] train=0.1652 val_loss=0.1539 auc=0.8897 thr=0.459
  [Metrics] AUC:0.890 F1:0.850 SENS:0.895 SPEC:0.810 | COMPOSITE:0.8695 EMA:0.8455
    ★ SAVED DUAL-PASS (SENS=0.895≥0.8 SPEC=0.810≥0.5 | comp=0.8695)
[mae-tiny | fold 3 | epoch 065] train=0.1479 val_loss=0.1414 auc=0.9048 thr=0.566
  [Metrics] AUC:0.905 F1:0.895 SENS:0.895 SPEC:0.905 | COMPOSITE:0.8987 EMA:0.8615
    ★ SAVED DUAL-PASS (SENS=0.895≥0.8 SPEC=0.905≥0.5 | comp=0.8987)
[mae-tiny | fold 3 | epoch 066] train=0.1405 val_loss=0.1510 auc=0.8747 thr=0.487
  [Metrics] AUC:0.875 F1:0.800 SENS:0.947 SPEC:0.619 | COMPOSITE:0.8431 EMA:0.8560
[mae-tiny | fold 3 | epoch 067] train=0.1459 val_loss=0.1865 auc=0.8396 thr=0.517
  [Metrics] AUC:0.840 F1:0.756 SENS:0.895 SPEC:0.571 | COMPOSITE:0.7977 EMA:0.8385
[mae-tiny | fold 3 | epoch 068] train=0.1529 val_loss=0.1554 auc=0.8797 thr=0.568
  [Metrics] AUC:0.880 F1:0.842 SENS:0.842 SPEC:0.857 | COMPOSITE:0.8538 EMA:0.8431
[mae-tiny | fold 3 | epoch 069] train=0.1391 val_loss=0.1421 auc=0.8972 thr=0.495
  [Metrics] AUC:0.897 F1:0.864 SENS:1.000 SPEC:0.714 | COMPOSITE:0.8974 EMA:0.8593
[mae-tiny | fold 3 | epoch 070] train=0.1195 val_loss=0.1533 auc=0.8972 thr=0.627
  [Metrics] AUC:0.897 F1:0.865 SENS:0.842 SPEC:0.905 | COMPOSITE:0.8710 EMA:0.8628
    ★ SAVED DUAL-PASS (SENS=0.842≥0.8 SPEC=0.905≥0.5 | comp=0.8710)
[mae-tiny | fold 3 | epoch 071] train=0.1306 val_loss=0.1624 auc=0.8947 thr=0.462
  [Metrics] AUC:0.895 F1:0.872 SENS:0.895 SPEC:0.857 | COMPOSITE:0.8834 EMA:0.8690
    ★ SAVED DUAL-PASS (SENS=0.895≥0.8 SPEC=0.857≥0.5 | comp=0.8834)
[mae-tiny | fold 3 | epoch 072] train=0.1979 val_loss=0.1544 auc=0.8922 thr=0.455
  [Metrics] AUC:0.892 F1:0.844 SENS:1.000 SPEC:0.667 | COMPOSITE:0.8842 EMA:0.8735
    ★ SAVED DUAL-PASS (SENS=1.000≥0.8 SPEC=0.667≥0.5 | comp=0.8842)
[mae-tiny | fold 3 | epoch 073] train=0.1260 val_loss=0.1666 auc=0.8822 thr=0.497
  [Metrics] AUC:0.882 F1:0.826 SENS:1.000 SPEC:0.619 | COMPOSITE:0.8699 EMA:0.8725
[mae-tiny | fold 3 | epoch 074] train=0.1328 val_loss=0.2185 auc=0.8847 thr=0.710
  [Metrics] AUC:0.885 F1:0.821 SENS:0.842 SPEC:0.810 | COMPOSITE:0.8425 EMA:0.8635
[mae-tiny | fold 3 | epoch 075] train=0.1194 val_loss=0.1621 auc=0.8797 thr=0.522
  [Metrics] AUC:0.880 F1:0.865 SENS:0.842 SPEC:0.905 | COMPOSITE:0.8666 EMA:0.8644
[mae-tiny | fold 3 | epoch 076] train=0.1325 val_loss=0.1768 auc=0.8747 thr=0.604
  [Metrics] AUC:0.875 F1:0.821 SENS:0.842 SPEC:0.810 | COMPOSITE:0.8400 EMA:0.8571
[mae-tiny | fold 3 | epoch 077] train=0.1265 val_loss=0.1628 auc=0.8747 thr=0.583
  [Metrics] AUC:0.875 F1:0.842 SENS:0.842 SPEC:0.857 | COMPOSITE:0.8525 EMA:0.8557
[mae-tiny | fold 3 | epoch 078] train=0.1206 val_loss=0.1660 auc=0.8972 thr=0.566
  [Metrics] AUC:0.897 F1:0.829 SENS:0.895 SPEC:0.762 | COMPOSITE:0.8591 EMA:0.8567
[mae-tiny | fold 3 | epoch 079] train=0.1179 val_loss=0.1478 auc=0.8997 thr=0.465
  [Metrics] AUC:0.900 F1:0.837 SENS:0.947 SPEC:0.714 | COMPOSITE:0.8730 EMA:0.8616
[mae-tiny | fold 3 | epoch 080] train=0.1302 val_loss=0.1639 auc=0.8947 thr=0.505
  [Metrics] AUC:0.895 F1:0.826 SENS:1.000 SPEC:0.619 | COMPOSITE:0.8731 EMA:0.8650
[mae-tiny | fold 3 | epoch 081] train=0.1246 val_loss=0.1527 auc=0.8972 thr=0.454
  [Metrics] AUC:0.897 F1:0.826 SENS:1.000 SPEC:0.619 | COMPOSITE:0.8737 EMA:0.8676
[mae-tiny | fold 3 | epoch 082] train=0.1150 val_loss=0.1478 auc=0.8972 thr=0.440
  [Metrics] AUC:0.897 F1:0.826 SENS:1.000 SPEC:0.619 | COMPOSITE:0.8737 EMA:0.8694
[mae-tiny | fold 3 | epoch 083] train=0.1302 val_loss=0.1739 auc=0.8947 thr=0.508
  [Metrics] AUC:0.895 F1:0.826 SENS:1.000 SPEC:0.619 | COMPOSITE:0.8731 EMA:0.8705
[mae-tiny | fold 3 | epoch 084] train=0.1187 val_loss=0.1750 auc=0.8922 thr=0.500
  [Metrics] AUC:0.892 F1:0.809 SENS:1.000 SPEC:0.571 | COMPOSITE:0.8609 EMA:0.8676
[mae-tiny | fold 3 | epoch 085] train=0.1191 val_loss=0.1569 auc=0.8822 thr=0.449
  [Metrics] AUC:0.882 F1:0.783 SENS:0.947 SPEC:0.571 | COMPOSITE:0.8335 EMA:0.8574
[mae-tiny | fold 3 | epoch 086] train=0.1261 val_loss=0.1645 auc=0.8922 thr=0.573
  [Metrics] AUC:0.892 F1:0.800 SENS:0.842 SPEC:0.762 | COMPOSITE:0.8321 EMA:0.8498
[mae-tiny | fold 3 | epoch 087] train=0.1206 val_loss=0.1966 auc=0.8872 thr=0.625
  [Metrics] AUC:0.887 F1:0.800 SENS:0.842 SPEC:0.762 | COMPOSITE:0.8308 EMA:0.8441
[mae-tiny | fold 3 | epoch 088] train=0.1124 val_loss=0.1576 auc=0.8772 thr=0.588
  [Metrics] AUC:0.877 F1:0.821 SENS:0.842 SPEC:0.810 | COMPOSITE:0.8406 EMA:0.8431
[mae-tiny | fold 3 | epoch 089] train=0.0967 val_loss=0.1725 auc=0.9048 thr=0.510
  [Metrics] AUC:0.905 F1:0.818 SENS:0.947 SPEC:0.667 | COMPOSITE:0.8623 EMA:0.8488
[mae-tiny | fold 3 | epoch 090] train=0.1144 val_loss=0.1977 auc=0.8797 thr=0.665
  [Metrics] AUC:0.880 F1:0.821 SENS:0.842 SPEC:0.810 | COMPOSITE:0.8412 EMA:0.8465
[mae-tiny | fold 3 | epoch 091] train=0.1160 val_loss=0.1669 auc=0.8822 thr=0.612
  [Metrics] AUC:0.882 F1:0.800 SENS:0.842 SPEC:0.762 | COMPOSITE:0.8296 EMA:0.8415
[mae-tiny | fold 3 | epoch 092] train=0.1128 val_loss=0.1732 auc=0.8947 thr=0.541
  [Metrics] AUC:0.895 F1:0.810 SENS:0.895 SPEC:0.714 | COMPOSITE:0.8464 EMA:0.8429
  Early stopping @ epoch 92 (best EMA score=0.8735)
  SWA model finalize ediliyor...
  SWA val COMPOSITE: 0.8447 | Best EMA COMPOSITE: 0.8735

=================================================================
  MAE-Tiny Fold 3  |  Threshold: Youden 0.455
=================================================================
  Metrik                Değer                   95% CI
  -------------------------------------------------------
  AUC-ROC               0.892          [0.768 - 0.984]
  AUC-PR                0.810                        -
  Sensitivity           1.000          [1.000 - 1.000]
  Specificity           0.667          [0.455 - 0.875]
  PPV                   0.731          [0.545 - 0.909]
  NPV                   1.000          [1.000 - 1.000]
  Accuracy              0.825          [0.700 - 0.950]
  F1-Score              0.844          [0.706 - 0.952]
  Composite             0.884                        -

  CM: TP=19 FP=7 FN=0 TN=14
  Toplam Hata: 7/40
=================================================================

======================================================================
FOLD 4/5
======================================================================
  Fold 4: MAE pretrained encoder yüklendi.
[mae-tiny | fold 4 | epoch 001] train=0.2243 val_loss=0.2145 auc=0.5646 thr=0.511
  [Metrics] AUC:0.565 F1:0.607 SENS:0.810 SPEC:0.143 | COMPOSITE:0.5977 EMA:-1.4023
[mae-tiny | fold 4 | epoch 002] train=0.2207 val_loss=0.2067 auc=0.6712 thr=0.508
  [Metrics] AUC:0.671 F1:0.655 SENS:0.857 SPEC:0.238 | COMPOSITE:0.6672 EMA:-1.3815
[mae-tiny | fold 4 | epoch 003] train=0.2190 val_loss=0.2020 auc=0.7483 thr=0.517
  [Metrics] AUC:0.748 F1:0.708 SENS:0.810 SPEC:0.524 | COMPOSITE:0.7261 EMA:-0.7492
    ★ SAVED DUAL-PASS (SENS=0.810≥0.8 SPEC=0.524≥0.5 | comp=0.7261)
[mae-tiny | fold 4 | epoch 004] train=0.2094 val_loss=0.1905 auc=0.7846 thr=0.497
  [Metrics] AUC:0.785 F1:0.756 SENS:0.810 SPEC:0.667 | COMPOSITE:0.7684 EMA:-0.2939
    ★ SAVED DUAL-PASS (SENS=0.810≥0.8 SPEC=0.667≥0.5 | comp=0.7684)
[mae-tiny | fold 4 | epoch 005] train=0.2227 val_loss=0.1854 auc=0.7823 thr=0.513
  [Metrics] AUC:0.782 F1:0.756 SENS:0.810 SPEC:0.667 | COMPOSITE:0.7678 EMA:0.0246
    ★ SAVED DUAL-PASS (SENS=0.810≥0.8 SPEC=0.667≥0.5 | comp=0.7678)
[mae-tiny | fold 4 | epoch 006] train=0.2194 val_loss=0.1915 auc=0.7506 thr=0.541
  [Metrics] AUC:0.751 F1:0.708 SENS:0.810 SPEC:0.524 | COMPOSITE:0.7266 EMA:0.2352
    ★ SAVED DUAL-PASS (SENS=0.810≥0.8 SPEC=0.524≥0.5 | comp=0.7266)
[mae-tiny | fold 4 | epoch 007] train=0.2192 val_loss=0.1840 auc=0.7982 thr=0.507
  [Metrics] AUC:0.798 F1:0.784 SENS:0.952 SPEC:0.524 | COMPOSITE:0.8075 EMA:0.4069
    ★ SAVED DUAL-PASS (SENS=0.952≥0.8 SPEC=0.524≥0.5 | comp=0.8075)
[mae-tiny | fold 4 | epoch 008] train=0.2209 val_loss=0.1925 auc=0.8050 thr=0.549
  [Metrics] AUC:0.805 F1:0.750 SENS:0.857 SPEC:0.571 | COMPOSITE:0.7745 EMA:0.5172
    ★ SAVED DUAL-PASS (SENS=0.857≥0.8 SPEC=0.571≥0.5 | comp=0.7745)
[mae-tiny | fold 4 | epoch 009] train=0.2177 val_loss=0.1843 auc=0.7891 thr=0.507
  [Metrics] AUC:0.789 F1:0.735 SENS:0.857 SPEC:0.524 | COMPOSITE:0.7595 EMA:0.5899
    ★ SAVED DUAL-PASS (SENS=0.857≥0.8 SPEC=0.524≥0.5 | comp=0.7595)
[mae-tiny | fold 4 | epoch 010] train=0.2107 val_loss=0.1903 auc=0.7846 thr=0.544
  [Metrics] AUC:0.785 F1:0.750 SENS:0.857 SPEC:0.571 | COMPOSITE:0.7694 EMA:0.6437
    ★ SAVED DUAL-PASS (SENS=0.857≥0.8 SPEC=0.571≥0.5 | comp=0.7694)
[mae-tiny | fold 4 | epoch 011] train=0.2144 val_loss=0.1869 auc=0.8073 thr=0.483
  [Metrics] AUC:0.807 F1:0.800 SENS:0.857 SPEC:0.714 | COMPOSITE:0.8090 EMA:0.6933
    ★ SAVED DUAL-PASS (SENS=0.857≥0.8 SPEC=0.714≥0.5 | comp=0.8090)
[mae-tiny | fold 4 | epoch 012] train=0.2197 val_loss=0.2607 auc=0.7982 thr=0.666
  [Metrics] AUC:0.798 F1:0.766 SENS:0.857 SPEC:0.619 | COMPOSITE:0.7839 EMA:0.7205
    ★ SAVED DUAL-PASS (SENS=0.857≥0.8 SPEC=0.619≥0.5 | comp=0.7839)
[mae-tiny | fold 4 | epoch 013] train=0.2322 val_loss=0.1880 auc=0.7891 thr=0.473
  [Metrics] AUC:0.789 F1:0.784 SENS:0.952 SPEC:0.524 | COMPOSITE:0.8053 EMA:0.7459
    ★ SAVED DUAL-PASS (SENS=0.952≥0.8 SPEC=0.524≥0.5 | comp=0.8053)
[mae-tiny | fold 4 | epoch 014] train=0.2137 val_loss=0.2047 auc=0.7823 thr=0.587
  [Metrics] AUC:0.782 F1:0.776 SENS:0.905 SPEC:0.571 | COMPOSITE:0.7918 EMA:0.7597
    ★ SAVED DUAL-PASS (SENS=0.905≥0.8 SPEC=0.571≥0.5 | comp=0.7918)
[mae-tiny | fold 4 | epoch 015] train=0.2098 val_loss=0.1835 auc=0.7937 thr=0.475
  [Metrics] AUC:0.794 F1:0.760 SENS:0.905 SPEC:0.524 | COMPOSITE:0.7837 EMA:0.7669
    ★ SAVED DUAL-PASS (SENS=0.905≥0.8 SPEC=0.524≥0.5 | comp=0.7837)
[mae-tiny | fold 4 | epoch 016] train=0.2146 val_loss=0.1917 auc=0.7732 thr=0.490
  [Metrics] AUC:0.773 F1:0.680 SENS:0.810 SPEC:0.429 | COMPOSITE:0.7109 EMA:0.1501
[mae-tiny | fold 4 | epoch 017] train=0.2127 val_loss=0.1761 auc=0.8027 thr=0.506
  [Metrics] AUC:0.803 F1:0.766 SENS:0.857 SPEC:0.619 | COMPOSITE:0.7850 EMA:0.3406
[mae-tiny | fold 4 | epoch 018] train=0.2122 val_loss=0.1883 auc=0.7642 thr=0.522
  [Metrics] AUC:0.764 F1:0.694 SENS:0.810 SPEC:0.476 | COMPOSITE:0.7193 EMA:-0.1458
[mae-tiny | fold 4 | epoch 019] train=0.2106 val_loss=0.1852 auc=0.8231 thr=0.548
  [Metrics] AUC:0.823 F1:0.792 SENS:0.905 SPEC:0.619 | COMPOSITE:0.8132 EMA:0.1419
[mae-tiny | fold 4 | epoch 020] train=0.2043 val_loss=0.2046 auc=0.7937 thr=0.391
  [Metrics] AUC:0.794 F1:0.739 SENS:0.810 SPEC:0.619 | COMPOSITE:0.7594 EMA:0.3271
[mae-tiny | fold 4 | epoch 021] train=0.2216 val_loss=0.2037 auc=0.7460 thr=0.558
  [Metrics] AUC:0.746 F1:0.735 SENS:0.857 SPEC:0.524 | COMPOSITE:0.7488 EMA:0.4536
[mae-tiny | fold 4 | epoch 022] train=0.2163 val_loss=0.1910 auc=0.8073 thr=0.485
  [Metrics] AUC:0.807 F1:0.837 SENS:0.857 SPEC:0.810 | COMPOSITE:0.8325 EMA:0.5673
[mae-tiny | fold 4 | epoch 023] train=0.2109 val_loss=0.1908 auc=0.7755 thr=0.530
  [Metrics] AUC:0.776 F1:0.756 SENS:0.810 SPEC:0.667 | COMPOSITE:0.7661 EMA:0.6269
[mae-tiny | fold 4 | epoch 024] train=0.2073 val_loss=0.1889 auc=0.7846 thr=0.509
  [Metrics] AUC:0.785 F1:0.735 SENS:0.857 SPEC:0.524 | COMPOSITE:0.7584 EMA:0.6664
[mae-tiny | fold 4 | epoch 025] train=0.2062 val_loss=0.1848 auc=0.8005 thr=0.545
  [Metrics] AUC:0.800 F1:0.776 SENS:0.905 SPEC:0.571 | COMPOSITE:0.7964 EMA:0.7054
[mae-tiny | fold 4 | epoch 026] train=0.2019 val_loss=0.1847 auc=0.8073 thr=0.448
  [Metrics] AUC:0.807 F1:0.776 SENS:0.905 SPEC:0.571 | COMPOSITE:0.7981 EMA:0.7332
[mae-tiny | fold 4 | epoch 027] train=0.2084 val_loss=0.1943 auc=0.8594 thr=0.598
  [Metrics] AUC:0.859 F1:0.826 SENS:0.905 SPEC:0.714 | COMPOSITE:0.8452 EMA:0.7668
[mae-tiny | fold 4 | epoch 028] train=0.1952 val_loss=0.1728 auc=0.8413 thr=0.500
  [Metrics] AUC:0.841 F1:0.800 SENS:0.857 SPEC:0.714 | COMPOSITE:0.8175 EMA:0.7820
    ★ SAVED DUAL-PASS (SENS=0.857≥0.8 SPEC=0.714≥0.5 | comp=0.8175)
[mae-tiny | fold 4 | epoch 029] train=0.1994 val_loss=0.1899 auc=0.7778 thr=0.570
  [Metrics] AUC:0.778 F1:0.739 SENS:0.810 SPEC:0.619 | COMPOSITE:0.7554 EMA:0.7740
[mae-tiny | fold 4 | epoch 030] train=0.2039 val_loss=0.1761 auc=0.8322 thr=0.535
  [Metrics] AUC:0.832 F1:0.809 SENS:0.905 SPEC:0.667 | COMPOSITE:0.8268 EMA:0.7899
    ★ SAVED DUAL-PASS (SENS=0.905≥0.8 SPEC=0.667≥0.5 | comp=0.8268)
[mae-tiny | fold 4 | epoch 031] train=0.2006 val_loss=0.1893 auc=0.7188 thr=0.513
  [Metrics] AUC:0.719 F1:0.654 SENS:0.810 SPEC:0.333 | COMPOSITE:0.6765 EMA:0.1559
[mae-tiny | fold 4 | epoch 032] train=0.2147 val_loss=0.1811 auc=0.8141 thr=0.470
  [Metrics] AUC:0.814 F1:0.792 SENS:0.905 SPEC:0.619 | COMPOSITE:0.8110 EMA:0.3524
[mae-tiny | fold 4 | epoch 033] train=0.2011 val_loss=0.1819 auc=0.8005 thr=0.542
  [Metrics] AUC:0.800 F1:0.766 SENS:0.857 SPEC:0.619 | COMPOSITE:0.7845 EMA:0.4820
[mae-tiny | fold 4 | epoch 034] train=0.1951 val_loss=0.1869 auc=0.8163 thr=0.539
  [Metrics] AUC:0.816 F1:0.766 SENS:0.857 SPEC:0.619 | COMPOSITE:0.7884 EMA:0.5739
[mae-tiny | fold 4 | epoch 035] train=0.1849 val_loss=0.1771 auc=0.7959 thr=0.555
  [Metrics] AUC:0.796 F1:0.791 SENS:0.810 SPEC:0.762 | COMPOSITE:0.7943 EMA:0.6400
[mae-tiny | fold 4 | epoch 036] train=0.1907 val_loss=0.1918 auc=0.8095 thr=0.587
  [Metrics] AUC:0.810 F1:0.783 SENS:0.857 SPEC:0.667 | COMPOSITE:0.7980 EMA:0.6874
[mae-tiny | fold 4 | epoch 037] train=0.1949 val_loss=0.2041 auc=0.8186 thr=0.598
  [Metrics] AUC:0.819 F1:0.760 SENS:0.905 SPEC:0.524 | COMPOSITE:0.7899 EMA:0.7182
[mae-tiny | fold 4 | epoch 038] train=0.2090 val_loss=0.1799 auc=0.8390 thr=0.459
  [Metrics] AUC:0.839 F1:0.809 SENS:0.905 SPEC:0.667 | COMPOSITE:0.8285 EMA:0.7513
[mae-tiny | fold 4 | epoch 039] train=0.1990 val_loss=0.1695 auc=0.8549 thr=0.537
  [Metrics] AUC:0.855 F1:0.792 SENS:0.905 SPEC:0.619 | COMPOSITE:0.8212 EMA:0.7722
[mae-tiny | fold 4 | epoch 040] train=0.1852 val_loss=0.2057 auc=0.7732 thr=0.582
  [Metrics] AUC:0.773 F1:0.667 SENS:0.810 SPEC:0.381 | COMPOSITE:0.7005 EMA:0.1507
[mae-tiny | fold 4 | epoch 041] train=0.2006 val_loss=0.1673 auc=0.8299 thr=0.494
  [Metrics] AUC:0.830 F1:0.800 SENS:0.857 SPEC:0.714 | COMPOSITE:0.8146 EMA:0.3499
[mae-tiny | fold 4 | epoch 042] train=0.1921 val_loss=0.1732 auc=0.8322 thr=0.541
  [Metrics] AUC:0.832 F1:0.783 SENS:0.857 SPEC:0.667 | COMPOSITE:0.8037 EMA:0.4860
[mae-tiny | fold 4 | epoch 043] train=0.1876 val_loss=0.1699 auc=0.8390 thr=0.579
  [Metrics] AUC:0.839 F1:0.773 SENS:0.810 SPEC:0.714 | COMPOSITE:0.7934 EMA:0.5782
[mae-tiny | fold 4 | epoch 044] train=0.1859 val_loss=0.1719 auc=0.8934 thr=0.403
  [Metrics] AUC:0.893 F1:0.833 SENS:0.952 SPEC:0.667 | COMPOSITE:0.8650 EMA:0.6643
[mae-tiny | fold 4 | epoch 045] train=0.2155 val_loss=0.1775 auc=0.9048 thr=0.591
  [Metrics] AUC:0.905 F1:0.850 SENS:0.810 SPEC:0.905 | COMPOSITE:0.8577 EMA:0.7223
[mae-tiny | fold 4 | epoch 046] train=0.1925 val_loss=0.1778 auc=0.8141 thr=0.506
  [Metrics] AUC:0.814 F1:0.735 SENS:0.857 SPEC:0.524 | COMPOSITE:0.7658 EMA:0.7353
[mae-tiny | fold 4 | epoch 047] train=0.1860 val_loss=0.1714 auc=0.8549 thr=0.611
  [Metrics] AUC:0.855 F1:0.857 SENS:0.857 SPEC:0.857 | COMPOSITE:0.8566 EMA:0.7717
[mae-tiny | fold 4 | epoch 048] train=0.1856 val_loss=0.1901 auc=0.8027 thr=0.423
  [Metrics] AUC:0.803 F1:0.694 SENS:0.810 SPEC:0.476 | COMPOSITE:0.7289 EMA:0.1589
[mae-tiny | fold 4 | epoch 049] train=0.2002 val_loss=0.1744 auc=0.8254 thr=0.558
  [Metrics] AUC:0.825 F1:0.773 SENS:0.810 SPEC:0.714 | COMPOSITE:0.7900 EMA:0.3482
[mae-tiny | fold 4 | epoch 050] train=0.1766 val_loss=0.1680 auc=0.8821 thr=0.567
  [Metrics] AUC:0.882 F1:0.844 SENS:0.905 SPEC:0.762 | COMPOSITE:0.8626 EMA:0.5025
[mae-tiny | fold 4 | epoch 051] train=0.1738 val_loss=0.1692 auc=0.8209 thr=0.495
  [Metrics] AUC:0.821 F1:0.783 SENS:0.857 SPEC:0.667 | COMPOSITE:0.8009 EMA:0.5920
[mae-tiny | fold 4 | epoch 052] train=0.1660 val_loss=0.1569 auc=0.8390 thr=0.537
  [Metrics] AUC:0.839 F1:0.783 SENS:0.857 SPEC:0.667 | COMPOSITE:0.8054 EMA:0.6560
[mae-tiny | fold 4 | epoch 053] train=0.1770 val_loss=0.2143 auc=0.7234 thr=0.436
  [Metrics] AUC:0.723 F1:0.642 SENS:0.810 SPEC:0.286 | COMPOSITE:0.6674 EMA:0.0595
[mae-tiny | fold 4 | epoch 054] train=0.1745 val_loss=0.1613 auc=0.8345 thr=0.477
  [Metrics] AUC:0.834 F1:0.776 SENS:0.905 SPEC:0.571 | COMPOSITE:0.8049 EMA:0.2831
[mae-tiny | fold 4 | epoch 055] train=0.1573 val_loss=0.1842 auc=0.7868 thr=0.466
  [Metrics] AUC:0.787 F1:0.708 SENS:0.810 SPEC:0.524 | COMPOSITE:0.7357 EMA:0.4189
[mae-tiny | fold 4 | epoch 056] train=0.1616 val_loss=0.1823 auc=0.8073 thr=0.469
  [Metrics] AUC:0.807 F1:0.750 SENS:0.857 SPEC:0.571 | COMPOSITE:0.7750 EMA:0.5257
[mae-tiny | fold 4 | epoch 057] train=0.1632 val_loss=0.1873 auc=0.7868 thr=0.452
  [Metrics] AUC:0.787 F1:0.766 SENS:0.857 SPEC:0.619 | COMPOSITE:0.7811 EMA:0.6023
[mae-tiny | fold 4 | epoch 058] train=0.1667 val_loss=0.1780 auc=0.8073 thr=0.464
  [Metrics] AUC:0.807 F1:0.773 SENS:0.810 SPEC:0.714 | COMPOSITE:0.7855 EMA:0.6573
[mae-tiny | fold 4 | epoch 059] train=0.1613 val_loss=0.1713 auc=0.8209 thr=0.496
  [Metrics] AUC:0.821 F1:0.810 SENS:0.810 SPEC:0.810 | COMPOSITE:0.8124 EMA:0.7038
[mae-tiny | fold 4 | epoch 060] train=0.1856 val_loss=0.1929 auc=0.7800 thr=0.474
  [Metrics] AUC:0.780 F1:0.735 SENS:0.857 SPEC:0.524 | COMPOSITE:0.7573 EMA:0.7198
[mae-tiny | fold 4 | epoch 061] train=0.1547 val_loss=0.1676 auc=0.8277 thr=0.523
  [Metrics] AUC:0.828 F1:0.791 SENS:0.810 SPEC:0.762 | COMPOSITE:0.8022 EMA:0.7445
[mae-tiny | fold 4 | epoch 062] train=0.1512 val_loss=0.2032 auc=0.7959 thr=0.552
  [Metrics] AUC:0.796 F1:0.810 SENS:0.810 SPEC:0.810 | COMPOSITE:0.8061 EMA:0.7630
[mae-tiny | fold 4 | epoch 063] train=0.1476 val_loss=0.1862 auc=0.8163 thr=0.482
  [Metrics] AUC:0.816 F1:0.791 SENS:0.810 SPEC:0.762 | COMPOSITE:0.7994 EMA:0.7739
[mae-tiny | fold 4 | epoch 064] train=0.1453 val_loss=0.2037 auc=0.7937 thr=0.604
  [Metrics] AUC:0.794 F1:0.773 SENS:0.810 SPEC:0.714 | COMPOSITE:0.7821 EMA:0.7764
[mae-tiny | fold 4 | epoch 065] train=0.1522 val_loss=0.1838 auc=0.8186 thr=0.440
  [Metrics] AUC:0.819 F1:0.783 SENS:0.857 SPEC:0.667 | COMPOSITE:0.8003 EMA:0.7835
[mae-tiny | fold 4 | epoch 066] train=0.1659 val_loss=0.1797 auc=0.8095 thr=0.541
  [Metrics] AUC:0.810 F1:0.791 SENS:0.810 SPEC:0.762 | COMPOSITE:0.7977 EMA:0.7878
[mae-tiny | fold 4 | epoch 067] train=0.1354 val_loss=0.2000 auc=0.7937 thr=0.452
  [Metrics] AUC:0.794 F1:0.766 SENS:0.857 SPEC:0.619 | COMPOSITE:0.7828 EMA:0.7863
[mae-tiny | fold 4 | epoch 068] train=0.1522 val_loss=0.1867 auc=0.8299 thr=0.511
  [Metrics] AUC:0.830 F1:0.800 SENS:0.857 SPEC:0.714 | COMPOSITE:0.8146 EMA:0.7948
    ★ SAVED DUAL-PASS (SENS=0.857≥0.8 SPEC=0.714≥0.5 | comp=0.8146)
[mae-tiny | fold 4 | epoch 069] train=0.1459 val_loss=0.1798 auc=0.8299 thr=0.609
  [Metrics] AUC:0.830 F1:0.791 SENS:0.810 SPEC:0.762 | COMPOSITE:0.8028 EMA:0.7972
    ★ SAVED DUAL-PASS (SENS=0.810≥0.8 SPEC=0.762≥0.5 | comp=0.8028)
[mae-tiny | fold 4 | epoch 070] train=0.1564 val_loss=0.2200 auc=0.7732 thr=0.511
  [Metrics] AUC:0.773 F1:0.723 SENS:0.810 SPEC:0.571 | COMPOSITE:0.7432 EMA:0.7810
[mae-tiny | fold 4 | epoch 071] train=0.1491 val_loss=0.1835 auc=0.8345 thr=0.512
  [Metrics] AUC:0.834 F1:0.791 SENS:0.810 SPEC:0.762 | COMPOSITE:0.8039 EMA:0.7879
[mae-tiny | fold 4 | epoch 072] train=0.1470 val_loss=0.1934 auc=0.8209 thr=0.516
  [Metrics] AUC:0.821 F1:0.791 SENS:0.810 SPEC:0.762 | COMPOSITE:0.8005 EMA:0.7917
[mae-tiny | fold 4 | epoch 073] train=0.1438 val_loss=0.2244 auc=0.7732 thr=0.399
  [Metrics] AUC:0.773 F1:0.680 SENS:0.810 SPEC:0.429 | COMPOSITE:0.7109 EMA:0.1674
[mae-tiny | fold 4 | epoch 074] train=0.1478 val_loss=0.2036 auc=0.7914 thr=0.511
  [Metrics] AUC:0.791 F1:0.756 SENS:0.810 SPEC:0.667 | COMPOSITE:0.7701 EMA:0.3482
[mae-tiny | fold 4 | epoch 075] train=0.1458 val_loss=0.1824 auc=0.8163 thr=0.565
  [Metrics] AUC:0.816 F1:0.810 SENS:0.810 SPEC:0.810 | COMPOSITE:0.8112 EMA:0.4871
[mae-tiny | fold 4 | epoch 076] train=0.1564 val_loss=0.1790 auc=0.8163 thr=0.543
  [Metrics] AUC:0.816 F1:0.810 SENS:0.810 SPEC:0.810 | COMPOSITE:0.8112 EMA:0.5844
[mae-tiny | fold 4 | epoch 077] train=0.1348 val_loss=0.1948 auc=0.8050 thr=0.553
  [Metrics] AUC:0.805 F1:0.810 SENS:0.810 SPEC:0.810 | COMPOSITE:0.8084 EMA:0.6516
[mae-tiny | fold 4 | epoch 078] train=0.1313 val_loss=0.2020 auc=0.7982 thr=0.546
  [Metrics] AUC:0.798 F1:0.810 SENS:0.810 SPEC:0.810 | COMPOSITE:0.8067 EMA:0.6981
[mae-tiny | fold 4 | epoch 079] train=0.1438 val_loss=0.1873 auc=0.8345 thr=0.583
  [Metrics] AUC:0.834 F1:0.810 SENS:0.810 SPEC:0.810 | COMPOSITE:0.8158 EMA:0.7334
[mae-tiny | fold 4 | epoch 080] train=0.1394 val_loss=0.2088 auc=0.7982 thr=0.535
  [Metrics] AUC:0.798 F1:0.791 SENS:0.810 SPEC:0.762 | COMPOSITE:0.7948 EMA:0.7518
[mae-tiny | fold 4 | epoch 081] train=0.1346 val_loss=0.2021 auc=0.8163 thr=0.496
  [Metrics] AUC:0.816 F1:0.791 SENS:0.810 SPEC:0.762 | COMPOSITE:0.7994 EMA:0.7661
[mae-tiny | fold 4 | epoch 082] train=0.1246 val_loss=0.1936 auc=0.8299 thr=0.592
  [Metrics] AUC:0.830 F1:0.791 SENS:0.810 SPEC:0.762 | COMPOSITE:0.8028 EMA:0.7771
[mae-tiny | fold 4 | epoch 083] train=0.1318 val_loss=0.2119 auc=0.7982 thr=0.515
  [Metrics] AUC:0.798 F1:0.791 SENS:0.810 SPEC:0.762 | COMPOSITE:0.7948 EMA:0.7824
[mae-tiny | fold 4 | epoch 084] train=0.1418 val_loss=0.2081 auc=0.8095 thr=0.579
  [Metrics] AUC:0.810 F1:0.810 SENS:0.810 SPEC:0.810 | COMPOSITE:0.8095 EMA:0.7906
[mae-tiny | fold 4 | epoch 085] train=0.1261 val_loss=0.2061 auc=0.8095 thr=0.483
  [Metrics] AUC:0.810 F1:0.791 SENS:0.810 SPEC:0.762 | COMPOSITE:0.7977 EMA:0.7927
[mae-tiny | fold 4 | epoch 086] train=0.1230 val_loss=0.2146 auc=0.8073 thr=0.575
  [Metrics] AUC:0.807 F1:0.791 SENS:0.810 SPEC:0.762 | COMPOSITE:0.7971 EMA:0.7940
[mae-tiny | fold 4 | epoch 087] train=0.1372 val_loss=0.2029 auc=0.8073 thr=0.558
  [Metrics] AUC:0.807 F1:0.791 SENS:0.810 SPEC:0.762 | COMPOSITE:0.7971 EMA:0.7949
[mae-tiny | fold 4 | epoch 088] train=0.1324 val_loss=0.2091 auc=0.8005 thr=0.566
  [Metrics] AUC:0.800 F1:0.791 SENS:0.810 SPEC:0.762 | COMPOSITE:0.7954 EMA:0.7951
[mae-tiny | fold 4 | epoch 089] train=0.1258 val_loss=0.2014 auc=0.8186 thr=0.589
  [Metrics] AUC:0.819 F1:0.850 SENS:0.810 SPEC:0.905 | COMPOSITE:0.8362 EMA:0.8074
    ★ SAVED DUAL-PASS (SENS=0.810≥0.8 SPEC=0.905≥0.5 | comp=0.8362)
[mae-tiny | fold 4 | epoch 090] train=0.1352 val_loss=0.2504 auc=0.7755 thr=0.560
  [Metrics] AUC:0.776 F1:0.791 SENS:0.810 SPEC:0.762 | COMPOSITE:0.7892 EMA:0.8019
[mae-tiny | fold 4 | epoch 091] train=0.1278 val_loss=0.2231 auc=0.8027 thr=0.467
  [Metrics] AUC:0.803 F1:0.773 SENS:0.810 SPEC:0.714 | COMPOSITE:0.7843 EMA:0.7967
[mae-tiny | fold 4 | epoch 092] train=0.1440 val_loss=0.2302 auc=0.7937 thr=0.537
  [Metrics] AUC:0.794 F1:0.791 SENS:0.810 SPEC:0.762 | COMPOSITE:0.7937 EMA:0.7958
[mae-tiny | fold 4 | epoch 093] train=0.1233 val_loss=0.2217 auc=0.8073 thr=0.561
  [Metrics] AUC:0.807 F1:0.791 SENS:0.810 SPEC:0.762 | COMPOSITE:0.7971 EMA:0.7962
[mae-tiny | fold 4 | epoch 094] train=0.1266 val_loss=0.2338 auc=0.8005 thr=0.536
  [Metrics] AUC:0.800 F1:0.791 SENS:0.810 SPEC:0.762 | COMPOSITE:0.7954 EMA:0.7959
[mae-tiny | fold 4 | epoch 095] train=0.1378 val_loss=0.2595 auc=0.7846 thr=0.479
  [Metrics] AUC:0.785 F1:0.739 SENS:0.810 SPEC:0.619 | COMPOSITE:0.7571 EMA:0.7843
[mae-tiny | fold 4 | epoch 096] train=0.1269 val_loss=0.2406 auc=0.7914 thr=0.521
  [Metrics] AUC:0.791 F1:0.773 SENS:0.810 SPEC:0.714 | COMPOSITE:0.7815 EMA:0.7835
[mae-tiny | fold 4 | epoch 097] train=0.1312 val_loss=0.2295 auc=0.8005 thr=0.520
  [Metrics] AUC:0.800 F1:0.773 SENS:0.810 SPEC:0.714 | COMPOSITE:0.7838 EMA:0.7836
[mae-tiny | fold 4 | epoch 098] train=0.1235 val_loss=0.2386 auc=0.7891 thr=0.571
  [Metrics] AUC:0.789 F1:0.791 SENS:0.810 SPEC:0.762 | COMPOSITE:0.7926 EMA:0.7863
[mae-tiny | fold 4 | epoch 099] train=0.1339 val_loss=0.2556 auc=0.7914 thr=0.558
  [Metrics] AUC:0.791 F1:0.791 SENS:0.810 SPEC:0.762 | COMPOSITE:0.7931 EMA:0.7883
[mae-tiny | fold 4 | epoch 100] train=0.1338 val_loss=0.2468 auc=0.7959 thr=0.506
  [Metrics] AUC:0.796 F1:0.791 SENS:0.810 SPEC:0.762 | COMPOSITE:0.7943 EMA:0.7901
  SWA model finalize ediliyor...
  SWA val COMPOSITE: 0.7843 | Best EMA COMPOSITE: 0.8074

=================================================================
  MAE-Tiny Fold 4  |  Threshold: Youden 0.589
=================================================================
  Metrik                Değer                   95% CI
  -------------------------------------------------------
  AUC-ROC               0.819          [0.663 - 0.951]
  AUC-PR                0.871                        -
  Sensitivity           0.810          [0.632 - 0.957]
  Specificity           0.905          [0.762 - 1.000]
  PPV                   0.895          [0.737 - 1.000]
  NPV                   0.826          [0.667 - 0.958]
  Accuracy              0.857          [0.738 - 0.952]
  F1-Score              0.850          [0.714 - 0.952]
  Composite             0.836                        -

  CM: TP=17 FP=2 FN=4 TN=19
  Toplam Hata: 6/42
=================================================================

======================================================================
FOLD 5/5
======================================================================
  Fold 5: MAE pretrained encoder yüklendi.
[mae-tiny | fold 5 | epoch 001] train=0.2924 val_loss=0.2610 auc=0.7405 thr=0.401
  [Metrics] AUC:0.740 F1:0.711 SENS:0.800 SPEC:0.571 | COMPOSITE:0.7286 EMA:0.7286
[mae-tiny | fold 5 | epoch 002] train=0.2283 val_loss=0.2246 auc=0.5095 thr=0.583
  [Metrics] AUC:0.510 F1:0.642 SENS:0.850 SPEC:0.238 | COMPOSITE:0.6210 EMA:0.0963
[mae-tiny | fold 5 | epoch 003] train=0.2260 val_loss=0.2104 auc=0.7333 thr=0.484
  [Metrics] AUC:0.733 F1:0.692 SENS:0.900 SPEC:0.333 | COMPOSITE:0.7214 EMA:-0.3162
    ☆ SAVED FALLBACK (SENS=0.900 SPEC=0.333 | comp=0.7214)
[mae-tiny | fold 5 | epoch 004] train=0.2150 val_loss=0.1951 auc=0.7714 thr=0.530
  [Metrics] AUC:0.771 F1:0.653 SENS:0.800 SPEC:0.381 | COMPOSITE:0.6933 EMA:-0.6133
[mae-tiny | fold 5 | epoch 005] train=0.2148 val_loss=0.2134 auc=0.6833 thr=0.493
  [Metrics] AUC:0.683 F1:0.653 SENS:0.800 SPEC:0.381 | COMPOSITE:0.6712 EMA:-0.8280
[mae-tiny | fold 5 | epoch 006] train=0.2151 val_loss=0.2029 auc=0.7905 thr=0.468
  [Metrics] AUC:0.790 F1:0.723 SENS:0.850 SPEC:0.524 | COMPOSITE:0.7545 EMA:-0.3532
[mae-tiny | fold 5 | epoch 007] train=0.2125 val_loss=0.2481 auc=0.5262 thr=0.604
  [Metrics] AUC:0.526 F1:0.643 SENS:0.900 SPEC:0.143 | COMPOSITE:0.6287 EMA:-0.6586
[mae-tiny | fold 5 | epoch 008] train=0.2217 val_loss=0.2144 auc=0.8238 thr=0.443
  [Metrics] AUC:0.824 F1:0.756 SENS:0.850 SPEC:0.619 | COMPOSITE:0.7852 EMA:-0.2255
    ★ SAVED DUAL-PASS (SENS=0.850≥0.8 SPEC=0.619≥0.5 | comp=0.7852)
[mae-tiny | fold 5 | epoch 009] train=0.2114 val_loss=0.1995 auc=0.7714 thr=0.531
  [Metrics] AUC:0.771 F1:0.744 SENS:0.800 SPEC:0.667 | COMPOSITE:0.7589 EMA:0.0698
    ★ SAVED DUAL-PASS (SENS=0.800≥0.8 SPEC=0.667≥0.5 | comp=0.7589)
[mae-tiny | fold 5 | epoch 010] train=0.2121 val_loss=0.2066 auc=0.7357 thr=0.516
  [Metrics] AUC:0.736 F1:0.681 SENS:0.800 SPEC:0.476 | COMPOSITE:0.7056 EMA:-0.3394
[mae-tiny | fold 5 | epoch 011] train=0.2072 val_loss=0.1994 auc=0.7714 thr=0.479
  [Metrics] AUC:0.771 F1:0.756 SENS:0.850 SPEC:0.619 | COMPOSITE:0.7721 EMA:-0.0060
[mae-tiny | fold 5 | epoch 012] train=0.2125 val_loss=0.2483 auc=0.6238 thr=0.428
  [Metrics] AUC:0.624 F1:0.627 SENS:0.800 SPEC:0.286 | COMPOSITE:0.6357 EMA:-0.4135
[mae-tiny | fold 5 | epoch 013] train=0.2249 val_loss=0.1986 auc=0.7738 thr=0.539
  [Metrics] AUC:0.774 F1:0.723 SENS:0.850 SPEC:0.524 | COMPOSITE:0.7504 EMA:-0.0643
[mae-tiny | fold 5 | epoch 014] train=0.2108 val_loss=0.1943 auc=0.7738 thr=0.522
  [Metrics] AUC:0.774 F1:0.756 SENS:0.850 SPEC:0.619 | COMPOSITE:0.7727 EMA:0.1868
    ★ SAVED DUAL-PASS (SENS=0.850≥0.8 SPEC=0.619≥0.5 | comp=0.7727)
[mae-tiny | fold 5 | epoch 015] train=0.2112 val_loss=0.2547 auc=0.7690 thr=0.396
  [Metrics] AUC:0.769 F1:0.711 SENS:0.800 SPEC:0.571 | COMPOSITE:0.7358 EMA:0.3515
    ★ SAVED DUAL-PASS (SENS=0.800≥0.8 SPEC=0.571≥0.5 | comp=0.7358)
[mae-tiny | fold 5 | epoch 016] train=0.2237 val_loss=0.2108 auc=0.7929 thr=0.584
  [Metrics] AUC:0.793 F1:0.780 SENS:0.800 SPEC:0.762 | COMPOSITE:0.7876 EMA:0.4823
    ★ SAVED DUAL-PASS (SENS=0.800≥0.8 SPEC=0.762≥0.5 | comp=0.7876)
[mae-tiny | fold 5 | epoch 017] train=0.2233 val_loss=0.1971 auc=0.8024 thr=0.487
  [Metrics] AUC:0.802 F1:0.773 SENS:0.850 SPEC:0.667 | COMPOSITE:0.7913 EMA:0.5750
    ★ SAVED DUAL-PASS (SENS=0.850≥0.8 SPEC=0.667≥0.5 | comp=0.7913)
[mae-tiny | fold 5 | epoch 018] train=0.2096 val_loss=0.2122 auc=0.7738 thr=0.487
  [Metrics] AUC:0.774 F1:0.727 SENS:0.800 SPEC:0.619 | COMPOSITE:0.7481 EMA:0.6269
    ★ SAVED DUAL-PASS (SENS=0.800≥0.8 SPEC=0.619≥0.5 | comp=0.7481)
[mae-tiny | fold 5 | epoch 019] train=0.2100 val_loss=0.1965 auc=0.8000 thr=0.555
  [Metrics] AUC:0.800 F1:0.810 SENS:0.850 SPEC:0.762 | COMPOSITE:0.8142 EMA:0.6831
    ★ SAVED DUAL-PASS (SENS=0.850≥0.8 SPEC=0.762≥0.5 | comp=0.8142)
[mae-tiny | fold 5 | epoch 020] train=0.2131 val_loss=0.2076 auc=0.8024 thr=0.489
  [Metrics] AUC:0.802 F1:0.800 SENS:0.800 SPEC:0.810 | COMPOSITE:0.8020 EMA:0.7188
    ★ SAVED DUAL-PASS (SENS=0.800≥0.8 SPEC=0.810≥0.5 | comp=0.8020)
[mae-tiny | fold 5 | epoch 021] train=0.2129 val_loss=0.2023 auc=0.7786 thr=0.529
  [Metrics] AUC:0.779 F1:0.711 SENS:0.800 SPEC:0.571 | COMPOSITE:0.7381 EMA:0.7246
    ★ SAVED DUAL-PASS (SENS=0.800≥0.8 SPEC=0.571≥0.5 | comp=0.7381)
[mae-tiny | fold 5 | epoch 022] train=0.2096 val_loss=0.1914 auc=0.8095 thr=0.520
  [Metrics] AUC:0.810 F1:0.821 SENS:0.800 SPEC:0.857 | COMPOSITE:0.8161 EMA:0.7520
    ★ SAVED DUAL-PASS (SENS=0.800≥0.8 SPEC=0.857≥0.5 | comp=0.8161)
[mae-tiny | fold 5 | epoch 023] train=0.2047 val_loss=0.1927 auc=0.7786 thr=0.531
  [Metrics] AUC:0.779 F1:0.727 SENS:0.800 SPEC:0.619 | COMPOSITE:0.7493 EMA:0.7512
[mae-tiny | fold 5 | epoch 024] train=0.2056 val_loss=0.2054 auc=0.6952 thr=0.532
  [Metrics] AUC:0.695 F1:0.667 SENS:0.800 SPEC:0.429 | COMPOSITE:0.6848 EMA:0.1313
[mae-tiny | fold 5 | epoch 025] train=0.2052 val_loss=0.2120 auc=0.8143 thr=0.447
  [Metrics] AUC:0.814 F1:0.810 SENS:0.850 SPEC:0.762 | COMPOSITE:0.8177 EMA:0.3372
[mae-tiny | fold 5 | epoch 026] train=0.2141 val_loss=0.1931 auc=0.8238 thr=0.537
  [Metrics] AUC:0.824 F1:0.810 SENS:0.850 SPEC:0.762 | COMPOSITE:0.8201 EMA:0.4821
[mae-tiny | fold 5 | epoch 027] train=0.2093 val_loss=0.1955 auc=0.8095 thr=0.519
  [Metrics] AUC:0.810 F1:0.744 SENS:0.800 SPEC:0.667 | COMPOSITE:0.7684 EMA:0.5680
[mae-tiny | fold 5 | epoch 028] train=0.2025 val_loss=0.1990 auc=0.8143 thr=0.469
  [Metrics] AUC:0.814 F1:0.773 SENS:0.850 SPEC:0.667 | COMPOSITE:0.7943 EMA:0.6359
[mae-tiny | fold 5 | epoch 029] train=0.1993 val_loss=0.2062 auc=0.7619 thr=0.460
  [Metrics] AUC:0.762 F1:0.711 SENS:0.800 SPEC:0.571 | COMPOSITE:0.7340 EMA:0.6653
[mae-tiny | fold 5 | epoch 030] train=0.1966 val_loss=0.1944 auc=0.7571 thr=0.509
  [Metrics] AUC:0.757 F1:0.727 SENS:0.800 SPEC:0.619 | COMPOSITE:0.7440 EMA:0.6889
[mae-tiny | fold 5 | epoch 031] train=0.1958 val_loss=0.2520 auc=0.6024 thr=0.578
  [Metrics] AUC:0.602 F1:0.627 SENS:0.800 SPEC:0.286 | COMPOSITE:0.6303 EMA:0.0713
[mae-tiny | fold 5 | epoch 032] train=0.2089 val_loss=0.1947 auc=0.8071 thr=0.564
  [Metrics] AUC:0.807 F1:0.744 SENS:0.800 SPEC:0.667 | COMPOSITE:0.7678 EMA:0.2803
[mae-tiny | fold 5 | epoch 033] train=0.2128 val_loss=0.1989 auc=0.8000 thr=0.535
  [Metrics] AUC:0.800 F1:0.780 SENS:0.800 SPEC:0.762 | COMPOSITE:0.7894 EMA:0.4330
[mae-tiny | fold 5 | epoch 034] train=0.2024 val_loss=0.1956 auc=0.8286 thr=0.495
  [Metrics] AUC:0.829 F1:0.800 SENS:0.900 SPEC:0.667 | COMPOSITE:0.8221 EMA:0.5498
[mae-tiny | fold 5 | epoch 035] train=0.2015 val_loss=0.1930 auc=0.8000 thr=0.544
  [Metrics] AUC:0.800 F1:0.780 SENS:0.800 SPEC:0.762 | COMPOSITE:0.7894 EMA:0.6216
[mae-tiny | fold 5 | epoch 036] train=0.1984 val_loss=0.1846 auc=0.8262 thr=0.506
  [Metrics] AUC:0.826 F1:0.773 SENS:0.850 SPEC:0.667 | COMPOSITE:0.7972 EMA:0.6743
[mae-tiny | fold 5 | epoch 037] train=0.2071 val_loss=0.2451 auc=0.8048 thr=0.638
  [Metrics] AUC:0.805 F1:0.723 SENS:0.850 SPEC:0.524 | COMPOSITE:0.7581 EMA:0.6995
[mae-tiny | fold 5 | epoch 038] train=0.2094 val_loss=0.1992 auc=0.8476 thr=0.458
  [Metrics] AUC:0.848 F1:0.809 SENS:0.950 SPEC:0.619 | COMPOSITE:0.8394 EMA:0.7414
[mae-tiny | fold 5 | epoch 039] train=0.1996 val_loss=0.1904 auc=0.8333 thr=0.560
  [Metrics] AUC:0.833 F1:0.762 SENS:0.800 SPEC:0.714 | COMPOSITE:0.7860 EMA:0.7548
    ★ SAVED DUAL-PASS (SENS=0.800≥0.8 SPEC=0.714≥0.5 | comp=0.7860)
[mae-tiny | fold 5 | epoch 040] train=0.1999 val_loss=0.2106 auc=0.8048 thr=0.425
  [Metrics] AUC:0.805 F1:0.776 SENS:0.950 SPEC:0.524 | COMPOSITE:0.8061 EMA:0.7702
    ★ SAVED DUAL-PASS (SENS=0.950≥0.8 SPEC=0.524≥0.5 | comp=0.8061)
[mae-tiny | fold 5 | epoch 041] train=0.2046 val_loss=0.1840 auc=0.8333 thr=0.570
  [Metrics] AUC:0.833 F1:0.821 SENS:0.800 SPEC:0.857 | COMPOSITE:0.8220 EMA:0.7857
    ★ SAVED DUAL-PASS (SENS=0.800≥0.8 SPEC=0.857≥0.5 | comp=0.8220)
[mae-tiny | fold 5 | epoch 042] train=0.1926 val_loss=0.1882 auc=0.8024 thr=0.566
  [Metrics] AUC:0.802 F1:0.800 SENS:0.800 SPEC:0.810 | COMPOSITE:0.8020 EMA:0.7906
    ★ SAVED DUAL-PASS (SENS=0.800≥0.8 SPEC=0.810≥0.5 | comp=0.8020)
[mae-tiny | fold 5 | epoch 043] train=0.1906 val_loss=0.1845 auc=0.8929 thr=0.430
  [Metrics] AUC:0.893 F1:0.837 SENS:0.900 SPEC:0.762 | COMPOSITE:0.8618 EMA:0.8120
    ★ SAVED DUAL-PASS (SENS=0.900≥0.8 SPEC=0.762≥0.5 | comp=0.8618)
[mae-tiny | fold 5 | epoch 044] train=0.2004 val_loss=0.1842 auc=0.8500 thr=0.574
  [Metrics] AUC:0.850 F1:0.800 SENS:0.900 SPEC:0.667 | COMPOSITE:0.8275 EMA:0.8166
    ★ SAVED DUAL-PASS (SENS=0.900≥0.8 SPEC=0.667≥0.5 | comp=0.8275)
[mae-tiny | fold 5 | epoch 045] train=0.1807 val_loss=0.1765 auc=0.8310 thr=0.528
  [Metrics] AUC:0.831 F1:0.829 SENS:0.850 SPEC:0.810 | COMPOSITE:0.8340 EMA:0.8218
    ★ SAVED DUAL-PASS (SENS=0.850≥0.8 SPEC=0.810≥0.5 | comp=0.8340)
[mae-tiny | fold 5 | epoch 046] train=0.1759 val_loss=0.1575 auc=0.8738 thr=0.544
  [Metrics] AUC:0.874 F1:0.829 SENS:0.850 SPEC:0.810 | COMPOSITE:0.8447 EMA:0.8287
    ★ SAVED DUAL-PASS (SENS=0.850≥0.8 SPEC=0.810≥0.5 | comp=0.8447)
[mae-tiny | fold 5 | epoch 047] train=0.1842 val_loss=0.1925 auc=0.7976 thr=0.525
  [Metrics] AUC:0.798 F1:0.780 SENS:0.800 SPEC:0.762 | COMPOSITE:0.7888 EMA:0.8167
[mae-tiny | fold 5 | epoch 048] train=0.1850 val_loss=0.1699 auc=0.8952 thr=0.437
  [Metrics] AUC:0.895 F1:0.844 SENS:0.950 SPEC:0.714 | COMPOSITE:0.8746 EMA:0.8341
    ★ SAVED DUAL-PASS (SENS=0.950≥0.8 SPEC=0.714≥0.5 | comp=0.8746)
[mae-tiny | fold 5 | epoch 049] train=0.1935 val_loss=0.1957 auc=0.8786 thr=0.632
  [Metrics] AUC:0.879 F1:0.829 SENS:0.850 SPEC:0.810 | COMPOSITE:0.8459 EMA:0.8376
    ★ SAVED DUAL-PASS (SENS=0.850≥0.8 SPEC=0.810≥0.5 | comp=0.8459)
[mae-tiny | fold 5 | epoch 050] train=0.1851 val_loss=0.1849 auc=0.8048 thr=0.530
  [Metrics] AUC:0.805 F1:0.810 SENS:0.850 SPEC:0.762 | COMPOSITE:0.8154 EMA:0.8309
[mae-tiny | fold 5 | epoch 051] train=0.1726 val_loss=0.1756 auc=0.8262 thr=0.501
  [Metrics] AUC:0.826 F1:0.837 SENS:0.900 SPEC:0.762 | COMPOSITE:0.8451 EMA:0.8352
[mae-tiny | fold 5 | epoch 052] train=0.1716 val_loss=0.1662 auc=0.8571 thr=0.551
  [Metrics] AUC:0.857 F1:0.818 SENS:0.900 SPEC:0.714 | COMPOSITE:0.8410 EMA:0.8369
[mae-tiny | fold 5 | epoch 053] train=0.1677 val_loss=0.1669 auc=0.8548 thr=0.519
  [Metrics] AUC:0.855 F1:0.792 SENS:0.950 SPEC:0.571 | COMPOSITE:0.8298 EMA:0.8348
[mae-tiny | fold 5 | epoch 054] train=0.1802 val_loss=0.1976 auc=0.7857 thr=0.574
  [Metrics] AUC:0.786 F1:0.818 SENS:0.900 SPEC:0.714 | COMPOSITE:0.8231 EMA:0.8313
[mae-tiny | fold 5 | epoch 055] train=0.1710 val_loss=0.1689 auc=0.8238 thr=0.541
  [Metrics] AUC:0.824 F1:0.818 SENS:0.900 SPEC:0.714 | COMPOSITE:0.8326 EMA:0.8317
[mae-tiny | fold 5 | epoch 056] train=0.1518 val_loss=0.1911 auc=0.7857 thr=0.581
  [Metrics] AUC:0.786 F1:0.783 SENS:0.900 SPEC:0.619 | COMPOSITE:0.7999 EMA:0.8222
[mae-tiny | fold 5 | epoch 057] train=0.1623 val_loss=0.2010 auc=0.8357 thr=0.637
  [Metrics] AUC:0.836 F1:0.800 SENS:0.900 SPEC:0.667 | COMPOSITE:0.8239 EMA:0.8227
[mae-tiny | fold 5 | epoch 058] train=0.1618 val_loss=0.1779 auc=0.8357 thr=0.575
  [Metrics] AUC:0.836 F1:0.818 SENS:0.900 SPEC:0.714 | COMPOSITE:0.8356 EMA:0.8266
[mae-tiny | fold 5 | epoch 059] train=0.1546 val_loss=0.1838 auc=0.8214 thr=0.552
  [Metrics] AUC:0.821 F1:0.773 SENS:0.850 SPEC:0.667 | COMPOSITE:0.7960 EMA:0.8174
[mae-tiny | fold 5 | epoch 060] train=0.1598 val_loss=0.1659 auc=0.8524 thr=0.506
  [Metrics] AUC:0.852 F1:0.826 SENS:0.950 SPEC:0.667 | COMPOSITE:0.8521 EMA:0.8278
[mae-tiny | fold 5 | epoch 061] train=0.1406 val_loss=0.1609 auc=0.8667 thr=0.444
  [Metrics] AUC:0.867 F1:0.826 SENS:0.950 SPEC:0.667 | COMPOSITE:0.8557 EMA:0.8362
[mae-tiny | fold 5 | epoch 062] train=0.1437 val_loss=0.1725 auc=0.8548 thr=0.583
  [Metrics] AUC:0.855 F1:0.800 SENS:0.900 SPEC:0.667 | COMPOSITE:0.8287 EMA:0.8339
[mae-tiny | fold 5 | epoch 063] train=0.1349 val_loss=0.1895 auc=0.8214 thr=0.402
  [Metrics] AUC:0.821 F1:0.792 SENS:0.950 SPEC:0.571 | COMPOSITE:0.8215 EMA:0.8302
[mae-tiny | fold 5 | epoch 064] train=0.1538 val_loss=0.1952 auc=0.7976 thr=0.572
  [Metrics] AUC:0.798 F1:0.800 SENS:0.900 SPEC:0.667 | COMPOSITE:0.8144 EMA:0.8255
[mae-tiny | fold 5 | epoch 065] train=0.1524 val_loss=0.1661 auc=0.8667 thr=0.411
  [Metrics] AUC:0.867 F1:0.809 SENS:0.950 SPEC:0.619 | COMPOSITE:0.8442 EMA:0.8311
[mae-tiny | fold 5 | epoch 066] train=0.1639 val_loss=0.1798 auc=0.7857 thr=0.530
  [Metrics] AUC:0.786 F1:0.800 SENS:0.900 SPEC:0.667 | COMPOSITE:0.8114 EMA:0.8252
[mae-tiny | fold 5 | epoch 067] train=0.1311 val_loss=0.1903 auc=0.8048 thr=0.604
  [Metrics] AUC:0.805 F1:0.800 SENS:0.900 SPEC:0.667 | COMPOSITE:0.8162 EMA:0.8225
[mae-tiny | fold 5 | epoch 068] train=0.1343 val_loss=0.1667 auc=0.8619 thr=0.539
  [Metrics] AUC:0.862 F1:0.821 SENS:0.800 SPEC:0.857 | COMPOSITE:0.8292 EMA:0.8245
[mae-tiny | fold 5 | epoch 069] train=0.1287 val_loss=0.1799 auc=0.8262 thr=0.478
  [Metrics] AUC:0.826 F1:0.800 SENS:0.900 SPEC:0.667 | COMPOSITE:0.8215 EMA:0.8236
[mae-tiny | fold 5 | epoch 070] train=0.1295 val_loss=0.2392 auc=0.8310 thr=0.585
  [Metrics] AUC:0.831 F1:0.783 SENS:0.900 SPEC:0.619 | COMPOSITE:0.8112 EMA:0.8199
  Early stopping @ epoch 70 (best EMA score=0.8376)
  SWA model finalize ediliyor...
  SWA val COMPOSITE: 0.7424 | Best EMA COMPOSITE: 0.8376

=================================================================
  MAE-Tiny Fold 5  |  Threshold: Youden 0.632
=================================================================
  Metrik                Değer                   95% CI
  -------------------------------------------------------
  AUC-ROC               0.879          [0.756 - 0.969]
  AUC-PR                0.903                        -
  Sensitivity           0.850          [0.682 - 1.000]
  Specificity           0.810          [0.632 - 0.952]
  PPV                   0.810          [0.632 - 0.955]
  NPV                   0.850          [0.682 - 1.000]
  Accuracy              0.829          [0.707 - 0.927]
  F1-Score              0.829          [0.684 - 0.936]
  Composite             0.846                        -

  CM: TP=17 FP=4 FN=3 TN=17
  Toplam Hata: 7/41
=================================================================

AGGREGATE OOF (5-Fold Cross-Validation):

=================================================================
  MAE-Tiny Aggregate OOF  |  Threshold: Youden 0.625
=================================================================
  Metrik                Değer                   95% CI
  -------------------------------------------------------
  AUC-ROC               0.774          [0.707 - 0.837]
  AUC-PR                0.778                        -
  Sensitivity           0.690          [0.600 - 0.782]
  Specificity           0.776          [0.694 - 0.856]
  PPV                   0.742          [0.648 - 0.833]
  NPV                   0.728          [0.646 - 0.808]
  Accuracy              0.734          [0.671 - 0.792]
  F1-Score              0.715          [0.637 - 0.785]
  Composite             0.730                        -

  CM: TP=69 FP=24 FN=31 TN=83
  Toplam Hata: 55/207
=================================================================

MAE-TinyTransformer3D — Kalibrasyon: Brier=0.2045 | ECE=0.1895

MAE-TinyTransformer3D — EXTERNAL TEST (ALL FOLDS + ENSEMBLE):
               fold  auc_roc  sensitivity  specificity  accuracy    f1   ppv   npv  tp  fp  fn  tn
             Fold 1    0.731        0.556        0.895     0.730 0.667 0.833 0.680  10   2   8  17
             Fold 2    0.760        0.556        0.895     0.730 0.667 0.833 0.680  10   2   8  17
             Fold 3    0.705        0.611        1.000     0.811 0.759 1.000 0.731  11   0   7  19
             Fold 4    0.757        0.667        0.947     0.811 0.774 0.923 0.750  12   1   6  18
             Fold 5    0.778        0.611        0.895     0.757 0.710 0.846 0.708  11   2   7  17
    Ensemble (@0.5)    0.751        0.722        0.526     0.622 0.650 0.591 0.667  13   9   5  10
 Ensemble (@Youden)    0.751        0.556        1.000     0.784 0.714 1.000 0.704  10   0   8  19
Ensemble (90+ Sens)    0.751        0.944        0.158     0.541 0.667 0.515 0.750  17  16   1   3

MAE-TinyTransformer3D — ENSEMBLE @Youden (0.703) — %95 Bootstrap CI:

=================================================================
  MAE-TinyTransformer3D  |  Threshold: Youden 0.703
=================================================================
  Metrik                Değer                   95% CI
  -------------------------------------------------------
  AUC-ROC               0.751          [0.568 - 0.908]
  AUC-PR                0.826                        -
  Sensitivity           0.556          [0.333 - 0.789]
  Specificity           1.000          [1.000 - 1.000]
  PPV                   1.000          [1.000 - 1.000]
  NPV                   0.704          [0.519 - 0.875]
  Accuracy              0.784          [0.649 - 0.919]
  F1-Score              0.714          [0.500 - 0.882]
  Composite             0.711                        -

  CM: TP=10 FP=0 FN=8 TN=19
  Toplam Hata: 8/37
=================================================================

MAE-TinyTransformer3D — ENSEMBLE @90%+ Sensitivity (0.333) — %95 Bootstrap CI:

=================================================================
  MAE-TinyTransformer3D  |  Threshold: 90+Sens 0.333
=================================================================
  Metrik                Değer                   95% CI
  -------------------------------------------------------
  AUC-ROC               0.751          [0.568 - 0.908]
  AUC-PR                0.826                        -
  Sensitivity           0.944          [0.818 - 1.000]
  Specificity           0.158          [0.000 - 0.333]
  PPV                   0.515          [0.353 - 0.686]
  NPV                   0.750          [0.000 - 1.000]
  Accuracy              0.541          [0.378 - 0.703]
  F1-Score              0.667          [0.511 - 0.800]
  Composite             0.709                        -

  CM: TP=17 FP=16 FN=1 TN=3
  Toplam Hata: 17/37
=================================================================
