shared_utils.py yüklendi. [Q1 | Sensitivity-First | TTA | ClinicalFocalLoss]

======================================================================
SegFormer3D MAE Pretraining başlıyor (241 hasta, self-supervised)...
======================================================================
  MAE pretraining manifest: 119 benzersiz hasta
  [MAE pretrain | epoch 001] recon_loss=0.5376
  [MAE pretrain | epoch 010] recon_loss=0.2735
  [MAE pretrain | epoch 020] recon_loss=0.1400
  [MAE pretrain | epoch 030] recon_loss=0.0956
  [MAE pretrain | epoch 040] recon_loss=0.0834
  [MAE pretrain | epoch 050] recon_loss=0.0747
  [MAE pretrain | epoch 060] recon_loss=0.0729
  SegFormer3D MAE encoder kaydedildi: /home/zera/Downloads/Appendiks varyasyon3 DS-20260713T105239Z-2-001/Appendiks varyasyon3 DS/segformer/experiments_q1_128/segformer3d_mae/segformer3d_mae_encoder.pt
================================================================================
SegFormer3D-MSCA — External Test: 24 hasta
================================================================================

======================================================================
FOLD 1/5
======================================================================
  [Fold 1] class_counts: NEG=18, POS=78
  [Fold 1] MAE pretrained encoder yüklendi (204 katman).
[segformer3d | fold 1 | epoch 001] train=1.2856 val_loss=0.9810 auc=0.7375 thr=0.420
  [Metrics] AUC:0.738 F1:0.927 SENS:0.950 SPEC:0.500 | COMPOSITE:0.8236 EMA:0.8236
[segformer3d | fold 1 | epoch 002] train=1.2927 val_loss=1.0340 auc=0.6375 thr=0.364
  [Metrics] AUC:0.637 F1:0.930 SENS:1.000 SPEC:0.250 | COMPOSITE:0.7794 EMA:0.2103
[segformer3d | fold 1 | epoch 003] train=1.2108 val_loss=1.1151 auc=0.7125 thr=0.387
  [Metrics] AUC:0.712 F1:0.900 SENS:0.900 SPEC:0.500 | COMPOSITE:0.7931 EMA:0.3852
    ★ SAVED DUAL-PASS (SENS=0.900≥0.8 SPEC=0.500≥0.5 | comp=0.7931)
[segformer3d | fold 1 | epoch 004] train=1.1812 val_loss=0.9089 auc=0.7625 thr=0.444
  [Metrics] AUC:0.762 F1:0.900 SENS:0.900 SPEC:0.500 | COMPOSITE:0.8056 EMA:0.5113
    ★ SAVED DUAL-PASS (SENS=0.900≥0.8 SPEC=0.500≥0.5 | comp=0.8056)
[segformer3d | fold 1 | epoch 005] train=1.0775 val_loss=0.8236 auc=0.7875 thr=0.472
  [Metrics] AUC:0.788 F1:0.900 SENS:0.900 SPEC:0.500 | COMPOSITE:0.8119 EMA:0.6015
    ★ SAVED DUAL-PASS (SENS=0.900≥0.8 SPEC=0.500≥0.5 | comp=0.8119)
[segformer3d | fold 1 | epoch 006] train=1.0723 val_loss=0.9326 auc=0.7375 thr=0.447
  [Metrics] AUC:0.738 F1:0.842 SENS:0.800 SPEC:0.500 | COMPOSITE:0.7499 EMA:0.6460
    ★ SAVED DUAL-PASS (SENS=0.800≥0.8 SPEC=0.500≥0.5 | comp=0.7499)
[segformer3d | fold 1 | epoch 007] train=0.9718 val_loss=0.9846 auc=0.7875 thr=0.397
  [Metrics] AUC:0.787 F1:0.927 SENS:0.950 SPEC:0.500 | COMPOSITE:0.8361 EMA:0.7030
    ★ SAVED DUAL-PASS (SENS=0.950≥0.8 SPEC=0.500≥0.5 | comp=0.8361)
[segformer3d | fold 1 | epoch 008] train=0.8834 val_loss=0.7210 auc=0.8625 thr=0.471
  [Metrics] AUC:0.863 F1:0.927 SENS:0.950 SPEC:0.500 | COMPOSITE:0.8548 EMA:0.7486
    ★ SAVED DUAL-PASS (SENS=0.950≥0.8 SPEC=0.500≥0.5 | comp=0.8548)
[segformer3d | fold 1 | epoch 009] train=0.8102 val_loss=0.8401 auc=0.8125 thr=0.439
  [Metrics] AUC:0.812 F1:0.927 SENS:0.950 SPEC:0.500 | COMPOSITE:0.8423 EMA:0.7767
    ★ SAVED DUAL-PASS (SENS=0.950≥0.8 SPEC=0.500≥0.5 | comp=0.8423)
[segformer3d | fold 1 | epoch 010] train=0.6772 val_loss=0.6640 auc=0.8875 thr=0.508
  [Metrics] AUC:0.887 F1:0.950 SENS:0.950 SPEC:0.750 | COMPOSITE:0.9044 EMA:0.8150
    ★ SAVED DUAL-PASS (SENS=0.950≥0.8 SPEC=0.750≥0.5 | comp=0.9044)
[segformer3d | fold 1 | epoch 011] train=0.6481 val_loss=0.6849 auc=0.9000 thr=0.459
  [Metrics] AUC:0.900 F1:0.952 SENS:1.000 SPEC:0.500 | COMPOSITE:0.8881 EMA:0.8369
    ★ SAVED DUAL-PASS (SENS=1.000≥0.8 SPEC=0.500≥0.5 | comp=0.8881)
[segformer3d | fold 1 | epoch 012] train=0.5605 val_loss=0.6733 auc=0.8625 thr=0.508
  [Metrics] AUC:0.862 F1:0.950 SENS:0.950 SPEC:0.750 | COMPOSITE:0.8981 EMA:0.8553
    ★ SAVED DUAL-PASS (SENS=0.950≥0.8 SPEC=0.750≥0.5 | comp=0.8981)
[segformer3d | fold 1 | epoch 013] train=0.5181 val_loss=0.5692 auc=0.8250 thr=0.508
  [Metrics] AUC:0.825 F1:0.927 SENS:0.950 SPEC:0.500 | COMPOSITE:0.8455 EMA:0.8523
[segformer3d | fold 1 | epoch 014] train=0.5095 val_loss=0.5147 auc=0.9375 thr=0.546
  [Metrics] AUC:0.938 F1:0.952 SENS:1.000 SPEC:0.500 | COMPOSITE:0.8975 EMA:0.8659
    ★ SAVED DUAL-PASS (SENS=1.000≥0.8 SPEC=0.500≥0.5 | comp=0.8975)
[segformer3d | fold 1 | epoch 015] train=0.4373 val_loss=0.5503 auc=0.7750 thr=0.532
  [Metrics] AUC:0.775 F1:0.927 SENS:0.950 SPEC:0.500 | COMPOSITE:0.8330 EMA:0.8560
[segformer3d | fold 1 | epoch 016] train=0.4345 val_loss=0.4379 auc=0.8625 thr=0.550
  [Metrics] AUC:0.863 F1:0.952 SENS:1.000 SPEC:0.500 | COMPOSITE:0.8787 EMA:0.8628
[segformer3d | fold 1 | epoch 017] train=0.3819 val_loss=0.4674 auc=0.7875 thr=0.601
  [Metrics] AUC:0.787 F1:0.950 SENS:0.950 SPEC:0.750 | COMPOSITE:0.8794 EMA:0.8678
    ★ SAVED DUAL-PASS (SENS=0.950≥0.8 SPEC=0.750≥0.5 | comp=0.8794)
[segformer3d | fold 1 | epoch 018] train=0.3909 val_loss=0.3755 auc=0.8750 thr=0.604
  [Metrics] AUC:0.875 F1:0.927 SENS:0.950 SPEC:0.500 | COMPOSITE:0.8580 EMA:0.8648
[segformer3d | fold 1 | epoch 019] train=0.4181 val_loss=0.4754 auc=0.8750 thr=0.559
  [Metrics] AUC:0.875 F1:0.952 SENS:1.000 SPEC:0.500 | COMPOSITE:0.8818 EMA:0.8699
    ★ SAVED DUAL-PASS (SENS=1.000≥0.8 SPEC=0.500≥0.5 | comp=0.8818)
[segformer3d | fold 1 | epoch 020] train=0.4242 val_loss=0.4048 auc=0.9000 thr=0.572
  [Metrics] AUC:0.900 F1:0.976 SENS:1.000 SPEC:0.750 | COMPOSITE:0.9314 EMA:0.8884
    ★ SAVED DUAL-PASS (SENS=1.000≥0.8 SPEC=0.750≥0.5 | comp=0.9314)
[segformer3d | fold 1 | epoch 021] train=0.3390 val_loss=0.5015 auc=0.8750 thr=0.564
  [Metrics] AUC:0.875 F1:0.950 SENS:0.950 SPEC:0.750 | COMPOSITE:0.9012 EMA:0.8922
    ★ SAVED DUAL-PASS (SENS=0.950≥0.8 SPEC=0.750≥0.5 | comp=0.9012)
[segformer3d | fold 1 | epoch 022] train=0.4010 val_loss=0.4246 auc=0.8250 thr=0.566
  [Metrics] AUC:0.825 F1:0.952 SENS:1.000 SPEC:0.500 | COMPOSITE:0.8693 EMA:0.8854
[segformer3d | fold 1 | epoch 023] train=0.3874 val_loss=0.3790 auc=0.8875 thr=0.617
  [Metrics] AUC:0.887 F1:0.950 SENS:0.950 SPEC:0.750 | COMPOSITE:0.9044 EMA:0.8911
[segformer3d | fold 1 | epoch 024] train=0.3609 val_loss=0.3712 auc=0.8250 thr=0.594
  [Metrics] AUC:0.825 F1:0.952 SENS:1.000 SPEC:0.500 | COMPOSITE:0.8693 EMA:0.8846
[segformer3d | fold 1 | epoch 025] train=0.4178 val_loss=0.4031 auc=0.7625 thr=0.566
  [Metrics] AUC:0.762 F1:0.952 SENS:1.000 SPEC:0.500 | COMPOSITE:0.8537 EMA:0.8753
[segformer3d | fold 1 | epoch 026] train=0.3433 val_loss=0.3823 auc=0.7875 thr=0.556
  [Metrics] AUC:0.787 F1:0.952 SENS:1.000 SPEC:0.500 | COMPOSITE:0.8600 EMA:0.8707
[segformer3d | fold 1 | epoch 027] train=0.3842 val_loss=0.3665 auc=0.7250 thr=0.599
  [Metrics] AUC:0.725 F1:0.927 SENS:0.950 SPEC:0.500 | COMPOSITE:0.8205 EMA:0.8556
[segformer3d | fold 1 | epoch 028] train=0.3500 val_loss=0.4086 auc=0.7625 thr=0.556
  [Metrics] AUC:0.762 F1:0.952 SENS:1.000 SPEC:0.500 | COMPOSITE:0.8537 EMA:0.8551
[segformer3d | fold 1 | epoch 029] train=0.3892 val_loss=0.4040 auc=0.8375 thr=0.562
  [Metrics] AUC:0.838 F1:0.952 SENS:1.000 SPEC:0.500 | COMPOSITE:0.8725 EMA:0.8603
[segformer3d | fold 1 | epoch 030] train=0.3757 val_loss=0.3448 auc=0.8500 thr=0.575
  [Metrics] AUC:0.850 F1:0.952 SENS:1.000 SPEC:0.500 | COMPOSITE:0.8756 EMA:0.8649
[segformer3d | fold 1 | epoch 031] train=0.3599 val_loss=0.3479 auc=0.8500 thr=0.592
  [Metrics] AUC:0.850 F1:0.952 SENS:1.000 SPEC:0.500 | COMPOSITE:0.8756 EMA:0.8681
[segformer3d | fold 1 | epoch 032] train=0.3531 val_loss=0.3352 auc=0.8875 thr=0.588
  [Metrics] AUC:0.887 F1:0.952 SENS:1.000 SPEC:0.500 | COMPOSITE:0.8850 EMA:0.8732
[segformer3d | fold 1 | epoch 033] train=0.4068 val_loss=0.3239 auc=0.9125 thr=0.588
  [Metrics] AUC:0.912 F1:0.952 SENS:1.000 SPEC:0.500 | COMPOSITE:0.8912 EMA:0.8786
[segformer3d | fold 1 | epoch 034] train=0.3497 val_loss=0.3609 auc=0.8625 thr=0.586
  [Metrics] AUC:0.863 F1:0.952 SENS:1.000 SPEC:0.500 | COMPOSITE:0.8787 EMA:0.8786
[segformer3d | fold 1 | epoch 035] train=0.3570 val_loss=0.3901 auc=0.9250 thr=0.581
  [Metrics] AUC:0.925 F1:0.952 SENS:1.000 SPEC:0.500 | COMPOSITE:0.8943 EMA:0.8833
[segformer3d | fold 1 | epoch 036] train=0.3917 val_loss=0.2978 auc=0.9250 thr=0.626
  [Metrics] AUC:0.925 F1:0.976 SENS:1.000 SPEC:0.750 | COMPOSITE:0.9377 EMA:0.8996
    ★ SAVED DUAL-PASS (SENS=1.000≥0.8 SPEC=0.750≥0.5 | comp=0.9377)
[segformer3d | fold 1 | epoch 037] train=0.3687 val_loss=0.3663 auc=0.9375 thr=0.599
  [Metrics] AUC:0.938 F1:0.952 SENS:1.000 SPEC:0.500 | COMPOSITE:0.8975 EMA:0.8990
[segformer3d | fold 1 | epoch 038] train=0.3665 val_loss=0.3408 auc=0.9125 thr=0.579
  [Metrics] AUC:0.912 F1:0.952 SENS:1.000 SPEC:0.500 | COMPOSITE:0.8912 EMA:0.8967
[segformer3d | fold 1 | epoch 039] train=0.3518 val_loss=0.3328 auc=0.9000 thr=0.586
  [Metrics] AUC:0.900 F1:0.952 SENS:1.000 SPEC:0.500 | COMPOSITE:0.8881 EMA:0.8941
[segformer3d | fold 1 | epoch 040] train=0.3253 val_loss=0.3246 auc=0.8625 thr=0.603
  [Metrics] AUC:0.863 F1:0.952 SENS:1.000 SPEC:0.500 | COMPOSITE:0.8787 EMA:0.8895
[segformer3d | fold 1 | epoch 041] train=0.3405 val_loss=0.3380 auc=0.9250 thr=0.591
  [Metrics] AUC:0.925 F1:0.976 SENS:1.000 SPEC:0.750 | COMPOSITE:0.9377 EMA:0.9039
    ★ SAVED DUAL-PASS (SENS=1.000≥0.8 SPEC=0.750≥0.5 | comp=0.9377)
[segformer3d | fold 1 | epoch 042] train=0.3580 val_loss=0.3685 auc=0.9375 thr=0.577
  [Metrics] AUC:0.938 F1:0.976 SENS:1.000 SPEC:0.750 | COMPOSITE:0.9408 EMA:0.9150
    ★ SAVED DUAL-PASS (SENS=1.000≥0.8 SPEC=0.750≥0.5 | comp=0.9408)
[segformer3d | fold 1 | epoch 043] train=0.3465 val_loss=0.3452 auc=0.9375 thr=0.583
  [Metrics] AUC:0.938 F1:0.976 SENS:1.000 SPEC:0.750 | COMPOSITE:0.9408 EMA:0.9227
    ★ SAVED DUAL-PASS (SENS=1.000≥0.8 SPEC=0.750≥0.5 | comp=0.9408)
[segformer3d | fold 1 | epoch 044] train=0.3503 val_loss=0.4014 auc=0.9500 thr=0.603
  [Metrics] AUC:0.950 F1:0.976 SENS:1.000 SPEC:0.750 | COMPOSITE:0.9439 EMA:0.9291
    ★ SAVED DUAL-PASS (SENS=1.000≥0.8 SPEC=0.750≥0.5 | comp=0.9439)
[segformer3d | fold 1 | epoch 045] train=0.3637 val_loss=0.3594 auc=0.9625 thr=0.571
  [Metrics] AUC:0.963 F1:0.976 SENS:1.000 SPEC:0.750 | COMPOSITE:0.9470 EMA:0.9345
    ★ SAVED DUAL-PASS (SENS=1.000≥0.8 SPEC=0.750≥0.5 | comp=0.9470)
[segformer3d | fold 1 | epoch 046] train=0.3957 val_loss=0.3207 auc=0.9625 thr=0.611
  [Metrics] AUC:0.963 F1:0.976 SENS:1.000 SPEC:0.750 | COMPOSITE:0.9470 EMA:0.9382
    ★ SAVED DUAL-PASS (SENS=1.000≥0.8 SPEC=0.750≥0.5 | comp=0.9470)
[segformer3d | fold 1 | epoch 047] train=0.3696 val_loss=0.3711 auc=0.7625 thr=0.658
  [Metrics] AUC:0.763 F1:0.865 SENS:0.800 SPEC:0.750 | COMPOSITE:0.7993 EMA:0.8966
[segformer3d | fold 1 | epoch 048] train=0.3730 val_loss=0.3329 auc=0.9250 thr=0.591
  [Metrics] AUC:0.925 F1:0.976 SENS:1.000 SPEC:0.750 | COMPOSITE:0.9377 EMA:0.9089
[segformer3d | fold 1 | epoch 049] train=0.3371 val_loss=0.2731 auc=0.9375 thr=0.653
  [Metrics] AUC:0.938 F1:0.976 SENS:1.000 SPEC:0.750 | COMPOSITE:0.9408 EMA:0.9185
[segformer3d | fold 1 | epoch 050] train=0.3653 val_loss=0.4227 auc=0.9250 thr=0.551
  [Metrics] AUC:0.925 F1:0.952 SENS:1.000 SPEC:0.500 | COMPOSITE:0.8943 EMA:0.9112
[segformer3d | fold 1 | epoch 051] train=0.3607 val_loss=0.3370 auc=0.9500 thr=0.602
  [Metrics] AUC:0.950 F1:0.976 SENS:1.000 SPEC:0.750 | COMPOSITE:0.9439 EMA:0.9210
[segformer3d | fold 1 | epoch 052] train=0.3669 val_loss=0.3451 auc=0.9375 thr=0.627
  [Metrics] AUC:0.938 F1:0.976 SENS:1.000 SPEC:0.750 | COMPOSITE:0.9408 EMA:0.9270
[segformer3d | fold 1 | epoch 053] train=0.3563 val_loss=0.3609 auc=0.9625 thr=0.592
  [Metrics] AUC:0.963 F1:0.976 SENS:1.000 SPEC:0.750 | COMPOSITE:0.9470 EMA:0.9330
[segformer3d | fold 1 | epoch 054] train=0.3613 val_loss=0.3475 auc=0.9750 thr=0.619
  [Metrics] AUC:0.975 F1:0.976 SENS:1.000 SPEC:0.750 | COMPOSITE:0.9502 EMA:0.9381
[segformer3d | fold 1 | epoch 055] train=0.3333 val_loss=0.3294 auc=0.9375 thr=0.629
  [Metrics] AUC:0.938 F1:0.976 SENS:1.000 SPEC:0.750 | COMPOSITE:0.9408 EMA:0.9389
    ★ SAVED DUAL-PASS (SENS=1.000≥0.8 SPEC=0.750≥0.5 | comp=0.9408)
[segformer3d | fold 1 | epoch 056] train=0.3602 val_loss=0.3405 auc=0.9250 thr=0.619
  [Metrics] AUC:0.925 F1:0.976 SENS:1.000 SPEC:0.750 | COMPOSITE:0.9377 EMA:0.9385
[segformer3d | fold 1 | epoch 057] train=0.3591 val_loss=0.3220 auc=0.9375 thr=0.624
  [Metrics] AUC:0.938 F1:0.976 SENS:1.000 SPEC:0.750 | COMPOSITE:0.9408 EMA:0.9392
    ★ SAVED DUAL-PASS (SENS=1.000≥0.8 SPEC=0.750≥0.5 | comp=0.9408)
[segformer3d | fold 1 | epoch 058] train=0.3702 val_loss=0.3439 auc=0.9000 thr=0.603
  [Metrics] AUC:0.900 F1:0.952 SENS:1.000 SPEC:0.500 | COMPOSITE:0.8881 EMA:0.9239
[segformer3d | fold 1 | epoch 059] train=0.3430 val_loss=0.3117 auc=0.9250 thr=0.624
  [Metrics] AUC:0.925 F1:0.976 SENS:1.000 SPEC:0.750 | COMPOSITE:0.9377 EMA:0.9280
[segformer3d | fold 1 | epoch 060] train=0.3720 val_loss=0.3789 auc=0.7750 thr=0.673
  [Metrics] AUC:0.775 F1:0.842 SENS:0.800 SPEC:0.500 | COMPOSITE:0.7593 EMA:0.8774
[segformer3d | fold 1 | epoch 061] train=0.3303 val_loss=0.3347 auc=0.9125 thr=0.604
  [Metrics] AUC:0.912 F1:0.952 SENS:1.000 SPEC:0.500 | COMPOSITE:0.8912 EMA:0.8815
[segformer3d | fold 1 | epoch 062] train=0.3682 val_loss=0.3490 auc=0.9000 thr=0.596
  [Metrics] AUC:0.900 F1:0.976 SENS:1.000 SPEC:0.750 | COMPOSITE:0.9314 EMA:0.8965
[segformer3d | fold 1 | epoch 063] train=0.3379 val_loss=0.3079 auc=0.9000 thr=0.638
  [Metrics] AUC:0.900 F1:0.976 SENS:1.000 SPEC:0.750 | COMPOSITE:0.9314 EMA:0.9070
[segformer3d | fold 1 | epoch 064] train=0.3327 val_loss=0.3818 auc=0.8875 thr=0.600
  [Metrics] AUC:0.887 F1:0.927 SENS:0.950 SPEC:0.500 | COMPOSITE:0.8611 EMA:0.8932
[segformer3d | fold 1 | epoch 065] train=0.3627 val_loss=0.3643 auc=0.8750 thr=0.587
  [Metrics] AUC:0.875 F1:0.927 SENS:0.950 SPEC:0.500 | COMPOSITE:0.8580 EMA:0.8826
[segformer3d | fold 1 | epoch 066] train=0.3408 val_loss=0.3573 auc=0.8250 thr=0.614
  [Metrics] AUC:0.825 F1:0.900 SENS:0.900 SPEC:0.500 | COMPOSITE:0.8212 EMA:0.8642
[segformer3d | fold 1 | epoch 067] train=0.3578 val_loss=0.4017 auc=0.8625 thr=0.615
  [Metrics] AUC:0.863 F1:0.895 SENS:0.850 SPEC:0.750 | COMPOSITE:0.8493 EMA:0.8597
[segformer3d | fold 1 | epoch 068] train=0.3592 val_loss=0.3588 auc=0.8625 thr=0.580
  [Metrics] AUC:0.863 F1:0.952 SENS:1.000 SPEC:0.500 | COMPOSITE:0.8787 EMA:0.8654
[segformer3d | fold 1 | epoch 069] train=0.3303 val_loss=0.3473 auc=0.9000 thr=0.608
  [Metrics] AUC:0.900 F1:0.952 SENS:1.000 SPEC:0.500 | COMPOSITE:0.8881 EMA:0.8722
[segformer3d | fold 1 | epoch 070] train=0.3723 val_loss=0.3681 auc=0.9250 thr=0.592
  [Metrics] AUC:0.925 F1:0.952 SENS:1.000 SPEC:0.500 | COMPOSITE:0.8943 EMA:0.8789
[segformer3d | fold 1 | epoch 071] train=0.3531 val_loss=0.3510 auc=0.9250 thr=0.603
  [Metrics] AUC:0.925 F1:0.976 SENS:1.000 SPEC:0.750 | COMPOSITE:0.9377 EMA:0.8965
[segformer3d | fold 1 | epoch 072] train=0.3527 val_loss=0.3609 auc=0.7625 thr=0.685
  [Metrics] AUC:0.762 F1:0.842 SENS:0.800 SPEC:0.500 | COMPOSITE:0.7562 EMA:0.8544
[segformer3d | fold 1 | epoch 073] train=0.3397 val_loss=0.3657 auc=0.8250 thr=0.612
  [Metrics] AUC:0.825 F1:0.900 SENS:0.900 SPEC:0.500 | COMPOSITE:0.8212 EMA:0.8445
[segformer3d | fold 1 | epoch 074] train=0.3149 val_loss=0.3198 auc=0.8500 thr=0.610
  [Metrics] AUC:0.850 F1:0.952 SENS:1.000 SPEC:0.500 | COMPOSITE:0.8756 EMA:0.8538
[segformer3d | fold 1 | epoch 075] train=0.3738 val_loss=0.3703 auc=0.9250 thr=0.601
  [Metrics] AUC:0.925 F1:0.976 SENS:1.000 SPEC:0.750 | COMPOSITE:0.9377 EMA:0.8790
[segformer3d | fold 1 | epoch 076] train=0.4109 val_loss=0.3366 auc=0.9125 thr=0.601
  [Metrics] AUC:0.912 F1:0.976 SENS:1.000 SPEC:0.750 | COMPOSITE:0.9345 EMA:0.8956
[segformer3d | fold 1 | epoch 077] train=0.3601 val_loss=0.3200 auc=0.8625 thr=0.639
  [Metrics] AUC:0.863 F1:0.950 SENS:0.950 SPEC:0.750 | COMPOSITE:0.8981 EMA:0.8964
[segformer3d | fold 1 | epoch 078] train=0.3702 val_loss=0.3731 auc=0.8750 thr=0.591
  [Metrics] AUC:0.875 F1:0.952 SENS:1.000 SPEC:0.500 | COMPOSITE:0.8818 EMA:0.8920
[segformer3d | fold 1 | epoch 079] train=0.3647 val_loss=0.3355 auc=0.9250 thr=0.629
  [Metrics] AUC:0.925 F1:0.976 SENS:1.000 SPEC:0.750 | COMPOSITE:0.9377 EMA:0.9057
[segformer3d | fold 1 | epoch 080] train=0.3707 val_loss=0.3755 auc=0.8125 thr=0.619
  [Metrics] AUC:0.812 F1:0.900 SENS:0.900 SPEC:0.500 | COMPOSITE:0.8181 EMA:0.8794
[segformer3d | fold 1 | epoch 081] train=0.4147 val_loss=0.3327 auc=0.8750 thr=0.610
  [Metrics] AUC:0.875 F1:0.952 SENS:1.000 SPEC:0.500 | COMPOSITE:0.8818 EMA:0.8802
[segformer3d | fold 1 | epoch 082] train=0.3936 val_loss=0.4112 auc=0.9250 thr=0.578
  [Metrics] AUC:0.925 F1:0.976 SENS:1.000 SPEC:0.750 | COMPOSITE:0.9377 EMA:0.8974
  Early stopping @ epoch 82 (best EMA score=0.9392)
  SWA model finalize ediliyor...
  SWA val COMPOSITE: 0.9283 | Best EMA COMPOSITE: 0.9392
  SWA model kaydedildi (genelleme için tercih edildi, tek-epoch gürültüsüne karşı daha kararlı).

=================================================================
  SegFormer3D Fold 1  |  Threshold: Youden 0.608
=================================================================
  Metrik                Değer                   95% CI
  -------------------------------------------------------
  AUC-ROC               0.887          [0.587 - 1.000]
  AUC-PR                0.973                        -
  Sensitivity           1.000          [1.000 - 1.000]
  Specificity           0.750          [0.000 - 1.000]
  PPV                   0.952          [0.842 - 1.000]
  NPV                   1.000          [0.000 - 1.000]
  Accuracy              0.958          [0.875 - 1.000]
  F1-Score              0.976          [0.914 - 1.000]
  Composite             0.928                        -

  CM: TP=20 FP=1 FN=0 TN=3
  Toplam Hata: 1/24
=================================================================

======================================================================
FOLD 2/5
======================================================================
  [Fold 2] class_counts: NEG=18, POS=78
  [Fold 2] MAE pretrained encoder yüklendi (204 katman).
[segformer3d | fold 2 | epoch 001] train=1.0328 val_loss=1.1533 auc=0.6875 thr=0.398
  [Metrics] AUC:0.688 F1:0.872 SENS:0.850 SPEC:0.500 | COMPOSITE:0.7623 EMA:0.7623
[segformer3d | fold 2 | epoch 002] train=1.1281 val_loss=0.9115 auc=0.7500 thr=0.491
  [Metrics] AUC:0.750 F1:0.865 SENS:0.800 SPEC:0.750 | COMPOSITE:0.7962 EMA:0.7725
[segformer3d | fold 2 | epoch 003] train=1.1615 val_loss=0.9725 auc=0.7500 thr=0.451
  [Metrics] AUC:0.750 F1:0.900 SENS:0.900 SPEC:0.500 | COMPOSITE:0.8025 EMA:0.7815
    ★ SAVED DUAL-PASS (SENS=0.900≥0.8 SPEC=0.500≥0.5 | comp=0.8025)
[segformer3d | fold 2 | epoch 004] train=1.0512 val_loss=0.9676 auc=0.6750 thr=0.465
  [Metrics] AUC:0.675 F1:0.872 SENS:0.850 SPEC:0.500 | COMPOSITE:0.7592 EMA:0.7748
[segformer3d | fold 2 | epoch 005] train=1.0443 val_loss=1.1330 auc=0.7000 thr=0.437
  [Metrics] AUC:0.700 F1:0.872 SENS:0.850 SPEC:0.500 | COMPOSITE:0.7654 EMA:0.7720
[segformer3d | fold 2 | epoch 006] train=0.9444 val_loss=1.0004 auc=0.6000 thr=0.452
  [Metrics] AUC:0.600 F1:0.842 SENS:0.800 SPEC:0.500 | COMPOSITE:0.7155 EMA:0.7551
[segformer3d | fold 2 | epoch 007] train=0.9654 val_loss=0.9886 auc=0.3750 thr=0.282
  [Metrics] AUC:0.375 F1:0.909 SENS:1.000 SPEC:0.000 | COMPOSITE:0.6710 EMA:0.1298
[segformer3d | fold 2 | epoch 008] train=0.8027 val_loss=0.8528 auc=0.5000 thr=0.510
  [Metrics] AUC:0.500 F1:0.850 SENS:0.850 SPEC:0.250 | COMPOSITE:0.6725 EMA:-0.3074
[segformer3d | fold 2 | epoch 009] train=0.6832 val_loss=0.9119 auc=0.2875 thr=0.405
  [Metrics] AUC:0.287 F1:0.909 SENS:1.000 SPEC:0.000 | COMPOSITE:0.6491 EMA:-0.6204
[segformer3d | fold 2 | epoch 010] train=0.6352 val_loss=0.7701 auc=0.4000 thr=0.431
  [Metrics] AUC:0.400 F1:0.909 SENS:1.000 SPEC:0.000 | COMPOSITE:0.6773 EMA:-0.8311
[segformer3d | fold 2 | epoch 011] train=0.6143 val_loss=0.7580 auc=0.4250 thr=0.518
  [Metrics] AUC:0.425 F1:0.878 SENS:0.900 SPEC:0.250 | COMPOSITE:0.6783 EMA:-0.9783
[segformer3d | fold 2 | epoch 012] train=0.5350 val_loss=0.6865 auc=0.2625 thr=0.460
  [Metrics] AUC:0.263 F1:0.909 SENS:1.000 SPEC:0.000 | COMPOSITE:0.6429 EMA:-1.0919
[segformer3d | fold 2 | epoch 013] train=0.4963 val_loss=0.6661 auc=0.2125 thr=0.498
  [Metrics] AUC:0.212 F1:0.909 SENS:1.000 SPEC:0.000 | COMPOSITE:0.6304 EMA:-1.1752
[segformer3d | fold 2 | epoch 014] train=0.4665 val_loss=0.5834 auc=0.3000 thr=0.516
  [Metrics] AUC:0.300 F1:0.909 SENS:1.000 SPEC:0.000 | COMPOSITE:0.6523 EMA:-1.2270
[segformer3d | fold 2 | epoch 015] train=0.4104 val_loss=0.5893 auc=0.3250 thr=0.584
  [Metrics] AUC:0.325 F1:0.821 SENS:0.800 SPEC:0.250 | COMPOSITE:0.6039 EMA:-1.2777
[segformer3d | fold 2 | epoch 016] train=0.3848 val_loss=0.5323 auc=0.4750 thr=0.630
  [Metrics] AUC:0.475 F1:0.821 SENS:0.800 SPEC:0.250 | COMPOSITE:0.6414 EMA:-1.3020
[segformer3d | fold 2 | epoch 017] train=0.3489 val_loss=0.4567 auc=0.4125 thr=0.581
  [Metrics] AUC:0.412 F1:0.909 SENS:1.000 SPEC:0.000 | COMPOSITE:0.6804 EMA:-1.3073
[segformer3d | fold 2 | epoch 018] train=0.3543 val_loss=0.5238 auc=0.3875 thr=0.608
  [Metrics] AUC:0.387 F1:0.850 SENS:0.850 SPEC:0.250 | COMPOSITE:0.6444 EMA:-1.3218
[segformer3d | fold 2 | epoch 019] train=0.3843 val_loss=0.4987 auc=0.3500 thr=0.619
  [Metrics] AUC:0.350 F1:0.850 SENS:0.850 SPEC:0.250 | COMPOSITE:0.6350 EMA:-1.3347
[segformer3d | fold 2 | epoch 020] train=0.3328 val_loss=0.5271 auc=0.4500 thr=0.572
  [Metrics] AUC:0.450 F1:0.905 SENS:0.950 SPEC:0.250 | COMPOSITE:0.7087 EMA:-1.3217
[segformer3d | fold 2 | epoch 021] train=0.3767 val_loss=0.5056 auc=0.4000 thr=0.583
  [Metrics] AUC:0.400 F1:0.930 SENS:1.000 SPEC:0.250 | COMPOSITE:0.7201 EMA:-1.3092
[segformer3d | fold 2 | epoch 022] train=0.3436 val_loss=0.4738 auc=0.4125 thr=0.608
  [Metrics] AUC:0.412 F1:0.905 SENS:0.950 SPEC:0.250 | COMPOSITE:0.6993 EMA:-1.3066
[segformer3d | fold 2 | epoch 023] train=0.3908 val_loss=0.4678 auc=0.4125 thr=0.627
  [Metrics] AUC:0.412 F1:0.905 SENS:0.950 SPEC:0.250 | COMPOSITE:0.6993 EMA:-1.3048
[segformer3d | fold 2 | epoch 024] train=0.3937 val_loss=0.4777 auc=0.5500 thr=0.601
  [Metrics] AUC:0.550 F1:0.905 SENS:0.950 SPEC:0.250 | COMPOSITE:0.7337 EMA:-1.2933
[segformer3d | fold 2 | epoch 025] train=0.3661 val_loss=0.4311 auc=0.4375 thr=0.639
  [Metrics] AUC:0.438 F1:0.905 SENS:0.950 SPEC:0.250 | COMPOSITE:0.7056 EMA:-1.2936
[segformer3d | fold 2 | epoch 026] train=0.3577 val_loss=0.4020 auc=0.5125 thr=0.661
  [Metrics] AUC:0.512 F1:0.850 SENS:0.850 SPEC:0.250 | COMPOSITE:0.6756 EMA:-1.3029
[segformer3d | fold 2 | epoch 027] train=0.3326 val_loss=0.3980 auc=0.6750 thr=0.664
  [Metrics] AUC:0.675 F1:0.900 SENS:0.900 SPEC:0.500 | COMPOSITE:0.7837 EMA:-0.6769
[segformer3d | fold 2 | epoch 028] train=0.3465 val_loss=0.3957 auc=0.5375 thr=0.632
  [Metrics] AUC:0.537 F1:0.905 SENS:0.950 SPEC:0.250 | COMPOSITE:0.7306 EMA:-0.8546
[segformer3d | fold 2 | epoch 029] train=0.3805 val_loss=0.4358 auc=0.5750 thr=0.653
  [Metrics] AUC:0.575 F1:0.872 SENS:0.850 SPEC:0.500 | COMPOSITE:0.7342 EMA:-0.3780
[segformer3d | fold 2 | epoch 030] train=0.3257 val_loss=0.4242 auc=0.5125 thr=0.606
  [Metrics] AUC:0.512 F1:0.905 SENS:0.950 SPEC:0.250 | COMPOSITE:0.7243 EMA:-0.6473
[segformer3d | fold 2 | epoch 031] train=0.3398 val_loss=0.4047 auc=0.6500 thr=0.661
  [Metrics] AUC:0.650 F1:0.842 SENS:0.800 SPEC:0.500 | COMPOSITE:0.7280 EMA:-0.2347
[segformer3d | fold 2 | epoch 032] train=0.3161 val_loss=0.3938 auc=0.6375 thr=0.682
  [Metrics] AUC:0.637 F1:0.872 SENS:0.850 SPEC:0.500 | COMPOSITE:0.7498 EMA:0.0607
[segformer3d | fold 2 | epoch 033] train=0.3785 val_loss=0.4753 auc=0.5375 thr=0.630
  [Metrics] AUC:0.538 F1:0.842 SENS:0.800 SPEC:0.500 | COMPOSITE:0.6999 EMA:0.2524
[segformer3d | fold 2 | epoch 034] train=0.3309 val_loss=0.4304 auc=0.5750 thr=0.615
  [Metrics] AUC:0.575 F1:0.878 SENS:0.900 SPEC:0.250 | COMPOSITE:0.7158 EMA:-0.2086
[segformer3d | fold 2 | epoch 035] train=0.3322 val_loss=0.3831 auc=0.6125 thr=0.728
  [Metrics] AUC:0.612 F1:0.872 SENS:0.850 SPEC:0.500 | COMPOSITE:0.7436 EMA:0.0771
[segformer3d | fold 2 | epoch 036] train=0.3892 val_loss=0.3773 auc=0.6625 thr=0.694
  [Metrics] AUC:0.662 F1:0.842 SENS:0.800 SPEC:0.500 | COMPOSITE:0.7312 EMA:0.2733
[segformer3d | fold 2 | epoch 037] train=0.3340 val_loss=0.4038 auc=0.6875 thr=0.689
  [Metrics] AUC:0.688 F1:0.872 SENS:0.850 SPEC:0.500 | COMPOSITE:0.7623 EMA:0.4200
[segformer3d | fold 2 | epoch 038] train=0.3758 val_loss=0.4504 auc=0.5875 thr=0.559
  [Metrics] AUC:0.587 F1:0.905 SENS:0.950 SPEC:0.250 | COMPOSITE:0.7431 EMA:-0.0831
[segformer3d | fold 2 | epoch 039] train=0.3424 val_loss=0.3585 auc=0.5875 thr=0.666
  [Metrics] AUC:0.587 F1:0.905 SENS:0.950 SPEC:0.250 | COMPOSITE:0.7431 EMA:-0.4352
[segformer3d | fold 2 | epoch 040] train=0.3615 val_loss=0.3982 auc=0.6375 thr=0.677
  [Metrics] AUC:0.637 F1:0.872 SENS:0.850 SPEC:0.500 | COMPOSITE:0.7498 EMA:-0.0797
[segformer3d | fold 2 | epoch 041] train=0.3483 val_loss=0.4148 auc=0.6625 thr=0.596
  [Metrics] AUC:0.662 F1:0.905 SENS:0.950 SPEC:0.250 | COMPOSITE:0.7618 EMA:-0.4273
[segformer3d | fold 2 | epoch 042] train=0.3798 val_loss=0.4769 auc=0.5125 thr=0.592
  [Metrics] AUC:0.512 F1:0.850 SENS:0.850 SPEC:0.250 | COMPOSITE:0.6756 EMA:-0.6964
[segformer3d | fold 2 | epoch 043] train=0.3551 val_loss=0.4395 auc=0.6000 thr=0.562
  [Metrics] AUC:0.600 F1:0.930 SENS:1.000 SPEC:0.250 | COMPOSITE:0.7701 EMA:-0.8565
[segformer3d | fold 2 | epoch 044] train=0.3834 val_loss=0.4416 auc=0.4875 thr=0.618
  [Metrics] AUC:0.487 F1:0.850 SENS:0.850 SPEC:0.250 | COMPOSITE:0.6694 EMA:-0.9987
[segformer3d | fold 2 | epoch 045] train=0.3706 val_loss=0.3732 auc=0.7000 thr=0.657
  [Metrics] AUC:0.700 F1:0.872 SENS:0.850 SPEC:0.500 | COMPOSITE:0.7654 EMA:-0.4695
[segformer3d | fold 2 | epoch 046] train=0.3478 val_loss=0.4722 auc=0.5000 thr=0.628
  [Metrics] AUC:0.500 F1:0.821 SENS:0.800 SPEC:0.250 | COMPOSITE:0.6476 EMA:-0.7343
[segformer3d | fold 2 | epoch 047] train=0.3224 val_loss=0.3918 auc=0.7000 thr=0.659
  [Metrics] AUC:0.700 F1:0.872 SENS:0.850 SPEC:0.500 | COMPOSITE:0.7654 EMA:-0.2844
[segformer3d | fold 2 | epoch 048] train=0.3577 val_loss=0.3464 auc=0.7000 thr=0.644
  [Metrics] AUC:0.700 F1:0.905 SENS:0.950 SPEC:0.250 | COMPOSITE:0.7712 EMA:-0.5677
[segformer3d | fold 2 | epoch 049] train=0.3367 val_loss=0.4016 auc=0.6750 thr=0.636
  [Metrics] AUC:0.675 F1:0.842 SENS:0.800 SPEC:0.500 | COMPOSITE:0.7343 EMA:-0.1771
[segformer3d | fold 2 | epoch 050] train=0.3664 val_loss=0.4043 auc=0.6750 thr=0.659
  [Metrics] AUC:0.675 F1:0.872 SENS:0.850 SPEC:0.500 | COMPOSITE:0.7592 EMA:0.1038
[segformer3d | fold 2 | epoch 051] train=0.3564 val_loss=0.4246 auc=0.5750 thr=0.580
  [Metrics] AUC:0.575 F1:0.905 SENS:0.950 SPEC:0.250 | COMPOSITE:0.7399 EMA:-0.3054
[segformer3d | fold 2 | epoch 052] train=0.3400 val_loss=0.3949 auc=0.7250 thr=0.629
  [Metrics] AUC:0.725 F1:0.900 SENS:0.900 SPEC:0.500 | COMPOSITE:0.7962 EMA:0.0251
[segformer3d | fold 2 | epoch 053] train=0.3279 val_loss=0.4515 auc=0.6125 thr=0.634
  [Metrics] AUC:0.612 F1:0.842 SENS:0.800 SPEC:0.500 | COMPOSITE:0.7187 EMA:0.2332
[segformer3d | fold 2 | epoch 054] train=0.3497 val_loss=0.4248 auc=0.5250 thr=0.641
  [Metrics] AUC:0.525 F1:0.850 SENS:0.850 SPEC:0.250 | COMPOSITE:0.6787 EMA:-0.2332
[segformer3d | fold 2 | epoch 055] train=0.3489 val_loss=0.4244 auc=0.5625 thr=0.661
  [Metrics] AUC:0.562 F1:0.842 SENS:0.800 SPEC:0.500 | COMPOSITE:0.7062 EMA:0.0486
[segformer3d | fold 2 | epoch 056] train=0.3180 val_loss=0.4510 auc=0.6250 thr=0.632
  [Metrics] AUC:0.625 F1:0.872 SENS:0.850 SPEC:0.500 | COMPOSITE:0.7467 EMA:0.2581
[segformer3d | fold 2 | epoch 057] train=0.3845 val_loss=0.4623 auc=0.6250 thr=0.622
  [Metrics] AUC:0.625 F1:0.872 SENS:0.850 SPEC:0.500 | COMPOSITE:0.7467 EMA:0.4046
[segformer3d | fold 2 | epoch 058] train=0.3515 val_loss=0.4003 auc=0.6250 thr=0.673
  [Metrics] AUC:0.625 F1:0.872 SENS:0.850 SPEC:0.500 | COMPOSITE:0.7467 EMA:0.5073
[segformer3d | fold 2 | epoch 059] train=0.3408 val_loss=0.4202 auc=0.5250 thr=0.641
  [Metrics] AUC:0.525 F1:0.850 SENS:0.850 SPEC:0.250 | COMPOSITE:0.6787 EMA:-0.0413
[segformer3d | fold 2 | epoch 060] train=0.3329 val_loss=0.4867 auc=0.7375 thr=0.567
  [Metrics] AUC:0.738 F1:0.900 SENS:0.900 SPEC:0.500 | COMPOSITE:0.7994 EMA:0.2109
[segformer3d | fold 2 | epoch 061] train=0.3324 val_loss=0.4551 auc=0.7000 thr=0.650
  [Metrics] AUC:0.700 F1:0.872 SENS:0.850 SPEC:0.500 | COMPOSITE:0.7654 EMA:0.3773
[segformer3d | fold 2 | epoch 062] train=0.3521 val_loss=0.4515 auc=0.6375 thr=0.642
  [Metrics] AUC:0.637 F1:0.872 SENS:0.850 SPEC:0.500 | COMPOSITE:0.7498 EMA:0.4890
[segformer3d | fold 2 | epoch 063] train=0.3442 val_loss=0.4305 auc=0.7000 thr=0.644
  [Metrics] AUC:0.700 F1:0.872 SENS:0.850 SPEC:0.500 | COMPOSITE:0.7654 EMA:0.5720
[segformer3d | fold 2 | epoch 064] train=0.3608 val_loss=0.4221 auc=0.5875 thr=0.672
  [Metrics] AUC:0.588 F1:0.872 SENS:0.850 SPEC:0.500 | COMPOSITE:0.7373 EMA:0.6216
[segformer3d | fold 2 | epoch 065] train=0.3325 val_loss=0.4800 auc=0.5500 thr=0.624
  [Metrics] AUC:0.550 F1:0.842 SENS:0.800 SPEC:0.500 | COMPOSITE:0.7030 EMA:0.6460
[segformer3d | fold 2 | epoch 066] train=0.3373 val_loss=0.4521 auc=0.7125 thr=0.585
  [Metrics] AUC:0.713 F1:0.900 SENS:0.900 SPEC:0.500 | COMPOSITE:0.7931 EMA:0.6901
[segformer3d | fold 2 | epoch 067] train=0.3700 val_loss=0.3970 auc=0.6000 thr=0.687
  [Metrics] AUC:0.600 F1:0.872 SENS:0.850 SPEC:0.500 | COMPOSITE:0.7404 EMA:0.7052
[segformer3d | fold 2 | epoch 068] train=0.3452 val_loss=0.4149 auc=0.6250 thr=0.611
  [Metrics] AUC:0.625 F1:0.878 SENS:0.900 SPEC:0.250 | COMPOSITE:0.7283 EMA:0.1121
[segformer3d | fold 2 | epoch 069] train=0.3893 val_loss=0.3980 auc=0.7250 thr=0.626
  [Metrics] AUC:0.725 F1:0.872 SENS:0.850 SPEC:0.500 | COMPOSITE:0.7717 EMA:0.3100
[segformer3d | fold 2 | epoch 070] train=0.3460 val_loss=0.4856 auc=0.5875 thr=0.600
  [Metrics] AUC:0.588 F1:0.872 SENS:0.850 SPEC:0.500 | COMPOSITE:0.7373 EMA:0.4382
  Early stopping @ epoch 70 (best EMA score=0.7815)
  SWA model finalize ediliyor...
  SWA val COMPOSITE: 0.5709 | Best EMA COMPOSITE: 0.7815

=================================================================
  SegFormer3D Fold 2  |  Threshold: Youden 0.524
=================================================================
  Metrik                Değer                   95% CI
  -------------------------------------------------------
  AUC-ROC               0.750          [0.500 - 0.955]
  AUC-PR                0.946                        -
  Sensitivity           0.500          [0.273 - 0.725]
  Specificity           1.000          [1.000 - 1.000]
  PPV                   1.000          [1.000 - 1.000]
  NPV                   0.286          [0.077 - 0.545]
  Accuracy              0.583          [0.375 - 0.792]
  F1-Score              0.667          [0.429 - 0.841]
  Composite             0.679                        -

  CM: TP=10 FP=0 FN=10 TN=4
  Toplam Hata: 10/24
=================================================================

======================================================================
FOLD 3/5
======================================================================
  [Fold 3] class_counts: NEG=18, POS=79
  [Fold 3] MAE pretrained encoder yüklendi (204 katman).
[segformer3d | fold 3 | epoch 001] train=1.3759 val_loss=1.0860 auc=0.4868 thr=0.360
  [Metrics] AUC:0.487 F1:0.900 SENS:0.947 SPEC:0.250 | COMPOSITE:0.7158 EMA:-1.2842
[segformer3d | fold 3 | epoch 002] train=1.3531 val_loss=1.2203 auc=0.6053 thr=0.323
  [Metrics] AUC:0.605 F1:0.900 SENS:0.947 SPEC:0.250 | COMPOSITE:0.7454 EMA:-1.2753
[segformer3d | fold 3 | epoch 003] train=1.3529 val_loss=1.0490 auc=0.3684 thr=0.432
  [Metrics] AUC:0.368 F1:0.842 SENS:0.842 SPEC:0.250 | COMPOSITE:0.6349 EMA:-1.3023
    ☆ SAVED FALLBACK (SENS=0.842 SPEC=0.250 | comp=0.6349)
[segformer3d | fold 3 | epoch 004] train=1.2890 val_loss=0.9114 auc=0.4211 thr=0.424
  [Metrics] AUC:0.421 F1:0.905 SENS:1.000 SPEC:0.000 | COMPOSITE:0.6815 EMA:-1.3072
[segformer3d | fold 3 | epoch 005] train=1.1704 val_loss=0.8246 auc=0.4474 thr=0.440
  [Metrics] AUC:0.447 F1:0.905 SENS:1.000 SPEC:0.000 | COMPOSITE:0.6880 EMA:-1.3086
[segformer3d | fold 3 | epoch 006] train=1.2434 val_loss=0.9685 auc=0.3816 thr=0.407
  [Metrics] AUC:0.382 F1:0.905 SENS:1.000 SPEC:0.000 | COMPOSITE:0.6716 EMA:-1.3145
[segformer3d | fold 3 | epoch 007] train=1.0609 val_loss=0.9271 auc=0.3421 thr=0.412
  [Metrics] AUC:0.342 F1:0.905 SENS:1.000 SPEC:0.000 | COMPOSITE:0.6617 EMA:-1.3217
[segformer3d | fold 3 | epoch 008] train=0.9633 val_loss=0.8257 auc=0.2500 thr=0.452
  [Metrics] AUC:0.250 F1:0.905 SENS:1.000 SPEC:0.000 | COMPOSITE:0.6387 EMA:-1.3336
[segformer3d | fold 3 | epoch 009] train=0.8847 val_loss=0.7725 auc=0.3026 thr=0.485
  [Metrics] AUC:0.303 F1:0.905 SENS:1.000 SPEC:0.000 | COMPOSITE:0.6518 EMA:-1.3379
[segformer3d | fold 3 | epoch 010] train=0.7735 val_loss=0.7816 auc=0.1974 thr=0.438
  [Metrics] AUC:0.197 F1:0.905 SENS:1.000 SPEC:0.000 | COMPOSITE:0.6255 EMA:-1.3489
[segformer3d | fold 3 | epoch 011] train=0.6577 val_loss=0.7518 auc=0.5132 thr=0.506
  [Metrics] AUC:0.513 F1:0.842 SENS:0.842 SPEC:0.250 | COMPOSITE:0.6711 EMA:-1.3429
[segformer3d | fold 3 | epoch 012] train=0.6302 val_loss=0.7824 auc=0.2500 thr=0.441
  [Metrics] AUC:0.250 F1:0.905 SENS:1.000 SPEC:0.000 | COMPOSITE:0.6387 EMA:-1.3484
[segformer3d | fold 3 | epoch 013] train=0.5116 val_loss=0.6500 auc=0.2237 thr=0.516
  [Metrics] AUC:0.224 F1:0.905 SENS:1.000 SPEC:0.000 | COMPOSITE:0.6321 EMA:-1.3543
[segformer3d | fold 3 | epoch 014] train=0.4714 val_loss=0.6792 auc=0.3158 thr=0.490
  [Metrics] AUC:0.316 F1:0.905 SENS:1.000 SPEC:0.000 | COMPOSITE:0.6551 EMA:-1.3514
[segformer3d | fold 3 | epoch 015] train=0.4933 val_loss=0.6315 auc=0.3947 thr=0.535
  [Metrics] AUC:0.395 F1:0.927 SENS:1.000 SPEC:0.250 | COMPOSITE:0.7179 EMA:-1.3306
[segformer3d | fold 3 | epoch 016] train=0.4062 val_loss=0.5844 auc=0.3553 thr=0.545
  [Metrics] AUC:0.355 F1:0.905 SENS:1.000 SPEC:0.000 | COMPOSITE:0.6650 EMA:-1.3319
[segformer3d | fold 3 | epoch 017] train=0.3810 val_loss=0.4931 auc=0.3553 thr=0.643
  [Metrics] AUC:0.355 F1:0.872 SENS:0.895 SPEC:0.250 | COMPOSITE:0.6574 EMA:-1.3351
[segformer3d | fold 3 | epoch 018] train=0.4071 val_loss=0.5178 auc=0.4737 thr=0.600
  [Metrics] AUC:0.474 F1:0.927 SENS:1.000 SPEC:0.250 | COMPOSITE:0.7376 EMA:-1.3133
[segformer3d | fold 3 | epoch 019] train=0.3634 val_loss=0.5275 auc=0.3421 thr=0.586
  [Metrics] AUC:0.342 F1:0.905 SENS:1.000 SPEC:0.000 | COMPOSITE:0.6617 EMA:-1.3208
[segformer3d | fold 3 | epoch 020] train=0.3869 val_loss=0.5100 auc=0.3684 thr=0.619
  [Metrics] AUC:0.368 F1:0.900 SENS:0.947 SPEC:0.250 | COMPOSITE:0.6862 EMA:-1.3187
[segformer3d | fold 3 | epoch 021] train=0.3651 val_loss=0.5214 auc=0.5526 thr=0.600
  [Metrics] AUC:0.553 F1:0.927 SENS:1.000 SPEC:0.250 | COMPOSITE:0.7574 EMA:-1.2959
    ☆ SAVED FALLBACK (SENS=1.000 SPEC=0.250 | comp=0.7574)
[segformer3d | fold 3 | epoch 022] train=0.3346 val_loss=0.4640 auc=0.5263 thr=0.632
  [Metrics] AUC:0.526 F1:0.927 SENS:1.000 SPEC:0.250 | COMPOSITE:0.7508 EMA:-1.2819
    ☆ SAVED FALLBACK (SENS=1.000 SPEC=0.250 | comp=0.7508)
[segformer3d | fold 3 | epoch 023] train=0.4314 val_loss=0.4940 auc=0.5132 thr=0.599
  [Metrics] AUC:0.513 F1:0.927 SENS:1.000 SPEC:0.250 | COMPOSITE:0.7475 EMA:-1.2731
    ☆ SAVED FALLBACK (SENS=1.000 SPEC=0.250 | comp=0.7475)
[segformer3d | fold 3 | epoch 024] train=0.4161 val_loss=0.4847 auc=0.4211 thr=0.638
  [Metrics] AUC:0.421 F1:0.872 SENS:0.895 SPEC:0.250 | COMPOSITE:0.6739 EMA:-1.2890
[segformer3d | fold 3 | epoch 025] train=0.3739 val_loss=0.4863 auc=0.3684 thr=0.627
  [Metrics] AUC:0.368 F1:0.872 SENS:0.895 SPEC:0.250 | COMPOSITE:0.6607 EMA:-1.3041
[segformer3d | fold 3 | epoch 026] train=0.3542 val_loss=0.4679 auc=0.4211 thr=0.647
  [Metrics] AUC:0.421 F1:0.872 SENS:0.895 SPEC:0.250 | COMPOSITE:0.6739 EMA:-1.3107
[segformer3d | fold 3 | epoch 027] train=0.3554 val_loss=0.4951 auc=0.4342 thr=0.618
  [Metrics] AUC:0.434 F1:0.905 SENS:1.000 SPEC:0.000 | COMPOSITE:0.6847 EMA:-1.3121
[segformer3d | fold 3 | epoch 028] train=0.3555 val_loss=0.5042 auc=0.3684 thr=0.626
  [Metrics] AUC:0.368 F1:0.842 SENS:0.842 SPEC:0.250 | COMPOSITE:0.6349 EMA:-1.3280
[segformer3d | fold 3 | epoch 029] train=0.3613 val_loss=0.4835 auc=0.3947 thr=0.620
  [Metrics] AUC:0.395 F1:0.900 SENS:0.947 SPEC:0.250 | COMPOSITE:0.6928 EMA:-1.3218
[segformer3d | fold 3 | epoch 030] train=0.3757 val_loss=0.4560 auc=0.4079 thr=0.621
  [Metrics] AUC:0.408 F1:0.905 SENS:1.000 SPEC:0.000 | COMPOSITE:0.6782 EMA:-1.3218
[segformer3d | fold 3 | epoch 031] train=0.3325 val_loss=0.4928 auc=0.4342 thr=0.625
  [Metrics] AUC:0.434 F1:0.872 SENS:0.895 SPEC:0.250 | COMPOSITE:0.6772 EMA:-1.3221
[segformer3d | fold 3 | epoch 032] train=0.3777 val_loss=0.4375 auc=0.4737 thr=0.683
  [Metrics] AUC:0.474 F1:0.872 SENS:0.895 SPEC:0.250 | COMPOSITE:0.6870 EMA:-1.3194
[segformer3d | fold 3 | epoch 033] train=0.3274 val_loss=0.4993 auc=0.4079 thr=0.617
  [Metrics] AUC:0.408 F1:0.872 SENS:0.895 SPEC:0.250 | COMPOSITE:0.6706 EMA:-1.3224
[segformer3d | fold 3 | epoch 034] train=0.3619 val_loss=0.4814 auc=0.4211 thr=0.652
  [Metrics] AUC:0.421 F1:0.842 SENS:0.842 SPEC:0.250 | COMPOSITE:0.6480 EMA:-1.3313
[segformer3d | fold 3 | epoch 035] train=0.3567 val_loss=0.4902 auc=0.3553 thr=0.649
  [Metrics] AUC:0.355 F1:0.842 SENS:0.842 SPEC:0.250 | COMPOSITE:0.6316 EMA:-1.3424
[segformer3d | fold 3 | epoch 036] train=0.3071 val_loss=0.4480 auc=0.6184 thr=0.669
  [Metrics] AUC:0.618 F1:0.865 SENS:0.842 SPEC:0.500 | COMPOSITE:0.7406 EMA:-0.7175
    ★ SAVED DUAL-PASS (SENS=0.842≥0.8 SPEC=0.500≥0.5 | comp=0.7406)
[segformer3d | fold 3 | epoch 037] train=0.3515 val_loss=0.4795 auc=0.4079 thr=0.654
  [Metrics] AUC:0.408 F1:0.872 SENS:0.895 SPEC:0.250 | COMPOSITE:0.6706 EMA:-0.9011
[segformer3d | fold 3 | epoch 038] train=0.3576 val_loss=0.4457 auc=0.5789 thr=0.620
  [Metrics] AUC:0.579 F1:0.872 SENS:0.895 SPEC:0.250 | COMPOSITE:0.7133 EMA:-1.0168
[segformer3d | fold 3 | epoch 039] train=0.3519 val_loss=0.4808 auc=0.5263 thr=0.653
  [Metrics] AUC:0.526 F1:0.842 SENS:0.842 SPEC:0.250 | COMPOSITE:0.6743 EMA:-1.1094
[segformer3d | fold 3 | epoch 040] train=0.3727 val_loss=0.5158 auc=0.4474 thr=0.582
  [Metrics] AUC:0.447 F1:0.900 SENS:0.947 SPEC:0.250 | COMPOSITE:0.7059 EMA:-1.1648
[segformer3d | fold 3 | epoch 041] train=0.3704 val_loss=0.4727 auc=0.5000 thr=0.649
  [Metrics] AUC:0.500 F1:0.872 SENS:0.895 SPEC:0.250 | COMPOSITE:0.6936 EMA:-1.2073
[segformer3d | fold 3 | epoch 042] train=0.3643 val_loss=0.4484 auc=0.3947 thr=0.666
  [Metrics] AUC:0.395 F1:0.872 SENS:0.895 SPEC:0.250 | COMPOSITE:0.6673 EMA:-1.2449
[segformer3d | fold 3 | epoch 043] train=0.3410 val_loss=0.4851 auc=0.5526 thr=0.624
  [Metrics] AUC:0.553 F1:0.927 SENS:1.000 SPEC:0.250 | COMPOSITE:0.7574 EMA:-1.2442
[segformer3d | fold 3 | epoch 044] train=0.3404 val_loss=0.4939 auc=0.3947 thr=0.630
  [Metrics] AUC:0.395 F1:0.872 SENS:0.895 SPEC:0.250 | COMPOSITE:0.6673 EMA:-1.2708
[segformer3d | fold 3 | epoch 045] train=0.3485 val_loss=0.5113 auc=0.4079 thr=0.632
  [Metrics] AUC:0.408 F1:0.872 SENS:0.895 SPEC:0.250 | COMPOSITE:0.6706 EMA:-1.2884
[segformer3d | fold 3 | epoch 046] train=0.3297 val_loss=0.5234 auc=0.3553 thr=0.635
  [Metrics] AUC:0.355 F1:0.927 SENS:1.000 SPEC:0.250 | COMPOSITE:0.7080 EMA:-1.2895
[segformer3d | fold 3 | epoch 047] train=0.3590 val_loss=0.4991 auc=0.4737 thr=0.624
  [Metrics] AUC:0.474 F1:0.872 SENS:0.895 SPEC:0.250 | COMPOSITE:0.6870 EMA:-1.2965
[segformer3d | fold 3 | epoch 048] train=0.3908 val_loss=0.4958 auc=0.5921 thr=0.620
  [Metrics] AUC:0.592 F1:0.872 SENS:0.895 SPEC:0.250 | COMPOSITE:0.7166 EMA:-1.2926
[segformer3d | fold 3 | epoch 049] train=0.3447 val_loss=0.5086 auc=0.6316 thr=0.597
  [Metrics] AUC:0.632 F1:0.900 SENS:0.947 SPEC:0.250 | COMPOSITE:0.7520 EMA:-1.2792
[segformer3d | fold 3 | epoch 050] train=0.3316 val_loss=0.4771 auc=0.6316 thr=0.681
  [Metrics] AUC:0.632 F1:0.865 SENS:0.842 SPEC:0.500 | COMPOSITE:0.7438 EMA:-0.6723
    ★ SAVED DUAL-PASS (SENS=0.842≥0.8 SPEC=0.500≥0.5 | comp=0.7438)
[segformer3d | fold 3 | epoch 051] train=0.3453 val_loss=0.5186 auc=0.4211 thr=0.618
  [Metrics] AUC:0.421 F1:0.872 SENS:0.895 SPEC:0.250 | COMPOSITE:0.6739 EMA:-0.8684
[segformer3d | fold 3 | epoch 052] train=0.3449 val_loss=0.4810 auc=0.6447 thr=0.652
  [Metrics] AUC:0.645 F1:0.865 SENS:0.842 SPEC:0.500 | COMPOSITE:0.7471 EMA:-0.3838
    ★ SAVED DUAL-PASS (SENS=0.842≥0.8 SPEC=0.500≥0.5 | comp=0.7471)
[segformer3d | fold 3 | epoch 053] train=0.3358 val_loss=0.5127 auc=0.5263 thr=0.580
  [Metrics] AUC:0.526 F1:0.900 SENS:0.947 SPEC:0.250 | COMPOSITE:0.7257 EMA:-0.6509
[segformer3d | fold 3 | epoch 054] train=0.3614 val_loss=0.4708 auc=0.6053 thr=0.593
  [Metrics] AUC:0.605 F1:0.900 SENS:0.947 SPEC:0.250 | COMPOSITE:0.7454 EMA:-0.8320
[segformer3d | fold 3 | epoch 055] train=0.3363 val_loss=0.4494 auc=0.6447 thr=0.628
  [Metrics] AUC:0.645 F1:0.842 SENS:0.842 SPEC:0.250 | COMPOSITE:0.7039 EMA:-0.9712
[segformer3d | fold 3 | epoch 056] train=0.3708 val_loss=0.4630 auc=0.6579 thr=0.634
  [Metrics] AUC:0.658 F1:0.865 SENS:0.842 SPEC:0.500 | COMPOSITE:0.7504 EMA:-0.4547
[segformer3d | fold 3 | epoch 057] train=0.3620 val_loss=0.4481 auc=0.6447 thr=0.635
  [Metrics] AUC:0.645 F1:0.865 SENS:0.842 SPEC:0.500 | COMPOSITE:0.7471 EMA:-0.0942
    ★ SAVED DUAL-PASS (SENS=0.842≥0.8 SPEC=0.500≥0.5 | comp=0.7471)
[segformer3d | fold 3 | epoch 058] train=0.3347 val_loss=0.4667 auc=0.5263 thr=0.649
  [Metrics] AUC:0.526 F1:0.865 SENS:0.842 SPEC:0.500 | COMPOSITE:0.7175 EMA:0.1493
    ★ SAVED DUAL-PASS (SENS=0.842≥0.8 SPEC=0.500≥0.5 | comp=0.7175)
[segformer3d | fold 3 | epoch 059] train=0.3679 val_loss=0.4777 auc=0.5658 thr=0.586
  [Metrics] AUC:0.566 F1:0.900 SENS:0.947 SPEC:0.250 | COMPOSITE:0.7355 EMA:-0.2748
[segformer3d | fold 3 | epoch 060] train=0.3618 val_loss=0.4473 auc=0.6184 thr=0.646
  [Metrics] AUC:0.618 F1:0.865 SENS:0.842 SPEC:0.500 | COMPOSITE:0.7406 EMA:0.0298
[segformer3d | fold 3 | epoch 061] train=0.3644 val_loss=0.4519 auc=0.5526 thr=0.663
  [Metrics] AUC:0.553 F1:0.865 SENS:0.842 SPEC:0.500 | COMPOSITE:0.7241 EMA:0.2381
    ★ SAVED DUAL-PASS (SENS=0.842≥0.8 SPEC=0.500≥0.5 | comp=0.7241)
[segformer3d | fold 3 | epoch 062] train=0.3562 val_loss=0.4502 auc=0.6447 thr=0.625
  [Metrics] AUC:0.645 F1:0.872 SENS:0.895 SPEC:0.250 | COMPOSITE:0.7298 EMA:-0.2144
[segformer3d | fold 3 | epoch 063] train=0.3327 val_loss=0.4860 auc=0.3947 thr=0.635
  [Metrics] AUC:0.395 F1:0.872 SENS:0.895 SPEC:0.250 | COMPOSITE:0.6673 EMA:-0.5499
[segformer3d | fold 3 | epoch 064] train=0.3540 val_loss=0.4429 auc=0.6316 thr=0.692
  [Metrics] AUC:0.632 F1:0.895 SENS:0.895 SPEC:0.500 | COMPOSITE:0.7697 EMA:-0.1540
[segformer3d | fold 3 | epoch 065] train=0.3651 val_loss=0.4379 auc=0.6053 thr=0.665
  [Metrics] AUC:0.605 F1:0.865 SENS:0.842 SPEC:0.500 | COMPOSITE:0.7373 EMA:0.1134
[segformer3d | fold 3 | epoch 066] train=0.3242 val_loss=0.4704 auc=0.5395 thr=0.614
  [Metrics] AUC:0.539 F1:0.872 SENS:0.895 SPEC:0.250 | COMPOSITE:0.7035 EMA:-0.3096
[segformer3d | fold 3 | epoch 067] train=0.3496 val_loss=0.4345 auc=0.5921 thr=0.655
  [Metrics] AUC:0.592 F1:0.865 SENS:0.842 SPEC:0.500 | COMPOSITE:0.7340 EMA:0.0035
[segformer3d | fold 3 | epoch 068] train=0.3499 val_loss=0.4266 auc=0.6447 thr=0.677
  [Metrics] AUC:0.645 F1:0.865 SENS:0.842 SPEC:0.500 | COMPOSITE:0.7471 EMA:0.2266
[segformer3d | fold 3 | epoch 069] train=0.3472 val_loss=0.4239 auc=0.6316 thr=0.681
  [Metrics] AUC:0.632 F1:0.865 SENS:0.842 SPEC:0.500 | COMPOSITE:0.7438 EMA:0.3818
    ★ SAVED DUAL-PASS (SENS=0.842≥0.8 SPEC=0.500≥0.5 | comp=0.7438)
[segformer3d | fold 3 | epoch 070] train=0.3439 val_loss=0.4756 auc=0.5132 thr=0.589
  [Metrics] AUC:0.513 F1:0.900 SENS:0.947 SPEC:0.250 | COMPOSITE:0.7224 EMA:-0.1161
[segformer3d | fold 3 | epoch 071] train=0.3568 val_loss=0.4609 auc=0.5132 thr=0.592
  [Metrics] AUC:0.513 F1:0.900 SENS:0.947 SPEC:0.250 | COMPOSITE:0.7224 EMA:-0.4645
[segformer3d | fold 3 | epoch 072] train=0.3260 val_loss=0.4921 auc=0.4737 thr=0.621
  [Metrics] AUC:0.474 F1:0.842 SENS:0.842 SPEC:0.250 | COMPOSITE:0.6612 EMA:-0.7268
[segformer3d | fold 3 | epoch 073] train=0.3687 val_loss=0.4676 auc=0.5000 thr=0.637
  [Metrics] AUC:0.500 F1:0.865 SENS:0.842 SPEC:0.500 | COMPOSITE:0.7110 EMA:-0.2955
[segformer3d | fold 3 | epoch 074] train=0.3424 val_loss=0.4261 auc=0.5789 thr=0.634
  [Metrics] AUC:0.579 F1:0.872 SENS:0.895 SPEC:0.250 | COMPOSITE:0.7133 EMA:-0.5928
[segformer3d | fold 3 | epoch 075] train=0.3602 val_loss=0.4565 auc=0.5000 thr=0.642
  [Metrics] AUC:0.500 F1:0.872 SENS:0.895 SPEC:0.250 | COMPOSITE:0.6936 EMA:-0.8069
[segformer3d | fold 3 | epoch 076] train=0.3736 val_loss=0.4376 auc=0.5132 thr=0.641
  [Metrics] AUC:0.513 F1:0.872 SENS:0.895 SPEC:0.250 | COMPOSITE:0.6969 EMA:-0.9558
[segformer3d | fold 3 | epoch 077] train=0.3507 val_loss=0.4334 auc=0.6579 thr=0.602
  [Metrics] AUC:0.658 F1:0.900 SENS:0.947 SPEC:0.250 | COMPOSITE:0.7586 EMA:-1.0415
[segformer3d | fold 3 | epoch 078] train=0.3282 val_loss=0.4712 auc=0.5132 thr=0.581
  [Metrics] AUC:0.513 F1:0.900 SENS:0.947 SPEC:0.250 | COMPOSITE:0.7224 EMA:-1.1123
[segformer3d | fold 3 | epoch 079] train=0.3525 val_loss=0.4660 auc=0.5000 thr=0.635
  [Metrics] AUC:0.500 F1:0.895 SENS:0.895 SPEC:0.500 | COMPOSITE:0.7368 EMA:-0.5576
[segformer3d | fold 3 | epoch 080] train=0.3379 val_loss=0.4837 auc=0.4868 thr=0.612
  [Metrics] AUC:0.487 F1:0.872 SENS:0.895 SPEC:0.250 | COMPOSITE:0.6903 EMA:-0.7832
[segformer3d | fold 3 | epoch 081] train=0.3251 val_loss=0.4819 auc=0.6316 thr=0.623
  [Metrics] AUC:0.632 F1:0.865 SENS:0.842 SPEC:0.500 | COMPOSITE:0.7438 EMA:-0.3251
[segformer3d | fold 3 | epoch 082] train=0.3379 val_loss=0.4893 auc=0.6316 thr=0.624
  [Metrics] AUC:0.632 F1:0.865 SENS:0.842 SPEC:0.500 | COMPOSITE:0.7438 EMA:-0.0044
[segformer3d | fold 3 | epoch 083] train=0.3206 val_loss=0.4161 auc=0.6711 thr=0.665
  [Metrics] AUC:0.671 F1:0.895 SENS:0.895 SPEC:0.500 | COMPOSITE:0.7796 EMA:0.2308
[segformer3d | fold 3 | epoch 084] train=0.3347 val_loss=0.4515 auc=0.5132 thr=0.656
  [Metrics] AUC:0.513 F1:0.895 SENS:0.895 SPEC:0.500 | COMPOSITE:0.7401 EMA:0.3836
    ★ SAVED DUAL-PASS (SENS=0.895≥0.8 SPEC=0.500≥0.5 | comp=0.7401)
[segformer3d | fold 3 | epoch 085] train=0.3225 val_loss=0.4326 auc=0.6184 thr=0.660
  [Metrics] AUC:0.618 F1:0.865 SENS:0.842 SPEC:0.500 | COMPOSITE:0.7406 EMA:0.4907
    ★ SAVED DUAL-PASS (SENS=0.842≥0.8 SPEC=0.500≥0.5 | comp=0.7406)
[segformer3d | fold 3 | epoch 086] train=0.3444 val_loss=0.4450 auc=0.5658 thr=0.637
  [Metrics] AUC:0.566 F1:0.895 SENS:0.895 SPEC:0.500 | COMPOSITE:0.7533 EMA:0.5695
    ★ SAVED DUAL-PASS (SENS=0.895≥0.8 SPEC=0.500≥0.5 | comp=0.7533)
[segformer3d | fold 3 | epoch 087] train=0.3256 val_loss=0.4461 auc=0.5789 thr=0.642
  [Metrics] AUC:0.579 F1:0.865 SENS:0.842 SPEC:0.500 | COMPOSITE:0.7307 EMA:0.6178
    ★ SAVED DUAL-PASS (SENS=0.842≥0.8 SPEC=0.500≥0.5 | comp=0.7307)
[segformer3d | fold 3 | epoch 088] train=0.3740 val_loss=0.4425 auc=0.5000 thr=0.652
  [Metrics] AUC:0.500 F1:0.895 SENS:0.895 SPEC:0.500 | COMPOSITE:0.7368 EMA:0.6535
    ★ SAVED DUAL-PASS (SENS=0.895≥0.8 SPEC=0.500≥0.5 | comp=0.7368)
[segformer3d | fold 3 | epoch 089] train=0.3416 val_loss=0.4469 auc=0.6447 thr=0.628
  [Metrics] AUC:0.645 F1:0.895 SENS:0.895 SPEC:0.500 | COMPOSITE:0.7730 EMA:0.6894
    ★ SAVED DUAL-PASS (SENS=0.895≥0.8 SPEC=0.500≥0.5 | comp=0.7730)
[segformer3d | fold 3 | epoch 090] train=0.3369 val_loss=0.4365 auc=0.5526 thr=0.671
  [Metrics] AUC:0.553 F1:0.865 SENS:0.842 SPEC:0.500 | COMPOSITE:0.7241 EMA:0.6998
    ★ SAVED DUAL-PASS (SENS=0.842≥0.8 SPEC=0.500≥0.5 | comp=0.7241)
[segformer3d | fold 3 | epoch 091] train=0.3573 val_loss=0.4147 auc=0.6447 thr=0.654
  [Metrics] AUC:0.645 F1:0.895 SENS:0.895 SPEC:0.500 | COMPOSITE:0.7730 EMA:0.7218
    ★ SAVED DUAL-PASS (SENS=0.895≥0.8 SPEC=0.500≥0.5 | comp=0.7730)
[segformer3d | fold 3 | epoch 092] train=0.3326 val_loss=0.4436 auc=0.6447 thr=0.638
  [Metrics] AUC:0.645 F1:0.895 SENS:0.895 SPEC:0.500 | COMPOSITE:0.7730 EMA:0.7371
    ★ SAVED DUAL-PASS (SENS=0.895≥0.8 SPEC=0.500≥0.5 | comp=0.7730)
[segformer3d | fold 3 | epoch 093] train=0.3384 val_loss=0.3965 auc=0.6711 thr=0.640
  [Metrics] AUC:0.671 F1:0.895 SENS:0.895 SPEC:0.500 | COMPOSITE:0.7796 EMA:0.7499
    ★ SAVED DUAL-PASS (SENS=0.895≥0.8 SPEC=0.500≥0.5 | comp=0.7796)
[segformer3d | fold 3 | epoch 094] train=0.3112 val_loss=0.4076 auc=0.6447 thr=0.665
  [Metrics] AUC:0.645 F1:0.865 SENS:0.842 SPEC:0.500 | COMPOSITE:0.7471 EMA:0.7491
[segformer3d | fold 3 | epoch 095] train=0.3241 val_loss=0.4737 auc=0.4605 thr=0.628
  [Metrics] AUC:0.461 F1:0.872 SENS:0.895 SPEC:0.250 | COMPOSITE:0.6837 EMA:0.1295
[segformer3d | fold 3 | epoch 096] train=0.3493 val_loss=0.4335 auc=0.5132 thr=0.645
  [Metrics] AUC:0.513 F1:0.872 SENS:0.895 SPEC:0.250 | COMPOSITE:0.6969 EMA:-0.3003
[segformer3d | fold 3 | epoch 097] train=0.3504 val_loss=0.4867 auc=0.4605 thr=0.630
  [Metrics] AUC:0.461 F1:0.872 SENS:0.895 SPEC:0.250 | COMPOSITE:0.6837 EMA:-0.6051
[segformer3d | fold 3 | epoch 098] train=0.3541 val_loss=0.4714 auc=0.5395 thr=0.607
  [Metrics] AUC:0.539 F1:0.872 SENS:0.895 SPEC:0.250 | COMPOSITE:0.7035 EMA:-0.8125
[segformer3d | fold 3 | epoch 099] train=0.3354 val_loss=0.3997 auc=0.6184 thr=0.673
  [Metrics] AUC:0.618 F1:0.872 SENS:0.895 SPEC:0.250 | COMPOSITE:0.7232 EMA:-0.9518
[segformer3d | fold 3 | epoch 100] train=0.3523 val_loss=0.4259 auc=0.5000 thr=0.652
  [Metrics] AUC:0.500 F1:0.872 SENS:0.895 SPEC:0.250 | COMPOSITE:0.6936 EMA:-1.0582
  SWA model finalize ediliyor...
  SWA val COMPOSITE: 0.7241 | Best EMA COMPOSITE: 0.7499

=================================================================
  SegFormer3D Fold 3  |  Threshold: Youden 0.709
=================================================================
  Metrik                Değer                   95% CI
  -------------------------------------------------------
  AUC-ROC               0.671          [0.250 - 0.952]
  AUC-PR                0.888                        -
  Sensitivity           0.789          [0.588 - 0.947]
  Specificity           0.750          [0.250 - 1.000]
  PPV                   0.937          [0.786 - 1.000]
  NPV                   0.429          [0.111 - 0.833]
  Accuracy              0.783          [0.609 - 0.913]
  F1-Score              0.857          [0.710 - 0.952]
  Composite             0.771                        -

  CM: TP=15 FP=1 FN=4 TN=3
  Toplam Hata: 5/23
=================================================================

======================================================================
FOLD 4/5
======================================================================
  [Fold 4] class_counts: NEG=17, POS=78
  [Fold 4] MAE pretrained encoder yüklendi (204 katman).
[segformer3d | fold 4 | epoch 001] train=1.0214 val_loss=0.8485 auc=0.5400 thr=0.476
  [Metrics] AUC:0.540 F1:0.829 SENS:0.850 SPEC:0.200 | COMPOSITE:0.6698 EMA:-1.3302
[segformer3d | fold 4 | epoch 002] train=1.0046 val_loss=0.7969 auc=0.6400 thr=0.473
  [Metrics] AUC:0.640 F1:0.905 SENS:0.950 SPEC:0.400 | COMPOSITE:0.7787 EMA:-1.2975
[segformer3d | fold 4 | epoch 003] train=1.0322 val_loss=0.7762 auc=0.6200 thr=0.503
  [Metrics] AUC:0.620 F1:0.850 SENS:0.850 SPEC:0.400 | COMPOSITE:0.7250 EMA:-1.2908
    ☆ SAVED FALLBACK (SENS=0.850 SPEC=0.400 | comp=0.7250)
[segformer3d | fold 4 | epoch 004] train=0.9223 val_loss=0.8348 auc=0.5800 thr=0.509
  [Metrics] AUC:0.580 F1:0.842 SENS:0.800 SPEC:0.600 | COMPOSITE:0.7255 EMA:-0.6859
    ★ SAVED DUAL-PASS (SENS=0.800≥0.8 SPEC=0.600≥0.5 | comp=0.7255)
[segformer3d | fold 4 | epoch 005] train=0.8789 val_loss=0.7880 auc=0.6100 thr=0.500
  [Metrics] AUC:0.610 F1:0.850 SENS:0.850 SPEC:0.400 | COMPOSITE:0.7225 EMA:-0.8634
[segformer3d | fold 4 | epoch 006] train=0.8118 val_loss=0.8232 auc=0.6300 thr=0.487
  [Metrics] AUC:0.630 F1:0.821 SENS:0.800 SPEC:0.400 | COMPOSITE:0.7026 EMA:-0.9936
[segformer3d | fold 4 | epoch 007] train=0.8018 val_loss=0.7727 auc=0.6900 thr=0.487
  [Metrics] AUC:0.690 F1:0.878 SENS:0.900 SPEC:0.400 | COMPOSITE:0.7670 EMA:-1.0654
[segformer3d | fold 4 | epoch 008] train=0.7623 val_loss=0.5812 auc=0.8000 thr=0.544
  [Metrics] AUC:0.800 F1:0.900 SENS:0.900 SPEC:0.600 | COMPOSITE:0.8300 EMA:-0.4968
    ★ SAVED DUAL-PASS (SENS=0.900≥0.8 SPEC=0.600≥0.5 | comp=0.8300)
[segformer3d | fold 4 | epoch 009] train=0.6595 val_loss=0.6919 auc=0.6600 thr=0.527
  [Metrics] AUC:0.660 F1:0.842 SENS:0.800 SPEC:0.600 | COMPOSITE:0.7455 EMA:-0.1241
    ★ SAVED DUAL-PASS (SENS=0.800≥0.8 SPEC=0.600≥0.5 | comp=0.7455)
[segformer3d | fold 4 | epoch 010] train=0.5844 val_loss=0.5487 auc=0.7100 thr=0.593
  [Metrics] AUC:0.710 F1:0.842 SENS:0.800 SPEC:0.600 | COMPOSITE:0.7580 EMA:0.1405
    ★ SAVED DUAL-PASS (SENS=0.800≥0.8 SPEC=0.600≥0.5 | comp=0.7580)
[segformer3d | fold 4 | epoch 011] train=0.5505 val_loss=0.5448 auc=0.7700 thr=0.576
  [Metrics] AUC:0.770 F1:0.895 SENS:0.850 SPEC:0.800 | COMPOSITE:0.8337 EMA:0.3485
    ★ SAVED DUAL-PASS (SENS=0.850≥0.8 SPEC=0.800≥0.5 | comp=0.8337)
[segformer3d | fold 4 | epoch 012] train=0.4586 val_loss=0.5241 auc=0.7300 thr=0.584
  [Metrics] AUC:0.730 F1:0.927 SENS:0.950 SPEC:0.600 | COMPOSITE:0.8367 EMA:0.4950
    ★ SAVED DUAL-PASS (SENS=0.950≥0.8 SPEC=0.600≥0.5 | comp=0.8367)
[segformer3d | fold 4 | epoch 013] train=0.4142 val_loss=0.4918 auc=0.7900 thr=0.576
  [Metrics] AUC:0.790 F1:0.927 SENS:0.950 SPEC:0.600 | COMPOSITE:0.8517 EMA:0.6020
    ★ SAVED DUAL-PASS (SENS=0.950≥0.8 SPEC=0.600≥0.5 | comp=0.8517)
[segformer3d | fold 4 | epoch 014] train=0.4412 val_loss=0.4590 auc=0.8500 thr=0.580
  [Metrics] AUC:0.850 F1:0.952 SENS:1.000 SPEC:0.600 | COMPOSITE:0.8906 EMA:0.6886
    ★ SAVED DUAL-PASS (SENS=1.000≥0.8 SPEC=0.600≥0.5 | comp=0.8906)
[segformer3d | fold 4 | epoch 015] train=0.4107 val_loss=0.4599 auc=0.8400 thr=0.579
  [Metrics] AUC:0.840 F1:0.952 SENS:1.000 SPEC:0.600 | COMPOSITE:0.8881 EMA:0.7484
    ★ SAVED DUAL-PASS (SENS=1.000≥0.8 SPEC=0.600≥0.5 | comp=0.8881)
[segformer3d | fold 4 | epoch 016] train=0.3337 val_loss=0.4231 auc=0.8100 thr=0.595
  [Metrics] AUC:0.810 F1:0.952 SENS:1.000 SPEC:0.600 | COMPOSITE:0.8806 EMA:0.7881
    ★ SAVED DUAL-PASS (SENS=1.000≥0.8 SPEC=0.600≥0.5 | comp=0.8806)
[segformer3d | fold 4 | epoch 017] train=0.3867 val_loss=0.5022 auc=0.8000 thr=0.588
  [Metrics] AUC:0.800 F1:0.927 SENS:0.950 SPEC:0.600 | COMPOSITE:0.8542 EMA:0.8079
    ★ SAVED DUAL-PASS (SENS=0.950≥0.8 SPEC=0.600≥0.5 | comp=0.8542)
[segformer3d | fold 4 | epoch 018] train=0.3666 val_loss=0.4220 auc=0.7800 thr=0.610
  [Metrics] AUC:0.780 F1:0.895 SENS:0.850 SPEC:0.800 | COMPOSITE:0.8362 EMA:0.8164
    ★ SAVED DUAL-PASS (SENS=0.850≥0.8 SPEC=0.800≥0.5 | comp=0.8362)
[segformer3d | fold 4 | epoch 019] train=0.3893 val_loss=0.4455 auc=0.7500 thr=0.647
  [Metrics] AUC:0.750 F1:0.895 SENS:0.850 SPEC:0.800 | COMPOSITE:0.8287 EMA:0.8201
    ★ SAVED DUAL-PASS (SENS=0.850≥0.8 SPEC=0.800≥0.5 | comp=0.8287)
[segformer3d | fold 4 | epoch 020] train=0.3361 val_loss=0.4824 auc=0.7200 thr=0.669
  [Metrics] AUC:0.720 F1:0.895 SENS:0.850 SPEC:0.800 | COMPOSITE:0.8212 EMA:0.8204
    ★ SAVED DUAL-PASS (SENS=0.850≥0.8 SPEC=0.800≥0.5 | comp=0.8212)
[segformer3d | fold 4 | epoch 021] train=0.3381 val_loss=0.4636 auc=0.7500 thr=0.623
  [Metrics] AUC:0.750 F1:0.895 SENS:0.850 SPEC:0.800 | COMPOSITE:0.8287 EMA:0.8229
    ★ SAVED DUAL-PASS (SENS=0.850≥0.8 SPEC=0.800≥0.5 | comp=0.8287)
[segformer3d | fold 4 | epoch 022] train=0.3501 val_loss=0.3857 auc=0.8200 thr=0.633
  [Metrics] AUC:0.820 F1:0.927 SENS:0.950 SPEC:0.600 | COMPOSITE:0.8592 EMA:0.8338
    ★ SAVED DUAL-PASS (SENS=0.950≥0.8 SPEC=0.600≥0.5 | comp=0.8592)
[segformer3d | fold 4 | epoch 023] train=0.3354 val_loss=0.4794 auc=0.7500 thr=0.670
  [Metrics] AUC:0.750 F1:0.895 SENS:0.850 SPEC:0.800 | COMPOSITE:0.8287 EMA:0.8323
[segformer3d | fold 4 | epoch 024] train=0.3432 val_loss=0.4880 auc=0.6500 thr=0.548
  [Metrics] AUC:0.650 F1:0.884 SENS:0.950 SPEC:0.200 | COMPOSITE:0.7459 EMA:0.2064
[segformer3d | fold 4 | epoch 025] train=0.3508 val_loss=0.5292 auc=0.6000 thr=0.555
  [Metrics] AUC:0.600 F1:0.884 SENS:0.950 SPEC:0.200 | COMPOSITE:0.7334 EMA:-0.2355
[segformer3d | fold 4 | epoch 026] train=0.3779 val_loss=0.4380 auc=0.7600 thr=0.693
  [Metrics] AUC:0.760 F1:0.895 SENS:0.850 SPEC:0.800 | COMPOSITE:0.8312 EMA:0.0845
[segformer3d | fold 4 | epoch 027] train=0.3469 val_loss=0.4144 auc=0.7800 thr=0.644
  [Metrics] AUC:0.780 F1:0.900 SENS:0.900 SPEC:0.600 | COMPOSITE:0.8250 EMA:0.3066
[segformer3d | fold 4 | epoch 028] train=0.3707 val_loss=0.3519 auc=0.8600 thr=0.724
  [Metrics] AUC:0.860 F1:0.895 SENS:0.850 SPEC:0.800 | COMPOSITE:0.8562 EMA:0.4715
[segformer3d | fold 4 | epoch 029] train=0.3438 val_loss=0.4001 auc=0.7600 thr=0.688
  [Metrics] AUC:0.760 F1:0.895 SENS:0.850 SPEC:0.800 | COMPOSITE:0.8312 EMA:0.5794
[segformer3d | fold 4 | epoch 030] train=0.3865 val_loss=0.4608 auc=0.7100 thr=0.644
  [Metrics] AUC:0.710 F1:0.865 SENS:0.800 SPEC:0.800 | COMPOSITE:0.7937 EMA:0.6437
[segformer3d | fold 4 | epoch 031] train=0.3308 val_loss=0.3888 auc=0.7400 thr=0.754
  [Metrics] AUC:0.740 F1:0.865 SENS:0.800 SPEC:0.800 | COMPOSITE:0.8012 EMA:0.6910
[segformer3d | fold 4 | epoch 032] train=0.3233 val_loss=0.4015 auc=0.7700 thr=0.706
  [Metrics] AUC:0.770 F1:0.865 SENS:0.800 SPEC:0.800 | COMPOSITE:0.8087 EMA:0.7263
[segformer3d | fold 4 | epoch 033] train=0.3506 val_loss=0.4312 auc=0.7500 thr=0.680
  [Metrics] AUC:0.750 F1:0.865 SENS:0.800 SPEC:0.800 | COMPOSITE:0.8037 EMA:0.7495
[segformer3d | fold 4 | epoch 034] train=0.3402 val_loss=0.4016 auc=0.7600 thr=0.696
  [Metrics] AUC:0.760 F1:0.865 SENS:0.800 SPEC:0.800 | COMPOSITE:0.8062 EMA:0.7665
[segformer3d | fold 4 | epoch 035] train=0.3295 val_loss=0.3951 auc=0.7700 thr=0.673
  [Metrics] AUC:0.770 F1:0.865 SENS:0.800 SPEC:0.800 | COMPOSITE:0.8087 EMA:0.7792
[segformer3d | fold 4 | epoch 036] train=0.3423 val_loss=0.4280 auc=0.7700 thr=0.599
  [Metrics] AUC:0.770 F1:0.850 SENS:0.850 SPEC:0.400 | COMPOSITE:0.7625 EMA:0.1742
[segformer3d | fold 4 | epoch 037] train=0.3686 val_loss=0.3688 auc=0.8400 thr=0.739
  [Metrics] AUC:0.840 F1:0.889 SENS:0.800 SPEC:1.000 | COMPOSITE:0.8622 EMA:0.3806
[segformer3d | fold 4 | epoch 038] train=0.3378 val_loss=0.3982 auc=0.7700 thr=0.622
  [Metrics] AUC:0.770 F1:0.850 SENS:0.850 SPEC:0.400 | COMPOSITE:0.7625 EMA:-0.1048
[segformer3d | fold 4 | epoch 039] train=0.3212 val_loss=0.3609 auc=0.8300 thr=0.727
  [Metrics] AUC:0.830 F1:0.889 SENS:0.800 SPEC:1.000 | COMPOSITE:0.8597 EMA:0.1845
[segformer3d | fold 4 | epoch 040] train=0.3639 val_loss=0.3744 auc=0.8000 thr=0.768
  [Metrics] AUC:0.800 F1:0.865 SENS:0.800 SPEC:0.800 | COMPOSITE:0.8162 EMA:0.3740
[segformer3d | fold 4 | epoch 041] train=0.3656 val_loss=0.3365 auc=0.8500 thr=0.754
  [Metrics] AUC:0.850 F1:0.895 SENS:0.850 SPEC:0.800 | COMPOSITE:0.8537 EMA:0.5179
[segformer3d | fold 4 | epoch 042] train=0.3584 val_loss=0.3752 auc=0.7900 thr=0.735
  [Metrics] AUC:0.790 F1:0.865 SENS:0.800 SPEC:0.800 | COMPOSITE:0.8137 EMA:0.6067
[segformer3d | fold 4 | epoch 043] train=0.3467 val_loss=0.4359 auc=0.7400 thr=0.694
  [Metrics] AUC:0.740 F1:0.900 SENS:0.900 SPEC:0.600 | COMPOSITE:0.8150 EMA:0.6692
[segformer3d | fold 4 | epoch 044] train=0.3449 val_loss=0.3926 auc=0.7900 thr=0.712
  [Metrics] AUC:0.790 F1:0.895 SENS:0.850 SPEC:0.800 | COMPOSITE:0.8387 EMA:0.7200
[segformer3d | fold 4 | epoch 045] train=0.3238 val_loss=0.3848 auc=0.8300 thr=0.671
  [Metrics] AUC:0.830 F1:0.895 SENS:0.850 SPEC:0.800 | COMPOSITE:0.8487 EMA:0.7586
[segformer3d | fold 4 | epoch 046] train=0.3455 val_loss=0.3597 auc=0.8500 thr=0.667
  [Metrics] AUC:0.850 F1:0.900 SENS:0.900 SPEC:0.600 | COMPOSITE:0.8425 EMA:0.7838
[segformer3d | fold 4 | epoch 047] train=0.3253 val_loss=0.3106 auc=0.8900 thr=0.727
  [Metrics] AUC:0.890 F1:0.919 SENS:0.850 SPEC:1.000 | COMPOSITE:0.8997 EMA:0.8186
[segformer3d | fold 4 | epoch 048] train=0.3300 val_loss=0.4260 auc=0.7100 thr=0.736
  [Metrics] AUC:0.710 F1:0.842 SENS:0.800 SPEC:0.600 | COMPOSITE:0.7580 EMA:0.8004
[segformer3d | fold 4 | epoch 049] train=0.3356 val_loss=0.3992 auc=0.7700 thr=0.698
  [Metrics] AUC:0.770 F1:0.842 SENS:0.800 SPEC:0.600 | COMPOSITE:0.7730 EMA:0.7922
[segformer3d | fold 4 | epoch 050] train=0.3017 val_loss=0.3710 auc=0.8200 thr=0.673
  [Metrics] AUC:0.820 F1:0.842 SENS:0.800 SPEC:0.600 | COMPOSITE:0.7855 EMA:0.7902
[segformer3d | fold 4 | epoch 051] train=0.3399 val_loss=0.4545 auc=0.6900 thr=0.628
  [Metrics] AUC:0.690 F1:0.878 SENS:0.900 SPEC:0.400 | COMPOSITE:0.7670 EMA:0.1832
[segformer3d | fold 4 | epoch 052] train=0.3312 val_loss=0.4118 auc=0.7700 thr=0.677
  [Metrics] AUC:0.770 F1:0.842 SENS:0.800 SPEC:0.600 | COMPOSITE:0.7730 EMA:0.3602
[segformer3d | fold 4 | epoch 053] train=0.3222 val_loss=0.4160 auc=0.7500 thr=0.716
  [Metrics] AUC:0.750 F1:0.842 SENS:0.800 SPEC:0.600 | COMPOSITE:0.7680 EMA:0.4825
[segformer3d | fold 4 | epoch 054] train=0.3343 val_loss=0.4327 auc=0.7000 thr=0.608
  [Metrics] AUC:0.700 F1:0.850 SENS:0.850 SPEC:0.400 | COMPOSITE:0.7450 EMA:-0.0387
[segformer3d | fold 4 | epoch 055] train=0.3100 val_loss=0.3998 auc=0.7800 thr=0.706
  [Metrics] AUC:0.780 F1:0.842 SENS:0.800 SPEC:0.600 | COMPOSITE:0.7755 EMA:0.2055
[segformer3d | fold 4 | epoch 056] train=0.3662 val_loss=0.4034 auc=0.7500 thr=0.711
  [Metrics] AUC:0.750 F1:0.821 SENS:0.800 SPEC:0.400 | COMPOSITE:0.7326 EMA:-0.2363
[segformer3d | fold 4 | epoch 057] train=0.3863 val_loss=0.3345 auc=0.8400 thr=0.745
  [Metrics] AUC:0.840 F1:0.872 SENS:0.850 SPEC:0.600 | COMPOSITE:0.8154 EMA:0.0792
[segformer3d | fold 4 | epoch 058] train=0.3460 val_loss=0.3929 auc=0.7600 thr=0.631
  [Metrics] AUC:0.760 F1:0.850 SENS:0.850 SPEC:0.400 | COMPOSITE:0.7600 EMA:-0.3166
[segformer3d | fold 4 | epoch 059] train=0.3567 val_loss=0.3982 auc=0.7700 thr=0.726
  [Metrics] AUC:0.770 F1:0.842 SENS:0.800 SPEC:0.600 | COMPOSITE:0.7730 EMA:0.0103
[segformer3d | fold 4 | epoch 060] train=0.3068 val_loss=0.4080 auc=0.7600 thr=0.706
  [Metrics] AUC:0.760 F1:0.842 SENS:0.800 SPEC:0.600 | COMPOSITE:0.7705 EMA:0.2384
[segformer3d | fold 4 | epoch 061] train=0.3145 val_loss=0.4090 auc=0.7500 thr=0.723
  [Metrics] AUC:0.750 F1:0.872 SENS:0.850 SPEC:0.600 | COMPOSITE:0.7929 EMA:0.4048
[segformer3d | fold 4 | epoch 062] train=0.3459 val_loss=0.3397 auc=0.8500 thr=0.707
  [Metrics] AUC:0.850 F1:0.872 SENS:0.850 SPEC:0.600 | COMPOSITE:0.8179 EMA:0.5287
[segformer3d | fold 4 | epoch 063] train=0.3560 val_loss=0.4127 auc=0.7300 thr=0.599
  [Metrics] AUC:0.730 F1:0.878 SENS:0.900 SPEC:0.400 | COMPOSITE:0.7770 EMA:0.0032
[segformer3d | fold 4 | epoch 064] train=0.3221 val_loss=0.3754 auc=0.7600 thr=0.765
  [Metrics] AUC:0.760 F1:0.842 SENS:0.800 SPEC:0.600 | COMPOSITE:0.7705 EMA:0.2334
[segformer3d | fold 4 | epoch 065] train=0.3435 val_loss=0.3678 auc=0.7500 thr=0.683
  [Metrics] AUC:0.750 F1:0.878 SENS:0.900 SPEC:0.400 | COMPOSITE:0.7820 EMA:-0.2020
[segformer3d | fold 4 | epoch 066] train=0.3510 val_loss=0.4034 auc=0.6900 thr=0.647
  [Metrics] AUC:0.690 F1:0.878 SENS:0.900 SPEC:0.400 | COMPOSITE:0.7670 EMA:-0.5113
[segformer3d | fold 4 | epoch 067] train=0.3300 val_loss=0.3426 auc=0.8300 thr=0.702
  [Metrics] AUC:0.830 F1:0.872 SENS:0.850 SPEC:0.600 | COMPOSITE:0.8129 EMA:-0.1140
[segformer3d | fold 4 | epoch 068] train=0.3267 val_loss=0.3960 auc=0.7500 thr=0.683
  [Metrics] AUC:0.750 F1:0.872 SENS:0.850 SPEC:0.600 | COMPOSITE:0.7929 EMA:0.1581
[segformer3d | fold 4 | epoch 069] train=0.3038 val_loss=0.3312 auc=0.8500 thr=0.748
  [Metrics] AUC:0.850 F1:0.895 SENS:0.850 SPEC:0.800 | COMPOSITE:0.8537 EMA:0.3667
[segformer3d | fold 4 | epoch 070] train=0.3245 val_loss=0.3671 auc=0.8100 thr=0.731
  [Metrics] AUC:0.810 F1:0.872 SENS:0.850 SPEC:0.600 | COMPOSITE:0.8079 EMA:0.4991
  Early stopping @ epoch 70 (best EMA score=0.8338)
  SWA model finalize ediliyor...
  SWA val COMPOSITE: 0.7745 | Best EMA COMPOSITE: 0.8338

=================================================================
  SegFormer3D Fold 4  |  Threshold: Youden 0.653
=================================================================
  Metrik                Değer                   95% CI
  -------------------------------------------------------
  AUC-ROC               0.820          [0.530 - 1.000]
  AUC-PR                0.944                        -
  Sensitivity           0.900          [0.750 - 1.000]
  Specificity           0.800          [0.333 - 1.000]
  PPV                   0.947          [0.824 - 1.000]
  NPV                   0.667          [0.250 - 1.000]
  Accuracy              0.880          [0.760 - 1.000]
  F1-Score              0.923          [0.812 - 1.000]
  Composite             0.871                        -

  CM: TP=18 FP=1 FN=2 TN=4
  Toplam Hata: 3/25
=================================================================

======================================================================
FOLD 5/5
======================================================================
  [Fold 5] class_counts: NEG=17, POS=79
  [Fold 5] MAE pretrained encoder yüklendi (204 katman).
[segformer3d | fold 5 | epoch 001] train=0.8781 val_loss=0.7533 auc=0.7579 thr=0.484
  [Metrics] AUC:0.758 F1:0.872 SENS:0.895 SPEC:0.400 | COMPOSITE:0.7806 EMA:-1.2194
[segformer3d | fold 5 | epoch 002] train=0.8897 val_loss=0.9398 auc=0.5789 thr=0.407
  [Metrics] AUC:0.579 F1:0.905 SENS:1.000 SPEC:0.200 | COMPOSITE:0.7509 EMA:-1.2283
[segformer3d | fold 5 | epoch 003] train=0.8475 val_loss=0.7901 auc=0.6842 thr=0.485
  [Metrics] AUC:0.684 F1:0.842 SENS:0.842 SPEC:0.400 | COMPOSITE:0.7363 EMA:-1.2389
    ☆ SAVED FALLBACK (SENS=0.842 SPEC=0.400 | comp=0.7363)
[segformer3d | fold 5 | epoch 004] train=0.7571 val_loss=0.7264 auc=0.6316 thr=0.464
  [Metrics] AUC:0.632 F1:0.905 SENS:1.000 SPEC:0.200 | COMPOSITE:0.7641 EMA:-1.2380
    ☆ SAVED FALLBACK (SENS=1.000 SPEC=0.200 | comp=0.7641)
[segformer3d | fold 5 | epoch 005] train=0.7943 val_loss=0.7512 auc=0.6421 thr=0.513
  [Metrics] AUC:0.642 F1:0.842 SENS:0.842 SPEC:0.400 | COMPOSITE:0.7258 EMA:-1.2489
[segformer3d | fold 5 | epoch 006] train=0.7583 val_loss=0.6529 auc=0.7474 thr=0.491
  [Metrics] AUC:0.747 F1:0.927 SENS:1.000 SPEC:0.400 | COMPOSITE:0.8285 EMA:-1.2257
    ☆ SAVED FALLBACK (SENS=1.000 SPEC=0.400 | comp=0.8285)
[segformer3d | fold 5 | epoch 007] train=0.7077 val_loss=0.6903 auc=0.6316 thr=0.467
  [Metrics] AUC:0.632 F1:0.878 SENS:0.947 SPEC:0.200 | COMPOSITE:0.7390 EMA:-1.2363
[segformer3d | fold 5 | epoch 008] train=0.6546 val_loss=0.6804 auc=0.6947 thr=0.509
  [Metrics] AUC:0.695 F1:0.895 SENS:0.895 SPEC:0.600 | COMPOSITE:0.8005 EMA:-0.6252
    ★ SAVED DUAL-PASS (SENS=0.895≥0.8 SPEC=0.600≥0.5 | comp=0.8005)
[segformer3d | fold 5 | epoch 009] train=0.5732 val_loss=0.4962 auc=0.7895 thr=0.587
  [Metrics] AUC:0.789 F1:0.865 SENS:0.842 SPEC:0.600 | COMPOSITE:0.7983 EMA:-0.1982
    ★ SAVED DUAL-PASS (SENS=0.842≥0.8 SPEC=0.600≥0.5 | comp=0.7983)
[segformer3d | fold 5 | epoch 010] train=0.5720 val_loss=0.4807 auc=0.8211 thr=0.598
  [Metrics] AUC:0.821 F1:0.865 SENS:0.842 SPEC:0.600 | COMPOSITE:0.8062 EMA:0.1032
    ★ SAVED DUAL-PASS (SENS=0.842≥0.8 SPEC=0.600≥0.5 | comp=0.8062)
[segformer3d | fold 5 | epoch 011] train=0.4602 val_loss=0.4434 auc=0.8316 thr=0.591
  [Metrics] AUC:0.832 F1:0.895 SENS:0.895 SPEC:0.600 | COMPOSITE:0.8347 EMA:0.3226
    ★ SAVED DUAL-PASS (SENS=0.895≥0.8 SPEC=0.600≥0.5 | comp=0.8347)
[segformer3d | fold 5 | epoch 012] train=0.4509 val_loss=0.4412 auc=0.8632 thr=0.595
  [Metrics] AUC:0.863 F1:0.895 SENS:0.895 SPEC:0.600 | COMPOSITE:0.8426 EMA:0.4786
    ★ SAVED DUAL-PASS (SENS=0.895≥0.8 SPEC=0.600≥0.5 | comp=0.8426)
[segformer3d | fold 5 | epoch 013] train=0.4585 val_loss=0.4338 auc=0.7368 thr=0.618
  [Metrics] AUC:0.737 F1:0.895 SENS:0.895 SPEC:0.600 | COMPOSITE:0.8111 EMA:0.5784
    ★ SAVED DUAL-PASS (SENS=0.895≥0.8 SPEC=0.600≥0.5 | comp=0.8111)
[segformer3d | fold 5 | epoch 014] train=0.3629 val_loss=0.4531 auc=0.7684 thr=0.594
  [Metrics] AUC:0.768 F1:0.895 SENS:0.895 SPEC:0.600 | COMPOSITE:0.8189 EMA:0.6505
    ★ SAVED DUAL-PASS (SENS=0.895≥0.8 SPEC=0.600≥0.5 | comp=0.8189)
[segformer3d | fold 5 | epoch 015] train=0.3759 val_loss=0.3897 auc=0.8000 thr=0.602
  [Metrics] AUC:0.800 F1:0.923 SENS:0.947 SPEC:0.600 | COMPOSITE:0.8523 EMA:0.7111
    ★ SAVED DUAL-PASS (SENS=0.947≥0.8 SPEC=0.600≥0.5 | comp=0.8523)
[segformer3d | fold 5 | epoch 016] train=0.3518 val_loss=0.4652 auc=0.6737 thr=0.625
  [Metrics] AUC:0.674 F1:0.872 SENS:0.895 SPEC:0.400 | COMPOSITE:0.7595 EMA:0.1256
[segformer3d | fold 5 | epoch 017] train=0.3467 val_loss=0.4064 auc=0.7684 thr=0.615
  [Metrics] AUC:0.768 F1:0.895 SENS:0.895 SPEC:0.600 | COMPOSITE:0.8189 EMA:0.3336
[segformer3d | fold 5 | epoch 018] train=0.3770 val_loss=0.4062 auc=0.7789 thr=0.611
  [Metrics] AUC:0.779 F1:0.895 SENS:0.895 SPEC:0.600 | COMPOSITE:0.8216 EMA:0.4800
[segformer3d | fold 5 | epoch 019] train=0.3805 val_loss=0.3912 auc=0.6737 thr=0.707
  [Metrics] AUC:0.674 F1:0.872 SENS:0.895 SPEC:0.400 | COMPOSITE:0.7595 EMA:-0.0361
[segformer3d | fold 5 | epoch 020] train=0.3685 val_loss=0.3920 auc=0.7053 thr=0.693
  [Metrics] AUC:0.705 F1:0.865 SENS:0.842 SPEC:0.600 | COMPOSITE:0.7773 EMA:0.2079
[segformer3d | fold 5 | epoch 021] train=0.3715 val_loss=0.3672 auc=0.7579 thr=0.669
  [Metrics] AUC:0.758 F1:0.895 SENS:0.895 SPEC:0.600 | COMPOSITE:0.8163 EMA:0.3904
[segformer3d | fold 5 | epoch 022] train=0.3597 val_loss=0.3334 auc=0.8421 thr=0.628
  [Metrics] AUC:0.842 F1:0.923 SENS:0.947 SPEC:0.600 | COMPOSITE:0.8629 EMA:0.5322
[segformer3d | fold 5 | epoch 023] train=0.3374 val_loss=0.4289 auc=0.7263 thr=0.636
  [Metrics] AUC:0.726 F1:0.865 SENS:0.842 SPEC:0.600 | COMPOSITE:0.7825 EMA:0.6073
[segformer3d | fold 5 | epoch 024] train=0.3732 val_loss=0.3967 auc=0.6947 thr=0.660
  [Metrics] AUC:0.695 F1:0.872 SENS:0.895 SPEC:0.400 | COMPOSITE:0.7648 EMA:0.0545
[segformer3d | fold 5 | epoch 025] train=0.3254 val_loss=0.3910 auc=0.7474 thr=0.688
  [Metrics] AUC:0.747 F1:0.865 SENS:0.842 SPEC:0.600 | COMPOSITE:0.7878 EMA:0.2745
[segformer3d | fold 5 | epoch 026] train=0.3479 val_loss=0.3760 auc=0.8316 thr=0.665
  [Metrics] AUC:0.832 F1:0.895 SENS:0.895 SPEC:0.600 | COMPOSITE:0.8347 EMA:0.4426
[segformer3d | fold 5 | epoch 027] train=0.3708 val_loss=0.3933 auc=0.6737 thr=0.670
  [Metrics] AUC:0.674 F1:0.872 SENS:0.895 SPEC:0.400 | COMPOSITE:0.7595 EMA:-0.0623
[segformer3d | fold 5 | epoch 028] train=0.3720 val_loss=0.3852 auc=0.7158 thr=0.656
  [Metrics] AUC:0.716 F1:0.872 SENS:0.895 SPEC:0.400 | COMPOSITE:0.7701 EMA:-0.4126
[segformer3d | fold 5 | epoch 029] train=0.3058 val_loss=0.3868 auc=0.8000 thr=0.648
  [Metrics] AUC:0.800 F1:0.895 SENS:0.895 SPEC:0.600 | COMPOSITE:0.8268 EMA:-0.0408
[segformer3d | fold 5 | epoch 030] train=0.3698 val_loss=0.4325 auc=0.5684 thr=0.656
  [Metrics] AUC:0.568 F1:0.872 SENS:0.895 SPEC:0.400 | COMPOSITE:0.7332 EMA:-0.4086
[segformer3d | fold 5 | epoch 031] train=0.3115 val_loss=0.4192 auc=0.5895 thr=0.658
  [Metrics] AUC:0.589 F1:0.872 SENS:0.895 SPEC:0.400 | COMPOSITE:0.7385 EMA:-0.6645
[segformer3d | fold 5 | epoch 032] train=0.3125 val_loss=0.4323 auc=0.5789 thr=0.607
  [Metrics] AUC:0.579 F1:0.872 SENS:0.895 SPEC:0.400 | COMPOSITE:0.7358 EMA:-0.8444
[segformer3d | fold 5 | epoch 033] train=0.4090 val_loss=0.4691 auc=0.4842 thr=0.684
  [Metrics] AUC:0.484 F1:0.842 SENS:0.842 SPEC:0.400 | COMPOSITE:0.6863 EMA:-0.9852
[segformer3d | fold 5 | epoch 034] train=0.3210 val_loss=0.4156 auc=0.6000 thr=0.664
  [Metrics] AUC:0.600 F1:0.872 SENS:0.895 SPEC:0.400 | COMPOSITE:0.7411 EMA:-1.0673
[segformer3d | fold 5 | epoch 035] train=0.3805 val_loss=0.4427 auc=0.5158 thr=0.672
  [Metrics] AUC:0.516 F1:0.872 SENS:0.895 SPEC:0.400 | COMPOSITE:0.7201 EMA:-1.1311
[segformer3d | fold 5 | epoch 036] train=0.3455 val_loss=0.4588 auc=0.4947 thr=0.661
  [Metrics] AUC:0.495 F1:0.842 SENS:0.842 SPEC:0.400 | COMPOSITE:0.6889 EMA:-1.1851
[segformer3d | fold 5 | epoch 037] train=0.3879 val_loss=0.3973 auc=0.6000 thr=0.645
  [Metrics] AUC:0.600 F1:0.872 SENS:0.895 SPEC:0.400 | COMPOSITE:0.7411 EMA:-1.2072
[segformer3d | fold 5 | epoch 038] train=0.3311 val_loss=0.4761 auc=0.5368 thr=0.608
  [Metrics] AUC:0.537 F1:0.872 SENS:0.895 SPEC:0.400 | COMPOSITE:0.7253 EMA:-1.2275
[segformer3d | fold 5 | epoch 039] train=0.3427 val_loss=0.4452 auc=0.5474 thr=0.648
  [Metrics] AUC:0.547 F1:0.872 SENS:0.895 SPEC:0.400 | COMPOSITE:0.7279 EMA:-1.2408
[segformer3d | fold 5 | epoch 040] train=0.3355 val_loss=0.5005 auc=0.4632 thr=0.606
  [Metrics] AUC:0.463 F1:0.872 SENS:0.895 SPEC:0.400 | COMPOSITE:0.7069 EMA:-1.2565
[segformer3d | fold 5 | epoch 041] train=0.3502 val_loss=0.4355 auc=0.5789 thr=0.672
  [Metrics] AUC:0.579 F1:0.872 SENS:0.895 SPEC:0.400 | COMPOSITE:0.7358 EMA:-1.2588
[segformer3d | fold 5 | epoch 042] train=0.3567 val_loss=0.4181 auc=0.5368 thr=0.682
  [Metrics] AUC:0.537 F1:0.872 SENS:0.895 SPEC:0.400 | COMPOSITE:0.7253 EMA:-1.2636
[segformer3d | fold 5 | epoch 043] train=0.3826 val_loss=0.4188 auc=0.6000 thr=0.682
  [Metrics] AUC:0.600 F1:0.872 SENS:0.895 SPEC:0.400 | COMPOSITE:0.7411 EMA:-1.2622
[segformer3d | fold 5 | epoch 044] train=0.3617 val_loss=0.4400 auc=0.5684 thr=0.650
  [Metrics] AUC:0.568 F1:0.872 SENS:0.895 SPEC:0.400 | COMPOSITE:0.7332 EMA:-1.2636
[segformer3d | fold 5 | epoch 045] train=0.3355 val_loss=0.4133 auc=0.6105 thr=0.666
  [Metrics] AUC:0.611 F1:0.872 SENS:0.895 SPEC:0.400 | COMPOSITE:0.7437 EMA:-1.2614
[segformer3d | fold 5 | epoch 046] train=0.3499 val_loss=0.4352 auc=0.6105 thr=0.705
  [Metrics] AUC:0.611 F1:0.865 SENS:0.842 SPEC:0.600 | COMPOSITE:0.7536 EMA:-0.6569
[segformer3d | fold 5 | epoch 047] train=0.3456 val_loss=0.4407 auc=0.5158 thr=0.677
  [Metrics] AUC:0.516 F1:0.872 SENS:0.895 SPEC:0.400 | COMPOSITE:0.7201 EMA:-0.8438
[segformer3d | fold 5 | epoch 048] train=0.3119 val_loss=0.4107 auc=0.6105 thr=0.666
  [Metrics] AUC:0.611 F1:0.872 SENS:0.895 SPEC:0.400 | COMPOSITE:0.7437 EMA:-0.9675
[segformer3d | fold 5 | epoch 049] train=0.3513 val_loss=0.4315 auc=0.6316 thr=0.670
  [Metrics] AUC:0.632 F1:0.872 SENS:0.895 SPEC:0.400 | COMPOSITE:0.7490 EMA:-1.0526
[segformer3d | fold 5 | epoch 050] train=0.3795 val_loss=0.4096 auc=0.6737 thr=0.681
  [Metrics] AUC:0.674 F1:0.865 SENS:0.842 SPEC:0.600 | COMPOSITE:0.7694 EMA:-0.5060
[segformer3d | fold 5 | epoch 051] train=0.3569 val_loss=0.4397 auc=0.5895 thr=0.632
  [Metrics] AUC:0.589 F1:0.872 SENS:0.895 SPEC:0.400 | COMPOSITE:0.7385 EMA:-0.7327
[segformer3d | fold 5 | epoch 052] train=0.3337 val_loss=0.3782 auc=0.6947 thr=0.689
  [Metrics] AUC:0.695 F1:0.872 SENS:0.895 SPEC:0.400 | COMPOSITE:0.7648 EMA:-0.8834
[segformer3d | fold 5 | epoch 053] train=0.3608 val_loss=0.4337 auc=0.5579 thr=0.660
  [Metrics] AUC:0.558 F1:0.872 SENS:0.895 SPEC:0.400 | COMPOSITE:0.7306 EMA:-0.9992
[segformer3d | fold 5 | epoch 054] train=0.3497 val_loss=0.4133 auc=0.6526 thr=0.699
  [Metrics] AUC:0.653 F1:0.865 SENS:0.842 SPEC:0.600 | COMPOSITE:0.7641 EMA:-0.4702
[segformer3d | fold 5 | epoch 055] train=0.3729 val_loss=0.3971 auc=0.6842 thr=0.716
  [Metrics] AUC:0.684 F1:0.865 SENS:0.842 SPEC:0.600 | COMPOSITE:0.7720 EMA:-0.0976
[segformer3d | fold 5 | epoch 056] train=0.3315 val_loss=0.4219 auc=0.6526 thr=0.719
  [Metrics] AUC:0.653 F1:0.865 SENS:0.842 SPEC:0.600 | COMPOSITE:0.7641 EMA:0.1609
[segformer3d | fold 5 | epoch 057] train=0.3576 val_loss=0.3369 auc=0.8211 thr=0.662
  [Metrics] AUC:0.821 F1:0.895 SENS:0.895 SPEC:0.600 | COMPOSITE:0.8321 EMA:0.3623
[segformer3d | fold 5 | epoch 058] train=0.3708 val_loss=0.4043 auc=0.7053 thr=0.717
  [Metrics] AUC:0.705 F1:0.865 SENS:0.842 SPEC:0.600 | COMPOSITE:0.7773 EMA:0.4868
[segformer3d | fold 5 | epoch 059] train=0.3393 val_loss=0.3455 auc=0.8316 thr=0.661
  [Metrics] AUC:0.832 F1:0.895 SENS:0.895 SPEC:0.600 | COMPOSITE:0.8347 EMA:0.5912
[segformer3d | fold 5 | epoch 060] train=0.3655 val_loss=0.4277 auc=0.6632 thr=0.665
  [Metrics] AUC:0.663 F1:0.865 SENS:0.842 SPEC:0.600 | COMPOSITE:0.7667 EMA:0.6438
[segformer3d | fold 5 | epoch 061] train=0.3322 val_loss=0.4087 auc=0.7579 thr=0.642
  [Metrics] AUC:0.758 F1:0.895 SENS:0.895 SPEC:0.600 | COMPOSITE:0.8163 EMA:0.6956
[segformer3d | fold 5 | epoch 062] train=0.3283 val_loss=0.3673 auc=0.7579 thr=0.740
  [Metrics] AUC:0.758 F1:0.889 SENS:0.842 SPEC:0.800 | COMPOSITE:0.8264 EMA:0.7348
    ★ SAVED DUAL-PASS (SENS=0.842≥0.8 SPEC=0.800≥0.5 | comp=0.8264)
[segformer3d | fold 5 | epoch 063] train=0.3833 val_loss=0.3779 auc=0.7158 thr=0.704
  [Metrics] AUC:0.716 F1:0.865 SENS:0.842 SPEC:0.600 | COMPOSITE:0.7799 EMA:0.7484
    ★ SAVED DUAL-PASS (SENS=0.842≥0.8 SPEC=0.600≥0.5 | comp=0.7799)
[segformer3d | fold 5 | epoch 064] train=0.3493 val_loss=0.3721 auc=0.6947 thr=0.728
  [Metrics] AUC:0.695 F1:0.865 SENS:0.842 SPEC:0.600 | COMPOSITE:0.7746 EMA:0.7562
    ★ SAVED DUAL-PASS (SENS=0.842≥0.8 SPEC=0.600≥0.5 | comp=0.7746)
[segformer3d | fold 5 | epoch 065] train=0.3576 val_loss=0.4018 auc=0.6737 thr=0.638
  [Metrics] AUC:0.674 F1:0.872 SENS:0.895 SPEC:0.400 | COMPOSITE:0.7595 EMA:0.1572
[segformer3d | fold 5 | epoch 066] train=0.3274 val_loss=0.3871 auc=0.7684 thr=0.636
  [Metrics] AUC:0.768 F1:0.895 SENS:0.895 SPEC:0.600 | COMPOSITE:0.8189 EMA:0.3557
[segformer3d | fold 5 | epoch 067] train=0.3518 val_loss=0.3953 auc=0.7158 thr=0.704
  [Metrics] AUC:0.716 F1:0.889 SENS:0.842 SPEC:0.800 | COMPOSITE:0.8159 EMA:0.4938
[segformer3d | fold 5 | epoch 068] train=0.3156 val_loss=0.4428 auc=0.6737 thr=0.671
  [Metrics] AUC:0.674 F1:0.865 SENS:0.842 SPEC:0.600 | COMPOSITE:0.7694 EMA:0.5765
[segformer3d | fold 5 | epoch 069] train=0.3522 val_loss=0.4200 auc=0.6842 thr=0.683
  [Metrics] AUC:0.684 F1:0.865 SENS:0.842 SPEC:0.600 | COMPOSITE:0.7720 EMA:0.6351
[segformer3d | fold 5 | epoch 070] train=0.3672 val_loss=0.3942 auc=0.6632 thr=0.635
  [Metrics] AUC:0.663 F1:0.872 SENS:0.895 SPEC:0.400 | COMPOSITE:0.7569 EMA:0.0717
[segformer3d | fold 5 | epoch 071] train=0.3140 val_loss=0.3873 auc=0.6737 thr=0.733
  [Metrics] AUC:0.674 F1:0.865 SENS:0.842 SPEC:0.600 | COMPOSITE:0.7694 EMA:0.2810
[segformer3d | fold 5 | epoch 072] train=0.3244 val_loss=0.3779 auc=0.7579 thr=0.657
  [Metrics] AUC:0.758 F1:0.895 SENS:0.895 SPEC:0.600 | COMPOSITE:0.8163 EMA:0.4416
[segformer3d | fold 5 | epoch 073] train=0.3485 val_loss=0.3841 auc=0.7158 thr=0.596
  [Metrics] AUC:0.716 F1:0.900 SENS:0.947 SPEC:0.400 | COMPOSITE:0.7955 EMA:-0.0522
[segformer3d | fold 5 | epoch 074] train=0.3614 val_loss=0.4135 auc=0.6737 thr=0.651
  [Metrics] AUC:0.674 F1:0.872 SENS:0.895 SPEC:0.400 | COMPOSITE:0.7595 EMA:-0.4087
[segformer3d | fold 5 | epoch 075] train=0.3426 val_loss=0.3908 auc=0.7474 thr=0.642
  [Metrics] AUC:0.747 F1:0.895 SENS:0.895 SPEC:0.600 | COMPOSITE:0.8137 EMA:-0.0420
[segformer3d | fold 5 | epoch 076] train=0.3179 val_loss=0.4387 auc=0.5368 thr=0.617
  [Metrics] AUC:0.537 F1:0.872 SENS:0.895 SPEC:0.400 | COMPOSITE:0.7253 EMA:-0.4118
[segformer3d | fold 5 | epoch 077] train=0.3683 val_loss=0.4094 auc=0.6526 thr=0.668
  [Metrics] AUC:0.653 F1:0.872 SENS:0.895 SPEC:0.400 | COMPOSITE:0.7543 EMA:-0.6620
[segformer3d | fold 5 | epoch 078] train=0.3391 val_loss=0.3618 auc=0.7368 thr=0.588
  [Metrics] AUC:0.737 F1:0.900 SENS:0.947 SPEC:0.400 | COMPOSITE:0.8008 EMA:-0.8231
[segformer3d | fold 5 | epoch 079] train=0.3460 val_loss=0.4198 auc=0.6211 thr=0.652
  [Metrics] AUC:0.621 F1:0.872 SENS:0.895 SPEC:0.400 | COMPOSITE:0.7464 EMA:-0.9523
[segformer3d | fold 5 | epoch 080] train=0.3928 val_loss=0.4166 auc=0.6526 thr=0.640
  [Metrics] AUC:0.653 F1:0.872 SENS:0.895 SPEC:0.400 | COMPOSITE:0.7543 EMA:-1.0403
[segformer3d | fold 5 | epoch 081] train=0.3776 val_loss=0.4163 auc=0.5895 thr=0.699
  [Metrics] AUC:0.589 F1:0.872 SENS:0.895 SPEC:0.400 | COMPOSITE:0.7385 EMA:-1.1067
[segformer3d | fold 5 | epoch 082] train=0.3449 val_loss=0.4265 auc=0.6105 thr=0.679
  [Metrics] AUC:0.611 F1:0.872 SENS:0.895 SPEC:0.400 | COMPOSITE:0.7437 EMA:-1.1516
[segformer3d | fold 5 | epoch 083] train=0.3373 val_loss=0.3866 auc=0.7158 thr=0.697
  [Metrics] AUC:0.716 F1:0.865 SENS:0.842 SPEC:0.600 | COMPOSITE:0.7799 EMA:-0.5721
[segformer3d | fold 5 | epoch 084] train=0.3489 val_loss=0.4185 auc=0.6632 thr=0.629
  [Metrics] AUC:0.663 F1:0.872 SENS:0.895 SPEC:0.400 | COMPOSITE:0.7569 EMA:-0.7734
[segformer3d | fold 5 | epoch 085] train=0.3557 val_loss=0.4436 auc=0.5579 thr=0.626
  [Metrics] AUC:0.558 F1:0.872 SENS:0.895 SPEC:0.400 | COMPOSITE:0.7306 EMA:-0.9222
[segformer3d | fold 5 | epoch 086] train=0.3640 val_loss=0.4407 auc=0.6000 thr=0.674
  [Metrics] AUC:0.600 F1:0.872 SENS:0.895 SPEC:0.400 | COMPOSITE:0.7411 EMA:-1.0232
[segformer3d | fold 5 | epoch 087] train=0.2921 val_loss=0.4006 auc=0.6947 thr=0.698
  [Metrics] AUC:0.695 F1:0.895 SENS:0.895 SPEC:0.600 | COMPOSITE:0.8005 EMA:-0.4761
[segformer3d | fold 5 | epoch 088] train=0.3195 val_loss=0.4277 auc=0.6526 thr=0.642
  [Metrics] AUC:0.653 F1:0.872 SENS:0.895 SPEC:0.400 | COMPOSITE:0.7543 EMA:-0.7070
[segformer3d | fold 5 | epoch 089] train=0.3242 val_loss=0.4128 auc=0.6000 thr=0.650
  [Metrics] AUC:0.600 F1:0.872 SENS:0.895 SPEC:0.400 | COMPOSITE:0.7411 EMA:-0.8726
  Early stopping @ epoch 89 (best EMA score=0.7562)
  SWA model finalize ediliyor...
  SWA val COMPOSITE: 0.7843 | Best EMA COMPOSITE: 0.7562
  SWA model kaydedildi (genelleme için tercih edildi, tek-epoch gürültüsüne karşı daha kararlı).

=================================================================
  SegFormer3D Fold 5  |  Threshold: Youden 0.695
=================================================================
  Metrik                Değer                   95% CI
  -------------------------------------------------------
  AUC-ROC               0.695          [0.326 - 0.958]
  AUC-PR                0.864                        -
  Sensitivity           0.789          [0.600 - 0.950]
  Specificity           0.800          [0.333 - 1.000]
  PPV                   0.937          [0.789 - 1.000]
  NPV                   0.500          [0.161 - 0.875]
  Accuracy              0.792          [0.625 - 0.917]
  F1-Score              0.857          [0.710 - 0.955]
  Composite             0.784                        -

  CM: TP=15 FP=1 FN=4 TN=4
  Toplam Hata: 5/24
=================================================================

AGGREGATE OOF (5-Fold Cross-Validation):

=================================================================
  SegFormer3D Aggregate OOF  |  Threshold: Youden 0.695
=================================================================
  Metrik                Değer                   95% CI
  -------------------------------------------------------
  AUC-ROC               0.692          [0.573 - 0.807]
  AUC-PR                0.905                        -
  Sensitivity           0.622          [0.525 - 0.717]
  Specificity           0.818          [0.647 - 0.958]
  PPV                   0.938          [0.875 - 0.986]
  NPV                   0.327          [0.206 - 0.463]
  Accuracy              0.658          [0.575 - 0.742]
  F1-Score              0.748          [0.671 - 0.819]
  Composite             0.701                        -

  CM: TP=61 FP=4 FN=37 TN=18
  Toplam Hata: 41/120
=================================================================

SegFormer3D-MSCA — Kalibrasyon: Brier=0.1518 | ECE=0.1732

SegFormer3D-MSCA — EXTERNAL TEST (ALL FOLDS + ENSEMBLE):
               fold  auc_roc  sensitivity  specificity  accuracy    f1   ppv   npv  tp  fp  fn  tn
             Fold 1    0.874        0.789          1.0     0.833 0.882 1.000 0.556  15   0   4   5
             Fold 2    0.758        0.737          0.8     0.750 0.824 0.933 0.444  14   1   5   4
             Fold 3    0.674        0.895          0.6     0.833 0.895 0.895 0.600  17   2   2   3
             Fold 4    0.653        0.895          0.6     0.833 0.895 0.895 0.600  17   2   2   3
             Fold 5    0.874        0.789          1.0     0.833 0.882 1.000 0.556  15   0   4   5
    Ensemble (@0.5)    0.821        1.000          0.0     0.792 0.884 0.792 0.000  19   5   0   0
 Ensemble (@Youden)    0.821        0.789          0.8     0.792 0.857 0.937 0.500  15   1   4   4
Ensemble (90+ Sens)    0.821        1.000          0.2     0.833 0.905 0.826 1.000  19   4   0   1

SegFormer3D-MSCA — ENSEMBLE @Youden (0.684) — %95 Bootstrap CI:

=================================================================
  SegFormer3D-MSCA  |  Threshold: Youden 0.684
=================================================================
  Metrik                Değer                   95% CI
  -------------------------------------------------------
  AUC-ROC               0.821          [0.591 - 0.989]
  AUC-PR                0.951                        -
  Sensitivity           0.789          [0.600 - 0.950]
  Specificity           0.800          [0.333 - 1.000]
  PPV                   0.937          [0.786 - 1.000]
  NPV                   0.500          [0.143 - 0.857]
  Accuracy              0.792          [0.625 - 0.958]
  F1-Score              0.857          [0.710 - 0.970]
  Composite             0.816                        -

  CM: TP=15 FP=1 FN=4 TN=4
  Toplam Hata: 5/24
=================================================================

SegFormer3D-MSCA — ENSEMBLE @90%+ Sensitivity (0.564) — %95 Bootstrap CI:

=================================================================
  SegFormer3D-MSCA  |  Threshold: 90+Sens 0.564
=================================================================
  Metrik                Değer                   95% CI
  -------------------------------------------------------
  AUC-ROC               0.821          [0.591 - 0.989]
  AUC-PR                0.951                        -
  Sensitivity           1.000          [1.000 - 1.000]
  Specificity           0.200          [0.000 - 0.667]
  PPV                   0.826          [0.652 - 0.957]
  NPV                   1.000          [0.000 - 1.000]
  Accuracy              0.833          [0.667 - 0.958]
  F1-Score              0.905          [0.789 - 0.978]
  Composite             0.811                        -

  CM: TP=19 FP=4 FN=0 TN=1
  Toplam Hata: 4/24
=================================================================
