shared_utils.py yüklendi. [Q1 | Sensitivity-First | TTA | ClinicalFocalLoss]
================================================================================
SwinUNETR Linear Probe — 37 external test hasta
Backbone: DONDURULMUŞ | Head: ~50K param | LR: 0.001
================================================================================

======================================================================
FOLD 1/5
======================================================================
  [Fold 1] class_counts=[85 79] | backbone dondurulmuş (~50K param)
  Pretrained: 126 katman yüklendi, 33 atlandı.
  Eğitilebilir: 74,402 / 62,261,698 param (0.1%)
    [Prob] min=0.468 max=0.496 | TP=16 FP=19 FN=4 TN=2
[lp | fold 1 | epoch 001] train=0.4665 val=0.4640 auc=0.3905 thr=0.476
  [Metrics] AUC:0.390 F1:0.582 SENS:0.800 SPEC:0.095 | COMPOSITE:0.5374
    ☆ SAVED FALLBACK (SENS=0.800 SPEC=0.095 | comp=0.5374)
    [Prob] min=0.549 max=0.642 | TP=17 FP=18 FN=3 TN=3
[lp | fold 1 | epoch 002] train=0.4382 val=0.4379 auc=0.5643 thr=0.566
  [Metrics] AUC:0.564 F1:0.618 SENS:0.850 SPEC:0.143 | COMPOSITE:0.6145
    ☆ SAVED FALLBACK (SENS=0.850 SPEC=0.143 | comp=0.6145)
    [Prob] min=0.393 max=0.670 | TP=17 FP=16 FN=3 TN=5
[lp | fold 1 | epoch 003] train=0.4319 val=0.4489 auc=0.5881 thr=0.447
  [Metrics] AUC:0.588 F1:0.642 SENS:0.850 SPEC:0.238 | COMPOSITE:0.6406
    ☆ SAVED FALLBACK (SENS=0.850 SPEC=0.238 | comp=0.6406)
    [Prob] min=0.318 max=0.608 | TP=16 FP=14 FN=4 TN=7
[lp | fold 1 | epoch 004] train=0.4181 val=0.4857 auc=0.6167 thr=0.387
  [Metrics] AUC:0.617 F1:0.640 SENS:0.800 SPEC:0.333 | COMPOSITE:0.6442
    ☆ SAVED FALLBACK (SENS=0.800 SPEC=0.333 | comp=0.6442)
    [Prob] min=0.391 max=0.698 | TP=17 FP=16 FN=3 TN=5
[lp | fold 1 | epoch 005] train=0.4260 val=0.4423 auc=0.5952 thr=0.458
  [Metrics] AUC:0.595 F1:0.642 SENS:0.850 SPEC:0.238 | COMPOSITE:0.6424
    [Prob] min=0.377 max=0.637 | TP=16 FP=13 FN=4 TN=8
[lp | fold 1 | epoch 006] train=0.4128 val=0.4440 auc=0.6190 thr=0.454
  [Metrics] AUC:0.619 F1:0.653 SENS:0.800 SPEC:0.381 | COMPOSITE:0.6552
    ☆ SAVED FALLBACK (SENS=0.800 SPEC=0.381 | comp=0.6552)
    [Prob] min=0.305 max=0.664 | TP=18 FP=17 FN=2 TN=4
[lp | fold 1 | epoch 007] train=0.4189 val=0.4771 auc=0.6000 thr=0.372
  [Metrics] AUC:0.600 F1:0.655 SENS:0.900 SPEC:0.190 | COMPOSITE:0.6572
    ☆ SAVED FALLBACK (SENS=0.900 SPEC=0.190 | comp=0.6572)
    [Prob] min=0.296 max=0.618 | TP=16 FP=14 FN=4 TN=7
[lp | fold 1 | epoch 008] train=0.4342 val=0.4867 auc=0.6143 thr=0.368
  [Metrics] AUC:0.614 F1:0.640 SENS:0.800 SPEC:0.333 | COMPOSITE:0.6436
    [Prob] min=0.440 max=0.685 | TP=18 FP=17 FN=2 TN=4
[lp | fold 1 | epoch 009] train=0.4211 val=0.4361 auc=0.5976 thr=0.499
  [Metrics] AUC:0.598 F1:0.655 SENS:0.900 SPEC:0.190 | COMPOSITE:0.6566
    [Prob] min=0.278 max=0.678 | TP=16 FP=14 FN=4 TN=7
[lp | fold 1 | epoch 010] train=0.3931 val=0.4950 auc=0.6214 thr=0.351
  [Metrics] AUC:0.621 F1:0.640 SENS:0.800 SPEC:0.333 | COMPOSITE:0.6454
    [Prob] min=0.285 max=0.694 | TP=16 FP=15 FN=4 TN=6
[lp | fold 1 | epoch 011] train=0.4042 val=0.4770 auc=0.6071 thr=0.381
  [Metrics] AUC:0.607 F1:0.627 SENS:0.800 SPEC:0.286 | COMPOSITE:0.6315
    [Prob] min=0.300 max=0.701 | TP=16 FP=10 FN=4 TN=11
[lp | fold 1 | epoch 012] train=0.3854 val=0.4404 auc=0.6452 thr=0.464
  [Metrics] AUC:0.645 F1:0.696 SENS:0.800 SPEC:0.524 | COMPOSITE:0.6938
    ★ SAVED DUAL-PASS (SENS=0.800≥0.8 SPEC=0.524≥0.5 | F1=0.696 | comp=0.6938)
    [Prob] min=0.250 max=0.724 | TP=16 FP=10 FN=4 TN=11
[lp | fold 1 | epoch 013] train=0.3968 val=0.4502 auc=0.6524 thr=0.464
  [Metrics] AUC:0.652 F1:0.696 SENS:0.800 SPEC:0.524 | COMPOSITE:0.6956
    ★ SAVED DUAL-PASS (SENS=0.800≥0.8 SPEC=0.524≥0.5 | F1=0.696 | comp=0.6956)
    [Prob] min=0.247 max=0.697 | TP=16 FP=9 FN=4 TN=12
[lp | fold 1 | epoch 014] train=0.3938 val=0.4644 auc=0.6619 thr=0.409
  [Metrics] AUC:0.662 F1:0.711 SENS:0.800 SPEC:0.571 | COMPOSITE:0.7090
    ★ SAVED DUAL-PASS (SENS=0.800≥0.8 SPEC=0.571≥0.5 | F1=0.711 | comp=0.7090)
    [Prob] min=0.568 max=0.826 | TP=17 FP=10 FN=3 TN=11
[lp | fold 1 | epoch 015] train=0.3847 val=0.5214 auc=0.6952 thr=0.716
  [Metrics] AUC:0.695 F1:0.723 SENS:0.850 SPEC:0.524 | COMPOSITE:0.7307
    ★ SAVED DUAL-PASS (SENS=0.850≥0.8 SPEC=0.524≥0.5 | F1=0.723 | comp=0.7307)
    [Prob] min=0.442 max=0.552 | TP=16 FP=9 FN=4 TN=12
[lp | fold 1 | epoch 016] train=0.5473 val=0.4445 auc=0.6548 thr=0.484
  [Metrics] AUC:0.655 F1:0.711 SENS:0.800 SPEC:0.571 | COMPOSITE:0.7072
    [Prob] min=0.408 max=0.625 | TP=16 FP=15 FN=4 TN=6
[lp | fold 1 | epoch 017] train=0.4262 val=0.4511 auc=0.5833 thr=0.486
  [Metrics] AUC:0.583 F1:0.627 SENS:0.800 SPEC:0.286 | COMPOSITE:0.6256
    [Prob] min=0.441 max=0.681 | TP=16 FP=13 FN=4 TN=8
[lp | fold 1 | epoch 018] train=0.4254 val=0.4416 auc=0.6000 thr=0.518
  [Metrics] AUC:0.600 F1:0.653 SENS:0.800 SPEC:0.381 | COMPOSITE:0.6504
    [Prob] min=0.404 max=0.696 | TP=18 FP=9 FN=2 TN=12
[lp | fold 1 | epoch 019] train=0.4131 val=0.4137 auc=0.6881 thr=0.525
  [Metrics] AUC:0.688 F1:0.766 SENS:0.900 SPEC:0.571 | COMPOSITE:0.7642
    ★ SAVED DUAL-PASS (SENS=0.900≥0.8 SPEC=0.571≥0.5 | F1=0.766 | comp=0.7642)
    [Prob] min=0.367 max=0.722 | TP=16 FP=8 FN=4 TN=13
[lp | fold 1 | epoch 020] train=0.4243 val=0.4193 auc=0.6690 thr=0.528
  [Metrics] AUC:0.669 F1:0.727 SENS:0.800 SPEC:0.619 | COMPOSITE:0.7219
    [Prob] min=0.324 max=0.695 | TP=17 FP=13 FN=3 TN=8
[lp | fold 1 | epoch 021] train=0.4037 val=0.4466 auc=0.6405 thr=0.425
  [Metrics] AUC:0.640 F1:0.680 SENS:0.850 SPEC:0.381 | COMPOSITE:0.6848
    [Prob] min=0.371 max=0.738 | TP=16 FP=13 FN=4 TN=8
[lp | fold 1 | epoch 022] train=0.3851 val=0.4405 auc=0.6310 thr=0.485
  [Metrics] AUC:0.631 F1:0.653 SENS:0.800 SPEC:0.381 | COMPOSITE:0.6581
    [Prob] min=0.278 max=0.732 | TP=16 FP=10 FN=4 TN=11
[lp | fold 1 | epoch 023] train=0.3899 val=0.4605 auc=0.6500 thr=0.418
  [Metrics] AUC:0.650 F1:0.696 SENS:0.800 SPEC:0.524 | COMPOSITE:0.6950
    [Prob] min=0.362 max=0.720 | TP=17 FP=10 FN=3 TN=11
[lp | fold 1 | epoch 024] train=0.3927 val=0.4278 auc=0.6762 thr=0.520
  [Metrics] AUC:0.676 F1:0.723 SENS:0.850 SPEC:0.524 | COMPOSITE:0.7260
    [Prob] min=0.300 max=0.614 | TP=16 FP=10 FN=4 TN=11
[lp | fold 1 | epoch 025] train=0.3991 val=0.4627 auc=0.6476 thr=0.419
  [Metrics] AUC:0.648 F1:0.696 SENS:0.800 SPEC:0.524 | COMPOSITE:0.6944
    [Prob] min=0.377 max=0.656 | TP=17 FP=10 FN=3 TN=11
[lp | fold 1 | epoch 026] train=0.4112 val=0.4265 auc=0.6714 thr=0.500
  [Metrics] AUC:0.671 F1:0.723 SENS:0.850 SPEC:0.524 | COMPOSITE:0.7248
    [Prob] min=0.280 max=0.670 | TP=16 FP=10 FN=4 TN=11
[lp | fold 1 | epoch 027] train=0.4007 val=0.4699 auc=0.6429 thr=0.416
  [Metrics] AUC:0.643 F1:0.696 SENS:0.800 SPEC:0.524 | COMPOSITE:0.6932
    [Prob] min=0.364 max=0.704 | TP=16 FP=10 FN=4 TN=11
[lp | fold 1 | epoch 028] train=0.3692 val=0.4378 auc=0.6643 thr=0.516
  [Metrics] AUC:0.664 F1:0.696 SENS:0.800 SPEC:0.524 | COMPOSITE:0.6986
    [Prob] min=0.280 max=0.696 | TP=16 FP=10 FN=4 TN=11
[lp | fold 1 | epoch 029] train=0.3871 val=0.4612 auc=0.6571 thr=0.445
  [Metrics] AUC:0.657 F1:0.696 SENS:0.800 SPEC:0.524 | COMPOSITE:0.6968
    [Prob] min=0.281 max=0.701 | TP=16 FP=8 FN=4 TN=13
[lp | fold 1 | epoch 030] train=0.3678 val=0.4368 auc=0.6881 thr=0.474
  [Metrics] AUC:0.688 F1:0.727 SENS:0.800 SPEC:0.619 | COMPOSITE:0.7267
    [Prob] min=0.220 max=0.700 | TP=16 FP=8 FN=4 TN=13
[lp | fold 1 | epoch 031] train=0.3726 val=0.4727 auc=0.6857 thr=0.409
  [Metrics] AUC:0.686 F1:0.727 SENS:0.800 SPEC:0.619 | COMPOSITE:0.7261
    [Prob] min=0.266 max=0.708 | TP=16 FP=9 FN=4 TN=12
[lp | fold 1 | epoch 032] train=0.3961 val=0.4587 auc=0.6714 thr=0.435
  [Metrics] AUC:0.671 F1:0.711 SENS:0.800 SPEC:0.571 | COMPOSITE:0.7113
    [Prob] min=0.375 max=0.697 | TP=16 FP=9 FN=4 TN=12
[lp | fold 1 | epoch 033] train=0.3855 val=0.4271 auc=0.6714 thr=0.523
  [Metrics] AUC:0.671 F1:0.711 SENS:0.800 SPEC:0.571 | COMPOSITE:0.7113
    [Prob] min=0.272 max=0.678 | TP=16 FP=9 FN=4 TN=12
[lp | fold 1 | epoch 034] train=0.3947 val=0.4740 auc=0.6476 thr=0.420
  [Metrics] AUC:0.648 F1:0.711 SENS:0.800 SPEC:0.571 | COMPOSITE:0.7054
    [Prob] min=0.354 max=0.681 | TP=16 FP=9 FN=4 TN=12
[lp | fold 1 | epoch 035] train=0.3900 val=0.4344 auc=0.6524 thr=0.493
  [Metrics] AUC:0.652 F1:0.711 SENS:0.800 SPEC:0.571 | COMPOSITE:0.7066
    [Prob] min=0.322 max=0.702 | TP=16 FP=9 FN=4 TN=12
[lp | fold 1 | epoch 036] train=0.3869 val=0.4284 auc=0.6786 thr=0.489
  [Metrics] AUC:0.679 F1:0.711 SENS:0.800 SPEC:0.571 | COMPOSITE:0.7131
    [Prob] min=0.211 max=0.666 | TP=16 FP=8 FN=4 TN=13
[lp | fold 1 | epoch 037] train=0.3860 val=0.4825 auc=0.6857 thr=0.381
  [Metrics] AUC:0.686 F1:0.727 SENS:0.800 SPEC:0.619 | COMPOSITE:0.7261
    [Prob] min=0.265 max=0.767 | TP=17 FP=8 FN=3 TN=13
[lp | fold 1 | epoch 038] train=0.3613 val=0.4206 auc=0.7048 thr=0.465
  [Metrics] AUC:0.705 F1:0.756 SENS:0.850 SPEC:0.619 | COMPOSITE:0.7554
    [Prob] min=0.239 max=0.736 | TP=18 FP=9 FN=2 TN=12
[lp | fold 1 | epoch 039] train=0.3820 val=0.4273 auc=0.7071 thr=0.401
  [Metrics] AUC:0.707 F1:0.766 SENS:0.900 SPEC:0.571 | COMPOSITE:0.7690
    ★ SAVED DUAL-PASS (SENS=0.900≥0.8 SPEC=0.571≥0.5 | F1=0.766 | comp=0.7690)
    [Prob] min=0.343 max=0.713 | TP=16 FP=8 FN=4 TN=13
[lp | fold 1 | epoch 040] train=0.4049 val=0.4211 auc=0.6810 thr=0.516
  [Metrics] AUC:0.681 F1:0.727 SENS:0.800 SPEC:0.619 | COMPOSITE:0.7249
    [Prob] min=0.277 max=0.681 | TP=16 FP=9 FN=4 TN=12
[lp | fold 1 | epoch 041] train=0.3789 val=0.4734 auc=0.6452 thr=0.427
  [Metrics] AUC:0.645 F1:0.711 SENS:0.800 SPEC:0.571 | COMPOSITE:0.7048
    [Prob] min=0.345 max=0.726 | TP=16 FP=8 FN=4 TN=13
[lp | fold 1 | epoch 042] train=0.3940 val=0.4199 auc=0.6786 thr=0.522
  [Metrics] AUC:0.679 F1:0.727 SENS:0.800 SPEC:0.619 | COMPOSITE:0.7243
    [Prob] min=0.294 max=0.712 | TP=16 FP=8 FN=4 TN=13
[lp | fold 1 | epoch 043] train=0.3827 val=0.4310 auc=0.6714 thr=0.475
  [Metrics] AUC:0.671 F1:0.727 SENS:0.800 SPEC:0.619 | COMPOSITE:0.7225
    [Prob] min=0.321 max=0.748 | TP=16 FP=8 FN=4 TN=13
[lp | fold 1 | epoch 044] train=0.4049 val=0.4322 auc=0.6619 thr=0.503
  [Metrics] AUC:0.662 F1:0.727 SENS:0.800 SPEC:0.619 | COMPOSITE:0.7202
    [Prob] min=0.334 max=0.696 | TP=16 FP=9 FN=4 TN=12
[lp | fold 1 | epoch 045] train=0.4205 val=0.4320 auc=0.6548 thr=0.477
  [Metrics] AUC:0.655 F1:0.711 SENS:0.800 SPEC:0.571 | COMPOSITE:0.7072
    [Prob] min=0.365 max=0.717 | TP=16 FP=8 FN=4 TN=13
[lp | fold 1 | epoch 046] train=0.3845 val=0.4172 auc=0.6714 thr=0.512
  [Metrics] AUC:0.671 F1:0.727 SENS:0.800 SPEC:0.619 | COMPOSITE:0.7225
    [Prob] min=0.318 max=0.690 | TP=17 FP=8 FN=3 TN=13
[lp | fold 1 | epoch 047] train=0.3904 val=0.4199 auc=0.6905 thr=0.455
  [Metrics] AUC:0.690 F1:0.756 SENS:0.850 SPEC:0.619 | COMPOSITE:0.7519
    [Prob] min=0.273 max=0.726 | TP=16 FP=8 FN=4 TN=13
[lp | fold 1 | epoch 048] train=0.3846 val=0.4414 auc=0.6738 thr=0.439
  [Metrics] AUC:0.674 F1:0.727 SENS:0.800 SPEC:0.619 | COMPOSITE:0.7231
    [Prob] min=0.350 max=0.768 | TP=16 FP=8 FN=4 TN=13
[lp | fold 1 | epoch 049] train=0.4204 val=0.4230 auc=0.6762 thr=0.531
  [Metrics] AUC:0.676 F1:0.727 SENS:0.800 SPEC:0.619 | COMPOSITE:0.7237
    [Prob] min=0.303 max=0.689 | TP=16 FP=9 FN=4 TN=12
[lp | fold 1 | epoch 050] train=0.3882 val=0.4428 auc=0.6595 thr=0.449
  [Metrics] AUC:0.660 F1:0.711 SENS:0.800 SPEC:0.571 | COMPOSITE:0.7084
    [Prob] min=0.294 max=0.754 | TP=16 FP=8 FN=4 TN=13
[lp | fold 1 | epoch 051] train=0.3690 val=0.4427 auc=0.6571 thr=0.476
  [Metrics] AUC:0.657 F1:0.727 SENS:0.800 SPEC:0.619 | COMPOSITE:0.7190
    [Prob] min=0.230 max=0.758 | TP=16 FP=8 FN=4 TN=13
[lp | fold 1 | epoch 052] train=0.3569 val=0.4716 auc=0.6571 thr=0.442
  [Metrics] AUC:0.657 F1:0.727 SENS:0.800 SPEC:0.619 | COMPOSITE:0.7190
    [Prob] min=0.279 max=0.750 | TP=16 FP=8 FN=4 TN=13
[lp | fold 1 | epoch 053] train=0.3866 val=0.4400 auc=0.6762 thr=0.490
  [Metrics] AUC:0.676 F1:0.727 SENS:0.800 SPEC:0.619 | COMPOSITE:0.7237
    [Prob] min=0.264 max=0.710 | TP=16 FP=8 FN=4 TN=13
[lp | fold 1 | epoch 054] train=0.3698 val=0.4448 auc=0.6738 thr=0.463
  [Metrics] AUC:0.674 F1:0.727 SENS:0.800 SPEC:0.619 | COMPOSITE:0.7231
    [Prob] min=0.282 max=0.774 | TP=16 FP=8 FN=4 TN=13
[lp | fold 1 | epoch 055] train=0.3640 val=0.4387 auc=0.6762 thr=0.520
  [Metrics] AUC:0.676 F1:0.727 SENS:0.800 SPEC:0.619 | COMPOSITE:0.7237
    [Prob] min=0.197 max=0.723 | TP=16 FP=8 FN=4 TN=13
[lp | fold 1 | epoch 056] train=0.3622 val=0.4798 auc=0.6643 thr=0.439
  [Metrics] AUC:0.664 F1:0.727 SENS:0.800 SPEC:0.619 | COMPOSITE:0.7207
    [Prob] min=0.259 max=0.740 | TP=16 FP=8 FN=4 TN=13
[lp | fold 1 | epoch 057] train=0.3874 val=0.4398 auc=0.6738 thr=0.488
  [Metrics] AUC:0.674 F1:0.727 SENS:0.800 SPEC:0.619 | COMPOSITE:0.7231
    [Prob] min=0.286 max=0.745 | TP=16 FP=8 FN=4 TN=13
[lp | fold 1 | epoch 058] train=0.3464 val=0.4202 auc=0.6976 thr=0.510
  [Metrics] AUC:0.698 F1:0.727 SENS:0.800 SPEC:0.619 | COMPOSITE:0.7291
    [Prob] min=0.278 max=0.738 | TP=16 FP=8 FN=4 TN=13
[lp | fold 1 | epoch 059] train=0.3579 val=0.4205 auc=0.6976 thr=0.499
  [Metrics] AUC:0.698 F1:0.727 SENS:0.800 SPEC:0.619 | COMPOSITE:0.7291
    [Prob] min=0.270 max=0.728 | TP=16 FP=8 FN=4 TN=13
[lp | fold 1 | epoch 060] train=0.3768 val=0.4270 auc=0.6976 thr=0.484
  [Metrics] AUC:0.698 F1:0.727 SENS:0.800 SPEC:0.619 | COMPOSITE:0.7291
    [Prob] min=0.272 max=0.733 | TP=16 FP=8 FN=4 TN=13
[lp | fold 1 | epoch 061] train=0.3634 val=0.4272 auc=0.6929 thr=0.488
  [Metrics] AUC:0.693 F1:0.727 SENS:0.800 SPEC:0.619 | COMPOSITE:0.7279
    [Prob] min=0.267 max=0.727 | TP=16 FP=8 FN=4 TN=13
[lp | fold 1 | epoch 062] train=0.3832 val=0.4332 auc=0.6857 thr=0.478
  [Metrics] AUC:0.686 F1:0.727 SENS:0.800 SPEC:0.619 | COMPOSITE:0.7261
    [Prob] min=0.276 max=0.730 | TP=16 FP=8 FN=4 TN=13
[lp | fold 1 | epoch 063] train=0.3801 val=0.4287 auc=0.6857 thr=0.489
  [Metrics] AUC:0.686 F1:0.727 SENS:0.800 SPEC:0.619 | COMPOSITE:0.7261
    [Prob] min=0.275 max=0.726 | TP=16 FP=8 FN=4 TN=13
[lp | fold 1 | epoch 064] train=0.3548 val=0.4313 auc=0.6857 thr=0.486
  [Metrics] AUC:0.686 F1:0.727 SENS:0.800 SPEC:0.619 | COMPOSITE:0.7261
  Early stopping @ epoch 64 | best_score=0.7690
  SWA finalize ediliyor...
  SWA composite: 0.7237 | Best regular: 0.7690

=================================================================
  SwinLP Fold 1  |  Threshold: Youden 0.401
=================================================================
  Metrik                Değer                   95% CI
  -------------------------------------------------------
  AUC-ROC               0.707          [0.532 - 0.862]
  AUC-PR                0.647                        -
  Sensitivity           0.900          [0.750 - 1.000]
  Specificity           0.571          [0.350 - 0.778]
  PPV                   0.667          [0.500 - 0.840]
  NPV                   0.857          [0.643 - 1.000]
  Accuracy              0.732          [0.585 - 0.854]
  F1-Score              0.766          [0.615 - 0.889]
  Composite             0.769                        -

  CM: TP=18 FP=9 FN=2 TN=12
  Toplam Hata: 11/41
=================================================================

======================================================================
FOLD 2/5
======================================================================
  [Fold 2] class_counts=[84 80] | backbone dondurulmuş (~50K param)
  Pretrained: 126 katman yüklendi, 33 atlandı.
  Eğitilebilir: 74,402 / 62,261,698 param (0.1%)
    [Prob] min=0.504 max=0.550 | TP=18 FP=20 FN=2 TN=3
[lp | fold 2 | epoch 001] train=0.4593 val=0.4311 auc=0.5587 thr=0.510
  [Metrics] AUC:0.559 F1:0.621 SENS:0.900 SPEC:0.130 | COMPOSITE:0.6294
    ☆ SAVED FALLBACK (SENS=0.900 SPEC=0.130 | comp=0.6294)
    [Prob] min=0.512 max=0.642 | TP=16 FP=16 FN=4 TN=7
[lp | fold 2 | epoch 002] train=0.4354 val=0.4235 auc=0.6239 thr=0.560
  [Metrics] AUC:0.624 F1:0.615 SENS:0.800 SPEC:0.304 | COMPOSITE:0.6355
    ☆ SAVED FALLBACK (SENS=0.800 SPEC=0.304 | comp=0.6355)
    [Prob] min=0.414 max=0.732 | TP=17 FP=15 FN=3 TN=8
[lp | fold 2 | epoch 003] train=0.4071 val=0.4333 auc=0.6065 thr=0.543
  [Metrics] AUC:0.607 F1:0.654 SENS:0.850 SPEC:0.348 | COMPOSITE:0.6648
    ☆ SAVED FALLBACK (SENS=0.850 SPEC=0.348 | comp=0.6648)
    [Prob] min=0.461 max=0.722 | TP=17 FP=15 FN=3 TN=8
[lp | fold 2 | epoch 004] train=0.4421 val=0.4299 auc=0.6130 thr=0.559
  [Metrics] AUC:0.613 F1:0.654 SENS:0.850 SPEC:0.348 | COMPOSITE:0.6664
    ☆ SAVED FALLBACK (SENS=0.850 SPEC=0.348 | comp=0.6664)
    [Prob] min=0.282 max=0.711 | TP=18 FP=15 FN=2 TN=8
[lp | fold 2 | epoch 005] train=0.4096 val=0.4437 auc=0.6152 thr=0.394
  [Metrics] AUC:0.615 F1:0.679 SENS:0.900 SPEC:0.348 | COMPOSITE:0.6908
    ☆ SAVED FALLBACK (SENS=0.900 SPEC=0.348 | comp=0.6908)
    [Prob] min=0.361 max=0.637 | TP=16 FP=14 FN=4 TN=9
[lp | fold 2 | epoch 006] train=0.4254 val=0.4202 auc=0.6239 thr=0.478
  [Metrics] AUC:0.624 F1:0.640 SENS:0.800 SPEC:0.391 | COMPOSITE:0.6547
    [Prob] min=0.548 max=0.739 | TP=18 FP=15 FN=2 TN=8
[lp | fold 2 | epoch 007] train=0.4122 val=0.4676 auc=0.6217 thr=0.642
  [Metrics] AUC:0.622 F1:0.679 SENS:0.900 SPEC:0.348 | COMPOSITE:0.6924
    ☆ SAVED FALLBACK (SENS=0.900 SPEC=0.348 | comp=0.6924)
    [Prob] min=0.426 max=0.687 | TP=18 FP=15 FN=2 TN=8
[lp | fold 2 | epoch 008] train=0.4310 val=0.4218 auc=0.6087 thr=0.545
  [Metrics] AUC:0.609 F1:0.679 SENS:0.900 SPEC:0.348 | COMPOSITE:0.6892
    [Prob] min=0.415 max=0.625 | TP=18 FP=15 FN=2 TN=8
[lp | fold 2 | epoch 009] train=0.4313 val=0.4161 auc=0.6065 thr=0.511
  [Metrics] AUC:0.607 F1:0.679 SENS:0.900 SPEC:0.348 | COMPOSITE:0.6886
    [Prob] min=0.416 max=0.651 | TP=18 FP=15 FN=2 TN=8
[lp | fold 2 | epoch 010] train=0.4068 val=0.4164 auc=0.6152 thr=0.528
  [Metrics] AUC:0.615 F1:0.679 SENS:0.900 SPEC:0.348 | COMPOSITE:0.6908
    [Prob] min=0.436 max=0.727 | TP=16 FP=14 FN=4 TN=9
[lp | fold 2 | epoch 011] train=0.4088 val=0.4354 auc=0.6326 thr=0.599
  [Metrics] AUC:0.633 F1:0.640 SENS:0.800 SPEC:0.391 | COMPOSITE:0.6568
    [Prob] min=0.385 max=0.720 | TP=16 FP=14 FN=4 TN=9
[lp | fold 2 | epoch 012] train=0.4054 val=0.4243 auc=0.6239 thr=0.568
  [Metrics] AUC:0.624 F1:0.640 SENS:0.800 SPEC:0.391 | COMPOSITE:0.6547
    [Prob] min=0.374 max=0.726 | TP=17 FP=14 FN=3 TN=9
[lp | fold 2 | epoch 013] train=0.4090 val=0.4246 auc=0.6239 thr=0.582
  [Metrics] AUC:0.624 F1:0.667 SENS:0.850 SPEC:0.391 | COMPOSITE:0.6788
    [Prob] min=0.389 max=0.672 | TP=17 FP=14 FN=3 TN=9
[lp | fold 2 | epoch 014] train=0.4056 val=0.4117 auc=0.6196 thr=0.545
  [Metrics] AUC:0.620 F1:0.667 SENS:0.850 SPEC:0.391 | COMPOSITE:0.6778
    [Prob] min=0.377 max=0.727 | TP=16 FP=13 FN=4 TN=10
[lp | fold 2 | epoch 015] train=0.4005 val=0.4283 auc=0.6261 thr=0.603
  [Metrics] AUC:0.626 F1:0.653 SENS:0.800 SPEC:0.435 | COMPOSITE:0.6650
    [Prob] min=0.290 max=0.657 | TP=17 FP=14 FN=3 TN=9
[lp | fold 2 | epoch 016] train=0.4134 val=0.4080 auc=0.6304 thr=0.476
  [Metrics] AUC:0.630 F1:0.667 SENS:0.850 SPEC:0.391 | COMPOSITE:0.6805
    [Prob] min=0.330 max=0.691 | TP=16 FP=13 FN=4 TN=10
[lp | fold 2 | epoch 017] train=0.4074 val=0.4097 auc=0.6261 thr=0.539
  [Metrics] AUC:0.626 F1:0.653 SENS:0.800 SPEC:0.435 | COMPOSITE:0.6650
    [Prob] min=0.340 max=0.708 | TP=16 FP=14 FN=4 TN=9
[lp | fold 2 | epoch 018] train=0.3866 val=0.4094 auc=0.6348 thr=0.546
  [Metrics] AUC:0.635 F1:0.640 SENS:0.800 SPEC:0.391 | COMPOSITE:0.6574
    [Prob] min=0.330 max=0.723 | TP=17 FP=14 FN=3 TN=9
[lp | fold 2 | epoch 019] train=0.3874 val=0.4101 auc=0.6652 thr=0.547
  [Metrics] AUC:0.665 F1:0.667 SENS:0.850 SPEC:0.391 | COMPOSITE:0.6892
    [Prob] min=0.293 max=0.760 | TP=17 FP=14 FN=3 TN=9
[lp | fold 2 | epoch 020] train=0.3870 val=0.4235 auc=0.6326 thr=0.568
  [Metrics] AUC:0.633 F1:0.667 SENS:0.850 SPEC:0.391 | COMPOSITE:0.6810
    [Prob] min=0.328 max=0.736 | TP=17 FP=14 FN=3 TN=9
[lp | fold 2 | epoch 021] train=0.3881 val=0.4234 auc=0.6283 thr=0.578
  [Metrics] AUC:0.628 F1:0.667 SENS:0.850 SPEC:0.391 | COMPOSITE:0.6799
    [Prob] min=0.335 max=0.750 | TP=16 FP=13 FN=4 TN=10
[lp | fold 2 | epoch 022] train=0.3981 val=0.4389 auc=0.6326 thr=0.631
  [Metrics] AUC:0.633 F1:0.653 SENS:0.800 SPEC:0.435 | COMPOSITE:0.6666
    [Prob] min=0.311 max=0.651 | TP=16 FP=13 FN=4 TN=10
[lp | fold 2 | epoch 023] train=0.3919 val=0.4041 auc=0.6717 thr=0.522
  [Metrics] AUC:0.672 F1:0.653 SENS:0.800 SPEC:0.435 | COMPOSITE:0.6764
    [Prob] min=0.295 max=0.705 | TP=17 FP=14 FN=3 TN=9
[lp | fold 2 | epoch 024] train=0.4055 val=0.4091 auc=0.6587 thr=0.561
  [Metrics] AUC:0.659 F1:0.667 SENS:0.850 SPEC:0.391 | COMPOSITE:0.6875
    [Prob] min=0.251 max=0.829 | TP=17 FP=14 FN=3 TN=9
[lp | fold 2 | epoch 025] train=0.3835 val=0.5033 auc=0.6304 thr=0.684
  [Metrics] AUC:0.630 F1:0.667 SENS:0.850 SPEC:0.391 | COMPOSITE:0.6805
    [Prob] min=0.200 max=0.715 | TP=17 FP=14 FN=3 TN=9
[lp | fold 2 | epoch 026] train=0.3790 val=0.4131 auc=0.6348 thr=0.515
  [Metrics] AUC:0.635 F1:0.667 SENS:0.850 SPEC:0.391 | COMPOSITE:0.6816
    [Prob] min=0.287 max=0.652 | TP=17 FP=14 FN=3 TN=9
[lp | fold 2 | epoch 027] train=0.4001 val=0.4056 auc=0.6565 thr=0.541
  [Metrics] AUC:0.657 F1:0.667 SENS:0.850 SPEC:0.391 | COMPOSITE:0.6870
    [Prob] min=0.304 max=0.711 | TP=17 FP=13 FN=3 TN=10
[lp | fold 2 | epoch 028] train=0.3896 val=0.4194 auc=0.6739 thr=0.608
  [Metrics] AUC:0.674 F1:0.680 SENS:0.850 SPEC:0.435 | COMPOSITE:0.7012
    ☆ SAVED FALLBACK (SENS=0.850 SPEC=0.435 | comp=0.7012)
    [Prob] min=0.130 max=0.668 | TP=17 FP=14 FN=3 TN=9
[lp | fold 2 | epoch 029] train=0.3830 val=0.4251 auc=0.6413 thr=0.417
  [Metrics] AUC:0.641 F1:0.667 SENS:0.850 SPEC:0.391 | COMPOSITE:0.6832
    [Prob] min=0.338 max=0.732 | TP=17 FP=13 FN=3 TN=10
[lp | fold 2 | epoch 030] train=0.4419 val=0.4315 auc=0.6696 thr=0.626
  [Metrics] AUC:0.670 F1:0.680 SENS:0.850 SPEC:0.435 | COMPOSITE:0.7001
    [Prob] min=0.285 max=0.644 | TP=17 FP=14 FN=3 TN=9
[lp | fold 2 | epoch 031] train=0.3887 val=0.4029 auc=0.6826 thr=0.516
  [Metrics] AUC:0.683 F1:0.667 SENS:0.850 SPEC:0.391 | COMPOSITE:0.6935
    [Prob] min=0.174 max=0.719 | TP=17 FP=13 FN=3 TN=10
[lp | fold 2 | epoch 032] train=0.3676 val=0.4069 auc=0.6674 thr=0.524
  [Metrics] AUC:0.667 F1:0.680 SENS:0.850 SPEC:0.435 | COMPOSITE:0.6996
    [Prob] min=0.209 max=0.786 | TP=16 FP=13 FN=4 TN=10
[lp | fold 2 | epoch 033] train=0.3848 val=0.4565 auc=0.6696 thr=0.652
  [Metrics] AUC:0.670 F1:0.653 SENS:0.800 SPEC:0.435 | COMPOSITE:0.6759
    [Prob] min=0.259 max=0.721 | TP=17 FP=14 FN=3 TN=9
[lp | fold 2 | epoch 034] train=0.4164 val=0.4132 auc=0.6717 thr=0.570
  [Metrics] AUC:0.672 F1:0.667 SENS:0.850 SPEC:0.391 | COMPOSITE:0.6908
    [Prob] min=0.215 max=0.682 | TP=16 FP=13 FN=4 TN=10
[lp | fold 2 | epoch 035] train=0.3919 val=0.3995 auc=0.6783 thr=0.518
  [Metrics] AUC:0.678 F1:0.653 SENS:0.800 SPEC:0.435 | COMPOSITE:0.6780
    [Prob] min=0.274 max=0.753 | TP=17 FP=13 FN=3 TN=10
[lp | fold 2 | epoch 036] train=0.3868 val=0.4363 auc=0.6587 thr=0.638
  [Metrics] AUC:0.659 F1:0.680 SENS:0.850 SPEC:0.435 | COMPOSITE:0.6974
    [Prob] min=0.170 max=0.703 | TP=17 FP=13 FN=3 TN=10
[lp | fold 2 | epoch 037] train=0.3669 val=0.3993 auc=0.6739 thr=0.507
  [Metrics] AUC:0.674 F1:0.680 SENS:0.850 SPEC:0.435 | COMPOSITE:0.7012
    [Prob] min=0.232 max=0.740 | TP=17 FP=14 FN=3 TN=9
[lp | fold 2 | epoch 038] train=0.3779 val=0.4142 auc=0.6696 thr=0.582
  [Metrics] AUC:0.670 F1:0.667 SENS:0.850 SPEC:0.391 | COMPOSITE:0.6903
    [Prob] min=0.223 max=0.732 | TP=17 FP=13 FN=3 TN=10
[lp | fold 2 | epoch 039] train=0.3649 val=0.4035 auc=0.6848 thr=0.546
  [Metrics] AUC:0.685 F1:0.680 SENS:0.850 SPEC:0.435 | COMPOSITE:0.7039
    ☆ SAVED FALLBACK (SENS=0.850 SPEC=0.435 | comp=0.7039)
    [Prob] min=0.245 max=0.726 | TP=16 FP=14 FN=4 TN=9
[lp | fold 2 | epoch 040] train=0.3802 val=0.4119 auc=0.6326 thr=0.576
  [Metrics] AUC:0.633 F1:0.640 SENS:0.800 SPEC:0.391 | COMPOSITE:0.6568
    [Prob] min=0.193 max=0.707 | TP=16 FP=13 FN=4 TN=10
[lp | fold 2 | epoch 041] train=0.3625 val=0.3976 auc=0.6804 thr=0.501
  [Metrics] AUC:0.680 F1:0.653 SENS:0.800 SPEC:0.435 | COMPOSITE:0.6786
    [Prob] min=0.176 max=0.737 | TP=16 FP=14 FN=4 TN=9
[lp | fold 2 | epoch 042] train=0.3663 val=0.4042 auc=0.6848 thr=0.553
  [Metrics] AUC:0.685 F1:0.640 SENS:0.800 SPEC:0.391 | COMPOSITE:0.6699
    [Prob] min=0.216 max=0.672 | TP=17 FP=14 FN=3 TN=9
[lp | fold 2 | epoch 043] train=0.3943 val=0.3951 auc=0.6826 thr=0.532
  [Metrics] AUC:0.683 F1:0.667 SENS:0.850 SPEC:0.391 | COMPOSITE:0.6935
    [Prob] min=0.281 max=0.721 | TP=17 FP=13 FN=3 TN=10
[lp | fold 2 | epoch 044] train=0.3850 val=0.4178 auc=0.6826 thr=0.611
  [Metrics] AUC:0.683 F1:0.680 SENS:0.850 SPEC:0.435 | COMPOSITE:0.7034
    [Prob] min=0.163 max=0.704 | TP=17 FP=13 FN=3 TN=10
[lp | fold 2 | epoch 045] train=0.3693 val=0.3989 auc=0.6565 thr=0.529
  [Metrics] AUC:0.657 F1:0.680 SENS:0.850 SPEC:0.435 | COMPOSITE:0.6968
    [Prob] min=0.125 max=0.762 | TP=17 FP=13 FN=3 TN=10
[lp | fold 2 | epoch 046] train=0.3691 val=0.4111 auc=0.6543 thr=0.557
  [Metrics] AUC:0.654 F1:0.680 SENS:0.850 SPEC:0.435 | COMPOSITE:0.6963
    [Prob] min=0.188 max=0.787 | TP=16 FP=12 FN=4 TN=11
[lp | fold 2 | epoch 047] train=0.3721 val=0.4463 auc=0.6870 thr=0.654
  [Metrics] AUC:0.687 F1:0.667 SENS:0.800 SPEC:0.478 | COMPOSITE:0.6901
    [Prob] min=0.166 max=0.681 | TP=17 FP=14 FN=3 TN=9
[lp | fold 2 | epoch 048] train=0.3941 val=0.3965 auc=0.6826 thr=0.491
  [Metrics] AUC:0.683 F1:0.667 SENS:0.850 SPEC:0.391 | COMPOSITE:0.6935
    [Prob] min=0.212 max=0.710 | TP=17 FP=14 FN=3 TN=9
[lp | fold 2 | epoch 049] train=0.3894 val=0.4033 auc=0.6826 thr=0.558
  [Metrics] AUC:0.683 F1:0.667 SENS:0.850 SPEC:0.391 | COMPOSITE:0.6935
    [Prob] min=0.198 max=0.741 | TP=17 FP=13 FN=3 TN=10
[lp | fold 2 | epoch 050] train=0.3720 val=0.4161 auc=0.6457 thr=0.595
  [Metrics] AUC:0.646 F1:0.680 SENS:0.850 SPEC:0.435 | COMPOSITE:0.6941
    [Prob] min=0.165 max=0.730 | TP=16 FP=13 FN=4 TN=10
[lp | fold 2 | epoch 051] train=0.3902 val=0.4081 auc=0.6261 thr=0.552
  [Metrics] AUC:0.626 F1:0.653 SENS:0.800 SPEC:0.435 | COMPOSITE:0.6650
    [Prob] min=0.201 max=0.746 | TP=16 FP=14 FN=4 TN=9
[lp | fold 2 | epoch 052] train=0.3725 val=0.4173 auc=0.6478 thr=0.605
  [Metrics] AUC:0.648 F1:0.640 SENS:0.800 SPEC:0.391 | COMPOSITE:0.6607
    [Prob] min=0.216 max=0.722 | TP=17 FP=14 FN=3 TN=9
[lp | fold 2 | epoch 053] train=0.3844 val=0.4045 auc=0.6652 thr=0.569
  [Metrics] AUC:0.665 F1:0.667 SENS:0.850 SPEC:0.391 | COMPOSITE:0.6892
    [Prob] min=0.196 max=0.715 | TP=17 FP=14 FN=3 TN=9
[lp | fold 2 | epoch 054] train=0.3691 val=0.3979 auc=0.6761 thr=0.550
  [Metrics] AUC:0.676 F1:0.667 SENS:0.850 SPEC:0.391 | COMPOSITE:0.6919
    [Prob] min=0.173 max=0.741 | TP=16 FP=14 FN=4 TN=9
[lp | fold 2 | epoch 055] train=0.3757 val=0.4021 auc=0.6630 thr=0.560
  [Metrics] AUC:0.663 F1:0.640 SENS:0.800 SPEC:0.391 | COMPOSITE:0.6645
    [Prob] min=0.222 max=0.756 | TP=16 FP=13 FN=4 TN=10
[lp | fold 2 | epoch 056] train=0.3926 val=0.4117 auc=0.6783 thr=0.598
  [Metrics] AUC:0.678 F1:0.653 SENS:0.800 SPEC:0.435 | COMPOSITE:0.6780
    [Prob] min=0.209 max=0.737 | TP=16 FP=14 FN=4 TN=9
[lp | fold 2 | epoch 057] train=0.3596 val=0.3983 auc=0.6848 thr=0.563
  [Metrics] AUC:0.685 F1:0.640 SENS:0.800 SPEC:0.391 | COMPOSITE:0.6699
    [Prob] min=0.201 max=0.744 | TP=17 FP=14 FN=3 TN=9
[lp | fold 2 | epoch 058] train=0.3547 val=0.3989 auc=0.6891 thr=0.562
  [Metrics] AUC:0.689 F1:0.667 SENS:0.850 SPEC:0.391 | COMPOSITE:0.6951
    [Prob] min=0.190 max=0.744 | TP=17 FP=14 FN=3 TN=9
[lp | fold 2 | epoch 059] train=0.3556 val=0.3962 auc=0.6935 thr=0.551
  [Metrics] AUC:0.693 F1:0.667 SENS:0.850 SPEC:0.391 | COMPOSITE:0.6962
    [Prob] min=0.180 max=0.738 | TP=17 FP=14 FN=3 TN=9
[lp | fold 2 | epoch 060] train=0.3706 val=0.3927 auc=0.6957 thr=0.534
  [Metrics] AUC:0.696 F1:0.667 SENS:0.850 SPEC:0.391 | COMPOSITE:0.6968
    [Prob] min=0.179 max=0.744 | TP=17 FP=14 FN=3 TN=9
[lp | fold 2 | epoch 061] train=0.3522 val=0.3946 auc=0.6913 thr=0.542
  [Metrics] AUC:0.691 F1:0.667 SENS:0.850 SPEC:0.391 | COMPOSITE:0.6957
    [Prob] min=0.179 max=0.749 | TP=17 FP=14 FN=3 TN=9
[lp | fold 2 | epoch 062] train=0.3533 val=0.3968 auc=0.6804 thr=0.550
  [Metrics] AUC:0.680 F1:0.667 SENS:0.850 SPEC:0.391 | COMPOSITE:0.6930
    [Prob] min=0.182 max=0.752 | TP=16 FP=13 FN=4 TN=10
[lp | fold 2 | epoch 063] train=0.3785 val=0.3989 auc=0.6848 thr=0.563
  [Metrics] AUC:0.685 F1:0.653 SENS:0.800 SPEC:0.435 | COMPOSITE:0.6797
    [Prob] min=0.180 max=0.751 | TP=16 FP=13 FN=4 TN=10
[lp | fold 2 | epoch 064] train=0.3741 val=0.3984 auc=0.6891 thr=0.563
  [Metrics] AUC:0.689 F1:0.653 SENS:0.800 SPEC:0.435 | COMPOSITE:0.6808
  Early stopping @ epoch 64 | best_score=-1.2961
  SWA finalize ediliyor...
  SWA composite: 0.6930 | Best regular: -1.2961
  SWA modeli seçildi!

=================================================================
  SwinLP Fold 2  |  Threshold: Youden 0.653
=================================================================
  Metrik                Değer                   95% CI
  -------------------------------------------------------
  AUC-ROC               0.680          [0.511 - 0.824]
  AUC-PR                0.687                        -
  Sensitivity           0.450          [0.235 - 0.667]
  Specificity           0.870          [0.706 - 1.000]
  PPV                   0.750          [0.500 - 1.000]
  NPV                   0.645          [0.469 - 0.811]
  Accuracy              0.674          [0.535 - 0.814]
  F1-Score              0.562          [0.320 - 0.750]
  Composite             0.599                        -

  CM: TP=9 FP=3 FN=11 TN=20
  Toplam Hata: 14/43
=================================================================

======================================================================
FOLD 3/5
======================================================================
  [Fold 3] class_counts=[85 80] | backbone dondurulmuş (~50K param)
  Pretrained: 126 katman yüklendi, 33 atlandı.
  Eğitilebilir: 74,402 / 62,261,698 param (0.1%)
    [Prob] min=0.513 max=0.554 | TP=16 FP=11 FN=3 TN=10
[lp | fold 3 | epoch 001] train=0.4454 val=0.4309 auc=0.6115 thr=0.530
  [Metrics] AUC:0.612 F1:0.696 SENS:0.842 SPEC:0.476 | COMPOSITE:0.6930
    ☆ SAVED FALLBACK (SENS=0.842 SPEC=0.476 | comp=0.6930)
    [Prob] min=0.509 max=0.650 | TP=16 FP=8 FN=3 TN=13
[lp | fold 3 | epoch 002] train=0.4296 val=0.4192 auc=0.6992 thr=0.574
  [Metrics] AUC:0.699 F1:0.744 SENS:0.842 SPEC:0.619 | COMPOSITE:0.7485
    ★ SAVED DUAL-PASS (SENS=0.842≥0.8 SPEC=0.619≥0.5 | F1=0.744 | comp=0.7485)
    [Prob] min=0.470 max=0.717 | TP=16 FP=9 FN=3 TN=12
[lp | fold 3 | epoch 003] train=0.4254 val=0.4246 auc=0.6742 thr=0.594
  [Metrics] AUC:0.674 F1:0.727 SENS:0.842 SPEC:0.571 | COMPOSITE:0.7308
    [Prob] min=0.365 max=0.634 | TP=16 FP=8 FN=3 TN=13
[lp | fold 3 | epoch 004] train=0.4343 val=0.4116 auc=0.6917 thr=0.484
  [Metrics] AUC:0.692 F1:0.744 SENS:0.842 SPEC:0.619 | COMPOSITE:0.7466
    [Prob] min=0.442 max=0.602 | TP=16 FP=7 FN=3 TN=14
[lp | fold 3 | epoch 005] train=0.4346 val=0.4149 auc=0.7143 thr=0.527
  [Metrics] AUC:0.714 F1:0.762 SENS:0.842 SPEC:0.667 | COMPOSITE:0.7638
    ★ SAVED DUAL-PASS (SENS=0.842≥0.8 SPEC=0.667≥0.5 | F1=0.762 | comp=0.7638)
    [Prob] min=0.449 max=0.753 | TP=16 FP=9 FN=3 TN=12
[lp | fold 3 | epoch 006] train=0.4299 val=0.4261 auc=0.6742 thr=0.573
  [Metrics] AUC:0.674 F1:0.727 SENS:0.842 SPEC:0.571 | COMPOSITE:0.7308
    [Prob] min=0.522 max=0.755 | TP=17 FP=8 FN=2 TN=13
[lp | fold 3 | epoch 007] train=0.4291 val=0.4534 auc=0.6892 thr=0.626
  [Metrics] AUC:0.689 F1:0.773 SENS:0.895 SPEC:0.619 | COMPOSITE:0.7715
    ★ SAVED DUAL-PASS (SENS=0.895≥0.8 SPEC=0.619≥0.5 | F1=0.773 | comp=0.7715)
    [Prob] min=0.404 max=0.647 | TP=16 FP=7 FN=3 TN=14
[lp | fold 3 | epoch 008] train=0.4266 val=0.4075 auc=0.7118 thr=0.539
  [Metrics] AUC:0.712 F1:0.762 SENS:0.842 SPEC:0.667 | COMPOSITE:0.7632
    [Prob] min=0.373 max=0.786 | TP=17 FP=9 FN=2 TN=12
[lp | fold 3 | epoch 009] train=0.4190 val=0.4263 auc=0.6867 thr=0.544
  [Metrics] AUC:0.687 F1:0.756 SENS:0.895 SPEC:0.571 | COMPOSITE:0.7594
    [Prob] min=0.397 max=0.640 | TP=16 FP=7 FN=3 TN=14
[lp | fold 3 | epoch 010] train=0.4320 val=0.4131 auc=0.7018 thr=0.532
  [Metrics] AUC:0.702 F1:0.762 SENS:0.842 SPEC:0.667 | COMPOSITE:0.7607
    [Prob] min=0.343 max=0.718 | TP=17 FP=9 FN=2 TN=12
[lp | fold 3 | epoch 011] train=0.4020 val=0.4101 auc=0.7043 thr=0.546
  [Metrics] AUC:0.704 F1:0.756 SENS:0.895 SPEC:0.571 | COMPOSITE:0.7638
    [Prob] min=0.446 max=0.762 | TP=16 FP=7 FN=3 TN=14
[lp | fold 3 | epoch 012] train=0.4146 val=0.4458 auc=0.6817 thr=0.624
  [Metrics] AUC:0.682 F1:0.762 SENS:0.842 SPEC:0.667 | COMPOSITE:0.7556
    [Prob] min=0.401 max=0.673 | TP=17 FP=9 FN=2 TN=12
[lp | fold 3 | epoch 013] train=0.4108 val=0.4125 auc=0.6967 thr=0.538
  [Metrics] AUC:0.697 F1:0.756 SENS:0.895 SPEC:0.571 | COMPOSITE:0.7619
    [Prob] min=0.412 max=0.714 | TP=16 FP=8 FN=3 TN=13
[lp | fold 3 | epoch 014] train=0.4076 val=0.4187 auc=0.6842 thr=0.560
  [Metrics] AUC:0.684 F1:0.744 SENS:0.842 SPEC:0.619 | COMPOSITE:0.7447
    [Prob] min=0.426 max=0.762 | TP=16 FP=8 FN=3 TN=13
[lp | fold 3 | epoch 015] train=0.3984 val=0.4393 auc=0.6767 thr=0.608
  [Metrics] AUC:0.677 F1:0.744 SENS:0.842 SPEC:0.619 | COMPOSITE:0.7428
    [Prob] min=0.332 max=0.702 | TP=16 FP=9 FN=3 TN=12
[lp | fold 3 | epoch 016] train=0.4112 val=0.4144 auc=0.6892 thr=0.500
  [Metrics] AUC:0.689 F1:0.727 SENS:0.842 SPEC:0.571 | COMPOSITE:0.7346
    [Prob] min=0.410 max=0.761 | TP=16 FP=7 FN=3 TN=14
[lp | fold 3 | epoch 017] train=0.4024 val=0.4358 auc=0.6817 thr=0.590
  [Metrics] AUC:0.682 F1:0.762 SENS:0.842 SPEC:0.667 | COMPOSITE:0.7556
    [Prob] min=0.358 max=0.665 | TP=17 FP=10 FN=2 TN=11
[lp | fold 3 | epoch 018] train=0.3987 val=0.4137 auc=0.6967 thr=0.498
  [Metrics] AUC:0.697 F1:0.739 SENS:0.895 SPEC:0.524 | COMPOSITE:0.7507
    [Prob] min=0.397 max=0.782 | TP=16 FP=9 FN=3 TN=12
[lp | fold 3 | epoch 019] train=0.4011 val=0.4354 auc=0.6767 thr=0.576
  [Metrics] AUC:0.677 F1:0.727 SENS:0.842 SPEC:0.571 | COMPOSITE:0.7314
    [Prob] min=0.408 max=0.782 | TP=17 FP=10 FN=2 TN=11
[lp | fold 3 | epoch 020] train=0.4046 val=0.4389 auc=0.6817 thr=0.578
  [Metrics] AUC:0.682 F1:0.739 SENS:0.895 SPEC:0.524 | COMPOSITE:0.7469
    [Prob] min=0.354 max=0.661 | TP=16 FP=8 FN=3 TN=13
[lp | fold 3 | epoch 021] train=0.4002 val=0.4150 auc=0.7018 thr=0.501
  [Metrics] AUC:0.702 F1:0.744 SENS:0.842 SPEC:0.619 | COMPOSITE:0.7491
    [Prob] min=0.334 max=0.740 | TP=17 FP=9 FN=2 TN=12
[lp | fold 3 | epoch 022] train=0.3908 val=0.4227 auc=0.6992 thr=0.560
  [Metrics] AUC:0.699 F1:0.756 SENS:0.895 SPEC:0.571 | COMPOSITE:0.7626
    [Prob] min=0.186 max=0.775 | TP=16 FP=10 FN=3 TN=11
[lp | fold 3 | epoch 023] train=0.3702 val=0.4328 auc=0.6992 thr=0.490
  [Metrics] AUC:0.699 F1:0.711 SENS:0.842 SPEC:0.524 | COMPOSITE:0.7259
    [Prob] min=0.500 max=0.733 | TP=18 FP=12 FN=1 TN=9
[lp | fold 3 | epoch 024] train=0.4065 val=0.4587 auc=0.5589 thr=0.608
  [Metrics] AUC:0.559 F1:0.735 SENS:0.947 SPEC:0.429 | COMPOSITE:0.7193
    [Prob] min=0.411 max=0.689 | TP=16 FP=12 FN=3 TN=9
[lp | fold 3 | epoch 025] train=0.4146 val=0.4398 auc=0.6065 thr=0.501
  [Metrics] AUC:0.607 F1:0.681 SENS:0.842 SPEC:0.429 | COMPOSITE:0.6809
    [Prob] min=0.371 max=0.747 | TP=16 FP=11 FN=3 TN=10
[lp | fold 3 | epoch 026] train=0.4203 val=0.4346 auc=0.6591 thr=0.515
  [Metrics] AUC:0.659 F1:0.696 SENS:0.842 SPEC:0.476 | COMPOSITE:0.7049
    [Prob] min=0.401 max=0.778 | TP=17 FP=10 FN=2 TN=11
[lp | fold 3 | epoch 027] train=0.3976 val=0.4422 auc=0.6867 thr=0.581
  [Metrics] AUC:0.687 F1:0.739 SENS:0.895 SPEC:0.524 | COMPOSITE:0.7482
    [Prob] min=0.267 max=0.786 | TP=16 FP=9 FN=3 TN=12
[lp | fold 3 | epoch 028] train=0.3808 val=0.4297 auc=0.6892 thr=0.518
  [Metrics] AUC:0.689 F1:0.727 SENS:0.842 SPEC:0.571 | COMPOSITE:0.7346
    [Prob] min=0.247 max=0.652 | TP=16 FP=9 FN=3 TN=12
[lp | fold 3 | epoch 029] train=0.4019 val=0.4234 auc=0.6942 thr=0.484
  [Metrics] AUC:0.694 F1:0.727 SENS:0.842 SPEC:0.571 | COMPOSITE:0.7358
    [Prob] min=0.394 max=0.791 | TP=16 FP=9 FN=3 TN=12
[lp | fold 3 | epoch 030] train=0.4121 val=0.4550 auc=0.6717 thr=0.616
  [Metrics] AUC:0.672 F1:0.727 SENS:0.842 SPEC:0.571 | COMPOSITE:0.7302
    [Prob] min=0.350 max=0.772 | TP=16 FP=8 FN=3 TN=13
[lp | fold 3 | epoch 031] train=0.4025 val=0.4457 auc=0.6817 thr=0.541
  [Metrics] AUC:0.682 F1:0.744 SENS:0.842 SPEC:0.619 | COMPOSITE:0.7441
    [Prob] min=0.323 max=0.799 | TP=16 FP=10 FN=3 TN=11
[lp | fold 3 | epoch 032] train=0.3871 val=0.4511 auc=0.6742 thr=0.521
  [Metrics] AUC:0.674 F1:0.711 SENS:0.842 SPEC:0.524 | COMPOSITE:0.7196
    [Prob] min=0.348 max=0.798 | TP=17 FP=10 FN=2 TN=11
[lp | fold 3 | epoch 033] train=0.3881 val=0.4485 auc=0.7068 thr=0.590
  [Metrics] AUC:0.707 F1:0.739 SENS:0.895 SPEC:0.524 | COMPOSITE:0.7532
    [Prob] min=0.282 max=0.839 | TP=17 FP=10 FN=2 TN=11
[lp | fold 3 | epoch 034] train=0.3977 val=0.4619 auc=0.6917 thr=0.549
  [Metrics] AUC:0.692 F1:0.739 SENS:0.895 SPEC:0.524 | COMPOSITE:0.7494
    [Prob] min=0.290 max=0.838 | TP=16 FP=8 FN=3 TN=13
[lp | fold 3 | epoch 035] train=0.3970 val=0.4725 auc=0.6767 thr=0.581
  [Metrics] AUC:0.677 F1:0.744 SENS:0.842 SPEC:0.619 | COMPOSITE:0.7428
    [Prob] min=0.280 max=0.895 | TP=17 FP=9 FN=2 TN=12
[lp | fold 3 | epoch 036] train=0.3780 val=0.5069 auc=0.6817 thr=0.604
  [Metrics] AUC:0.682 F1:0.756 SENS:0.895 SPEC:0.571 | COMPOSITE:0.7582
    [Prob] min=0.228 max=0.780 | TP=16 FP=8 FN=3 TN=13
[lp | fold 3 | epoch 037] train=0.3985 val=0.4374 auc=0.7193 thr=0.578
  [Metrics] AUC:0.719 F1:0.744 SENS:0.842 SPEC:0.619 | COMPOSITE:0.7535
    [Prob] min=0.248 max=0.851 | TP=16 FP=7 FN=3 TN=14
[lp | fold 3 | epoch 038] train=0.3811 val=0.4725 auc=0.6992 thr=0.586
  [Metrics] AUC:0.699 F1:0.762 SENS:0.842 SPEC:0.667 | COMPOSITE:0.7600
    [Prob] min=0.199 max=0.854 | TP=16 FP=8 FN=3 TN=13
[lp | fold 3 | epoch 039] train=0.3623 val=0.4634 auc=0.6992 thr=0.560
  [Metrics] AUC:0.699 F1:0.744 SENS:0.842 SPEC:0.619 | COMPOSITE:0.7485
    [Prob] min=0.180 max=0.828 | TP=17 FP=8 FN=2 TN=13
[lp | fold 3 | epoch 040] train=0.3657 val=0.4549 auc=0.6992 thr=0.570
  [Metrics] AUC:0.699 F1:0.773 SENS:0.895 SPEC:0.619 | COMPOSITE:0.7740
    ★ SAVED DUAL-PASS (SENS=0.895≥0.8 SPEC=0.619≥0.5 | F1=0.773 | comp=0.7740)
    [Prob] min=0.221 max=0.901 | TP=16 FP=8 FN=3 TN=13
[lp | fold 3 | epoch 041] train=0.3594 val=0.5108 auc=0.6742 thr=0.633
  [Metrics] AUC:0.674 F1:0.744 SENS:0.842 SPEC:0.619 | COMPOSITE:0.7422
    [Prob] min=0.124 max=0.810 | TP=17 FP=8 FN=2 TN=13
[lp | fold 3 | epoch 042] train=0.3850 val=0.4741 auc=0.6942 thr=0.470
  [Metrics] AUC:0.694 F1:0.773 SENS:0.895 SPEC:0.619 | COMPOSITE:0.7728
    [Prob] min=0.260 max=0.835 | TP=16 FP=8 FN=3 TN=13
[lp | fold 3 | epoch 043] train=0.3780 val=0.4637 auc=0.7093 thr=0.635
  [Metrics] AUC:0.709 F1:0.744 SENS:0.842 SPEC:0.619 | COMPOSITE:0.7510
    [Prob] min=0.254 max=0.796 | TP=16 FP=8 FN=3 TN=13
[lp | fold 3 | epoch 044] train=0.4003 val=0.4443 auc=0.7068 thr=0.514
  [Metrics] AUC:0.707 F1:0.744 SENS:0.842 SPEC:0.619 | COMPOSITE:0.7503
    [Prob] min=0.362 max=0.920 | TP=17 FP=9 FN=2 TN=12
[lp | fold 3 | epoch 045] train=0.3893 val=0.5143 auc=0.6917 thr=0.595
  [Metrics] AUC:0.692 F1:0.756 SENS:0.895 SPEC:0.571 | COMPOSITE:0.7607
    [Prob] min=0.288 max=0.827 | TP=17 FP=8 FN=2 TN=13
[lp | fold 3 | epoch 046] train=0.3917 val=0.4579 auc=0.7018 thr=0.527
  [Metrics] AUC:0.702 F1:0.773 SENS:0.895 SPEC:0.619 | COMPOSITE:0.7746
    ★ SAVED DUAL-PASS (SENS=0.895≥0.8 SPEC=0.619≥0.5 | F1=0.773 | comp=0.7746)
    [Prob] min=0.206 max=0.942 | TP=16 FP=10 FN=3 TN=11
[lp | fold 3 | epoch 047] train=0.3613 val=0.5317 auc=0.6767 thr=0.557
  [Metrics] AUC:0.677 F1:0.711 SENS:0.842 SPEC:0.524 | COMPOSITE:0.7203
    [Prob] min=0.169 max=0.868 | TP=16 FP=8 FN=3 TN=13
[lp | fold 3 | epoch 048] train=0.3682 val=0.4745 auc=0.6917 thr=0.547
  [Metrics] AUC:0.692 F1:0.744 SENS:0.842 SPEC:0.619 | COMPOSITE:0.7466
    [Prob] min=0.145 max=0.906 | TP=16 FP=9 FN=3 TN=12
[lp | fold 3 | epoch 049] train=0.3717 val=0.4999 auc=0.6817 thr=0.561
  [Metrics] AUC:0.682 F1:0.727 SENS:0.842 SPEC:0.571 | COMPOSITE:0.7327
    [Prob] min=0.200 max=0.792 | TP=16 FP=8 FN=3 TN=13
[lp | fold 3 | epoch 050] train=0.3704 val=0.4541 auc=0.6667 thr=0.569
  [Metrics] AUC:0.667 F1:0.744 SENS:0.842 SPEC:0.619 | COMPOSITE:0.7403
    [Prob] min=0.166 max=0.779 | TP=17 FP=9 FN=2 TN=12
[lp | fold 3 | epoch 051] train=0.3901 val=0.4536 auc=0.6817 thr=0.533
  [Metrics] AUC:0.682 F1:0.756 SENS:0.895 SPEC:0.571 | COMPOSITE:0.7582
    [Prob] min=0.168 max=0.905 | TP=17 FP=9 FN=2 TN=12
[lp | fold 3 | epoch 052] train=0.3755 val=0.5081 auc=0.6416 thr=0.540
  [Metrics] AUC:0.642 F1:0.756 SENS:0.895 SPEC:0.571 | COMPOSITE:0.7482
    [Prob] min=0.178 max=0.924 | TP=17 FP=10 FN=2 TN=11
[lp | fold 3 | epoch 053] train=0.3806 val=0.5276 auc=0.6416 thr=0.529
  [Metrics] AUC:0.642 F1:0.739 SENS:0.895 SPEC:0.524 | COMPOSITE:0.7369
    [Prob] min=0.165 max=0.899 | TP=17 FP=9 FN=2 TN=12
[lp | fold 3 | epoch 054] train=0.3496 val=0.5034 auc=0.6391 thr=0.542
  [Metrics] AUC:0.639 F1:0.756 SENS:0.895 SPEC:0.571 | COMPOSITE:0.7475
    [Prob] min=0.144 max=0.876 | TP=17 FP=9 FN=2 TN=12
[lp | fold 3 | epoch 055] train=0.3586 val=0.4787 auc=0.6692 thr=0.558
  [Metrics] AUC:0.669 F1:0.756 SENS:0.895 SPEC:0.571 | COMPOSITE:0.7551
    [Prob] min=0.139 max=0.846 | TP=16 FP=8 FN=3 TN=13
[lp | fold 3 | epoch 056] train=0.3794 val=0.4616 auc=0.6992 thr=0.584
  [Metrics] AUC:0.699 F1:0.744 SENS:0.842 SPEC:0.619 | COMPOSITE:0.7485
    [Prob] min=0.144 max=0.867 | TP=16 FP=8 FN=3 TN=13
[lp | fold 3 | epoch 057] train=0.3727 val=0.4735 auc=0.6717 thr=0.575
  [Metrics] AUC:0.672 F1:0.744 SENS:0.842 SPEC:0.619 | COMPOSITE:0.7416
    [Prob] min=0.150 max=0.880 | TP=17 FP=9 FN=2 TN=12
[lp | fold 3 | epoch 058] train=0.3799 val=0.4833 auc=0.6642 thr=0.543
  [Metrics] AUC:0.664 F1:0.756 SENS:0.895 SPEC:0.571 | COMPOSITE:0.7538
    [Prob] min=0.150 max=0.905 | TP=17 FP=9 FN=2 TN=12
[lp | fold 3 | epoch 059] train=0.3490 val=0.4982 auc=0.6566 thr=0.545
  [Metrics] AUC:0.657 F1:0.756 SENS:0.895 SPEC:0.571 | COMPOSITE:0.7519
    [Prob] min=0.148 max=0.913 | TP=17 FP=9 FN=2 TN=12
[lp | fold 3 | epoch 060] train=0.3531 val=0.5038 auc=0.6591 thr=0.541
  [Metrics] AUC:0.659 F1:0.756 SENS:0.895 SPEC:0.571 | COMPOSITE:0.7525
    [Prob] min=0.146 max=0.910 | TP=17 FP=9 FN=2 TN=12
[lp | fold 3 | epoch 061] train=0.3656 val=0.5014 auc=0.6541 thr=0.540
  [Metrics] AUC:0.654 F1:0.756 SENS:0.895 SPEC:0.571 | COMPOSITE:0.7513
    [Prob] min=0.146 max=0.897 | TP=17 FP=9 FN=2 TN=12
[lp | fold 3 | epoch 062] train=0.3773 val=0.4926 auc=0.6591 thr=0.533
  [Metrics] AUC:0.659 F1:0.756 SENS:0.895 SPEC:0.571 | COMPOSITE:0.7525
    [Prob] min=0.139 max=0.906 | TP=17 FP=9 FN=2 TN=12
[lp | fold 3 | epoch 063] train=0.3507 val=0.4978 auc=0.6566 thr=0.533
  [Metrics] AUC:0.657 F1:0.756 SENS:0.895 SPEC:0.571 | COMPOSITE:0.7519
    [Prob] min=0.145 max=0.910 | TP=17 FP=9 FN=2 TN=12
[lp | fold 3 | epoch 064] train=0.3638 val=0.5012 auc=0.6541 thr=0.559
  [Metrics] AUC:0.654 F1:0.756 SENS:0.895 SPEC:0.571 | COMPOSITE:0.7513
    [Prob] min=0.149 max=0.910 | TP=17 FP=9 FN=2 TN=12
[lp | fold 3 | epoch 065] train=0.3577 val=0.5010 auc=0.6541 thr=0.564
  [Metrics] AUC:0.654 F1:0.756 SENS:0.895 SPEC:0.571 | COMPOSITE:0.7513
    [Prob] min=0.144 max=0.909 | TP=17 FP=9 FN=2 TN=12
[lp | fold 3 | epoch 066] train=0.3530 val=0.5001 auc=0.6541 thr=0.563
  [Metrics] AUC:0.654 F1:0.756 SENS:0.895 SPEC:0.571 | COMPOSITE:0.7513
    [Prob] min=0.128 max=0.925 | TP=17 FP=8 FN=2 TN=13
[lp | fold 3 | epoch 067] train=0.3288 val=0.5118 auc=0.6566 thr=0.548
  [Metrics] AUC:0.657 F1:0.773 SENS:0.895 SPEC:0.619 | COMPOSITE:0.7634
    [Prob] min=0.118 max=0.938 | TP=17 FP=8 FN=2 TN=13
[lp | fold 3 | epoch 068] train=0.3236 val=0.5236 auc=0.6617 thr=0.541
  [Metrics] AUC:0.662 F1:0.773 SENS:0.895 SPEC:0.619 | COMPOSITE:0.7646
    [Prob] min=0.120 max=0.943 | TP=17 FP=8 FN=2 TN=13
[lp | fold 3 | epoch 069] train=0.3845 val=0.5281 auc=0.6591 thr=0.546
  [Metrics] AUC:0.659 F1:0.773 SENS:0.895 SPEC:0.619 | COMPOSITE:0.7640
    [Prob] min=0.118 max=0.934 | TP=17 FP=8 FN=2 TN=13
[lp | fold 3 | epoch 070] train=0.3295 val=0.5201 auc=0.6591 thr=0.537
  [Metrics] AUC:0.659 F1:0.773 SENS:0.895 SPEC:0.619 | COMPOSITE:0.7640
    [Prob] min=0.122 max=0.919 | TP=17 FP=8 FN=2 TN=13
[lp | fold 3 | epoch 071] train=0.3636 val=0.5084 auc=0.6541 thr=0.544
  [Metrics] AUC:0.654 F1:0.773 SENS:0.895 SPEC:0.619 | COMPOSITE:0.7627
  Early stopping @ epoch 71 | best_score=0.7746
  SWA finalize ediliyor...
  SWA composite: 0.7519 | Best regular: 0.7746

=================================================================
  SwinLP Fold 3  |  Threshold: Youden 0.527
=================================================================
  Metrik                Değer                   95% CI
  -------------------------------------------------------
  AUC-ROC               0.702          [0.519 - 0.868]
  AUC-PR                0.597                        -
  Sensitivity           0.895          [0.733 - 1.000]
  Specificity           0.619          [0.400 - 0.815]
  PPV                   0.680          [0.500 - 0.852]
  NPV                   0.867          [0.667 - 1.000]
  Accuracy              0.750          [0.600 - 0.875]
  F1-Score              0.773          [0.611 - 0.889]
  Composite             0.775                        -

  CM: TP=17 FP=8 FN=2 TN=13
  Toplam Hata: 10/40
=================================================================

======================================================================
FOLD 4/5
======================================================================
  [Fold 4] class_counts=[86 79] | backbone dondurulmuş (~50K param)
  Pretrained: 126 katman yüklendi, 33 atlandı.
  Eğitilebilir: 74,402 / 62,261,698 param (0.1%)
    [Prob] min=0.506 max=0.582 | TP=18 FP=20 FN=3 TN=1
[lp | fold 4 | epoch 001] train=0.4570 val=0.4550 auc=0.2630 thr=0.517
  [Metrics] AUC:0.263 F1:0.610 SENS:0.857 SPEC:0.048 | COMPOSITE:0.5254
    ☆ SAVED FALLBACK (SENS=0.857 SPEC=0.048 | comp=0.5254)
    [Prob] min=0.503 max=0.636 | TP=17 FP=15 FN=4 TN=6
[lp | fold 4 | epoch 002] train=0.4378 val=0.4222 auc=0.6531 thr=0.529
  [Metrics] AUC:0.653 F1:0.642 SENS:0.810 SPEC:0.286 | COMPOSITE:0.6498
    ☆ SAVED FALLBACK (SENS=0.810 SPEC=0.286 | comp=0.6498)
    [Prob] min=0.482 max=0.654 | TP=18 FP=9 FN=3 TN=12
[lp | fold 4 | epoch 003] train=0.4378 val=0.4151 auc=0.7438 thr=0.524
  [Metrics] AUC:0.744 F1:0.750 SENS:0.857 SPEC:0.571 | COMPOSITE:0.7592
    ★ SAVED DUAL-PASS (SENS=0.857≥0.8 SPEC=0.571≥0.5 | F1=0.750 | comp=0.7592)
    [Prob] min=0.448 max=0.666 | TP=17 FP=8 FN=4 TN=13
[lp | fold 4 | epoch 004] train=0.4288 val=0.4099 auc=0.7415 thr=0.524
  [Metrics] AUC:0.741 F1:0.739 SENS:0.810 SPEC:0.619 | COMPOSITE:0.7463
    [Prob] min=0.473 max=0.707 | TP=19 FP=12 FN=2 TN=9
[lp | fold 4 | epoch 005] train=0.4348 val=0.4086 auc=0.7188 thr=0.540
  [Metrics] AUC:0.719 F1:0.731 SENS:0.905 SPEC:0.429 | COMPOSITE:0.7433
    [Prob] min=0.530 max=0.749 | TP=17 FP=9 FN=4 TN=12
[lp | fold 4 | epoch 006] train=0.4179 val=0.4311 auc=0.7506 thr=0.637
  [Metrics] AUC:0.751 F1:0.723 SENS:0.810 SPEC:0.571 | COMPOSITE:0.7375
    [Prob] min=0.400 max=0.579 | TP=19 FP=9 FN=2 TN=12
[lp | fold 4 | epoch 007] train=0.4554 val=0.4267 auc=0.7324 thr=0.468
  [Metrics] AUC:0.732 F1:0.776 SENS:0.905 SPEC:0.571 | COMPOSITE:0.7794
    ★ SAVED DUAL-PASS (SENS=0.905≥0.8 SPEC=0.571≥0.5 | F1=0.776 | comp=0.7794)
    [Prob] min=0.461 max=0.652 | TP=19 FP=10 FN=2 TN=11
[lp | fold 4 | epoch 008] train=0.4404 val=0.4085 auc=0.7392 thr=0.538
  [Metrics] AUC:0.739 F1:0.760 SENS:0.905 SPEC:0.524 | COMPOSITE:0.7700
    [Prob] min=0.383 max=0.646 | TP=18 FP=8 FN=3 TN=13
[lp | fold 4 | epoch 009] train=0.4087 val=0.4173 auc=0.7279 thr=0.490
  [Metrics] AUC:0.728 F1:0.766 SENS:0.857 SPEC:0.619 | COMPOSITE:0.7663
    [Prob] min=0.445 max=0.706 | TP=17 FP=8 FN=4 TN=13
[lp | fold 4 | epoch 010] train=0.4138 val=0.4069 auc=0.7279 thr=0.567
  [Metrics] AUC:0.728 F1:0.739 SENS:0.810 SPEC:0.619 | COMPOSITE:0.7429
    [Prob] min=0.441 max=0.714 | TP=17 FP=8 FN=4 TN=13
[lp | fold 4 | epoch 011] train=0.4101 val=0.4078 auc=0.7211 thr=0.572
  [Metrics] AUC:0.721 F1:0.739 SENS:0.810 SPEC:0.619 | COMPOSITE:0.7412
    [Prob] min=0.451 max=0.691 | TP=17 FP=7 FN=4 TN=14
[lp | fold 4 | epoch 012] train=0.4303 val=0.4108 auc=0.7143 thr=0.575
  [Metrics] AUC:0.714 F1:0.756 SENS:0.810 SPEC:0.667 | COMPOSITE:0.7508
    [Prob] min=0.414 max=0.698 | TP=17 FP=7 FN=4 TN=14
[lp | fold 4 | epoch 013] train=0.4051 val=0.4102 auc=0.7120 thr=0.561
  [Metrics] AUC:0.712 F1:0.756 SENS:0.810 SPEC:0.667 | COMPOSITE:0.7502
    [Prob] min=0.375 max=0.649 | TP=17 FP=8 FN=4 TN=13
[lp | fold 4 | epoch 014] train=0.3996 val=0.4178 auc=0.7143 thr=0.509
  [Metrics] AUC:0.714 F1:0.739 SENS:0.810 SPEC:0.619 | COMPOSITE:0.7395
    [Prob] min=0.456 max=0.760 | TP=17 FP=11 FN=4 TN=10
[lp | fold 4 | epoch 015] train=0.4039 val=0.4269 auc=0.7166 thr=0.617
  [Metrics] AUC:0.717 F1:0.694 SENS:0.810 SPEC:0.476 | COMPOSITE:0.7074
    [Prob] min=0.326 max=0.644 | TP=17 FP=8 FN=4 TN=13
[lp | fold 4 | epoch 016] train=0.4326 val=0.4192 auc=0.7120 thr=0.500
  [Metrics] AUC:0.712 F1:0.739 SENS:0.810 SPEC:0.619 | COMPOSITE:0.7390
    [Prob] min=0.475 max=0.655 | TP=17 FP=12 FN=4 TN=9
[lp | fold 4 | epoch 017] train=0.4117 val=0.4174 auc=0.7234 thr=0.593
  [Metrics] AUC:0.723 F1:0.680 SENS:0.810 SPEC:0.429 | COMPOSITE:0.6985
    [Prob] min=0.241 max=0.620 | TP=17 FP=9 FN=4 TN=12
[lp | fold 4 | epoch 018] train=0.3927 val=0.4319 auc=0.6984 thr=0.491
  [Metrics] AUC:0.698 F1:0.723 SENS:0.810 SPEC:0.571 | COMPOSITE:0.7245
    [Prob] min=0.410 max=0.691 | TP=17 FP=9 FN=4 TN=12
[lp | fold 4 | epoch 019] train=0.4287 val=0.4123 auc=0.7302 thr=0.608
  [Metrics] AUC:0.730 F1:0.723 SENS:0.810 SPEC:0.571 | COMPOSITE:0.7324
    [Prob] min=0.391 max=0.692 | TP=18 FP=12 FN=3 TN=9
[lp | fold 4 | epoch 020] train=0.3912 val=0.4062 auc=0.7052 thr=0.549
  [Metrics] AUC:0.705 F1:0.706 SENS:0.857 SPEC:0.429 | COMPOSITE:0.7171
    [Prob] min=0.538 max=0.777 | TP=17 FP=11 FN=4 TN=10
[lp | fold 4 | epoch 021] train=0.4227 val=0.4705 auc=0.7234 thr=0.705
  [Metrics] AUC:0.723 F1:0.694 SENS:0.810 SPEC:0.476 | COMPOSITE:0.7091
    [Prob] min=0.299 max=0.659 | TP=18 FP=12 FN=3 TN=9
[lp | fold 4 | epoch 022] train=0.4090 val=0.4211 auc=0.6803 thr=0.489
  [Metrics] AUC:0.680 F1:0.706 SENS:0.857 SPEC:0.429 | COMPOSITE:0.7108
    [Prob] min=0.373 max=0.649 | TP=17 FP=11 FN=4 TN=10
[lp | fold 4 | epoch 023] train=0.4309 val=0.4093 auc=0.7029 thr=0.531
  [Metrics] AUC:0.703 F1:0.694 SENS:0.810 SPEC:0.476 | COMPOSITE:0.7040
    [Prob] min=0.308 max=0.627 | TP=17 FP=10 FN=4 TN=11
[lp | fold 4 | epoch 024] train=0.4007 val=0.4190 auc=0.7098 thr=0.503
  [Metrics] AUC:0.710 F1:0.708 SENS:0.810 SPEC:0.524 | COMPOSITE:0.7164
    [Prob] min=0.351 max=0.721 | TP=18 FP=12 FN=3 TN=9
[lp | fold 4 | epoch 025] train=0.4056 val=0.4071 auc=0.6871 thr=0.554
  [Metrics] AUC:0.687 F1:0.706 SENS:0.857 SPEC:0.429 | COMPOSITE:0.7125
    [Prob] min=0.535 max=0.732 | TP=17 FP=12 FN=4 TN=9
[lp | fold 4 | epoch 026] train=0.4068 val=0.4431 auc=0.6667 thr=0.669
  [Metrics] AUC:0.667 F1:0.680 SENS:0.810 SPEC:0.429 | COMPOSITE:0.6843
    [Prob] min=0.316 max=0.623 | TP=17 FP=8 FN=4 TN=13
[lp | fold 4 | epoch 027] train=0.4358 val=0.4078 auc=0.7120 thr=0.553
  [Metrics] AUC:0.712 F1:0.739 SENS:0.810 SPEC:0.619 | COMPOSITE:0.7390
    [Prob] min=0.252 max=0.654 | TP=17 FP=8 FN=4 TN=13
[lp | fold 4 | epoch 028] train=0.3959 val=0.4066 auc=0.6961 thr=0.561
  [Metrics] AUC:0.696 F1:0.739 SENS:0.810 SPEC:0.619 | COMPOSITE:0.7350
    [Prob] min=0.313 max=0.726 | TP=18 FP=12 FN=3 TN=9
[lp | fold 4 | epoch 029] train=0.3767 val=0.4038 auc=0.7256 thr=0.596
  [Metrics] AUC:0.726 F1:0.706 SENS:0.857 SPEC:0.429 | COMPOSITE:0.7222
    [Prob] min=0.253 max=0.732 | TP=17 FP=11 FN=4 TN=10
[lp | fold 4 | epoch 030] train=0.3991 val=0.4103 auc=0.6508 thr=0.520
  [Metrics] AUC:0.651 F1:0.694 SENS:0.810 SPEC:0.476 | COMPOSITE:0.6909
    [Prob] min=0.245 max=0.682 | TP=17 FP=9 FN=4 TN=12
[lp | fold 4 | epoch 031] train=0.3981 val=0.4018 auc=0.7256 thr=0.569
  [Metrics] AUC:0.726 F1:0.723 SENS:0.810 SPEC:0.571 | COMPOSITE:0.7313
    [Prob] min=0.323 max=0.715 | TP=18 FP=12 FN=3 TN=9
[lp | fold 4 | epoch 032] train=0.3965 val=0.4069 auc=0.7324 thr=0.599
  [Metrics] AUC:0.732 F1:0.706 SENS:0.857 SPEC:0.429 | COMPOSITE:0.7239
    [Prob] min=0.206 max=0.612 | TP=17 FP=8 FN=4 TN=13
[lp | fold 4 | epoch 033] train=0.3930 val=0.4317 auc=0.7143 thr=0.486
  [Metrics] AUC:0.714 F1:0.739 SENS:0.810 SPEC:0.619 | COMPOSITE:0.7395
    [Prob] min=0.321 max=0.715 | TP=17 FP=11 FN=4 TN=10
[lp | fold 4 | epoch 034] train=0.4116 val=0.4049 auc=0.7324 thr=0.602
  [Metrics] AUC:0.732 F1:0.694 SENS:0.810 SPEC:0.476 | COMPOSITE:0.7113
    [Prob] min=0.201 max=0.691 | TP=18 FP=12 FN=3 TN=9
[lp | fold 4 | epoch 035] train=0.4015 val=0.4156 auc=0.6825 thr=0.489
  [Metrics] AUC:0.683 F1:0.706 SENS:0.857 SPEC:0.429 | COMPOSITE:0.7114
    [Prob] min=0.338 max=0.735 | TP=18 FP=12 FN=3 TN=9
[lp | fold 4 | epoch 036] train=0.4077 val=0.4097 auc=0.6916 thr=0.600
  [Metrics] AUC:0.692 F1:0.706 SENS:0.857 SPEC:0.429 | COMPOSITE:0.7137
    [Prob] min=0.164 max=0.707 | TP=18 FP=12 FN=3 TN=9
[lp | fold 4 | epoch 037] train=0.3824 val=0.4123 auc=0.6984 thr=0.509
  [Metrics] AUC:0.698 F1:0.706 SENS:0.857 SPEC:0.429 | COMPOSITE:0.7154
    [Prob] min=0.168 max=0.785 | TP=17 FP=11 FN=4 TN=10
[lp | fold 4 | epoch 038] train=0.3593 val=0.4187 auc=0.7211 thr=0.631
  [Metrics] AUC:0.721 F1:0.694 SENS:0.810 SPEC:0.476 | COMPOSITE:0.7085
    [Prob] min=0.158 max=0.763 | TP=17 FP=12 FN=4 TN=9
[lp | fold 4 | epoch 039] train=0.4003 val=0.4131 auc=0.6825 thr=0.589
  [Metrics] AUC:0.683 F1:0.680 SENS:0.810 SPEC:0.429 | COMPOSITE:0.6883
    [Prob] min=0.138 max=0.743 | TP=17 FP=12 FN=4 TN=9
[lp | fold 4 | epoch 040] train=0.3697 val=0.4138 auc=0.6984 thr=0.564
  [Metrics] AUC:0.698 F1:0.680 SENS:0.810 SPEC:0.429 | COMPOSITE:0.6922
    [Prob] min=0.257 max=0.748 | TP=18 FP=12 FN=3 TN=9
[lp | fold 4 | epoch 041] train=0.3887 val=0.4144 auc=0.6168 thr=0.521
  [Metrics] AUC:0.617 F1:0.706 SENS:0.857 SPEC:0.429 | COMPOSITE:0.6950
    [Prob] min=0.276 max=0.744 | TP=18 FP=12 FN=3 TN=9
[lp | fold 4 | epoch 042] train=0.3945 val=0.4075 auc=0.6531 thr=0.556
  [Metrics] AUC:0.653 F1:0.706 SENS:0.857 SPEC:0.429 | COMPOSITE:0.7040
    [Prob] min=0.232 max=0.757 | TP=18 FP=13 FN=3 TN=8
[lp | fold 4 | epoch 043] train=0.3721 val=0.4060 auc=0.7120 thr=0.578
  [Metrics] AUC:0.712 F1:0.692 SENS:0.857 SPEC:0.381 | COMPOSITE:0.7082
    [Prob] min=0.192 max=0.716 | TP=18 FP=13 FN=3 TN=8
[lp | fold 4 | epoch 044] train=0.3903 val=0.4088 auc=0.7007 thr=0.494
  [Metrics] AUC:0.701 F1:0.692 SENS:0.857 SPEC:0.381 | COMPOSITE:0.7054
    [Prob] min=0.247 max=0.752 | TP=19 FP=13 FN=2 TN=8
[lp | fold 4 | epoch 045] train=0.3916 val=0.3966 auc=0.6939 thr=0.564
  [Metrics] AUC:0.694 F1:0.717 SENS:0.905 SPEC:0.381 | COMPOSITE:0.7265
    [Prob] min=0.192 max=0.656 | TP=18 FP=13 FN=3 TN=8
[lp | fold 4 | epoch 046] train=0.4746 val=0.4277 auc=0.6893 thr=0.463
  [Metrics] AUC:0.689 F1:0.692 SENS:0.857 SPEC:0.381 | COMPOSITE:0.7026
    [Prob] min=0.358 max=0.717 | TP=17 FP=11 FN=4 TN=10
[lp | fold 4 | epoch 047] train=0.4030 val=0.4071 auc=0.7302 thr=0.626
  [Metrics] AUC:0.730 F1:0.694 SENS:0.810 SPEC:0.476 | COMPOSITE:0.7108
    [Prob] min=0.229 max=0.695 | TP=18 FP=13 FN=3 TN=8
[lp | fold 4 | epoch 048] train=0.3882 val=0.4011 auc=0.7143 thr=0.523
  [Metrics] AUC:0.714 F1:0.692 SENS:0.857 SPEC:0.381 | COMPOSITE:0.7088
    [Prob] min=0.282 max=0.719 | TP=18 FP=12 FN=3 TN=9
[lp | fold 4 | epoch 049] train=0.3853 val=0.3957 auc=0.7098 thr=0.566
  [Metrics] AUC:0.710 F1:0.706 SENS:0.857 SPEC:0.429 | COMPOSITE:0.7182
    [Prob] min=0.296 max=0.739 | TP=17 FP=11 FN=4 TN=10
[lp | fold 4 | epoch 050] train=0.3849 val=0.3959 auc=0.6735 thr=0.564
  [Metrics] AUC:0.673 F1:0.694 SENS:0.810 SPEC:0.476 | COMPOSITE:0.6966
  Early stopping @ epoch 50 | best_score=0.7794
  SWA finalize ediliyor...
  SWA composite: 0.6966 | Best regular: 0.7794

=================================================================
  SwinLP Fold 4  |  Threshold: Youden 0.468
=================================================================
  Metrik                Değer                   95% CI
  -------------------------------------------------------
  AUC-ROC               0.732          [0.567 - 0.885]
  AUC-PR                0.691                        -
  Sensitivity           0.905          [0.762 - 1.000]
  Specificity           0.571          [0.350 - 0.778]
  PPV                   0.679          [0.500 - 0.840]
  NPV                   0.857          [0.643 - 1.000]
  Accuracy              0.738          [0.595 - 0.881]
  F1-Score              0.776          [0.636 - 0.889]
  Composite             0.779                        -

  CM: TP=19 FP=9 FN=2 TN=12
  Toplam Hata: 11/42
=================================================================

======================================================================
FOLD 5/5
======================================================================
  [Fold 5] class_counts=[85 79] | backbone dondurulmuş (~50K param)
  Pretrained: 126 katman yüklendi, 33 atlandı.
  Eğitilebilir: 74,402 / 62,261,698 param (0.1%)
    [Prob] min=0.525 max=0.578 | TP=16 FP=19 FN=4 TN=2
[lp | fold 5 | epoch 001] train=0.4521 val=0.4478 auc=0.2643 thr=0.542
  [Metrics] AUC:0.264 F1:0.582 SENS:0.800 SPEC:0.095 | COMPOSITE:0.5058
    ☆ SAVED FALLBACK (SENS=0.800 SPEC=0.095 | comp=0.5058)
    [Prob] min=0.463 max=0.573 | TP=16 FP=3 FN=4 TN=18
[lp | fold 5 | epoch 002] train=0.4449 val=0.4112 auc=0.8619 thr=0.539
  [Metrics] AUC:0.862 F1:0.821 SENS:0.800 SPEC:0.857 | COMPOSITE:0.8292
    ★ SAVED DUAL-PASS (SENS=0.800≥0.8 SPEC=0.857≥0.5 | F1=0.821 | comp=0.8292)
    [Prob] min=0.523 max=0.699 | TP=17 FP=3 FN=3 TN=18
[lp | fold 5 | epoch 003] train=0.4185 val=0.3916 auc=0.8643 thr=0.617
  [Metrics] AUC:0.864 F1:0.850 SENS:0.850 SPEC:0.857 | COMPOSITE:0.8546
    ★ SAVED DUAL-PASS (SENS=0.850≥0.8 SPEC=0.857≥0.5 | F1=0.850 | comp=0.8546)
    [Prob] min=0.435 max=0.628 | TP=17 FP=4 FN=3 TN=17
[lp | fold 5 | epoch 004] train=0.4479 val=0.3833 auc=0.8643 thr=0.542
  [Metrics] AUC:0.864 F1:0.829 SENS:0.850 SPEC:0.810 | COMPOSITE:0.8423
    [Prob] min=0.413 max=0.737 | TP=17 FP=3 FN=3 TN=18
[lp | fold 5 | epoch 005] train=0.4057 val=0.3752 auc=0.8524 thr=0.634
  [Metrics] AUC:0.852 F1:0.850 SENS:0.850 SPEC:0.857 | COMPOSITE:0.8517
    [Prob] min=0.418 max=0.660 | TP=17 FP=3 FN=3 TN=18
[lp | fold 5 | epoch 006] train=0.4398 val=0.3821 auc=0.8714 thr=0.588
  [Metrics] AUC:0.871 F1:0.850 SENS:0.850 SPEC:0.857 | COMPOSITE:0.8564
    ★ SAVED DUAL-PASS (SENS=0.850≥0.8 SPEC=0.857≥0.5 | F1=0.850 | comp=0.8564)
    [Prob] min=0.451 max=0.677 | TP=17 FP=3 FN=3 TN=18
[lp | fold 5 | epoch 007] train=0.4210 val=0.3772 auc=0.8643 thr=0.591
  [Metrics] AUC:0.864 F1:0.850 SENS:0.850 SPEC:0.857 | COMPOSITE:0.8546
    [Prob] min=0.444 max=0.634 | TP=17 FP=3 FN=3 TN=18
[lp | fold 5 | epoch 008] train=0.4398 val=0.3899 auc=0.8595 thr=0.571
  [Metrics] AUC:0.860 F1:0.850 SENS:0.850 SPEC:0.857 | COMPOSITE:0.8535
    [Prob] min=0.405 max=0.588 | TP=17 FP=3 FN=3 TN=18
[lp | fold 5 | epoch 009] train=0.4404 val=0.3987 auc=0.8643 thr=0.523
  [Metrics] AUC:0.864 F1:0.850 SENS:0.850 SPEC:0.857 | COMPOSITE:0.8546
    [Prob] min=0.524 max=0.704 | TP=17 FP=2 FN=3 TN=19
[lp | fold 5 | epoch 010] train=0.4252 val=0.3985 auc=0.8690 thr=0.644
  [Metrics] AUC:0.869 F1:0.872 SENS:0.850 SPEC:0.905 | COMPOSITE:0.8684
    ★ SAVED DUAL-PASS (SENS=0.850≥0.8 SPEC=0.905≥0.5 | F1=0.872 | comp=0.8684)
    [Prob] min=0.357 max=0.647 | TP=17 FP=5 FN=3 TN=16
[lp | fold 5 | epoch 011] train=0.4227 val=0.3836 auc=0.8500 thr=0.533
  [Metrics] AUC:0.850 F1:0.810 SENS:0.850 SPEC:0.762 | COMPOSITE:0.8267
    [Prob] min=0.345 max=0.682 | TP=17 FP=2 FN=3 TN=19
[lp | fold 5 | epoch 012] train=0.4051 val=0.3572 auc=0.8738 thr=0.579
  [Metrics] AUC:0.874 F1:0.872 SENS:0.850 SPEC:0.905 | COMPOSITE:0.8696
    ★ SAVED DUAL-PASS (SENS=0.850≥0.8 SPEC=0.905≥0.5 | F1=0.872 | comp=0.8696)
    [Prob] min=0.278 max=0.615 | TP=17 FP=3 FN=3 TN=18
[lp | fold 5 | epoch 013] train=0.4138 val=0.3773 auc=0.8690 thr=0.511
  [Metrics] AUC:0.869 F1:0.850 SENS:0.850 SPEC:0.857 | COMPOSITE:0.8558
    [Prob] min=0.456 max=0.720 | TP=17 FP=3 FN=3 TN=18
[lp | fold 5 | epoch 014] train=0.4177 val=0.3896 auc=0.8690 thr=0.655
  [Metrics] AUC:0.869 F1:0.850 SENS:0.850 SPEC:0.857 | COMPOSITE:0.8558
    [Prob] min=0.438 max=0.702 | TP=17 FP=2 FN=3 TN=19
[lp | fold 5 | epoch 015] train=0.4252 val=0.3818 auc=0.8786 thr=0.634
  [Metrics] AUC:0.879 F1:0.872 SENS:0.850 SPEC:0.905 | COMPOSITE:0.8708
    ★ SAVED DUAL-PASS (SENS=0.850≥0.8 SPEC=0.905≥0.5 | F1=0.872 | comp=0.8708)
    [Prob] min=0.455 max=0.666 | TP=17 FP=2 FN=3 TN=19
[lp | fold 5 | epoch 016] train=0.4245 val=0.3922 auc=0.8714 thr=0.610
  [Metrics] AUC:0.871 F1:0.872 SENS:0.850 SPEC:0.905 | COMPOSITE:0.8690
    [Prob] min=0.400 max=0.602 | TP=16 FP=3 FN=4 TN=18
[lp | fold 5 | epoch 017] train=0.4317 val=0.3980 auc=0.8714 thr=0.533
  [Metrics] AUC:0.871 F1:0.821 SENS:0.800 SPEC:0.857 | COMPOSITE:0.8316
    [Prob] min=0.463 max=0.680 | TP=17 FP=4 FN=3 TN=17
[lp | fold 5 | epoch 018] train=0.4311 val=0.3824 auc=0.8571 thr=0.576
  [Metrics] AUC:0.857 F1:0.829 SENS:0.850 SPEC:0.810 | COMPOSITE:0.8405
    [Prob] min=0.350 max=0.709 | TP=17 FP=4 FN=3 TN=17
[lp | fold 5 | epoch 019] train=0.4051 val=0.3511 auc=0.8667 thr=0.562
  [Metrics] AUC:0.867 F1:0.829 SENS:0.850 SPEC:0.810 | COMPOSITE:0.8429
    [Prob] min=0.350 max=0.693 | TP=17 FP=2 FN=3 TN=19
[lp | fold 5 | epoch 020] train=0.4167 val=0.3627 auc=0.8714 thr=0.609
  [Metrics] AUC:0.871 F1:0.872 SENS:0.850 SPEC:0.905 | COMPOSITE:0.8690
    [Prob] min=0.419 max=0.745 | TP=17 FP=3 FN=3 TN=18
[lp | fold 5 | epoch 021] train=0.4098 val=0.3922 auc=0.8643 thr=0.670
  [Metrics] AUC:0.864 F1:0.850 SENS:0.850 SPEC:0.857 | COMPOSITE:0.8546
    [Prob] min=0.334 max=0.671 | TP=17 FP=3 FN=3 TN=18
[lp | fold 5 | epoch 022] train=0.4272 val=0.3680 auc=0.8643 thr=0.582
  [Metrics] AUC:0.864 F1:0.850 SENS:0.850 SPEC:0.857 | COMPOSITE:0.8546
    [Prob] min=0.374 max=0.710 | TP=17 FP=3 FN=3 TN=18
[lp | fold 5 | epoch 023] train=0.4135 val=0.3660 auc=0.8762 thr=0.613
  [Metrics] AUC:0.876 F1:0.850 SENS:0.850 SPEC:0.857 | COMPOSITE:0.8576
    [Prob] min=0.269 max=0.596 | TP=17 FP=3 FN=3 TN=18
[lp | fold 5 | epoch 024] train=0.4172 val=0.3910 auc=0.8762 thr=0.481
  [Metrics] AUC:0.876 F1:0.850 SENS:0.850 SPEC:0.857 | COMPOSITE:0.8576
    [Prob] min=0.490 max=0.736 | TP=16 FP=2 FN=4 TN=19
[lp | fold 5 | epoch 025] train=0.4262 val=0.3940 auc=0.8714 thr=0.668
  [Metrics] AUC:0.871 F1:0.842 SENS:0.800 SPEC:0.905 | COMPOSITE:0.8441
    [Prob] min=0.469 max=0.653 | TP=16 FP=2 FN=4 TN=19
[lp | fold 5 | epoch 026] train=0.4573 val=0.3939 auc=0.8714 thr=0.599
  [Metrics] AUC:0.871 F1:0.842 SENS:0.800 SPEC:0.905 | COMPOSITE:0.8441
    [Prob] min=0.401 max=0.669 | TP=16 FP=2 FN=4 TN=19
[lp | fold 5 | epoch 027] train=0.4082 val=0.3759 auc=0.8738 thr=0.591
  [Metrics] AUC:0.874 F1:0.842 SENS:0.800 SPEC:0.905 | COMPOSITE:0.8447
    [Prob] min=0.368 max=0.673 | TP=17 FP=3 FN=3 TN=18
[lp | fold 5 | epoch 028] train=0.4098 val=0.3715 auc=0.8690 thr=0.583
  [Metrics] AUC:0.869 F1:0.850 SENS:0.850 SPEC:0.857 | COMPOSITE:0.8558
    [Prob] min=0.297 max=0.688 | TP=17 FP=3 FN=3 TN=18
[lp | fold 5 | epoch 029] train=0.4062 val=0.3569 auc=0.8690 thr=0.567
  [Metrics] AUC:0.869 F1:0.850 SENS:0.850 SPEC:0.857 | COMPOSITE:0.8558
    [Prob] min=0.325 max=0.707 | TP=17 FP=3 FN=3 TN=18
[lp | fold 5 | epoch 030] train=0.4139 val=0.3650 auc=0.8595 thr=0.592
  [Metrics] AUC:0.860 F1:0.850 SENS:0.850 SPEC:0.857 | COMPOSITE:0.8535
    [Prob] min=0.338 max=0.685 | TP=17 FP=3 FN=3 TN=18
[lp | fold 5 | epoch 031] train=0.4042 val=0.3731 auc=0.8595 thr=0.579
  [Metrics] AUC:0.860 F1:0.850 SENS:0.850 SPEC:0.857 | COMPOSITE:0.8535
    [Prob] min=0.334 max=0.625 | TP=17 FP=3 FN=3 TN=18
[lp | fold 5 | epoch 032] train=0.4108 val=0.3875 auc=0.8571 thr=0.524
  [Metrics] AUC:0.857 F1:0.850 SENS:0.850 SPEC:0.857 | COMPOSITE:0.8529
    [Prob] min=0.315 max=0.717 | TP=18 FP=4 FN=2 TN=17
[lp | fold 5 | epoch 033] train=0.3979 val=0.3565 auc=0.8667 thr=0.544
  [Metrics] AUC:0.867 F1:0.857 SENS:0.900 SPEC:0.810 | COMPOSITE:0.8674
    [Prob] min=0.313 max=0.762 | TP=18 FP=4 FN=2 TN=17
[lp | fold 5 | epoch 034] train=0.4167 val=0.3534 auc=0.8690 thr=0.571
  [Metrics] AUC:0.869 F1:0.857 SENS:0.900 SPEC:0.810 | COMPOSITE:0.8680
    [Prob] min=0.327 max=0.674 | TP=18 FP=5 FN=2 TN=16
[lp | fold 5 | epoch 035] train=0.4174 val=0.3767 auc=0.8571 thr=0.540
  [Metrics] AUC:0.857 F1:0.837 SENS:0.900 SPEC:0.762 | COMPOSITE:0.8529
    [Prob] min=0.356 max=0.664 | TP=18 FP=5 FN=2 TN=16
[lp | fold 5 | epoch 036] train=0.3989 val=0.3857 auc=0.8429 thr=0.554
  [Metrics] AUC:0.843 F1:0.837 SENS:0.900 SPEC:0.762 | COMPOSITE:0.8493
    [Prob] min=0.296 max=0.684 | TP=17 FP=3 FN=3 TN=18
[lp | fold 5 | epoch 037] train=0.4044 val=0.3711 auc=0.8619 thr=0.549
  [Metrics] AUC:0.862 F1:0.850 SENS:0.850 SPEC:0.857 | COMPOSITE:0.8540
    [Prob] min=0.274 max=0.759 | TP=17 FP=3 FN=3 TN=18
[lp | fold 5 | epoch 038] train=0.3726 val=0.3666 auc=0.8595 thr=0.605
  [Metrics] AUC:0.860 F1:0.850 SENS:0.850 SPEC:0.857 | COMPOSITE:0.8535
    [Prob] min=0.285 max=0.687 | TP=17 FP=3 FN=3 TN=18
[lp | fold 5 | epoch 039] train=0.4169 val=0.3724 auc=0.8595 thr=0.566
  [Metrics] AUC:0.860 F1:0.850 SENS:0.850 SPEC:0.857 | COMPOSITE:0.8535
    [Prob] min=0.297 max=0.657 | TP=18 FP=3 FN=2 TN=18
[lp | fold 5 | epoch 040] train=0.3979 val=0.3726 auc=0.8738 thr=0.540
  [Metrics] AUC:0.874 F1:0.878 SENS:0.900 SPEC:0.857 | COMPOSITE:0.8815
    ★ SAVED DUAL-PASS (SENS=0.900≥0.8 SPEC=0.857≥0.5 | F1=0.878 | comp=0.8815)
    [Prob] min=0.331 max=0.718 | TP=17 FP=4 FN=3 TN=17
[lp | fold 5 | epoch 041] train=0.3989 val=0.3688 auc=0.8690 thr=0.587
  [Metrics] AUC:0.869 F1:0.829 SENS:0.850 SPEC:0.810 | COMPOSITE:0.8435
    [Prob] min=0.193 max=0.633 | TP=17 FP=4 FN=3 TN=17
[lp | fold 5 | epoch 042] train=0.4008 val=0.3932 auc=0.8405 thr=0.478
  [Metrics] AUC:0.840 F1:0.829 SENS:0.850 SPEC:0.810 | COMPOSITE:0.8364
    [Prob] min=0.350 max=0.856 | TP=18 FP=4 FN=2 TN=17
[lp | fold 5 | epoch 043] train=0.3933 val=0.4137 auc=0.8690 thr=0.681
  [Metrics] AUC:0.869 F1:0.857 SENS:0.900 SPEC:0.810 | COMPOSITE:0.8680
    [Prob] min=0.252 max=0.584 | TP=17 FP=7 FN=3 TN=14
[lp | fold 5 | epoch 044] train=0.4271 val=0.4063 auc=0.7929 thr=0.487
  [Metrics] AUC:0.793 F1:0.773 SENS:0.850 SPEC:0.667 | COMPOSITE:0.7889
    [Prob] min=0.325 max=0.687 | TP=18 FP=4 FN=2 TN=17
[lp | fold 5 | epoch 045] train=0.3987 val=0.3787 auc=0.8643 thr=0.570
  [Metrics] AUC:0.864 F1:0.857 SENS:0.900 SPEC:0.810 | COMPOSITE:0.8668
    [Prob] min=0.210 max=0.708 | TP=17 FP=3 FN=3 TN=18
[lp | fold 5 | epoch 046] train=0.4031 val=0.3572 auc=0.8667 thr=0.563
  [Metrics] AUC:0.867 F1:0.850 SENS:0.850 SPEC:0.857 | COMPOSITE:0.8552
    [Prob] min=0.201 max=0.765 | TP=18 FP=4 FN=2 TN=17
[lp | fold 5 | epoch 047] train=0.3880 val=0.3469 auc=0.8714 thr=0.563
  [Metrics] AUC:0.871 F1:0.857 SENS:0.900 SPEC:0.810 | COMPOSITE:0.8686
    [Prob] min=0.168 max=0.761 | TP=18 FP=4 FN=2 TN=17
[lp | fold 5 | epoch 048] train=0.3877 val=0.3474 auc=0.8619 thr=0.574
  [Metrics] AUC:0.862 F1:0.857 SENS:0.900 SPEC:0.810 | COMPOSITE:0.8662
    [Prob] min=0.284 max=0.735 | TP=17 FP=4 FN=3 TN=17
[lp | fold 5 | epoch 049] train=0.4140 val=0.3681 auc=0.8548 thr=0.610
  [Metrics] AUC:0.855 F1:0.829 SENS:0.850 SPEC:0.810 | COMPOSITE:0.8399
    [Prob] min=0.291 max=0.652 | TP=18 FP=5 FN=2 TN=16
[lp | fold 5 | epoch 050] train=0.4134 val=0.3860 auc=0.8405 thr=0.534
  [Metrics] AUC:0.840 F1:0.837 SENS:0.900 SPEC:0.762 | COMPOSITE:0.8487
    [Prob] min=0.323 max=0.699 | TP=18 FP=5 FN=2 TN=16
[lp | fold 5 | epoch 051] train=0.4022 val=0.3820 auc=0.8405 thr=0.564
  [Metrics] AUC:0.840 F1:0.837 SENS:0.900 SPEC:0.762 | COMPOSITE:0.8487
    [Prob] min=0.326 max=0.723 | TP=18 FP=5 FN=2 TN=16
[lp | fold 5 | epoch 052] train=0.4003 val=0.3775 auc=0.8571 thr=0.574
  [Metrics] AUC:0.857 F1:0.837 SENS:0.900 SPEC:0.762 | COMPOSITE:0.8529
    [Prob] min=0.222 max=0.732 | TP=17 FP=4 FN=3 TN=17
[lp | fold 5 | epoch 053] train=0.3822 val=0.3610 auc=0.8667 thr=0.534
  [Metrics] AUC:0.867 F1:0.829 SENS:0.850 SPEC:0.810 | COMPOSITE:0.8429
    [Prob] min=0.232 max=0.821 | TP=18 FP=4 FN=2 TN=17
[lp | fold 5 | epoch 054] train=0.3856 val=0.3557 auc=0.8786 thr=0.590
  [Metrics] AUC:0.879 F1:0.857 SENS:0.900 SPEC:0.810 | COMPOSITE:0.8704
    [Prob] min=0.180 max=0.758 | TP=18 FP=6 FN=2 TN=15
[lp | fold 5 | epoch 055] train=0.3993 val=0.3556 auc=0.8595 thr=0.524
  [Metrics] AUC:0.860 F1:0.818 SENS:0.900 SPEC:0.714 | COMPOSITE:0.8416
    [Prob] min=0.165 max=0.766 | TP=18 FP=6 FN=2 TN=15
[lp | fold 5 | epoch 056] train=0.3656 val=0.3537 auc=0.8619 thr=0.526
  [Metrics] AUC:0.862 F1:0.818 SENS:0.900 SPEC:0.714 | COMPOSITE:0.8422
    [Prob] min=0.185 max=0.795 | TP=18 FP=6 FN=2 TN=15
[lp | fold 5 | epoch 057] train=0.3685 val=0.3611 auc=0.8571 thr=0.576
  [Metrics] AUC:0.857 F1:0.818 SENS:0.900 SPEC:0.714 | COMPOSITE:0.8410
    [Prob] min=0.171 max=0.774 | TP=19 FP=8 FN=1 TN=13
[lp | fold 5 | epoch 058] train=0.3972 val=0.3590 auc=0.8500 thr=0.530
  [Metrics] AUC:0.850 F1:0.809 SENS:0.950 SPEC:0.619 | COMPOSITE:0.8400
    [Prob] min=0.180 max=0.773 | TP=18 FP=6 FN=2 TN=15
[lp | fold 5 | epoch 059] train=0.3834 val=0.3584 auc=0.8524 thr=0.549
  [Metrics] AUC:0.852 F1:0.818 SENS:0.900 SPEC:0.714 | COMPOSITE:0.8398
    [Prob] min=0.188 max=0.779 | TP=18 FP=6 FN=2 TN=15
[lp | fold 5 | epoch 060] train=0.3817 val=0.3583 auc=0.8524 thr=0.561
  [Metrics] AUC:0.852 F1:0.818 SENS:0.900 SPEC:0.714 | COMPOSITE:0.8398
    [Prob] min=0.184 max=0.768 | TP=18 FP=6 FN=2 TN=15
[lp | fold 5 | epoch 061] train=0.3991 val=0.3587 auc=0.8452 thr=0.549
  [Metrics] AUC:0.845 F1:0.818 SENS:0.900 SPEC:0.714 | COMPOSITE:0.8380
    [Prob] min=0.184 max=0.772 | TP=18 FP=6 FN=2 TN=15
[lp | fold 5 | epoch 062] train=0.3807 val=0.3574 auc=0.8500 thr=0.550
  [Metrics] AUC:0.850 F1:0.818 SENS:0.900 SPEC:0.714 | COMPOSITE:0.8392
    [Prob] min=0.185 max=0.774 | TP=18 FP=6 FN=2 TN=15
[lp | fold 5 | epoch 063] train=0.3797 val=0.3576 auc=0.8524 thr=0.556
  [Metrics] AUC:0.852 F1:0.818 SENS:0.900 SPEC:0.714 | COMPOSITE:0.8398
    [Prob] min=0.200 max=0.777 | TP=18 FP=6 FN=2 TN=15
[lp | fold 5 | epoch 064] train=0.4096 val=0.3604 auc=0.8500 thr=0.570
  [Metrics] AUC:0.850 F1:0.818 SENS:0.900 SPEC:0.714 | COMPOSITE:0.8392
    [Prob] min=0.211 max=0.772 | TP=18 FP=6 FN=2 TN=15
[lp | fold 5 | epoch 065] train=0.3932 val=0.3620 auc=0.8548 thr=0.572
  [Metrics] AUC:0.855 F1:0.818 SENS:0.900 SPEC:0.714 | COMPOSITE:0.8404
  Early stopping @ epoch 65 | best_score=0.8815
  SWA finalize ediliyor...
  SWA composite: 0.8398 | Best regular: 0.8815

=================================================================
  SwinLP Fold 5  |  Threshold: Youden 0.540
=================================================================
  Metrik                Değer                   95% CI
  -------------------------------------------------------
  AUC-ROC               0.874          [0.745 - 0.971]
  AUC-PR                0.876                        -
  Sensitivity           0.900          [0.750 - 1.000]
  Specificity           0.857          [0.687 - 1.000]
  PPV                   0.857          [0.696 - 1.000]
  NPV                   0.900          [0.750 - 1.000]
  Accuracy              0.878          [0.780 - 0.976]
  F1-Score              0.878          [0.757 - 0.970]
  Composite             0.882                        -

  CM: TP=18 FP=3 FN=2 TN=18
  Toplam Hata: 5/41
=================================================================

AGGREGATE OOF (5-Fold Cross-Validation):

=================================================================
  SwinUNETR LinearProbe OOF  |  Threshold: Youden 0.524
=================================================================
  Metrik                Değer                   95% CI
  -------------------------------------------------------
  AUC-ROC               0.684          [0.608 - 0.757]
  AUC-PR                0.604                        -
  Sensitivity           0.750          [0.663 - 0.833]
  Specificity           0.607          [0.515 - 0.700]
  PPV                   0.641          [0.551 - 0.731]
  NPV                   0.722          [0.633 - 0.812]
  Accuracy              0.676          [0.614 - 0.739]
  F1-Score              0.691          [0.616 - 0.759]
  Composite             0.697                        -

  CM: TP=75 FP=42 FN=25 TN=65
  Toplam Hata: 67/207
=================================================================

SwinUNETR-LinearProbe — Kalibrasyon: Brier=0.2070 | ECE=0.1106

SwinUNETR-LinearProbe — EXTERNAL TEST (ALL FOLDS + ENSEMBLE):
               fold  auc_roc  sensitivity  specificity  accuracy    f1   ppv   npv  tp  fp  fn  tn
             Fold 1    0.877        0.944        0.789     0.865 0.872 0.810 0.937  17   4   1  15
             Fold 2    0.836        0.944        0.632     0.784 0.810 0.708 0.923  17   7   1  12
             Fold 3    0.827        0.833        0.737     0.784 0.789 0.750 0.824  15   5   3  14
             Fold 4    0.860        0.944        0.789     0.865 0.872 0.810 0.937  17   4   1  15
             Fold 5    0.801        0.667        0.842     0.757 0.727 0.800 0.727  12   3   6  16
    Ensemble (@0.5)    0.863        1.000        0.368     0.676 0.750 0.600 1.000  18  12   0   7
 Ensemble (@Youden)    0.863        0.944        0.737     0.838 0.850 0.773 0.933  17   5   1  14
Ensemble (90+ Sens)    0.863        0.944        0.737     0.838 0.850 0.773 0.933  17   5   1  14

SwinUNETR-LinearProbe — ENSEMBLE @Youden (0.547) — %95 Bootstrap CI:

=================================================================
  SwinUNETR-LinearProbe  |  Threshold: Youden 0.547
=================================================================
  Metrik                Değer                   95% CI
  -------------------------------------------------------
  AUC-ROC               0.863          [0.725 - 0.967]
  AUC-PR                0.844                        -
  Sensitivity           0.944          [0.812 - 1.000]
  Specificity           0.737          [0.526 - 0.933]
  PPV                   0.773          [0.591 - 0.944]
  NPV                   0.933          [0.786 - 1.000]
  Accuracy              0.838          [0.703 - 0.946]
  F1-Score              0.850          [0.710 - 0.952]
  Composite             0.869                        -

  CM: TP=17 FP=5 FN=1 TN=14
  Toplam Hata: 6/37
=================================================================

SwinUNETR-LinearProbe — ENSEMBLE @90%+ Sensitivity (0.547) — %95 Bootstrap CI:

=================================================================
  SwinUNETR-LinearProbe  |  Threshold: 90+Sens 0.547
=================================================================
  Metrik                Değer                   95% CI
  -------------------------------------------------------
  AUC-ROC               0.863          [0.725 - 0.967]
  AUC-PR                0.844                        -
  Sensitivity           0.944          [0.812 - 1.000]
  Specificity           0.737          [0.526 - 0.933]
  PPV                   0.773          [0.591 - 0.944]
  NPV                   0.933          [0.786 - 1.000]
  Accuracy              0.838          [0.703 - 0.946]
  F1-Score              0.850          [0.710 - 0.952]
  Composite             0.869                        -

  CM: TP=17 FP=5 FN=1 TN=14
  Toplam Hata: 6/37
=================================================================
