shared_utils.py yüklendi. [Q1 | Sensitivity-First | TTA | ClinicalFocalLoss]
================================================================================
Attention-SwinUNETR (AG-MSF) — External Test: 24 hasta
================================================================================

======================================================================
FOLD 1/5
======================================================================
  Pretrained: 159 katman yüklendi, 0 atlandı.
[attn-swinunetr | fold 1 | epoch 001] train=0.4429 val_loss=0.4396 auc=0.4250 acc=0.8333
  [Metrics] AUC:0.425 F1:0.552 SENS:0.400 SPEC:0.750 | COMPOSITE:0.4967 EMA:0.4967
[attn-swinunetr | fold 1 | epoch 002] train=0.4097 val_loss=0.3643 auc=0.4125 acc=0.8333
  [Metrics] AUC:0.413 F1:0.552 SENS:0.400 SPEC:0.750 | COMPOSITE:0.4936 EMA:0.4957
[attn-swinunetr | fold 1 | epoch 003] train=0.3222 val_loss=0.2566 auc=0.4000 acc=0.8333
  [Metrics] AUC:0.400 F1:0.552 SENS:0.400 SPEC:0.750 | COMPOSITE:0.4904 EMA:0.4941
[attn-swinunetr | fold 1 | epoch 004] train=0.2306 val_loss=0.1853 auc=0.3875 acc=0.8333
  [Metrics] AUC:0.388 F1:0.743 SENS:0.650 SPEC:0.500 | COMPOSITE:0.5851 EMA:0.5214
[attn-swinunetr | fold 1 | epoch 005] train=0.2042 val_loss=0.1811 auc=0.5875 acc=0.7917
  [Metrics] AUC:0.587 F1:0.872 SENS:0.850 SPEC:0.500 | COMPOSITE:0.7373 EMA:0.5862
[attn-swinunetr | fold 1 | epoch 006] train=0.1995 val_loss=0.1759 auc=0.7750 acc=0.8333
  [Metrics] AUC:0.775 F1:0.788 SENS:0.650 SPEC:1.000 | COMPOSITE:0.7682 EMA:0.6408
[attn-swinunetr | fold 1 | epoch 007] train=0.1960 val_loss=0.1684 auc=0.8000 acc=0.8333
  [Metrics] AUC:0.800 F1:0.824 SENS:0.700 SPEC:1.000 | COMPOSITE:0.8009 EMA:0.6888
[attn-swinunetr | fold 1 | epoch 008] train=0.1765 val_loss=0.1676 auc=0.8000 acc=0.7917
  [Metrics] AUC:0.800 F1:0.824 SENS:0.700 SPEC:1.000 | COMPOSITE:0.8009 EMA:0.7224
[attn-swinunetr | fold 1 | epoch 009] train=0.1828 val_loss=0.1662 auc=0.8000 acc=0.7917
  [Metrics] AUC:0.800 F1:0.824 SENS:0.700 SPEC:1.000 | COMPOSITE:0.8009 EMA:0.7460
[attn-swinunetr | fold 1 | epoch 010] train=0.1786 val_loss=0.1575 auc=0.8250 acc=0.7917
  [Metrics] AUC:0.825 F1:0.824 SENS:0.700 SPEC:1.000 | COMPOSITE:0.8071 EMA:0.7643
[attn-swinunetr | fold 1 | epoch 011] train=0.1752 val_loss=0.1550 auc=0.8125 acc=0.7917
  [Metrics] AUC:0.812 F1:0.824 SENS:0.700 SPEC:1.000 | COMPOSITE:0.8040 EMA:0.7762
[attn-swinunetr | fold 1 | epoch 012] train=0.1683 val_loss=0.1545 auc=0.8000 acc=0.7917
  [Metrics] AUC:0.800 F1:0.788 SENS:0.650 SPEC:1.000 | COMPOSITE:0.7745 EMA:0.7757
[attn-swinunetr | fold 1 | epoch 013] train=0.1764 val_loss=0.1562 auc=0.8125 acc=0.7917
  [Metrics] AUC:0.812 F1:0.788 SENS:0.650 SPEC:1.000 | COMPOSITE:0.7776 EMA:0.7763
[attn-swinunetr | fold 1 | epoch 014] train=0.1804 val_loss=0.1519 auc=0.8125 acc=0.7917
  [Metrics] AUC:0.812 F1:0.788 SENS:0.650 SPEC:1.000 | COMPOSITE:0.7776 EMA:0.7767
  [Progressive FT] Epoch 15: Backbone çözülüyor, tam model ince ayara başlıyor.
[attn-swinunetr | fold 1 | epoch 015] train=0.1709 val_loss=0.1499 auc=0.8000 acc=0.7500
  [Metrics] AUC:0.800 F1:0.788 SENS:0.650 SPEC:1.000 | COMPOSITE:0.7745 EMA:0.7760
[attn-swinunetr | fold 1 | epoch 016] train=0.1689 val_loss=0.1558 auc=0.8000 acc=0.8750
  [Metrics] AUC:0.800 F1:0.824 SENS:0.700 SPEC:1.000 | COMPOSITE:0.8009 EMA:0.7835
[attn-swinunetr | fold 1 | epoch 017] train=0.1597 val_loss=0.1516 auc=0.8000 acc=0.8750
  [Metrics] AUC:0.800 F1:0.824 SENS:0.700 SPEC:1.000 | COMPOSITE:0.8009 EMA:0.7887
[attn-swinunetr | fold 1 | epoch 018] train=0.1680 val_loss=0.1502 auc=0.8125 acc=0.7500
  [Metrics] AUC:0.812 F1:0.824 SENS:0.700 SPEC:1.000 | COMPOSITE:0.8040 EMA:0.7933
[attn-swinunetr | fold 1 | epoch 019] train=0.1678 val_loss=0.1486 auc=0.8125 acc=0.7917
  [Metrics] AUC:0.812 F1:0.788 SENS:0.650 SPEC:1.000 | COMPOSITE:0.7776 EMA:0.7886
[attn-swinunetr | fold 1 | epoch 020] train=0.1610 val_loss=0.1475 auc=0.8125 acc=0.8333
  [Metrics] AUC:0.812 F1:0.788 SENS:0.650 SPEC:1.000 | COMPOSITE:0.7776 EMA:0.7853
[attn-swinunetr | fold 1 | epoch 021] train=0.1741 val_loss=0.1481 auc=0.8250 acc=0.8333
  [Metrics] AUC:0.825 F1:0.788 SENS:0.650 SPEC:1.000 | COMPOSITE:0.7807 EMA:0.7839
[attn-swinunetr | fold 1 | epoch 022] train=0.1686 val_loss=0.1469 auc=0.8250 acc=0.8333
  [Metrics] AUC:0.825 F1:0.788 SENS:0.650 SPEC:1.000 | COMPOSITE:0.7807 EMA:0.7830
[attn-swinunetr | fold 1 | epoch 023] train=0.1615 val_loss=0.1474 auc=0.8125 acc=0.8333
  [Metrics] AUC:0.812 F1:0.788 SENS:0.650 SPEC:1.000 | COMPOSITE:0.7776 EMA:0.7813
[attn-swinunetr | fold 1 | epoch 024] train=0.1522 val_loss=0.1491 auc=0.8250 acc=0.8333
  [Metrics] AUC:0.825 F1:0.824 SENS:0.700 SPEC:1.000 | COMPOSITE:0.8071 EMA:0.7891
[attn-swinunetr | fold 1 | epoch 025] train=0.1520 val_loss=0.1467 auc=0.8250 acc=0.8333
  [Metrics] AUC:0.825 F1:0.824 SENS:0.700 SPEC:1.000 | COMPOSITE:0.8071 EMA:0.7945
[attn-swinunetr | fold 1 | epoch 026] train=0.1584 val_loss=0.1469 auc=0.8375 acc=0.8750
  [Metrics] AUC:0.837 F1:0.824 SENS:0.700 SPEC:1.000 | COMPOSITE:0.8103 EMA:0.7992
[attn-swinunetr | fold 1 | epoch 027] train=0.1547 val_loss=0.1472 auc=0.8375 acc=0.8750
  [Metrics] AUC:0.837 F1:0.824 SENS:0.700 SPEC:1.000 | COMPOSITE:0.8103 EMA:0.8025
[attn-swinunetr | fold 1 | epoch 028] train=0.1557 val_loss=0.1487 auc=0.8500 acc=0.8750
  [Metrics] AUC:0.850 F1:0.824 SENS:0.700 SPEC:1.000 | COMPOSITE:0.8134 EMA:0.8058
[attn-swinunetr | fold 1 | epoch 029] train=0.1578 val_loss=0.1497 auc=0.8375 acc=0.8750
  [Metrics] AUC:0.838 F1:0.788 SENS:0.650 SPEC:1.000 | COMPOSITE:0.7838 EMA:0.7992
[attn-swinunetr | fold 1 | epoch 030] train=0.1539 val_loss=0.1459 auc=0.8375 acc=0.8750
  [Metrics] AUC:0.838 F1:0.788 SENS:0.650 SPEC:1.000 | COMPOSITE:0.7838 EMA:0.7946
[attn-swinunetr | fold 1 | epoch 031] train=0.1512 val_loss=0.1460 auc=0.8250 acc=0.8750
  [Metrics] AUC:0.825 F1:0.750 SENS:0.600 SPEC:1.000 | COMPOSITE:0.7537 EMA:0.7823
[attn-swinunetr | fold 1 | epoch 032] train=0.1491 val_loss=0.1458 auc=0.8125 acc=0.8750
  [Metrics] AUC:0.812 F1:0.710 SENS:0.550 SPEC:1.000 | COMPOSITE:0.7230 EMA:0.7646
[attn-swinunetr | fold 1 | epoch 033] train=0.1602 val_loss=0.1453 auc=0.8125 acc=0.8750
  [Metrics] AUC:0.812 F1:0.710 SENS:0.550 SPEC:1.000 | COMPOSITE:0.7230 EMA:0.7521
[attn-swinunetr | fold 1 | epoch 034] train=0.1438 val_loss=0.1457 auc=0.8000 acc=0.8750
  [Metrics] AUC:0.800 F1:0.667 SENS:0.500 SPEC:1.000 | COMPOSITE:0.6917 EMA:0.7340
[attn-swinunetr | fold 1 | epoch 035] train=0.1410 val_loss=0.1471 auc=0.7875 acc=0.8750
  [Metrics] AUC:0.787 F1:0.833 SENS:0.750 SPEC:0.750 | COMPOSITE:0.7802 EMA:0.7478
[attn-swinunetr | fold 1 | epoch 036] train=0.1399 val_loss=0.1480 auc=0.7750 acc=0.8750
  [Metrics] AUC:0.775 F1:0.833 SENS:0.750 SPEC:0.750 | COMPOSITE:0.7771 EMA:0.7566
[attn-swinunetr | fold 1 | epoch 037] train=0.1426 val_loss=0.1477 auc=0.7750 acc=0.8750
  [Metrics] AUC:0.775 F1:0.833 SENS:0.750 SPEC:0.750 | COMPOSITE:0.7771 EMA:0.7628
[attn-swinunetr | fold 1 | epoch 038] train=0.1474 val_loss=0.1490 auc=0.7875 acc=0.9167
  [Metrics] AUC:0.787 F1:0.833 SENS:0.750 SPEC:0.750 | COMPOSITE:0.7802 EMA:0.7680
[attn-swinunetr | fold 1 | epoch 039] train=0.1476 val_loss=0.1476 auc=0.8000 acc=0.9167
  [Metrics] AUC:0.800 F1:0.833 SENS:0.750 SPEC:0.750 | COMPOSITE:0.7833 EMA:0.7726
[attn-swinunetr | fold 1 | epoch 040] train=0.1338 val_loss=0.1482 auc=0.7750 acc=0.9167
  [Metrics] AUC:0.775 F1:0.952 SENS:1.000 SPEC:0.500 | COMPOSITE:0.8568 EMA:0.7979
[attn-swinunetr | fold 1 | epoch 041] train=0.1524 val_loss=0.1499 auc=0.7750 acc=0.9167
  [Metrics] AUC:0.775 F1:0.952 SENS:1.000 SPEC:0.500 | COMPOSITE:0.8568 EMA:0.8156
[attn-swinunetr | fold 1 | epoch 042] train=0.1481 val_loss=0.1505 auc=0.7750 acc=0.9167
  [Metrics] AUC:0.775 F1:0.952 SENS:1.000 SPEC:0.500 | COMPOSITE:0.8568 EMA:0.8279
[attn-swinunetr | fold 1 | epoch 043] train=0.1552 val_loss=0.1543 auc=0.7750 acc=0.9167
  [Metrics] AUC:0.775 F1:0.952 SENS:1.000 SPEC:0.500 | COMPOSITE:0.8568 EMA:0.8366
[attn-swinunetr | fold 1 | epoch 044] train=0.1487 val_loss=0.1559 auc=0.7750 acc=0.9167
  [Metrics] AUC:0.775 F1:0.952 SENS:1.000 SPEC:0.500 | COMPOSITE:0.8568 EMA:0.8427
[attn-swinunetr | fold 1 | epoch 045] train=0.1571 val_loss=0.1572 auc=0.7750 acc=0.9167
  [Metrics] AUC:0.775 F1:0.952 SENS:1.000 SPEC:0.500 | COMPOSITE:0.8568 EMA:0.8469
[attn-swinunetr | fold 1 | epoch 046] train=0.1437 val_loss=0.1500 auc=0.7750 acc=0.9167
  [Metrics] AUC:0.775 F1:0.952 SENS:1.000 SPEC:0.500 | COMPOSITE:0.8568 EMA:0.8499
[attn-swinunetr | fold 1 | epoch 047] train=0.1424 val_loss=0.1499 auc=0.7750 acc=0.9167
  [Metrics] AUC:0.775 F1:0.952 SENS:1.000 SPEC:0.500 | COMPOSITE:0.8568 EMA:0.8520
[attn-swinunetr | fold 1 | epoch 048] train=0.1587 val_loss=0.1540 auc=0.7750 acc=0.9167
  [Metrics] AUC:0.775 F1:0.952 SENS:1.000 SPEC:0.500 | COMPOSITE:0.8568 EMA:0.8534
[attn-swinunetr | fold 1 | epoch 049] train=0.1437 val_loss=0.1600 auc=0.7750 acc=0.9167
  [Metrics] AUC:0.775 F1:0.952 SENS:1.000 SPEC:0.500 | COMPOSITE:0.8568 EMA:0.8545
[attn-swinunetr | fold 1 | epoch 050] train=0.1442 val_loss=0.1548 auc=0.7750 acc=0.9167
  [Metrics] AUC:0.775 F1:0.952 SENS:1.000 SPEC:0.500 | COMPOSITE:0.8568 EMA:0.8552
[attn-swinunetr | fold 1 | epoch 051] train=0.1391 val_loss=0.1516 auc=0.7750 acc=0.9167
  [Metrics] AUC:0.775 F1:0.952 SENS:1.000 SPEC:0.500 | COMPOSITE:0.8568 EMA:0.8557
[attn-swinunetr | fold 1 | epoch 052] train=0.1441 val_loss=0.1513 auc=0.7750 acc=0.9167
  [Metrics] AUC:0.775 F1:0.952 SENS:1.000 SPEC:0.500 | COMPOSITE:0.8568 EMA:0.8560
[attn-swinunetr | fold 1 | epoch 053] train=0.1334 val_loss=0.1517 auc=0.7625 acc=0.9167
  [Metrics] AUC:0.762 F1:0.952 SENS:1.000 SPEC:0.500 | COMPOSITE:0.8537 EMA:0.8553
[attn-swinunetr | fold 1 | epoch 054] train=0.1275 val_loss=0.1549 auc=0.7625 acc=0.9167
  [Metrics] AUC:0.762 F1:0.952 SENS:1.000 SPEC:0.500 | COMPOSITE:0.8537 EMA:0.8549
[attn-swinunetr | fold 1 | epoch 055] train=0.1321 val_loss=0.1548 auc=0.7625 acc=0.9167
  [Metrics] AUC:0.762 F1:0.952 SENS:1.000 SPEC:0.500 | COMPOSITE:0.8537 EMA:0.8545
[attn-swinunetr | fold 1 | epoch 056] train=0.1451 val_loss=0.1536 auc=0.7750 acc=0.9167
  [Metrics] AUC:0.775 F1:0.833 SENS:0.750 SPEC:0.750 | COMPOSITE:0.7771 EMA:0.8313
[attn-swinunetr | fold 1 | epoch 057] train=0.1370 val_loss=0.1545 auc=0.7750 acc=0.9167
  [Metrics] AUC:0.775 F1:0.833 SENS:0.750 SPEC:0.750 | COMPOSITE:0.7771 EMA:0.8150
[attn-swinunetr | fold 1 | epoch 058] train=0.1314 val_loss=0.1549 auc=0.7625 acc=0.9167
  [Metrics] AUC:0.762 F1:0.952 SENS:1.000 SPEC:0.500 | COMPOSITE:0.8537 EMA:0.8266
[attn-swinunetr | fold 1 | epoch 059] train=0.1288 val_loss=0.1571 auc=0.7625 acc=0.9167
  [Metrics] AUC:0.762 F1:0.952 SENS:1.000 SPEC:0.500 | COMPOSITE:0.8537 EMA:0.8348
[attn-swinunetr | fold 1 | epoch 060] train=0.1440 val_loss=0.1567 auc=0.7875 acc=0.9167
  [Metrics] AUC:0.787 F1:0.865 SENS:0.800 SPEC:0.750 | COMPOSITE:0.8056 EMA:0.8260
[attn-swinunetr | fold 1 | epoch 061] train=0.1456 val_loss=0.1578 auc=0.8000 acc=0.9167
  [Metrics] AUC:0.800 F1:0.895 SENS:0.850 SPEC:0.750 | COMPOSITE:0.8337 EMA:0.8283
[attn-swinunetr | fold 1 | epoch 062] train=0.1466 val_loss=0.1627 auc=0.8000 acc=0.9167
  [Metrics] AUC:0.800 F1:0.895 SENS:0.850 SPEC:0.750 | COMPOSITE:0.8337 EMA:0.8299
[attn-swinunetr | fold 1 | epoch 063] train=0.1335 val_loss=0.1638 auc=0.8000 acc=0.9167
  [Metrics] AUC:0.800 F1:0.895 SENS:0.850 SPEC:0.750 | COMPOSITE:0.8337 EMA:0.8311
[attn-swinunetr | fold 1 | epoch 064] train=0.1311 val_loss=0.1563 auc=0.8000 acc=0.9167
  [Metrics] AUC:0.800 F1:0.895 SENS:0.850 SPEC:0.750 | COMPOSITE:0.8337 EMA:0.8318
[attn-swinunetr | fold 1 | epoch 065] train=0.1336 val_loss=0.1566 auc=0.8000 acc=0.9167
  [Metrics] AUC:0.800 F1:0.895 SENS:0.850 SPEC:0.750 | COMPOSITE:0.8337 EMA:0.8324
[attn-swinunetr | fold 1 | epoch 066] train=0.1207 val_loss=0.1572 auc=0.8000 acc=0.9167
  [Metrics] AUC:0.800 F1:0.895 SENS:0.850 SPEC:0.750 | COMPOSITE:0.8337 EMA:0.8328
[attn-swinunetr | fold 1 | epoch 067] train=0.1317 val_loss=0.1624 auc=0.8000 acc=0.9167
  [Metrics] AUC:0.800 F1:0.895 SENS:0.850 SPEC:0.750 | COMPOSITE:0.8337 EMA:0.8331
[attn-swinunetr | fold 1 | epoch 068] train=0.1299 val_loss=0.1684 auc=0.8000 acc=0.9167
  [Metrics] AUC:0.800 F1:0.895 SENS:0.850 SPEC:0.750 | COMPOSITE:0.8337 EMA:0.8332
[attn-swinunetr | fold 1 | epoch 069] train=0.1386 val_loss=0.1697 auc=0.7750 acc=0.9167
  [Metrics] AUC:0.775 F1:0.865 SENS:0.800 SPEC:0.750 | COMPOSITE:0.8025 EMA:0.8240
[attn-swinunetr | fold 1 | epoch 070] train=0.1265 val_loss=0.1694 auc=0.7625 acc=0.8750
  [Metrics] AUC:0.762 F1:0.865 SENS:0.800 SPEC:0.750 | COMPOSITE:0.7993 EMA:0.8166
[attn-swinunetr | fold 1 | epoch 071] train=0.1340 val_loss=0.1755 auc=0.7625 acc=0.8750
  [Metrics] AUC:0.762 F1:0.865 SENS:0.800 SPEC:0.750 | COMPOSITE:0.7993 EMA:0.8114
[attn-swinunetr | fold 1 | epoch 072] train=0.1302 val_loss=0.1698 auc=0.7750 acc=0.9167
  [Metrics] AUC:0.775 F1:0.865 SENS:0.800 SPEC:0.750 | COMPOSITE:0.8025 EMA:0.8087
[attn-swinunetr | fold 1 | epoch 073] train=0.1266 val_loss=0.1755 auc=0.7875 acc=0.9167
  [Metrics] AUC:0.787 F1:0.895 SENS:0.850 SPEC:0.750 | COMPOSITE:0.8306 EMA:0.8153
[attn-swinunetr | fold 1 | epoch 074] train=0.1226 val_loss=0.1729 auc=0.7875 acc=0.9167
  [Metrics] AUC:0.787 F1:0.895 SENS:0.850 SPEC:0.750 | COMPOSITE:0.8306 EMA:0.8199
[attn-swinunetr | fold 1 | epoch 075] train=0.1331 val_loss=0.1744 auc=0.8000 acc=0.9167
  [Metrics] AUC:0.800 F1:0.923 SENS:0.900 SPEC:0.750 | COMPOSITE:0.8583 EMA:0.8314
[attn-swinunetr | fold 1 | epoch 076] train=0.1138 val_loss=0.1719 auc=0.8000 acc=0.9167
  [Metrics] AUC:0.800 F1:0.923 SENS:0.900 SPEC:0.750 | COMPOSITE:0.8583 EMA:0.8395
[attn-swinunetr | fold 1 | epoch 077] train=0.1290 val_loss=0.1698 auc=0.8000 acc=0.9167
  [Metrics] AUC:0.800 F1:0.923 SENS:0.900 SPEC:0.750 | COMPOSITE:0.8583 EMA:0.8451
  Early stopping @ epoch 77 (best EMA composite=0.8560)
  SWA model finalize ediliyor...
  SWA val COMPOSITE: 0.8306 | Best EMA COMPOSITE: 0.8560

=================================================================
  AttentionSwinUNETR Fold 1  |  Threshold: Youden 0.681
=================================================================
  Metrik                Değer                   95% CI
  -------------------------------------------------------
  AUC-ROC               0.775          [0.409 - 1.000]
  AUC-PR                0.945                        -
  Sensitivity           1.000          [1.000 - 1.000]
  Specificity           0.500          [0.000 - 1.000]
  PPV                   0.909          [0.773 - 1.000]
  NPV                   1.000          [0.000 - 1.000]
  Accuracy              0.917          [0.792 - 1.000]
  F1-Score              0.952          [0.872 - 1.000]
  Composite             0.857                        -

  CM: TP=20 FP=2 FN=0 TN=2
  Toplam Hata: 2/24
=================================================================

======================================================================
FOLD 2/5
======================================================================
  Pretrained: 159 katman yüklendi, 0 atlandı.
[attn-swinunetr | fold 2 | epoch 001] train=0.4714 val_loss=0.4708 auc=0.5125 acc=0.7917
  [Metrics] AUC:0.512 F1:0.872 SENS:0.850 SPEC:0.500 | COMPOSITE:0.7186 EMA:0.7186
[attn-swinunetr | fold 2 | epoch 002] train=0.4354 val_loss=0.3980 auc=0.3875 acc=0.8333
  [Metrics] AUC:0.387 F1:0.778 SENS:0.700 SPEC:0.500 | COMPOSITE:0.6113 EMA:0.6864
[attn-swinunetr | fold 2 | epoch 003] train=0.3466 val_loss=0.2868 auc=0.2625 acc=0.8333
  [Metrics] AUC:0.262 F1:0.095 SENS:0.050 SPEC:1.000 | COMPOSITE:0.2569 EMA:0.5576
[attn-swinunetr | fold 2 | epoch 004] train=0.2431 val_loss=0.1978 auc=0.1750 acc=0.8333
  [Metrics] AUC:0.175 F1:0.095 SENS:0.050 SPEC:1.000 | COMPOSITE:0.2351 EMA:0.4608
[attn-swinunetr | fold 2 | epoch 005] train=0.1954 val_loss=0.1868 auc=0.3875 acc=0.8333
  [Metrics] AUC:0.388 F1:0.182 SENS:0.100 SPEC:1.000 | COMPOSITE:0.3273 EMA:0.4208
[attn-swinunetr | fold 2 | epoch 006] train=0.2030 val_loss=0.1859 auc=0.6375 acc=0.7083
  [Metrics] AUC:0.638 F1:0.621 SENS:0.450 SPEC:1.000 | COMPOSITE:0.6220 EMA:0.4811
[attn-swinunetr | fold 2 | epoch 007] train=0.2000 val_loss=0.1745 auc=0.7250 acc=0.7500
  [Metrics] AUC:0.725 F1:0.750 SENS:0.600 SPEC:1.000 | COMPOSITE:0.7287 EMA:0.5554
[attn-swinunetr | fold 2 | epoch 008] train=0.1850 val_loss=0.1715 auc=0.8000 acc=0.7500
  [Metrics] AUC:0.800 F1:0.788 SENS:0.650 SPEC:1.000 | COMPOSITE:0.7745 EMA:0.6211
[attn-swinunetr | fold 2 | epoch 009] train=0.1835 val_loss=0.1673 auc=0.8000 acc=0.7500
  [Metrics] AUC:0.800 F1:0.788 SENS:0.650 SPEC:1.000 | COMPOSITE:0.7745 EMA:0.6671
[attn-swinunetr | fold 2 | epoch 010] train=0.1824 val_loss=0.1575 auc=0.8000 acc=0.7500
  [Metrics] AUC:0.800 F1:0.788 SENS:0.650 SPEC:1.000 | COMPOSITE:0.7745 EMA:0.6993
[attn-swinunetr | fold 2 | epoch 011] train=0.1806 val_loss=0.1533 auc=0.8000 acc=0.7500
  [Metrics] AUC:0.800 F1:0.788 SENS:0.650 SPEC:1.000 | COMPOSITE:0.7745 EMA:0.7219
[attn-swinunetr | fold 2 | epoch 012] train=0.1813 val_loss=0.1502 auc=0.8125 acc=0.7500
  [Metrics] AUC:0.812 F1:0.824 SENS:0.700 SPEC:1.000 | COMPOSITE:0.8040 EMA:0.7465
[attn-swinunetr | fold 2 | epoch 013] train=0.1717 val_loss=0.1475 auc=0.8250 acc=0.7917
  [Metrics] AUC:0.825 F1:0.824 SENS:0.700 SPEC:1.000 | COMPOSITE:0.8071 EMA:0.7647
[attn-swinunetr | fold 2 | epoch 014] train=0.1788 val_loss=0.1479 auc=0.8500 acc=0.8333
  [Metrics] AUC:0.850 F1:0.824 SENS:0.700 SPEC:1.000 | COMPOSITE:0.8134 EMA:0.7793
  [Progressive FT] Epoch 15: Backbone çözülüyor, tam model ince ayara başlıyor.
[attn-swinunetr | fold 2 | epoch 015] train=0.1731 val_loss=0.1504 auc=0.8125 acc=0.8333
  [Metrics] AUC:0.812 F1:0.750 SENS:0.600 SPEC:1.000 | COMPOSITE:0.7506 EMA:0.7707
[attn-swinunetr | fold 2 | epoch 016] train=0.1767 val_loss=0.1471 auc=0.8250 acc=0.8333
  [Metrics] AUC:0.825 F1:0.788 SENS:0.650 SPEC:1.000 | COMPOSITE:0.7807 EMA:0.7737
[attn-swinunetr | fold 2 | epoch 017] train=0.1704 val_loss=0.1462 auc=0.8500 acc=0.8750
  [Metrics] AUC:0.850 F1:0.788 SENS:0.650 SPEC:1.000 | COMPOSITE:0.7870 EMA:0.7777
[attn-swinunetr | fold 2 | epoch 018] train=0.1666 val_loss=0.1447 auc=0.8500 acc=0.8750
  [Metrics] AUC:0.850 F1:0.788 SENS:0.650 SPEC:1.000 | COMPOSITE:0.7870 EMA:0.7805
[attn-swinunetr | fold 2 | epoch 019] train=0.1680 val_loss=0.1442 auc=0.8500 acc=0.8750
  [Metrics] AUC:0.850 F1:0.788 SENS:0.650 SPEC:1.000 | COMPOSITE:0.7870 EMA:0.7824
[attn-swinunetr | fold 2 | epoch 020] train=0.1637 val_loss=0.1490 auc=0.8375 acc=0.8750
  [Metrics] AUC:0.838 F1:0.750 SENS:0.600 SPEC:1.000 | COMPOSITE:0.7569 EMA:0.7748
[attn-swinunetr | fold 2 | epoch 021] train=0.1749 val_loss=0.1462 auc=0.8375 acc=0.8750
  [Metrics] AUC:0.838 F1:0.750 SENS:0.600 SPEC:1.000 | COMPOSITE:0.7569 EMA:0.7694
[attn-swinunetr | fold 2 | epoch 022] train=0.1629 val_loss=0.1432 auc=0.8625 acc=0.9167
  [Metrics] AUC:0.863 F1:0.788 SENS:0.650 SPEC:1.000 | COMPOSITE:0.7901 EMA:0.7756
[attn-swinunetr | fold 2 | epoch 023] train=0.1675 val_loss=0.1412 auc=0.8625 acc=0.9167
  [Metrics] AUC:0.863 F1:0.788 SENS:0.650 SPEC:1.000 | COMPOSITE:0.7901 EMA:0.7800
[attn-swinunetr | fold 2 | epoch 024] train=0.1634 val_loss=0.1395 auc=0.8750 acc=0.9167
  [Metrics] AUC:0.875 F1:0.788 SENS:0.650 SPEC:1.000 | COMPOSITE:0.7932 EMA:0.7839
[attn-swinunetr | fold 2 | epoch 025] train=0.1657 val_loss=0.1392 auc=0.8625 acc=0.9167
  [Metrics] AUC:0.863 F1:0.750 SENS:0.600 SPEC:1.000 | COMPOSITE:0.7631 EMA:0.7777
[attn-swinunetr | fold 2 | epoch 026] train=0.1639 val_loss=0.1397 auc=0.8625 acc=0.9167
  [Metrics] AUC:0.863 F1:0.750 SENS:0.600 SPEC:1.000 | COMPOSITE:0.7631 EMA:0.7733
[attn-swinunetr | fold 2 | epoch 027] train=0.1718 val_loss=0.1365 auc=0.9000 acc=0.9167
  [Metrics] AUC:0.900 F1:0.950 SENS:0.950 SPEC:0.750 | COMPOSITE:0.9075 EMA:0.8136
[attn-swinunetr | fold 2 | epoch 028] train=0.1545 val_loss=0.1346 auc=0.9250 acc=0.9583
  [Metrics] AUC:0.925 F1:0.976 SENS:1.000 SPEC:0.750 | COMPOSITE:0.9377 EMA:0.8508
[attn-swinunetr | fold 2 | epoch 029] train=0.1634 val_loss=0.1332 auc=0.9250 acc=0.9583
  [Metrics] AUC:0.925 F1:0.976 SENS:1.000 SPEC:0.750 | COMPOSITE:0.9377 EMA:0.8769
[attn-swinunetr | fold 2 | epoch 030] train=0.1525 val_loss=0.1316 auc=0.9250 acc=0.9583
  [Metrics] AUC:0.925 F1:0.976 SENS:1.000 SPEC:0.750 | COMPOSITE:0.9377 EMA:0.8951
[attn-swinunetr | fold 2 | epoch 031] train=0.1513 val_loss=0.1308 auc=0.9125 acc=0.9583
  [Metrics] AUC:0.912 F1:0.976 SENS:1.000 SPEC:0.750 | COMPOSITE:0.9345 EMA:0.9069
[attn-swinunetr | fold 2 | epoch 032] train=0.1688 val_loss=0.1312 auc=0.9125 acc=0.9583
  [Metrics] AUC:0.912 F1:0.976 SENS:1.000 SPEC:0.750 | COMPOSITE:0.9345 EMA:0.9152
[attn-swinunetr | fold 2 | epoch 033] train=0.1546 val_loss=0.1293 auc=0.9125 acc=0.9583
  [Metrics] AUC:0.912 F1:0.976 SENS:1.000 SPEC:0.750 | COMPOSITE:0.9345 EMA:0.9210
[attn-swinunetr | fold 2 | epoch 034] train=0.1619 val_loss=0.1275 auc=0.9250 acc=0.9583
  [Metrics] AUC:0.925 F1:0.976 SENS:1.000 SPEC:0.750 | COMPOSITE:0.9377 EMA:0.9260
[attn-swinunetr | fold 2 | epoch 035] train=0.1530 val_loss=0.1279 auc=0.9250 acc=0.9583
  [Metrics] AUC:0.925 F1:0.976 SENS:1.000 SPEC:0.750 | COMPOSITE:0.9377 EMA:0.9295
[attn-swinunetr | fold 2 | epoch 036] train=0.1636 val_loss=0.1276 auc=0.9250 acc=0.9583
  [Metrics] AUC:0.925 F1:0.976 SENS:1.000 SPEC:0.750 | COMPOSITE:0.9377 EMA:0.9319
[attn-swinunetr | fold 2 | epoch 037] train=0.1532 val_loss=0.1278 auc=0.9250 acc=0.9583
  [Metrics] AUC:0.925 F1:0.976 SENS:1.000 SPEC:0.750 | COMPOSITE:0.9377 EMA:0.9337
[attn-swinunetr | fold 2 | epoch 038] train=0.1604 val_loss=0.1330 auc=0.9125 acc=0.9167
  [Metrics] AUC:0.912 F1:0.824 SENS:0.700 SPEC:1.000 | COMPOSITE:0.8290 EMA:0.9023
[attn-swinunetr | fold 2 | epoch 039] train=0.1551 val_loss=0.1333 auc=0.8750 acc=0.9167
  [Metrics] AUC:0.875 F1:0.824 SENS:0.700 SPEC:1.000 | COMPOSITE:0.8196 EMA:0.8775
[attn-swinunetr | fold 2 | epoch 040] train=0.1548 val_loss=0.1309 auc=0.9000 acc=0.9167
  [Metrics] AUC:0.900 F1:0.889 SENS:0.800 SPEC:1.000 | COMPOSITE:0.8772 EMA:0.8774
[attn-swinunetr | fold 2 | epoch 041] train=0.1455 val_loss=0.1276 auc=0.9250 acc=0.9167
  [Metrics] AUC:0.925 F1:0.889 SENS:0.800 SPEC:1.000 | COMPOSITE:0.8835 EMA:0.8792
[attn-swinunetr | fold 2 | epoch 042] train=0.1572 val_loss=0.1282 auc=0.9000 acc=0.9167
  [Metrics] AUC:0.900 F1:0.889 SENS:0.800 SPEC:1.000 | COMPOSITE:0.8772 EMA:0.8786
[attn-swinunetr | fold 2 | epoch 043] train=0.1499 val_loss=0.1275 auc=0.9000 acc=0.9167
  [Metrics] AUC:0.900 F1:0.889 SENS:0.800 SPEC:1.000 | COMPOSITE:0.8772 EMA:0.8782
[attn-swinunetr | fold 2 | epoch 044] train=0.1526 val_loss=0.1282 auc=0.9000 acc=0.9167
  [Metrics] AUC:0.900 F1:0.889 SENS:0.800 SPEC:1.000 | COMPOSITE:0.8772 EMA:0.8779
[attn-swinunetr | fold 2 | epoch 045] train=0.1477 val_loss=0.1262 auc=0.9125 acc=0.9167
  [Metrics] AUC:0.912 F1:0.889 SENS:0.800 SPEC:1.000 | COMPOSITE:0.8803 EMA:0.8786
[attn-swinunetr | fold 2 | epoch 046] train=0.1506 val_loss=0.1290 auc=0.9000 acc=0.9167
  [Metrics] AUC:0.900 F1:0.889 SENS:0.800 SPEC:1.000 | COMPOSITE:0.8772 EMA:0.8782
[attn-swinunetr | fold 2 | epoch 047] train=0.1569 val_loss=0.1272 auc=0.9000 acc=0.9167
  [Metrics] AUC:0.900 F1:0.889 SENS:0.800 SPEC:1.000 | COMPOSITE:0.8772 EMA:0.8779
[attn-swinunetr | fold 2 | epoch 048] train=0.1582 val_loss=0.1287 auc=0.9000 acc=0.9167
  [Metrics] AUC:0.900 F1:0.889 SENS:0.800 SPEC:1.000 | COMPOSITE:0.8772 EMA:0.8777
[attn-swinunetr | fold 2 | epoch 049] train=0.1524 val_loss=0.1328 auc=0.9000 acc=0.9167
  [Metrics] AUC:0.900 F1:0.889 SENS:0.800 SPEC:1.000 | COMPOSITE:0.8772 EMA:0.8776
[attn-swinunetr | fold 2 | epoch 050] train=0.1433 val_loss=0.1273 auc=0.9000 acc=0.9167
  [Metrics] AUC:0.900 F1:0.889 SENS:0.800 SPEC:1.000 | COMPOSITE:0.8772 EMA:0.8775
[attn-swinunetr | fold 2 | epoch 051] train=0.1463 val_loss=0.1258 auc=0.9000 acc=0.9167
  [Metrics] AUC:0.900 F1:0.889 SENS:0.800 SPEC:1.000 | COMPOSITE:0.8772 EMA:0.8774
[attn-swinunetr | fold 2 | epoch 052] train=0.1551 val_loss=0.1271 auc=0.9125 acc=0.9167
  [Metrics] AUC:0.912 F1:0.889 SENS:0.800 SPEC:1.000 | COMPOSITE:0.8803 EMA:0.8783
[attn-swinunetr | fold 2 | epoch 053] train=0.1476 val_loss=0.1271 auc=0.9375 acc=0.9167
  [Metrics] AUC:0.938 F1:0.889 SENS:0.800 SPEC:1.000 | COMPOSITE:0.8866 EMA:0.8808
[attn-swinunetr | fold 2 | epoch 054] train=0.1530 val_loss=0.1217 auc=0.9375 acc=0.9167
  [Metrics] AUC:0.938 F1:0.889 SENS:0.800 SPEC:1.000 | COMPOSITE:0.8866 EMA:0.8825
[attn-swinunetr | fold 2 | epoch 055] train=0.1540 val_loss=0.1212 auc=0.9375 acc=0.9167
  [Metrics] AUC:0.938 F1:0.889 SENS:0.800 SPEC:1.000 | COMPOSITE:0.8866 EMA:0.8837
[attn-swinunetr | fold 2 | epoch 056] train=0.1471 val_loss=0.1227 auc=0.9375 acc=0.9167
  [Metrics] AUC:0.938 F1:0.889 SENS:0.800 SPEC:1.000 | COMPOSITE:0.8866 EMA:0.8846
[attn-swinunetr | fold 2 | epoch 057] train=0.1518 val_loss=0.1340 auc=0.9000 acc=0.9167
  [Metrics] AUC:0.900 F1:0.889 SENS:0.800 SPEC:1.000 | COMPOSITE:0.8772 EMA:0.8824
[attn-swinunetr | fold 2 | epoch 058] train=0.1654 val_loss=0.1400 auc=0.9000 acc=0.9167
  [Metrics] AUC:0.900 F1:0.889 SENS:0.800 SPEC:1.000 | COMPOSITE:0.8772 EMA:0.8808
[attn-swinunetr | fold 2 | epoch 059] train=0.1451 val_loss=0.1298 auc=0.9000 acc=0.9167
  [Metrics] AUC:0.900 F1:0.889 SENS:0.800 SPEC:1.000 | COMPOSITE:0.8772 EMA:0.8798
[attn-swinunetr | fold 2 | epoch 060] train=0.1409 val_loss=0.1337 auc=0.9000 acc=0.9167
  [Metrics] AUC:0.900 F1:0.889 SENS:0.800 SPEC:1.000 | COMPOSITE:0.8772 EMA:0.8790
[attn-swinunetr | fold 2 | epoch 061] train=0.1424 val_loss=0.1390 auc=0.9000 acc=0.9167
  [Metrics] AUC:0.900 F1:0.889 SENS:0.800 SPEC:1.000 | COMPOSITE:0.8772 EMA:0.8785
[attn-swinunetr | fold 2 | epoch 062] train=0.1424 val_loss=0.1359 auc=0.8875 acc=0.9167
  [Metrics] AUC:0.887 F1:0.857 SENS:0.750 SPEC:1.000 | COMPOSITE:0.8487 EMA:0.8695
[attn-swinunetr | fold 2 | epoch 063] train=0.1621 val_loss=0.1354 auc=0.8875 acc=0.9167
  [Metrics] AUC:0.887 F1:0.857 SENS:0.750 SPEC:1.000 | COMPOSITE:0.8487 EMA:0.8633
[attn-swinunetr | fold 2 | epoch 064] train=0.1413 val_loss=0.1326 auc=0.9000 acc=0.9167
  [Metrics] AUC:0.900 F1:0.889 SENS:0.800 SPEC:1.000 | COMPOSITE:0.8772 EMA:0.8675
[attn-swinunetr | fold 2 | epoch 065] train=0.1391 val_loss=0.1321 auc=0.9000 acc=0.9167
  [Metrics] AUC:0.900 F1:0.889 SENS:0.800 SPEC:1.000 | COMPOSITE:0.8772 EMA:0.8704
[attn-swinunetr | fold 2 | epoch 066] train=0.1369 val_loss=0.1404 auc=0.8875 acc=0.9167
  [Metrics] AUC:0.887 F1:0.857 SENS:0.750 SPEC:1.000 | COMPOSITE:0.8487 EMA:0.8639
[attn-swinunetr | fold 2 | epoch 067] train=0.1606 val_loss=0.1363 auc=0.8875 acc=0.9167
  [Metrics] AUC:0.887 F1:0.857 SENS:0.750 SPEC:1.000 | COMPOSITE:0.8487 EMA:0.8593
[attn-swinunetr | fold 2 | epoch 068] train=0.1468 val_loss=0.1260 auc=0.9000 acc=0.9167
  [Metrics] AUC:0.900 F1:0.889 SENS:0.800 SPEC:1.000 | COMPOSITE:0.8772 EMA:0.8647
[attn-swinunetr | fold 2 | epoch 069] train=0.1566 val_loss=0.1271 auc=0.9000 acc=0.9167
  [Metrics] AUC:0.900 F1:0.889 SENS:0.800 SPEC:1.000 | COMPOSITE:0.8772 EMA:0.8684
[attn-swinunetr | fold 2 | epoch 070] train=0.1574 val_loss=0.1289 auc=0.9000 acc=0.9167
  [Metrics] AUC:0.900 F1:0.889 SENS:0.800 SPEC:1.000 | COMPOSITE:0.8772 EMA:0.8711
  Early stopping @ epoch 70 (best EMA composite=0.9337)
  SWA model finalize ediliyor...
  SWA val COMPOSITE: 0.8772 | Best EMA COMPOSITE: 0.9337

=================================================================
  AttentionSwinUNETR Fold 2  |  Threshold: Youden 0.704
=================================================================
  Metrik                Değer                   95% CI
  -------------------------------------------------------
  AUC-ROC               0.925          [0.723 - 1.000]
  AUC-PR                0.984                        -
  Sensitivity           1.000          [1.000 - 1.000]
  Specificity           0.750          [0.250 - 1.000]
  PPV                   0.952          [0.850 - 1.000]
  NPV                   1.000          [1.000 - 1.000]
  Accuracy              0.958          [0.875 - 1.000]
  F1-Score              0.976          [0.919 - 1.000]
  Composite             0.938                        -

  CM: TP=20 FP=1 FN=0 TN=3
  Toplam Hata: 1/24
=================================================================

======================================================================
FOLD 3/5
======================================================================
  Pretrained: 159 katman yüklendi, 0 atlandı.
[attn-swinunetr | fold 3 | epoch 001] train=0.5391 val_loss=0.5312 auc=0.3947 acc=0.8261
  [Metrics] AUC:0.395 F1:0.417 SENS:0.263 SPEC:1.000 | COMPOSITE:0.4450 EMA:0.4450
[attn-swinunetr | fold 3 | epoch 002] train=0.4980 val_loss=0.4399 auc=0.3158 acc=0.8261
  [Metrics] AUC:0.316 F1:0.348 SENS:0.211 SPEC:1.000 | COMPOSITE:0.3896 EMA:0.4283
[attn-swinunetr | fold 3 | epoch 003] train=0.3777 val_loss=0.3109 auc=0.2500 acc=0.8261
  [Metrics] AUC:0.250 F1:0.273 SENS:0.158 SPEC:1.000 | COMPOSITE:0.3359 EMA:0.4006
[attn-swinunetr | fold 3 | epoch 004] train=0.2569 val_loss=0.2177 auc=0.2237 acc=0.8261
  [Metrics] AUC:0.224 F1:0.190 SENS:0.105 SPEC:1.000 | COMPOSITE:0.2904 EMA:0.3676
[attn-swinunetr | fold 3 | epoch 005] train=0.1981 val_loss=0.2116 auc=0.2105 acc=0.8261
  [Metrics] AUC:0.211 F1:0.000 SENS:0.000 SPEC:1.000 | COMPOSITE:0.2026 EMA:0.3181
[attn-swinunetr | fold 3 | epoch 006] train=0.2102 val_loss=0.2307 auc=0.4737 acc=0.8261
  [Metrics] AUC:0.474 F1:0.538 SENS:0.368 SPEC:1.000 | COMPOSITE:0.5320 EMA:0.3822
[attn-swinunetr | fold 3 | epoch 007] train=0.2071 val_loss=0.2106 auc=0.6711 acc=0.7826
  [Metrics] AUC:0.671 F1:0.690 SENS:0.526 SPEC:1.000 | COMPOSITE:0.6744 EMA:0.4699
[attn-swinunetr | fold 3 | epoch 008] train=0.1928 val_loss=0.1931 auc=0.7368 acc=0.7826
  [Metrics] AUC:0.737 F1:0.733 SENS:0.579 SPEC:1.000 | COMPOSITE:0.7202 EMA:0.5450
[attn-swinunetr | fold 3 | epoch 009] train=0.1823 val_loss=0.1896 auc=0.7632 acc=0.7826
  [Metrics] AUC:0.763 F1:0.812 SENS:0.684 SPEC:1.000 | COMPOSITE:0.7834 EMA:0.6165
[attn-swinunetr | fold 3 | epoch 010] train=0.1791 val_loss=0.1926 auc=0.7632 acc=0.7826
  [Metrics] AUC:0.763 F1:0.812 SENS:0.684 SPEC:1.000 | COMPOSITE:0.7834 EMA:0.6666
[attn-swinunetr | fold 3 | epoch 011] train=0.1778 val_loss=0.1861 auc=0.7895 acc=0.7826
  [Metrics] AUC:0.789 F1:0.848 SENS:0.737 SPEC:1.000 | COMPOSITE:0.8174 EMA:0.7118
[attn-swinunetr | fold 3 | epoch 012] train=0.1764 val_loss=0.1794 auc=0.7763 acc=0.7826
  [Metrics] AUC:0.776 F1:0.812 SENS:0.684 SPEC:1.000 | COMPOSITE:0.7867 EMA:0.7343
[attn-swinunetr | fold 3 | epoch 013] train=0.1738 val_loss=0.1811 auc=0.7763 acc=0.7826
  [Metrics] AUC:0.776 F1:0.812 SENS:0.684 SPEC:1.000 | COMPOSITE:0.7867 EMA:0.7500
[attn-swinunetr | fold 3 | epoch 014] train=0.1685 val_loss=0.1837 auc=0.7632 acc=0.7391
  [Metrics] AUC:0.763 F1:0.812 SENS:0.684 SPEC:1.000 | COMPOSITE:0.7834 EMA:0.7600
  [Progressive FT] Epoch 15: Backbone çözülüyor, tam model ince ayara başlıyor.
[attn-swinunetr | fold 3 | epoch 015] train=0.1692 val_loss=0.1784 auc=0.7632 acc=0.7391
  [Metrics] AUC:0.763 F1:0.812 SENS:0.684 SPEC:1.000 | COMPOSITE:0.7834 EMA:0.7670
[attn-swinunetr | fold 3 | epoch 016] train=0.1669 val_loss=0.1743 auc=0.7632 acc=0.7391
  [Metrics] AUC:0.763 F1:0.812 SENS:0.684 SPEC:1.000 | COMPOSITE:0.7834 EMA:0.7719
[attn-swinunetr | fold 3 | epoch 017] train=0.1703 val_loss=0.1730 auc=0.7763 acc=0.7826
  [Metrics] AUC:0.776 F1:0.812 SENS:0.684 SPEC:1.000 | COMPOSITE:0.7867 EMA:0.7764
[attn-swinunetr | fold 3 | epoch 018] train=0.1630 val_loss=0.1776 auc=0.7763 acc=0.7826
  [Metrics] AUC:0.776 F1:0.812 SENS:0.684 SPEC:1.000 | COMPOSITE:0.7867 EMA:0.7795
[attn-swinunetr | fold 3 | epoch 019] train=0.1513 val_loss=0.1794 auc=0.7632 acc=0.7826
  [Metrics] AUC:0.763 F1:0.812 SENS:0.684 SPEC:1.000 | COMPOSITE:0.7834 EMA:0.7806
[attn-swinunetr | fold 3 | epoch 020] train=0.1646 val_loss=0.1745 auc=0.7763 acc=0.7826
  [Metrics] AUC:0.776 F1:0.812 SENS:0.684 SPEC:1.000 | COMPOSITE:0.7867 EMA:0.7824
[attn-swinunetr | fold 3 | epoch 021] train=0.1596 val_loss=0.1732 auc=0.7763 acc=0.7826
  [Metrics] AUC:0.776 F1:0.812 SENS:0.684 SPEC:1.000 | COMPOSITE:0.7867 EMA:0.7837
[attn-swinunetr | fold 3 | epoch 022] train=0.1586 val_loss=0.1745 auc=0.7763 acc=0.7826
  [Metrics] AUC:0.776 F1:0.812 SENS:0.684 SPEC:1.000 | COMPOSITE:0.7867 EMA:0.7846
[attn-swinunetr | fold 3 | epoch 023] train=0.1564 val_loss=0.1827 auc=0.7763 acc=0.7826
  [Metrics] AUC:0.776 F1:0.812 SENS:0.684 SPEC:1.000 | COMPOSITE:0.7867 EMA:0.7852
[attn-swinunetr | fold 3 | epoch 024] train=0.1659 val_loss=0.1769 auc=0.7763 acc=0.7826
  [Metrics] AUC:0.776 F1:0.812 SENS:0.684 SPEC:1.000 | COMPOSITE:0.7867 EMA:0.7857
[attn-swinunetr | fold 3 | epoch 025] train=0.1528 val_loss=0.1701 auc=0.7895 acc=0.8261
  [Metrics] AUC:0.789 F1:0.812 SENS:0.684 SPEC:1.000 | COMPOSITE:0.7900 EMA:0.7870
[attn-swinunetr | fold 3 | epoch 026] train=0.1536 val_loss=0.1754 auc=0.8026 acc=0.8261
  [Metrics] AUC:0.803 F1:0.812 SENS:0.684 SPEC:1.000 | COMPOSITE:0.7933 EMA:0.7888
[attn-swinunetr | fold 3 | epoch 027] train=0.1520 val_loss=0.1809 auc=0.7895 acc=0.8261
  [Metrics] AUC:0.789 F1:0.774 SENS:0.632 SPEC:1.000 | COMPOSITE:0.7620 EMA:0.7808
[attn-swinunetr | fold 3 | epoch 028] train=0.1535 val_loss=0.1723 auc=0.7895 acc=0.7826
  [Metrics] AUC:0.789 F1:0.812 SENS:0.684 SPEC:1.000 | COMPOSITE:0.7900 EMA:0.7835
[attn-swinunetr | fold 3 | epoch 029] train=0.1540 val_loss=0.1676 auc=0.7895 acc=0.7826
  [Metrics] AUC:0.789 F1:0.812 SENS:0.684 SPEC:1.000 | COMPOSITE:0.7900 EMA:0.7855
[attn-swinunetr | fold 3 | epoch 030] train=0.1636 val_loss=0.1669 auc=0.7763 acc=0.8261
  [Metrics] AUC:0.776 F1:0.812 SENS:0.684 SPEC:1.000 | COMPOSITE:0.7867 EMA:0.7858
[attn-swinunetr | fold 3 | epoch 031] train=0.1620 val_loss=0.1626 auc=0.7763 acc=0.8261
  [Metrics] AUC:0.776 F1:0.812 SENS:0.684 SPEC:1.000 | COMPOSITE:0.7867 EMA:0.7861
[attn-swinunetr | fold 3 | epoch 032] train=0.1503 val_loss=0.1627 auc=0.8026 acc=0.7826
  [Metrics] AUC:0.803 F1:0.812 SENS:0.684 SPEC:1.000 | COMPOSITE:0.7933 EMA:0.7882
[attn-swinunetr | fold 3 | epoch 033] train=0.1445 val_loss=0.1743 auc=0.7895 acc=0.8261
  [Metrics] AUC:0.789 F1:0.812 SENS:0.684 SPEC:1.000 | COMPOSITE:0.7900 EMA:0.7888
[attn-swinunetr | fold 3 | epoch 034] train=0.1537 val_loss=0.1839 auc=0.7895 acc=0.8261
  [Metrics] AUC:0.789 F1:0.774 SENS:0.632 SPEC:1.000 | COMPOSITE:0.7620 EMA:0.7807
[attn-swinunetr | fold 3 | epoch 035] train=0.1589 val_loss=0.1846 auc=0.7763 acc=0.8261
  [Metrics] AUC:0.776 F1:0.733 SENS:0.579 SPEC:1.000 | COMPOSITE:0.7300 EMA:0.7655
[attn-swinunetr | fold 3 | epoch 036] train=0.1534 val_loss=0.1818 auc=0.7763 acc=0.8261
  [Metrics] AUC:0.776 F1:0.733 SENS:0.579 SPEC:1.000 | COMPOSITE:0.7300 EMA:0.7549
[attn-swinunetr | fold 3 | epoch 037] train=0.1565 val_loss=0.1686 auc=0.7763 acc=0.8261
  [Metrics] AUC:0.776 F1:0.733 SENS:0.579 SPEC:1.000 | COMPOSITE:0.7300 EMA:0.7474
[attn-swinunetr | fold 3 | epoch 038] train=0.1340 val_loss=0.1728 auc=0.7763 acc=0.8261
  [Metrics] AUC:0.776 F1:0.733 SENS:0.579 SPEC:1.000 | COMPOSITE:0.7300 EMA:0.7422
[attn-swinunetr | fold 3 | epoch 039] train=0.1478 val_loss=0.1729 auc=0.7763 acc=0.8261
  [Metrics] AUC:0.776 F1:0.733 SENS:0.579 SPEC:1.000 | COMPOSITE:0.7300 EMA:0.7386
[attn-swinunetr | fold 3 | epoch 040] train=0.1488 val_loss=0.1717 auc=0.7763 acc=0.8261
  [Metrics] AUC:0.776 F1:0.733 SENS:0.579 SPEC:1.000 | COMPOSITE:0.7300 EMA:0.7360
[attn-swinunetr | fold 3 | epoch 041] train=0.1534 val_loss=0.1724 auc=0.7763 acc=0.8261
  [Metrics] AUC:0.776 F1:0.733 SENS:0.579 SPEC:1.000 | COMPOSITE:0.7300 EMA:0.7342
[attn-swinunetr | fold 3 | epoch 042] train=0.1560 val_loss=0.1775 auc=0.7763 acc=0.8261
  [Metrics] AUC:0.776 F1:0.733 SENS:0.579 SPEC:1.000 | COMPOSITE:0.7300 EMA:0.7330
[attn-swinunetr | fold 3 | epoch 043] train=0.1414 val_loss=0.1697 auc=0.8158 acc=0.8696
  [Metrics] AUC:0.816 F1:0.812 SENS:0.684 SPEC:1.000 | COMPOSITE:0.7965 EMA:0.7520
[attn-swinunetr | fold 3 | epoch 044] train=0.1368 val_loss=0.1759 auc=0.8158 acc=0.8696
  [Metrics] AUC:0.816 F1:0.812 SENS:0.684 SPEC:1.000 | COMPOSITE:0.7965 EMA:0.7654
[attn-swinunetr | fold 3 | epoch 045] train=0.1531 val_loss=0.1712 auc=0.8026 acc=0.8696
  [Metrics] AUC:0.803 F1:0.774 SENS:0.632 SPEC:1.000 | COMPOSITE:0.7653 EMA:0.7654
[attn-swinunetr | fold 3 | epoch 046] train=0.1333 val_loss=0.1729 auc=0.8026 acc=0.8696
  [Metrics] AUC:0.803 F1:0.774 SENS:0.632 SPEC:1.000 | COMPOSITE:0.7653 EMA:0.7653
[attn-swinunetr | fold 3 | epoch 047] train=0.1457 val_loss=0.1742 auc=0.7895 acc=0.8696
  [Metrics] AUC:0.789 F1:0.774 SENS:0.632 SPEC:1.000 | COMPOSITE:0.7620 EMA:0.7643
[attn-swinunetr | fold 3 | epoch 048] train=0.1551 val_loss=0.1765 auc=0.7895 acc=0.8696
  [Metrics] AUC:0.789 F1:0.774 SENS:0.632 SPEC:1.000 | COMPOSITE:0.7620 EMA:0.7636
[attn-swinunetr | fold 3 | epoch 049] train=0.1416 val_loss=0.1824 auc=0.7895 acc=0.8696
  [Metrics] AUC:0.789 F1:0.774 SENS:0.632 SPEC:1.000 | COMPOSITE:0.7620 EMA:0.7631
[attn-swinunetr | fold 3 | epoch 050] train=0.1604 val_loss=0.1984 auc=0.7763 acc=0.8696
  [Metrics] AUC:0.776 F1:0.733 SENS:0.579 SPEC:1.000 | COMPOSITE:0.7300 EMA:0.7532
[attn-swinunetr | fold 3 | epoch 051] train=0.1409 val_loss=0.1986 auc=0.7632 acc=0.8696
  [Metrics] AUC:0.763 F1:0.733 SENS:0.579 SPEC:1.000 | COMPOSITE:0.7268 EMA:0.7453
[attn-swinunetr | fold 3 | epoch 052] train=0.1521 val_loss=0.1814 auc=0.8026 acc=0.8696
  [Metrics] AUC:0.803 F1:0.812 SENS:0.684 SPEC:1.000 | COMPOSITE:0.7933 EMA:0.7597
[attn-swinunetr | fold 3 | epoch 053] train=0.1435 val_loss=0.1745 auc=0.8026 acc=0.8696
  [Metrics] AUC:0.803 F1:0.774 SENS:0.632 SPEC:1.000 | COMPOSITE:0.7653 EMA:0.7613
[attn-swinunetr | fold 3 | epoch 054] train=0.1435 val_loss=0.1776 auc=0.8026 acc=0.8696
  [Metrics] AUC:0.803 F1:0.774 SENS:0.632 SPEC:1.000 | COMPOSITE:0.7653 EMA:0.7625
[attn-swinunetr | fold 3 | epoch 055] train=0.1528 val_loss=0.1967 auc=0.7763 acc=0.8696
  [Metrics] AUC:0.776 F1:0.733 SENS:0.579 SPEC:1.000 | COMPOSITE:0.7300 EMA:0.7528
[attn-swinunetr | fold 3 | epoch 056] train=0.1465 val_loss=0.1879 auc=0.8026 acc=0.8696
  [Metrics] AUC:0.803 F1:0.774 SENS:0.632 SPEC:1.000 | COMPOSITE:0.7653 EMA:0.7565
[attn-swinunetr | fold 3 | epoch 057] train=0.1603 val_loss=0.1679 auc=0.8158 acc=0.8696
  [Metrics] AUC:0.816 F1:0.812 SENS:0.684 SPEC:1.000 | COMPOSITE:0.7965 EMA:0.7685
[attn-swinunetr | fold 3 | epoch 058] train=0.1341 val_loss=0.1803 auc=0.7895 acc=0.8696
  [Metrics] AUC:0.789 F1:0.733 SENS:0.579 SPEC:1.000 | COMPOSITE:0.7333 EMA:0.7580
[attn-swinunetr | fold 3 | epoch 059] train=0.1321 val_loss=0.1787 auc=0.7763 acc=0.8261
  [Metrics] AUC:0.776 F1:0.733 SENS:0.579 SPEC:1.000 | COMPOSITE:0.7300 EMA:0.7496
[attn-swinunetr | fold 3 | epoch 060] train=0.1559 val_loss=0.1788 auc=0.7763 acc=0.8261
  [Metrics] AUC:0.776 F1:0.733 SENS:0.579 SPEC:1.000 | COMPOSITE:0.7300 EMA:0.7437
[attn-swinunetr | fold 3 | epoch 061] train=0.1439 val_loss=0.1723 auc=0.7763 acc=0.8261
  [Metrics] AUC:0.776 F1:0.733 SENS:0.579 SPEC:1.000 | COMPOSITE:0.7300 EMA:0.7396
[attn-swinunetr | fold 3 | epoch 062] train=0.1255 val_loss=0.1903 auc=0.7763 acc=0.8696
  [Metrics] AUC:0.776 F1:0.733 SENS:0.579 SPEC:1.000 | COMPOSITE:0.7300 EMA:0.7367
[attn-swinunetr | fold 3 | epoch 063] train=0.1359 val_loss=0.1945 auc=0.7632 acc=0.8696
  [Metrics] AUC:0.763 F1:0.733 SENS:0.579 SPEC:1.000 | COMPOSITE:0.7268 EMA:0.7338
[attn-swinunetr | fold 3 | epoch 064] train=0.1510 val_loss=0.1826 auc=0.7763 acc=0.8696
  [Metrics] AUC:0.776 F1:0.774 SENS:0.632 SPEC:1.000 | COMPOSITE:0.7587 EMA:0.7412
[attn-swinunetr | fold 3 | epoch 065] train=0.1376 val_loss=0.1644 auc=0.8158 acc=0.8696
  [Metrics] AUC:0.816 F1:0.812 SENS:0.684 SPEC:1.000 | COMPOSITE:0.7965 EMA:0.7578
[attn-swinunetr | fold 3 | epoch 066] train=0.1362 val_loss=0.1648 auc=0.8158 acc=0.8696
  [Metrics] AUC:0.816 F1:0.812 SENS:0.684 SPEC:1.000 | COMPOSITE:0.7965 EMA:0.7694
[attn-swinunetr | fold 3 | epoch 067] train=0.1335 val_loss=0.1847 auc=0.7763 acc=0.8696
  [Metrics] AUC:0.776 F1:0.774 SENS:0.632 SPEC:1.000 | COMPOSITE:0.7587 EMA:0.7662
[attn-swinunetr | fold 3 | epoch 068] train=0.1570 val_loss=0.1946 auc=0.7763 acc=0.8696
  [Metrics] AUC:0.776 F1:0.774 SENS:0.632 SPEC:1.000 | COMPOSITE:0.7587 EMA:0.7640
[attn-swinunetr | fold 3 | epoch 069] train=0.1300 val_loss=0.1905 auc=0.7895 acc=0.8696
  [Metrics] AUC:0.789 F1:0.774 SENS:0.632 SPEC:1.000 | COMPOSITE:0.7620 EMA:0.7634
[attn-swinunetr | fold 3 | epoch 070] train=0.1456 val_loss=0.1837 auc=0.7763 acc=0.8696
  [Metrics] AUC:0.776 F1:0.733 SENS:0.579 SPEC:1.000 | COMPOSITE:0.7300 EMA:0.7534
  Early stopping @ epoch 70 (best EMA composite=0.7888)
  SWA model finalize ediliyor...
  SWA val COMPOSITE: 0.7300 | Best EMA COMPOSITE: 0.7888

=================================================================
  AttentionSwinUNETR Fold 3  |  Threshold: Youden 0.804
=================================================================
  Metrik                Değer                   95% CI
  -------------------------------------------------------
  AUC-ROC               0.803          [0.579 - 0.974]
  AUC-PR                0.959                        -
  Sensitivity           0.684          [0.456 - 0.889]
  Specificity           1.000          [1.000 - 1.000]
  PPV                   1.000          [1.000 - 1.000]
  NPV                   0.400          [0.111 - 0.727]
  Accuracy              0.739          [0.565 - 0.913]
  F1-Score              0.812          [0.626 - 0.941]
  Composite             0.793                        -

  CM: TP=13 FP=0 FN=6 TN=4
  Toplam Hata: 6/23
=================================================================

======================================================================
FOLD 4/5
======================================================================
  Pretrained: 159 katman yüklendi, 0 atlandı.
[attn-swinunetr | fold 4 | epoch 001] train=0.4759 val_loss=0.4287 auc=0.4800 acc=0.8000
  [Metrics] AUC:0.480 F1:0.462 SENS:0.300 SPEC:1.000 | COMPOSITE:0.4904 EMA:0.4904
[attn-swinunetr | fold 4 | epoch 002] train=0.4344 val_loss=0.3715 auc=0.4100 acc=0.8000
  [Metrics] AUC:0.410 F1:0.400 SENS:0.250 SPEC:1.000 | COMPOSITE:0.4400 EMA:0.4753
[attn-swinunetr | fold 4 | epoch 003] train=0.3491 val_loss=0.2921 auc=0.3100 acc=0.8000
  [Metrics] AUC:0.310 F1:0.261 SENS:0.150 SPEC:1.000 | COMPOSITE:0.3452 EMA:0.4363
[attn-swinunetr | fold 4 | epoch 004] train=0.2484 val_loss=0.2411 auc=0.3800 acc=0.8000
  [Metrics] AUC:0.380 F1:0.182 SENS:0.100 SPEC:1.000 | COMPOSITE:0.3255 EMA:0.4030
[attn-swinunetr | fold 4 | epoch 005] train=0.1979 val_loss=0.2615 auc=0.4200 acc=0.8000
  [Metrics] AUC:0.420 F1:0.400 SENS:0.250 SPEC:1.000 | COMPOSITE:0.4425 EMA:0.4149
[attn-swinunetr | fold 4 | epoch 006] train=0.1868 val_loss=0.2811 auc=0.5800 acc=0.8000
  [Metrics] AUC:0.580 F1:0.571 SENS:0.400 SPEC:1.000 | COMPOSITE:0.5779 EMA:0.4638
[attn-swinunetr | fold 4 | epoch 007] train=0.1930 val_loss=0.2532 auc=0.6300 acc=0.7200
  [Metrics] AUC:0.630 F1:0.621 SENS:0.450 SPEC:1.000 | COMPOSITE:0.6202 EMA:0.5107
[attn-swinunetr | fold 4 | epoch 008] train=0.1716 val_loss=0.2383 auc=0.6300 acc=0.7200
  [Metrics] AUC:0.630 F1:0.667 SENS:0.500 SPEC:1.000 | COMPOSITE:0.6492 EMA:0.5522
[attn-swinunetr | fold 4 | epoch 009] train=0.1781 val_loss=0.2256 auc=0.6000 acc=0.7200
  [Metrics] AUC:0.600 F1:0.462 SENS:0.300 SPEC:1.000 | COMPOSITE:0.5204 EMA:0.5427
[attn-swinunetr | fold 4 | epoch 010] train=0.1684 val_loss=0.2330 auc=0.6000 acc=0.7200
  [Metrics] AUC:0.600 F1:0.462 SENS:0.300 SPEC:1.000 | COMPOSITE:0.5204 EMA:0.5360
[attn-swinunetr | fold 4 | epoch 011] train=0.1649 val_loss=0.2366 auc=0.6000 acc=0.7600
  [Metrics] AUC:0.600 F1:0.645 SENS:0.500 SPEC:0.800 | COMPOSITE:0.6063 EMA:0.5571
[attn-swinunetr | fold 4 | epoch 012] train=0.1635 val_loss=0.2274 auc=0.6300 acc=0.7600
  [Metrics] AUC:0.630 F1:0.645 SENS:0.500 SPEC:0.800 | COMPOSITE:0.6138 EMA:0.5741
[attn-swinunetr | fold 4 | epoch 013] train=0.1555 val_loss=0.2391 auc=0.6100 acc=0.7600
  [Metrics] AUC:0.610 F1:0.645 SENS:0.500 SPEC:0.800 | COMPOSITE:0.6088 EMA:0.5845
[attn-swinunetr | fold 4 | epoch 014] train=0.1609 val_loss=0.2481 auc=0.6100 acc=0.7600
  [Metrics] AUC:0.610 F1:0.645 SENS:0.500 SPEC:0.800 | COMPOSITE:0.6088 EMA:0.5918
  [Progressive FT] Epoch 15: Backbone çözülüyor, tam model ince ayara başlıyor.
[attn-swinunetr | fold 4 | epoch 015] train=0.1640 val_loss=0.2291 auc=0.6200 acc=0.8000
  [Metrics] AUC:0.620 F1:0.878 SENS:0.900 SPEC:0.400 | COMPOSITE:0.7495 EMA:0.6391
[attn-swinunetr | fold 4 | epoch 016] train=0.1503 val_loss=0.2241 auc=0.6300 acc=0.8400
  [Metrics] AUC:0.630 F1:0.905 SENS:0.950 SPEC:0.400 | COMPOSITE:0.7762 EMA:0.6802
[attn-swinunetr | fold 4 | epoch 017] train=0.1587 val_loss=0.2193 auc=0.6300 acc=0.8400
  [Metrics] AUC:0.630 F1:0.905 SENS:0.950 SPEC:0.400 | COMPOSITE:0.7762 EMA:0.7090
[attn-swinunetr | fold 4 | epoch 018] train=0.1471 val_loss=0.2189 auc=0.6300 acc=0.8400
  [Metrics] AUC:0.630 F1:0.905 SENS:0.950 SPEC:0.400 | COMPOSITE:0.7762 EMA:0.7292
[attn-swinunetr | fold 4 | epoch 019] train=0.1567 val_loss=0.2191 auc=0.6400 acc=0.8400
  [Metrics] AUC:0.640 F1:0.905 SENS:0.950 SPEC:0.400 | COMPOSITE:0.7787 EMA:0.7440
[attn-swinunetr | fold 4 | epoch 020] train=0.1541 val_loss=0.2232 auc=0.6300 acc=0.8000
  [Metrics] AUC:0.630 F1:0.878 SENS:0.900 SPEC:0.400 | COMPOSITE:0.7520 EMA:0.7464
[attn-swinunetr | fold 4 | epoch 021] train=0.1535 val_loss=0.2300 auc=0.6400 acc=0.8400
  [Metrics] AUC:0.640 F1:0.905 SENS:0.950 SPEC:0.400 | COMPOSITE:0.7787 EMA:0.7561
[attn-swinunetr | fold 4 | epoch 022] train=0.1490 val_loss=0.2273 auc=0.6400 acc=0.8400
  [Metrics] AUC:0.640 F1:0.905 SENS:0.950 SPEC:0.400 | COMPOSITE:0.7787 EMA:0.7629
[attn-swinunetr | fold 4 | epoch 023] train=0.1525 val_loss=0.2271 auc=0.6500 acc=0.8800
  [Metrics] AUC:0.650 F1:0.930 SENS:1.000 SPEC:0.400 | COMPOSITE:0.8051 EMA:0.7755
[attn-swinunetr | fold 4 | epoch 024] train=0.1579 val_loss=0.2284 auc=0.6600 acc=0.8800
  [Metrics] AUC:0.660 F1:0.930 SENS:1.000 SPEC:0.400 | COMPOSITE:0.8076 EMA:0.7851
[attn-swinunetr | fold 4 | epoch 025] train=0.1569 val_loss=0.2375 auc=0.6500 acc=0.8800
  [Metrics] AUC:0.650 F1:0.930 SENS:1.000 SPEC:0.400 | COMPOSITE:0.8051 EMA:0.7911
[attn-swinunetr | fold 4 | epoch 026] train=0.1523 val_loss=0.2387 auc=0.6500 acc=0.8800
  [Metrics] AUC:0.650 F1:0.930 SENS:1.000 SPEC:0.400 | COMPOSITE:0.8051 EMA:0.7953
[attn-swinunetr | fold 4 | epoch 027] train=0.1502 val_loss=0.2286 auc=0.6500 acc=0.8800
  [Metrics] AUC:0.650 F1:0.930 SENS:1.000 SPEC:0.400 | COMPOSITE:0.8051 EMA:0.7982
[attn-swinunetr | fold 4 | epoch 028] train=0.1543 val_loss=0.2260 auc=0.6600 acc=0.8800
  [Metrics] AUC:0.660 F1:0.930 SENS:1.000 SPEC:0.400 | COMPOSITE:0.8076 EMA:0.8010
[attn-swinunetr | fold 4 | epoch 029] train=0.1443 val_loss=0.2230 auc=0.6600 acc=0.8800
  [Metrics] AUC:0.660 F1:0.930 SENS:1.000 SPEC:0.400 | COMPOSITE:0.8076 EMA:0.8030
[attn-swinunetr | fold 4 | epoch 030] train=0.1396 val_loss=0.2252 auc=0.6700 acc=0.8800
  [Metrics] AUC:0.670 F1:0.930 SENS:1.000 SPEC:0.400 | COMPOSITE:0.8101 EMA:0.8051
[attn-swinunetr | fold 4 | epoch 031] train=0.1439 val_loss=0.2252 auc=0.6900 acc=0.8800
  [Metrics] AUC:0.690 F1:0.930 SENS:1.000 SPEC:0.400 | COMPOSITE:0.8151 EMA:0.8081
[attn-swinunetr | fold 4 | epoch 032] train=0.1481 val_loss=0.2284 auc=0.6800 acc=0.8800
  [Metrics] AUC:0.680 F1:0.930 SENS:1.000 SPEC:0.400 | COMPOSITE:0.8126 EMA:0.8094
[attn-swinunetr | fold 4 | epoch 033] train=0.1423 val_loss=0.2353 auc=0.6800 acc=0.8800
  [Metrics] AUC:0.680 F1:0.930 SENS:1.000 SPEC:0.400 | COMPOSITE:0.8126 EMA:0.8104
[attn-swinunetr | fold 4 | epoch 034] train=0.1401 val_loss=0.2335 auc=0.6800 acc=0.8800
  [Metrics] AUC:0.680 F1:0.930 SENS:1.000 SPEC:0.400 | COMPOSITE:0.8126 EMA:0.8110
[attn-swinunetr | fold 4 | epoch 035] train=0.1465 val_loss=0.2275 auc=0.6900 acc=0.8800
  [Metrics] AUC:0.690 F1:0.930 SENS:1.000 SPEC:0.400 | COMPOSITE:0.8151 EMA:0.8122
[attn-swinunetr | fold 4 | epoch 036] train=0.1453 val_loss=0.2251 auc=0.6900 acc=0.8800
  [Metrics] AUC:0.690 F1:0.930 SENS:1.000 SPEC:0.400 | COMPOSITE:0.8151 EMA:0.8131
[attn-swinunetr | fold 4 | epoch 037] train=0.1405 val_loss=0.2249 auc=0.6900 acc=0.8800
  [Metrics] AUC:0.690 F1:0.930 SENS:1.000 SPEC:0.400 | COMPOSITE:0.8151 EMA:0.8137
[attn-swinunetr | fold 4 | epoch 038] train=0.1332 val_loss=0.2298 auc=0.6900 acc=0.8800
  [Metrics] AUC:0.690 F1:0.930 SENS:1.000 SPEC:0.400 | COMPOSITE:0.8151 EMA:0.8141
[attn-swinunetr | fold 4 | epoch 039] train=0.1482 val_loss=0.2388 auc=0.6800 acc=0.8800
  [Metrics] AUC:0.680 F1:0.930 SENS:1.000 SPEC:0.400 | COMPOSITE:0.8126 EMA:0.8136
[attn-swinunetr | fold 4 | epoch 040] train=0.1443 val_loss=0.2406 auc=0.6800 acc=0.8800
  [Metrics] AUC:0.680 F1:0.930 SENS:1.000 SPEC:0.400 | COMPOSITE:0.8126 EMA:0.8133
[attn-swinunetr | fold 4 | epoch 041] train=0.1345 val_loss=0.2381 auc=0.6800 acc=0.8800
  [Metrics] AUC:0.680 F1:0.930 SENS:1.000 SPEC:0.400 | COMPOSITE:0.8126 EMA:0.8131
[attn-swinunetr | fold 4 | epoch 042] train=0.1468 val_loss=0.2358 auc=0.6800 acc=0.8800
  [Metrics] AUC:0.680 F1:0.930 SENS:1.000 SPEC:0.400 | COMPOSITE:0.8126 EMA:0.8129
[attn-swinunetr | fold 4 | epoch 043] train=0.1374 val_loss=0.2319 auc=0.6800 acc=0.8800
  [Metrics] AUC:0.680 F1:0.930 SENS:1.000 SPEC:0.400 | COMPOSITE:0.8126 EMA:0.8128
[attn-swinunetr | fold 4 | epoch 044] train=0.1398 val_loss=0.2298 auc=0.6800 acc=0.8800
  [Metrics] AUC:0.680 F1:0.930 SENS:1.000 SPEC:0.400 | COMPOSITE:0.8126 EMA:0.8127
[attn-swinunetr | fold 4 | epoch 045] train=0.1354 val_loss=0.2357 auc=0.6800 acc=0.8800
  [Metrics] AUC:0.680 F1:0.930 SENS:1.000 SPEC:0.400 | COMPOSITE:0.8126 EMA:0.8127
[attn-swinunetr | fold 4 | epoch 046] train=0.1279 val_loss=0.2454 auc=0.6800 acc=0.8800
  [Metrics] AUC:0.680 F1:0.930 SENS:1.000 SPEC:0.400 | COMPOSITE:0.8126 EMA:0.8126
[attn-swinunetr | fold 4 | epoch 047] train=0.1111 val_loss=0.2469 auc=0.7000 acc=0.8800
  [Metrics] AUC:0.700 F1:0.930 SENS:1.000 SPEC:0.400 | COMPOSITE:0.8176 EMA:0.8141
[attn-swinunetr | fold 4 | epoch 048] train=0.1288 val_loss=0.2409 auc=0.7200 acc=0.8800
  [Metrics] AUC:0.720 F1:0.930 SENS:1.000 SPEC:0.400 | COMPOSITE:0.8226 EMA:0.8167
[attn-swinunetr | fold 4 | epoch 049] train=0.1449 val_loss=0.2372 auc=0.7200 acc=0.8800
  [Metrics] AUC:0.720 F1:0.930 SENS:1.000 SPEC:0.400 | COMPOSITE:0.8226 EMA:0.8184
[attn-swinunetr | fold 4 | epoch 050] train=0.1301 val_loss=0.2353 auc=0.7200 acc=0.8800
  [Metrics] AUC:0.720 F1:0.930 SENS:1.000 SPEC:0.400 | COMPOSITE:0.8226 EMA:0.8197
[attn-swinunetr | fold 4 | epoch 051] train=0.1420 val_loss=0.2339 auc=0.7000 acc=0.8800
  [Metrics] AUC:0.700 F1:0.930 SENS:1.000 SPEC:0.400 | COMPOSITE:0.8176 EMA:0.8190
[attn-swinunetr | fold 4 | epoch 052] train=0.1349 val_loss=0.2321 auc=0.6800 acc=0.8800
  [Metrics] AUC:0.680 F1:0.930 SENS:1.000 SPEC:0.400 | COMPOSITE:0.8126 EMA:0.8171
[attn-swinunetr | fold 4 | epoch 053] train=0.1411 val_loss=0.2417 auc=0.6800 acc=0.8800
  [Metrics] AUC:0.680 F1:0.930 SENS:1.000 SPEC:0.400 | COMPOSITE:0.8126 EMA:0.8157
[attn-swinunetr | fold 4 | epoch 054] train=0.1453 val_loss=0.2372 auc=0.6800 acc=0.8800
  [Metrics] AUC:0.680 F1:0.930 SENS:1.000 SPEC:0.400 | COMPOSITE:0.8126 EMA:0.8148
[attn-swinunetr | fold 4 | epoch 055] train=0.1370 val_loss=0.2323 auc=0.6800 acc=0.8800
  [Metrics] AUC:0.680 F1:0.930 SENS:1.000 SPEC:0.400 | COMPOSITE:0.8126 EMA:0.8141
[attn-swinunetr | fold 4 | epoch 056] train=0.1381 val_loss=0.2309 auc=0.6800 acc=0.8800
  [Metrics] AUC:0.680 F1:0.930 SENS:1.000 SPEC:0.400 | COMPOSITE:0.8126 EMA:0.8136
[attn-swinunetr | fold 4 | epoch 057] train=0.1411 val_loss=0.2258 auc=0.6800 acc=0.8800
  [Metrics] AUC:0.680 F1:0.930 SENS:1.000 SPEC:0.400 | COMPOSITE:0.8126 EMA:0.8133
[attn-swinunetr | fold 4 | epoch 058] train=0.1271 val_loss=0.2247 auc=0.6800 acc=0.8800
  [Metrics] AUC:0.680 F1:0.930 SENS:1.000 SPEC:0.400 | COMPOSITE:0.8126 EMA:0.8131
[attn-swinunetr | fold 4 | epoch 059] train=0.1153 val_loss=0.2343 auc=0.6900 acc=0.8800
  [Metrics] AUC:0.690 F1:0.930 SENS:1.000 SPEC:0.400 | COMPOSITE:0.8151 EMA:0.8137
[attn-swinunetr | fold 4 | epoch 060] train=0.1398 val_loss=0.2364 auc=0.6800 acc=0.8800
  [Metrics] AUC:0.680 F1:0.930 SENS:1.000 SPEC:0.400 | COMPOSITE:0.8126 EMA:0.8133
[attn-swinunetr | fold 4 | epoch 061] train=0.1412 val_loss=0.2353 auc=0.6900 acc=0.8800
  [Metrics] AUC:0.690 F1:0.930 SENS:1.000 SPEC:0.400 | COMPOSITE:0.8151 EMA:0.8139
[attn-swinunetr | fold 4 | epoch 062] train=0.1280 val_loss=0.2398 auc=0.6800 acc=0.8800
  [Metrics] AUC:0.680 F1:0.930 SENS:1.000 SPEC:0.400 | COMPOSITE:0.8126 EMA:0.8135
[attn-swinunetr | fold 4 | epoch 063] train=0.1443 val_loss=0.2405 auc=0.6900 acc=0.8800
  [Metrics] AUC:0.690 F1:0.930 SENS:1.000 SPEC:0.400 | COMPOSITE:0.8151 EMA:0.8139
[attn-swinunetr | fold 4 | epoch 064] train=0.1319 val_loss=0.2426 auc=0.6900 acc=0.8800
  [Metrics] AUC:0.690 F1:0.930 SENS:1.000 SPEC:0.400 | COMPOSITE:0.8151 EMA:0.8143
[attn-swinunetr | fold 4 | epoch 065] train=0.1281 val_loss=0.2480 auc=0.6900 acc=0.8800
  [Metrics] AUC:0.690 F1:0.930 SENS:1.000 SPEC:0.400 | COMPOSITE:0.8151 EMA:0.8145
[attn-swinunetr | fold 4 | epoch 066] train=0.1253 val_loss=0.2555 auc=0.6900 acc=0.8800
  [Metrics] AUC:0.690 F1:0.930 SENS:1.000 SPEC:0.400 | COMPOSITE:0.8151 EMA:0.8147
[attn-swinunetr | fold 4 | epoch 067] train=0.1515 val_loss=0.2526 auc=0.6900 acc=0.8800
  [Metrics] AUC:0.690 F1:0.930 SENS:1.000 SPEC:0.400 | COMPOSITE:0.8151 EMA:0.8148
[attn-swinunetr | fold 4 | epoch 068] train=0.1218 val_loss=0.2496 auc=0.6900 acc=0.8800
  [Metrics] AUC:0.690 F1:0.930 SENS:1.000 SPEC:0.400 | COMPOSITE:0.8151 EMA:0.8149
[attn-swinunetr | fold 4 | epoch 069] train=0.1131 val_loss=0.2533 auc=0.6900 acc=0.8800
  [Metrics] AUC:0.690 F1:0.930 SENS:1.000 SPEC:0.400 | COMPOSITE:0.8151 EMA:0.8149
[attn-swinunetr | fold 4 | epoch 070] train=0.1416 val_loss=0.2635 auc=0.6900 acc=0.8800
  [Metrics] AUC:0.690 F1:0.930 SENS:1.000 SPEC:0.400 | COMPOSITE:0.8151 EMA:0.8150
[attn-swinunetr | fold 4 | epoch 071] train=0.1262 val_loss=0.2581 auc=0.7000 acc=0.8800
  [Metrics] AUC:0.700 F1:0.930 SENS:1.000 SPEC:0.400 | COMPOSITE:0.8176 EMA:0.8157
[attn-swinunetr | fold 4 | epoch 072] train=0.1172 val_loss=0.2553 auc=0.7000 acc=0.8800
  [Metrics] AUC:0.700 F1:0.930 SENS:1.000 SPEC:0.400 | COMPOSITE:0.8176 EMA:0.8163
[attn-swinunetr | fold 4 | epoch 073] train=0.1329 val_loss=0.2600 auc=0.6900 acc=0.8800
  [Metrics] AUC:0.690 F1:0.930 SENS:1.000 SPEC:0.400 | COMPOSITE:0.8151 EMA:0.8159
[attn-swinunetr | fold 4 | epoch 074] train=0.1323 val_loss=0.2546 auc=0.6900 acc=0.8800
  [Metrics] AUC:0.690 F1:0.930 SENS:1.000 SPEC:0.400 | COMPOSITE:0.8151 EMA:0.8157
[attn-swinunetr | fold 4 | epoch 075] train=0.1492 val_loss=0.2529 auc=0.6900 acc=0.8800
  [Metrics] AUC:0.690 F1:0.930 SENS:1.000 SPEC:0.400 | COMPOSITE:0.8151 EMA:0.8155
  Early stopping @ epoch 75 (best EMA composite=0.8197)
  SWA model finalize ediliyor...
  SWA val COMPOSITE: 0.8151 | Best EMA COMPOSITE: 0.8197
  SWA model kaydedildi (genelleme için tercih edildi).

=================================================================
  AttentionSwinUNETR Fold 4  |  Threshold: Youden 0.554
=================================================================
  Metrik                Değer                   95% CI
  -------------------------------------------------------
  AUC-ROC               0.690          [0.340 - 1.000]
  AUC-PR                0.894                        -
  Sensitivity           1.000          [1.000 - 1.000]
  Specificity           0.400          [0.000 - 1.000]
  PPV                   0.870          [0.720 - 1.000]
  NPV                   1.000          [0.000 - 1.000]
  Accuracy              0.880          [0.760 - 1.000]
  F1-Score              0.930          [0.837 - 1.000]
  Composite             0.815                        -

  CM: TP=20 FP=3 FN=0 TN=2
  Toplam Hata: 3/25
=================================================================

======================================================================
FOLD 5/5
======================================================================
  Pretrained: 159 katman yüklendi, 0 atlandı.
[attn-swinunetr | fold 5 | epoch 001] train=0.4198 val_loss=0.4024 auc=0.6842 acc=0.7917
  [Metrics] AUC:0.684 F1:0.643 SENS:0.474 SPEC:1.000 | COMPOSITE:0.6476 EMA:0.6476
[attn-swinunetr | fold 5 | epoch 002] train=0.3831 val_loss=0.3420 auc=0.6105 acc=0.7917
  [Metrics] AUC:0.611 F1:0.593 SENS:0.421 SPEC:1.000 | COMPOSITE:0.5981 EMA:0.6327
[attn-swinunetr | fold 5 | epoch 003] train=0.3043 val_loss=0.2584 auc=0.4632 acc=0.7917
  [Metrics] AUC:0.463 F1:0.621 SENS:0.474 SPEC:0.800 | COMPOSITE:0.5568 EMA:0.6099
[attn-swinunetr | fold 5 | epoch 004] train=0.2208 val_loss=0.2074 auc=0.4526 acc=0.7917
  [Metrics] AUC:0.453 F1:0.480 SENS:0.316 SPEC:1.000 | COMPOSITE:0.4937 EMA:0.5751
[attn-swinunetr | fold 5 | epoch 005] train=0.1936 val_loss=0.2175 auc=0.5263 acc=0.7917
  [Metrics] AUC:0.526 F1:0.538 SENS:0.368 SPEC:1.000 | COMPOSITE:0.5451 EMA:0.5661
[attn-swinunetr | fold 5 | epoch 006] train=0.1939 val_loss=0.2157 auc=0.5789 acc=0.7083
  [Metrics] AUC:0.579 F1:0.593 SENS:0.421 SPEC:1.000 | COMPOSITE:0.5903 EMA:0.5733
[attn-swinunetr | fold 5 | epoch 007] train=0.1839 val_loss=0.1937 auc=0.7263 acc=0.7500
  [Metrics] AUC:0.726 F1:0.690 SENS:0.526 SPEC:1.000 | COMPOSITE:0.6882 EMA:0.6078
[attn-swinunetr | fold 5 | epoch 008] train=0.1770 val_loss=0.1899 auc=0.7684 acc=0.7917
  [Metrics] AUC:0.768 F1:0.733 SENS:0.579 SPEC:1.000 | COMPOSITE:0.7281 EMA:0.6439
[attn-swinunetr | fold 5 | epoch 009] train=0.1745 val_loss=0.1839 auc=0.7684 acc=0.7917
  [Metrics] AUC:0.768 F1:0.733 SENS:0.579 SPEC:1.000 | COMPOSITE:0.7281 EMA:0.6691
[attn-swinunetr | fold 5 | epoch 010] train=0.1821 val_loss=0.1829 auc=0.7684 acc=0.7917
  [Metrics] AUC:0.768 F1:0.733 SENS:0.579 SPEC:1.000 | COMPOSITE:0.7281 EMA:0.6868
[attn-swinunetr | fold 5 | epoch 011] train=0.1666 val_loss=0.1767 auc=0.7789 acc=0.7917
  [Metrics] AUC:0.779 F1:0.733 SENS:0.579 SPEC:1.000 | COMPOSITE:0.7307 EMA:0.7000
[attn-swinunetr | fold 5 | epoch 012] train=0.1656 val_loss=0.1729 auc=0.8105 acc=0.8333
  [Metrics] AUC:0.811 F1:0.733 SENS:0.579 SPEC:1.000 | COMPOSITE:0.7386 EMA:0.7116
[attn-swinunetr | fold 5 | epoch 013] train=0.1642 val_loss=0.1687 auc=0.8000 acc=0.8333
  [Metrics] AUC:0.800 F1:0.733 SENS:0.579 SPEC:1.000 | COMPOSITE:0.7360 EMA:0.7189
[attn-swinunetr | fold 5 | epoch 014] train=0.1649 val_loss=0.1649 auc=0.8211 acc=0.7917
  [Metrics] AUC:0.821 F1:0.733 SENS:0.579 SPEC:1.000 | COMPOSITE:0.7412 EMA:0.7256
  [Progressive FT] Epoch 15: Backbone çözülüyor, tam model ince ayara başlıyor.
[attn-swinunetr | fold 5 | epoch 015] train=0.1551 val_loss=0.1616 auc=0.8421 acc=0.8333
  [Metrics] AUC:0.842 F1:0.848 SENS:0.737 SPEC:1.000 | COMPOSITE:0.8305 EMA:0.7571
[attn-swinunetr | fold 5 | epoch 016] train=0.1673 val_loss=0.1639 auc=0.8316 acc=0.8333
  [Metrics] AUC:0.832 F1:0.812 SENS:0.684 SPEC:1.000 | COMPOSITE:0.8005 EMA:0.7701
[attn-swinunetr | fold 5 | epoch 017] train=0.1635 val_loss=0.1652 auc=0.8316 acc=0.7917
  [Metrics] AUC:0.832 F1:0.812 SENS:0.684 SPEC:1.000 | COMPOSITE:0.8005 EMA:0.7792
[attn-swinunetr | fold 5 | epoch 018] train=0.1573 val_loss=0.1660 auc=0.8211 acc=0.7500
  [Metrics] AUC:0.821 F1:0.812 SENS:0.684 SPEC:1.000 | COMPOSITE:0.7979 EMA:0.7848
[attn-swinunetr | fold 5 | epoch 019] train=0.1596 val_loss=0.1651 auc=0.8105 acc=0.7500
  [Metrics] AUC:0.811 F1:0.812 SENS:0.684 SPEC:1.000 | COMPOSITE:0.7952 EMA:0.7879
[attn-swinunetr | fold 5 | epoch 020] train=0.1555 val_loss=0.1643 auc=0.8105 acc=0.7917
  [Metrics] AUC:0.811 F1:0.812 SENS:0.684 SPEC:1.000 | COMPOSITE:0.7952 EMA:0.7901
[attn-swinunetr | fold 5 | epoch 021] train=0.1589 val_loss=0.1643 auc=0.7789 acc=0.7917
  [Metrics] AUC:0.779 F1:0.812 SENS:0.684 SPEC:1.000 | COMPOSITE:0.7873 EMA:0.7893
[attn-swinunetr | fold 5 | epoch 022] train=0.1491 val_loss=0.1639 auc=0.7789 acc=0.7917
  [Metrics] AUC:0.779 F1:0.812 SENS:0.684 SPEC:1.000 | COMPOSITE:0.7873 EMA:0.7887
[attn-swinunetr | fold 5 | epoch 023] train=0.1643 val_loss=0.1632 auc=0.7789 acc=0.7917
  [Metrics] AUC:0.779 F1:0.812 SENS:0.684 SPEC:1.000 | COMPOSITE:0.7873 EMA:0.7883
[attn-swinunetr | fold 5 | epoch 024] train=0.1515 val_loss=0.1632 auc=0.7579 acc=0.7083
  [Metrics] AUC:0.758 F1:0.812 SENS:0.684 SPEC:1.000 | COMPOSITE:0.7821 EMA:0.7864
[attn-swinunetr | fold 5 | epoch 025] train=0.1573 val_loss=0.1632 auc=0.7474 acc=0.7083
  [Metrics] AUC:0.747 F1:0.812 SENS:0.684 SPEC:1.000 | COMPOSITE:0.7794 EMA:0.7843
[attn-swinunetr | fold 5 | epoch 026] train=0.1591 val_loss=0.1630 auc=0.7368 acc=0.7083
  [Metrics] AUC:0.737 F1:0.812 SENS:0.684 SPEC:1.000 | COMPOSITE:0.7768 EMA:0.7821
[attn-swinunetr | fold 5 | epoch 027] train=0.1434 val_loss=0.1647 auc=0.7263 acc=0.7083
  [Metrics] AUC:0.726 F1:0.774 SENS:0.632 SPEC:1.000 | COMPOSITE:0.7462 EMA:0.7713
[attn-swinunetr | fold 5 | epoch 028] train=0.1424 val_loss=0.1669 auc=0.7158 acc=0.7917
  [Metrics] AUC:0.716 F1:0.774 SENS:0.632 SPEC:1.000 | COMPOSITE:0.7435 EMA:0.7630
[attn-swinunetr | fold 5 | epoch 029] train=0.1528 val_loss=0.1670 auc=0.7263 acc=0.7917
  [Metrics] AUC:0.726 F1:0.774 SENS:0.632 SPEC:1.000 | COMPOSITE:0.7462 EMA:0.7579
[attn-swinunetr | fold 5 | epoch 030] train=0.1515 val_loss=0.1678 auc=0.7053 acc=0.7917
  [Metrics] AUC:0.705 F1:0.733 SENS:0.579 SPEC:1.000 | COMPOSITE:0.7123 EMA:0.7442
[attn-swinunetr | fold 5 | epoch 031] train=0.1460 val_loss=0.1684 auc=0.6947 acc=0.7917
  [Metrics] AUC:0.695 F1:0.733 SENS:0.579 SPEC:1.000 | COMPOSITE:0.7096 EMA:0.7339
[attn-swinunetr | fold 5 | epoch 032] train=0.1398 val_loss=0.1669 auc=0.6947 acc=0.7917
  [Metrics] AUC:0.695 F1:0.733 SENS:0.579 SPEC:1.000 | COMPOSITE:0.7096 EMA:0.7266
[attn-swinunetr | fold 5 | epoch 033] train=0.1411 val_loss=0.1696 auc=0.6947 acc=0.7083
  [Metrics] AUC:0.695 F1:0.733 SENS:0.579 SPEC:1.000 | COMPOSITE:0.7096 EMA:0.7215
[attn-swinunetr | fold 5 | epoch 034] train=0.1427 val_loss=0.1666 auc=0.7053 acc=0.7917
  [Metrics] AUC:0.705 F1:0.733 SENS:0.579 SPEC:1.000 | COMPOSITE:0.7123 EMA:0.7187
[attn-swinunetr | fold 5 | epoch 035] train=0.1485 val_loss=0.1689 auc=0.7053 acc=0.7917
  [Metrics] AUC:0.705 F1:0.774 SENS:0.632 SPEC:1.000 | COMPOSITE:0.7409 EMA:0.7254
[attn-swinunetr | fold 5 | epoch 036] train=0.1391 val_loss=0.1708 auc=0.7053 acc=0.7917
  [Metrics] AUC:0.705 F1:0.774 SENS:0.632 SPEC:1.000 | COMPOSITE:0.7409 EMA:0.7301
[attn-swinunetr | fold 5 | epoch 037] train=0.1453 val_loss=0.1704 auc=0.7053 acc=0.7917
  [Metrics] AUC:0.705 F1:0.774 SENS:0.632 SPEC:1.000 | COMPOSITE:0.7409 EMA:0.7333
[attn-swinunetr | fold 5 | epoch 038] train=0.1419 val_loss=0.1726 auc=0.7053 acc=0.7083
  [Metrics] AUC:0.705 F1:0.733 SENS:0.579 SPEC:1.000 | COMPOSITE:0.7123 EMA:0.7270
[attn-swinunetr | fold 5 | epoch 039] train=0.1537 val_loss=0.1709 auc=0.7158 acc=0.7083
  [Metrics] AUC:0.716 F1:0.774 SENS:0.632 SPEC:1.000 | COMPOSITE:0.7435 EMA:0.7320
[attn-swinunetr | fold 5 | epoch 040] train=0.1412 val_loss=0.1708 auc=0.7263 acc=0.7500
  [Metrics] AUC:0.726 F1:0.774 SENS:0.632 SPEC:1.000 | COMPOSITE:0.7462 EMA:0.7362
[attn-swinunetr | fold 5 | epoch 041] train=0.1418 val_loss=0.1716 auc=0.7158 acc=0.7500
  [Metrics] AUC:0.716 F1:0.733 SENS:0.579 SPEC:1.000 | COMPOSITE:0.7149 EMA:0.7298
[attn-swinunetr | fold 5 | epoch 042] train=0.1464 val_loss=0.1715 auc=0.7158 acc=0.7500
  [Metrics] AUC:0.716 F1:0.733 SENS:0.579 SPEC:1.000 | COMPOSITE:0.7149 EMA:0.7254
[attn-swinunetr | fold 5 | epoch 043] train=0.1471 val_loss=0.1713 auc=0.7263 acc=0.7500
  [Metrics] AUC:0.726 F1:0.774 SENS:0.632 SPEC:1.000 | COMPOSITE:0.7462 EMA:0.7316
[attn-swinunetr | fold 5 | epoch 044] train=0.1356 val_loss=0.1729 auc=0.6842 acc=0.7917
  [Metrics] AUC:0.684 F1:0.774 SENS:0.632 SPEC:1.000 | COMPOSITE:0.7357 EMA:0.7328
[attn-swinunetr | fold 5 | epoch 045] train=0.1373 val_loss=0.1696 auc=0.6947 acc=0.7917
  [Metrics] AUC:0.695 F1:0.774 SENS:0.632 SPEC:1.000 | COMPOSITE:0.7383 EMA:0.7345
[attn-swinunetr | fold 5 | epoch 046] train=0.1509 val_loss=0.1690 auc=0.6842 acc=0.7917
  [Metrics] AUC:0.684 F1:0.774 SENS:0.632 SPEC:1.000 | COMPOSITE:0.7357 EMA:0.7348
[attn-swinunetr | fold 5 | epoch 047] train=0.1451 val_loss=0.1686 auc=0.7053 acc=0.7083
  [Metrics] AUC:0.705 F1:0.774 SENS:0.632 SPEC:1.000 | COMPOSITE:0.7409 EMA:0.7366
[attn-swinunetr | fold 5 | epoch 048] train=0.1599 val_loss=0.1689 auc=0.7053 acc=0.7083
  [Metrics] AUC:0.705 F1:0.774 SENS:0.632 SPEC:1.000 | COMPOSITE:0.7409 EMA:0.7379
[attn-swinunetr | fold 5 | epoch 049] train=0.1492 val_loss=0.1678 auc=0.7053 acc=0.7083
  [Metrics] AUC:0.705 F1:0.774 SENS:0.632 SPEC:1.000 | COMPOSITE:0.7409 EMA:0.7388
[attn-swinunetr | fold 5 | epoch 050] train=0.1302 val_loss=0.1678 auc=0.6947 acc=0.7917
  [Metrics] AUC:0.695 F1:0.774 SENS:0.632 SPEC:1.000 | COMPOSITE:0.7383 EMA:0.7387
[attn-swinunetr | fold 5 | epoch 051] train=0.1398 val_loss=0.1681 auc=0.6947 acc=0.7917
  [Metrics] AUC:0.695 F1:0.774 SENS:0.632 SPEC:1.000 | COMPOSITE:0.7383 EMA:0.7385
[attn-swinunetr | fold 5 | epoch 052] train=0.1451 val_loss=0.1698 auc=0.7053 acc=0.7083
  [Metrics] AUC:0.705 F1:0.733 SENS:0.579 SPEC:1.000 | COMPOSITE:0.7123 EMA:0.7307
[attn-swinunetr | fold 5 | epoch 053] train=0.1363 val_loss=0.1730 auc=0.7053 acc=0.7083
  [Metrics] AUC:0.705 F1:0.774 SENS:0.632 SPEC:1.000 | COMPOSITE:0.7409 EMA:0.7337
[attn-swinunetr | fold 5 | epoch 054] train=0.1323 val_loss=0.1764 auc=0.7053 acc=0.7083
  [Metrics] AUC:0.705 F1:0.774 SENS:0.632 SPEC:1.000 | COMPOSITE:0.7409 EMA:0.7359
[attn-swinunetr | fold 5 | epoch 055] train=0.1496 val_loss=0.1712 auc=0.7158 acc=0.7083
  [Metrics] AUC:0.716 F1:0.774 SENS:0.632 SPEC:1.000 | COMPOSITE:0.7435 EMA:0.7382
[attn-swinunetr | fold 5 | epoch 056] train=0.1496 val_loss=0.1712 auc=0.7158 acc=0.7083
  [Metrics] AUC:0.716 F1:0.774 SENS:0.632 SPEC:1.000 | COMPOSITE:0.7435 EMA:0.7398
[attn-swinunetr | fold 5 | epoch 057] train=0.1333 val_loss=0.1685 auc=0.7158 acc=0.7083
  [Metrics] AUC:0.716 F1:0.774 SENS:0.632 SPEC:1.000 | COMPOSITE:0.7435 EMA:0.7409
[attn-swinunetr | fold 5 | epoch 058] train=0.1298 val_loss=0.1696 auc=0.6947 acc=0.7083
  [Metrics] AUC:0.695 F1:0.774 SENS:0.632 SPEC:1.000 | COMPOSITE:0.7383 EMA:0.7401
[attn-swinunetr | fold 5 | epoch 059] train=0.1337 val_loss=0.1696 auc=0.6842 acc=0.7917
  [Metrics] AUC:0.684 F1:0.774 SENS:0.632 SPEC:1.000 | COMPOSITE:0.7357 EMA:0.7388
[attn-swinunetr | fold 5 | epoch 060] train=0.1316 val_loss=0.1719 auc=0.6947 acc=0.7083
  [Metrics] AUC:0.695 F1:0.774 SENS:0.632 SPEC:1.000 | COMPOSITE:0.7383 EMA:0.7386
[attn-swinunetr | fold 5 | epoch 061] train=0.1403 val_loss=0.1755 auc=0.7053 acc=0.7083
  [Metrics] AUC:0.705 F1:0.774 SENS:0.632 SPEC:1.000 | COMPOSITE:0.7409 EMA:0.7393
[attn-swinunetr | fold 5 | epoch 062] train=0.1283 val_loss=0.1758 auc=0.6947 acc=0.7083
  [Metrics] AUC:0.695 F1:0.733 SENS:0.579 SPEC:1.000 | COMPOSITE:0.7096 EMA:0.7304
[attn-swinunetr | fold 5 | epoch 063] train=0.1380 val_loss=0.1760 auc=0.7053 acc=0.7500
  [Metrics] AUC:0.705 F1:0.733 SENS:0.579 SPEC:1.000 | COMPOSITE:0.7123 EMA:0.7250
[attn-swinunetr | fold 5 | epoch 064] train=0.1367 val_loss=0.1769 auc=0.7053 acc=0.7500
  [Metrics] AUC:0.705 F1:0.733 SENS:0.579 SPEC:1.000 | COMPOSITE:0.7123 EMA:0.7212
[attn-swinunetr | fold 5 | epoch 065] train=0.1371 val_loss=0.1769 auc=0.7053 acc=0.7500
  [Metrics] AUC:0.705 F1:0.733 SENS:0.579 SPEC:1.000 | COMPOSITE:0.7123 EMA:0.7185
[attn-swinunetr | fold 5 | epoch 066] train=0.1304 val_loss=0.1772 auc=0.7053 acc=0.7500
  [Metrics] AUC:0.705 F1:0.733 SENS:0.579 SPEC:1.000 | COMPOSITE:0.7123 EMA:0.7166
[attn-swinunetr | fold 5 | epoch 067] train=0.1467 val_loss=0.1785 auc=0.6947 acc=0.7083
  [Metrics] AUC:0.695 F1:0.733 SENS:0.579 SPEC:1.000 | COMPOSITE:0.7096 EMA:0.7145
[attn-swinunetr | fold 5 | epoch 068] train=0.1434 val_loss=0.1815 auc=0.6947 acc=0.7083
  [Metrics] AUC:0.695 F1:0.733 SENS:0.579 SPEC:1.000 | COMPOSITE:0.7096 EMA:0.7131
[attn-swinunetr | fold 5 | epoch 069] train=0.1397 val_loss=0.1767 auc=0.6842 acc=0.7083
  [Metrics] AUC:0.684 F1:0.733 SENS:0.579 SPEC:1.000 | COMPOSITE:0.7070 EMA:0.7113
[attn-swinunetr | fold 5 | epoch 070] train=0.1289 val_loss=0.1704 auc=0.6947 acc=0.7500
  [Metrics] AUC:0.695 F1:0.733 SENS:0.579 SPEC:1.000 | COMPOSITE:0.7096 EMA:0.7108
  Early stopping @ epoch 70 (best EMA composite=0.7901)
  SWA model finalize ediliyor...
  SWA val COMPOSITE: 0.7096 | Best EMA COMPOSITE: 0.7901

=================================================================
  AttentionSwinUNETR Fold 5  |  Threshold: Youden 0.719
=================================================================
  Metrik                Değer                   95% CI
  -------------------------------------------------------
  AUC-ROC               0.811          [0.611 - 0.963]
  AUC-PR                0.954                        -
  Sensitivity           0.684          [0.471 - 0.889]
  Specificity           1.000          [1.000 - 1.000]
  PPV                   1.000          [1.000 - 1.000]
  NPV                   0.455          [0.167 - 0.778]
  Accuracy              0.750          [0.583 - 0.917]
  F1-Score              0.812          [0.640 - 0.941]
  Composite             0.795                        -

  CM: TP=13 FP=0 FN=6 TN=5
  Toplam Hata: 6/24
=================================================================

AGGREGATE OOF (5-Fold Cross-Validation):

=================================================================
  Attention-SwinUNETR Aggregate OOF  |  Threshold: Youden 0.740
=================================================================
  Metrik                Değer                   95% CI
  -------------------------------------------------------
  AUC-ROC               0.760          [0.646 - 0.855]
  AUC-PR                0.928                        -
  Sensitivity           0.745          [0.660 - 0.828]
  Specificity           0.682          [0.474 - 0.870]
  PPV                   0.912          [0.850 - 0.966]
  NPV                   0.375          [0.222 - 0.524]
  Accuracy              0.733          [0.658 - 0.808]
  F1-Score              0.820          [0.757 - 0.876]
  Composite             0.758                        -

  CM: TP=73 FP=7 FN=25 TN=15
  Toplam Hata: 32/120
=================================================================

Attention-SwinUNETR — Kalibrasyon: Brier=0.1328 | ECE=0.0788

Attention-SwinUNETR — EXTERNAL TEST (ALL FOLDS + ENSEMBLE):
               fold  auc_roc  sensitivity  specificity  accuracy    f1   ppv   npv  tp  fp  fn  tn
             Fold 1    0.853        0.789          1.0     0.833 0.882 1.000 0.556  15   0   4   5
             Fold 2    0.800        0.737          1.0     0.792 0.848 1.000 0.500  14   0   5   5
             Fold 3    0.811        0.632          1.0     0.708 0.774 1.000 0.417  12   0   7   5
             Fold 4    0.821        0.842          0.8     0.833 0.889 0.941 0.571  16   1   3   4
             Fold 5    0.789        0.579          1.0     0.667 0.733 1.000 0.385  11   0   8   5
    Ensemble (@0.5)    0.821        1.000          0.0     0.792 0.884 0.792 0.000  19   5   0   0
 Ensemble (@Youden)    0.821        0.842          0.8     0.833 0.889 0.941 0.571  16   1   3   4
Ensemble (90+ Sens)    0.821        0.947          0.2     0.792 0.878 0.818 0.500  18   4   1   1

Attention-SwinUNETR — ENSEMBLE @Youden (0.706) — %95 Bootstrap CI:

=================================================================
  Attention-SwinUNETR  |  Threshold: Youden 0.706
=================================================================
  Metrik                Değer                   95% CI
  -------------------------------------------------------
  AUC-ROC               0.821          [0.624 - 0.968]
  AUC-PR                0.956                        -
  Sensitivity           0.842          [0.667 - 1.000]
  Specificity           0.800          [0.333 - 1.000]
  PPV                   0.941          [0.800 - 1.000]
  NPV                   0.571          [0.167 - 1.000]
  Accuracy              0.833          [0.667 - 0.958]
  F1-Score              0.889          [0.759 - 0.974]
  Composite             0.842                        -

  CM: TP=16 FP=1 FN=3 TN=4
  Toplam Hata: 4/24
=================================================================

Attention-SwinUNETR — ENSEMBLE @90%+ Sensitivity (0.614) — %95 Bootstrap CI:

=================================================================
  Attention-SwinUNETR  |  Threshold: 90+Sens 0.614
=================================================================
  Metrik                Değer                   95% CI
  -------------------------------------------------------
  AUC-ROC               0.821          [0.624 - 0.968]
  AUC-PR                0.956                        -
  Sensitivity           0.947          [0.824 - 1.000]
  Specificity           0.200          [0.000 - 0.667]
  PPV                   0.818          [0.636 - 0.957]
  NPV                   0.500          [0.000 - 1.000]
  Accuracy              0.792          [0.625 - 0.917]
  F1-Score              0.878          [0.743 - 0.957]
  Composite             0.786                        -

  CM: TP=18 FP=4 FN=1 TN=1
  Toplam Hata: 5/24
=================================================================
