nohup: ignoring input
shared_utils.py yüklendi. [Q1 | Sensitivity-First | TTA | ClinicalFocalLoss]
Toplam eğitim verisi: 204 hasta | Müsinöz: 98
Train: 173 | Val: 31
MAE pretrained encoder zaten var, pretraining atlanıyor: /home/zera/Downloads/Appendiks varyasyon3 DS-20260713T105239Z-2-001/Appendiks varyasyon3 DS/segformer/experiments_q1_final/mae_tinytransformer_final/mae_pretrained_encoder.pt
MAE pretrained encoder yüklendi.
[final | epoch 001] train=0.2248 val_loss=0.2257 val_auc=0.4917 ema_auc=0.4917
[final | epoch 002] train=0.2211 val_loss=0.2216 val_auc=0.5667 ema_auc=0.5142
[final | epoch 003] train=0.2262 val_loss=0.2066 val_auc=0.7000 ema_auc=0.5699
    ★ SAVED (val_auc=0.7000)
[final | epoch 004] train=0.2142 val_loss=0.2004 val_auc=0.6750 ema_auc=0.6014
    ★ SAVED (val_auc=0.6750)
[final | epoch 005] train=0.2297 val_loss=0.2079 val_auc=0.6917 ema_auc=0.6285
    ★ SAVED (val_auc=0.6917)
[final | epoch 006] train=0.2224 val_loss=0.2035 val_auc=0.7417 ema_auc=0.6625
    ★ SAVED (val_auc=0.7417)
[final | epoch 007] train=0.2263 val_loss=0.2310 val_auc=0.6667 ema_auc=0.6637
    ★ SAVED (val_auc=0.6667)
[final | epoch 008] train=0.2251 val_loss=0.2197 val_auc=0.7333 ema_auc=0.6846
    ★ SAVED (val_auc=0.7333)
[final | epoch 009] train=0.2211 val_loss=0.2000 val_auc=0.7208 ema_auc=0.6955
    ★ SAVED (val_auc=0.7208)
[final | epoch 010] train=0.2087 val_loss=0.2225 val_auc=0.7000 ema_auc=0.6968
    ★ SAVED (val_auc=0.7000)
[final | epoch 011] train=0.2096 val_loss=0.2015 val_auc=0.7125 ema_auc=0.7015
    ★ SAVED (val_auc=0.7125)
[final | epoch 012] train=0.2125 val_loss=0.2012 val_auc=0.7583 ema_auc=0.7186
    ★ SAVED (val_auc=0.7583)
[final | epoch 013] train=0.2154 val_loss=0.2202 val_auc=0.7333 ema_auc=0.7230
    ★ SAVED (val_auc=0.7333)
[final | epoch 014] train=0.2088 val_loss=0.2016 val_auc=0.7167 ema_auc=0.7211
[final | epoch 015] train=0.2080 val_loss=0.2060 val_auc=0.7417 ema_auc=0.7273
    ★ SAVED (val_auc=0.7417)
[final | epoch 016] train=0.2106 val_loss=0.2026 val_auc=0.7375 ema_auc=0.7303
    ★ SAVED (val_auc=0.7375)
[final | epoch 017] train=0.2075 val_loss=0.2398 val_auc=0.7208 ema_auc=0.7275
[final | epoch 018] train=0.2119 val_loss=0.1961 val_auc=0.7333 ema_auc=0.7292
[final | epoch 019] train=0.2142 val_loss=0.2386 val_auc=0.6917 ema_auc=0.7180
[final | epoch 020] train=0.2117 val_loss=0.2085 val_auc=0.6875 ema_auc=0.7088
[final | epoch 021] train=0.2115 val_loss=0.2071 val_auc=0.6875 ema_auc=0.7024
[final | epoch 022] train=0.2070 val_loss=0.2052 val_auc=0.6833 ema_auc=0.6967
[final | epoch 023] train=0.2101 val_loss=0.2185 val_auc=0.6917 ema_auc=0.6952
[final | epoch 024] train=0.2070 val_loss=0.2087 val_auc=0.6958 ema_auc=0.6954
[final | epoch 025] train=0.2021 val_loss=0.2043 val_auc=0.7250 ema_auc=0.7043
[final | epoch 026] train=0.2053 val_loss=0.1950 val_auc=0.7542 ema_auc=0.7192
[final | epoch 027] train=0.1906 val_loss=0.1923 val_auc=0.7417 ema_auc=0.7260
[final | epoch 028] train=0.1896 val_loss=0.1792 val_auc=0.8000 ema_auc=0.7482
    ★ SAVED (val_auc=0.8000)
[final | epoch 029] train=0.1847 val_loss=0.2053 val_auc=0.7500 ema_auc=0.7487
    ★ SAVED (val_auc=0.7500)
[final | epoch 030] train=0.1927 val_loss=0.2076 val_auc=0.7292 ema_auc=0.7429
[final | epoch 031] train=0.1847 val_loss=0.2186 val_auc=0.7542 ema_auc=0.7462
[final | epoch 032] train=0.1984 val_loss=0.2155 val_auc=0.8083 ema_auc=0.7649
    ★ SAVED (val_auc=0.8083)
[final | epoch 033] train=0.1969 val_loss=0.1916 val_auc=0.7708 ema_auc=0.7667
    ★ SAVED (val_auc=0.7708)
[final | epoch 034] train=0.1987 val_loss=0.2006 val_auc=0.7958 ema_auc=0.7754
    ★ SAVED (val_auc=0.7958)
[final | epoch 035] train=0.2008 val_loss=0.2010 val_auc=0.7292 ema_auc=0.7615
[final | epoch 036] train=0.2027 val_loss=0.2086 val_auc=0.7208 ema_auc=0.7493
[final | epoch 037] train=0.1857 val_loss=0.1899 val_auc=0.7417 ema_auc=0.7470
[final | epoch 038] train=0.1915 val_loss=0.1853 val_auc=0.8292 ema_auc=0.7717
[final | epoch 039] train=0.1821 val_loss=0.1964 val_auc=0.7958 ema_auc=0.7789
    ★ SAVED (val_auc=0.7958)
[final | epoch 040] train=0.1775 val_loss=0.2712 val_auc=0.7708 ema_auc=0.7765
[final | epoch 041] train=0.1890 val_loss=0.1761 val_auc=0.8083 ema_auc=0.7860
    ★ SAVED (val_auc=0.8083)
[final | epoch 042] train=0.1856 val_loss=0.2029 val_auc=0.7833 ema_auc=0.7852
[final | epoch 043] train=0.1873 val_loss=0.2042 val_auc=0.7792 ema_auc=0.7834
[final | epoch 044] train=0.1905 val_loss=0.1870 val_auc=0.7958 ema_auc=0.7871
    ★ SAVED (val_auc=0.7958)
[final | epoch 045] train=0.1661 val_loss=0.1927 val_auc=0.7958 ema_auc=0.7897
    ★ SAVED (val_auc=0.7958)
[final | epoch 046] train=0.1706 val_loss=0.2032 val_auc=0.8125 ema_auc=0.7966
    ★ SAVED (val_auc=0.8125)
[final | epoch 047] train=0.1730 val_loss=0.1676 val_auc=0.8083 ema_auc=0.8001
    ★ SAVED (val_auc=0.8083)
[final | epoch 048] train=0.1882 val_loss=0.2103 val_auc=0.7500 ema_auc=0.7851
[final | epoch 049] train=0.1756 val_loss=0.2281 val_auc=0.7708 ema_auc=0.7808
[final | epoch 050] train=0.1837 val_loss=0.1956 val_auc=0.7958 ema_auc=0.7853
[final | epoch 051] train=0.1753 val_loss=0.1762 val_auc=0.8125 ema_auc=0.7935
[final | epoch 052] train=0.1670 val_loss=0.1956 val_auc=0.8000 ema_auc=0.7954
[final | epoch 053] train=0.1567 val_loss=0.1723 val_auc=0.8083 ema_auc=0.7993
[final | epoch 054] train=0.1813 val_loss=0.2405 val_auc=0.8167 ema_auc=0.8045
    ★ SAVED (val_auc=0.8167)
[final | epoch 055] train=0.1719 val_loss=0.1775 val_auc=0.8042 ema_auc=0.8044
[final | epoch 056] train=0.1583 val_loss=0.1711 val_auc=0.8250 ema_auc=0.8106
    ★ SAVED (val_auc=0.8250)
[final | epoch 057] train=0.1571 val_loss=0.1602 val_auc=0.8625 ema_auc=0.8262
    ★ SAVED (val_auc=0.8625)
[final | epoch 058] train=0.1631 val_loss=0.1945 val_auc=0.8167 ema_auc=0.8233
[final | epoch 059] train=0.1554 val_loss=0.1720 val_auc=0.8250 ema_auc=0.8238
[final | epoch 060] train=0.1679 val_loss=0.1869 val_auc=0.8292 ema_auc=0.8254
[final | epoch 061] train=0.1571 val_loss=0.1702 val_auc=0.8333 ema_auc=0.8278
    ★ SAVED (val_auc=0.8333)
[final | epoch 062] train=0.1623 val_loss=0.1493 val_auc=0.8583 ema_auc=0.8370
    ★ SAVED (val_auc=0.8583)
[final | epoch 063] train=0.1618 val_loss=0.2627 val_auc=0.7917 ema_auc=0.8234
[final | epoch 064] train=0.1754 val_loss=0.1778 val_auc=0.8167 ema_auc=0.8214
[final | epoch 065] train=0.1643 val_loss=0.1844 val_auc=0.8167 ema_auc=0.8200
[final | epoch 066] train=0.1350 val_loss=0.1797 val_auc=0.8208 ema_auc=0.8202
[final | epoch 067] train=0.1415 val_loss=0.1658 val_auc=0.8417 ema_auc=0.8267
[final | epoch 068] train=0.1478 val_loss=0.1795 val_auc=0.8625 ema_auc=0.8374
    ★ SAVED (val_auc=0.8625)
[final | epoch 069] train=0.1487 val_loss=0.1426 val_auc=0.8792 ema_auc=0.8499
    ★ SAVED (val_auc=0.8792)
[final | epoch 070] train=0.1398 val_loss=0.1535 val_auc=0.8667 ema_auc=0.8550
    ★ SAVED (val_auc=0.8667)
[final | epoch 071] train=0.1355 val_loss=0.1606 val_auc=0.8625 ema_auc=0.8572
    ★ SAVED (val_auc=0.8625)
[final | epoch 072] train=0.1373 val_loss=0.1562 val_auc=0.8625 ema_auc=0.8588
    ★ SAVED (val_auc=0.8625)
[final | epoch 073] train=0.1323 val_loss=0.1666 val_auc=0.8500 ema_auc=0.8562
[final | epoch 074] train=0.1394 val_loss=0.1644 val_auc=0.8500 ema_auc=0.8543
[final | epoch 075] train=0.1212 val_loss=0.1692 val_auc=0.8667 ema_auc=0.8580
[final | epoch 076] train=0.1340 val_loss=0.1584 val_auc=0.8750 ema_auc=0.8631
    ★ SAVED (val_auc=0.8750)
[final | epoch 077] train=0.1180 val_loss=0.1692 val_auc=0.8500 ema_auc=0.8592
[final | epoch 078] train=0.1360 val_loss=0.1634 val_auc=0.8708 ema_auc=0.8627
[final | epoch 079] train=0.1124 val_loss=0.1699 val_auc=0.8667 ema_auc=0.8639
    ★ SAVED (val_auc=0.8667)
[final | epoch 080] train=0.1265 val_loss=0.1610 val_auc=0.8583 ema_auc=0.8622
[final | epoch 081] train=0.1336 val_loss=0.1630 val_auc=0.8875 ema_auc=0.8698
    ★ SAVED (val_auc=0.8875)
[final | epoch 082] train=0.1366 val_loss=0.1596 val_auc=0.8792 ema_auc=0.8726
    ★ SAVED (val_auc=0.8792)
[final | epoch 083] train=0.1179 val_loss=0.1616 val_auc=0.8750 ema_auc=0.8733
    ★ SAVED (val_auc=0.8750)
[final | epoch 084] train=0.1368 val_loss=0.1622 val_auc=0.8625 ema_auc=0.8701
[final | epoch 085] train=0.1158 val_loss=0.1524 val_auc=0.8750 ema_auc=0.8716
[final | epoch 086] train=0.1270 val_loss=0.1576 val_auc=0.8750 ema_auc=0.8726
[final | epoch 087] train=0.1296 val_loss=0.1576 val_auc=0.8708 ema_auc=0.8721
[final | epoch 088] train=0.1081 val_loss=0.1835 val_auc=0.8458 ema_auc=0.8642
[final | epoch 089] train=0.1134 val_loss=0.1848 val_auc=0.8542 ema_auc=0.8612
[final | epoch 090] train=0.1140 val_loss=0.2033 val_auc=0.8417 ema_auc=0.8553
[final | epoch 091] train=0.1108 val_loss=0.2065 val_auc=0.8458 ema_auc=0.8525
[final | epoch 092] train=0.1168 val_loss=0.2033 val_auc=0.8417 ema_auc=0.8492
[final | epoch 093] train=0.1197 val_loss=0.1867 val_auc=0.8667 ema_auc=0.8545
[final | epoch 094] train=0.1058 val_loss=0.1870 val_auc=0.8667 ema_auc=0.8581
[final | epoch 095] train=0.1230 val_loss=0.1940 val_auc=0.8708 ema_auc=0.8619
[final | epoch 096] train=0.1123 val_loss=0.1971 val_auc=0.8542 ema_auc=0.8596
[final | epoch 097] train=0.1122 val_loss=0.1807 val_auc=0.8667 ema_auc=0.8617
[final | epoch 098] train=0.1016 val_loss=0.2075 val_auc=0.8417 ema_auc=0.8557
[final | epoch 099] train=0.0991 val_loss=0.2268 val_auc=0.8500 ema_auc=0.8540
[final | epoch 100] train=0.1170 val_loss=0.2206 val_auc=0.8458 ema_auc=0.8515
SWA finalize ediliyor...
SWA val AUC: 0.8542 | Best regular: 0.8733

=================================================================
  MAE-Tiny Final (All-Data)  |  Threshold: @0.5 0.500
=================================================================
  Metrik                Değer                   95% CI
  -------------------------------------------------------
  AUC-ROC               0.772          [0.599 - 0.920]
  AUC-PR                0.814                        -
  Sensitivity           0.722          [0.500 - 0.933]
  Specificity           0.579          [0.353 - 0.800]
  PPV                   0.619          [0.412 - 0.824]
  NPV                   0.687          [0.444 - 0.917]
  Accuracy              0.649          [0.486 - 0.811]
  F1-Score              0.667          [0.471 - 0.824]
  Composite             0.699                        -

  CM: TP=13 FP=8 FN=5 TN=11
  Toplam Hata: 13/37
=================================================================

=================================================================
  MAE-Tiny Final (All-Data)  |  Threshold: @Youden 0.686
=================================================================
  Metrik                Değer                   95% CI
  -------------------------------------------------------
  AUC-ROC               0.772          [0.599 - 0.920]
  AUC-PR                0.814                        -
  Sensitivity           0.667          [0.429 - 0.882]
  Specificity           0.895          [0.737 - 1.000]
  PPV                   0.857          [0.643 - 1.000]
  NPV                   0.739          [0.542 - 0.909]
  Accuracy              0.784          [0.649 - 0.919]
  F1-Score              0.750          [0.545 - 0.900]
  Composite             0.748                        -

  CM: TP=12 FP=2 FN=6 TN=17
  Toplam Hata: 8/37
=================================================================

=================================================================
  MAE-Tiny Final (All-Data)  |  Threshold: @90+Sens 0.324
=================================================================
  Metrik                Değer                   95% CI
  -------------------------------------------------------
  AUC-ROC               0.772          [0.599 - 0.920]
  AUC-PR                0.814                        -
  Sensitivity           0.944          [0.818 - 1.000]
  Specificity           0.263          [0.067 - 0.500]
  PPV                   0.548          [0.379 - 0.727]
  NPV                   0.833          [0.400 - 1.000]
  Accuracy              0.595          [0.432 - 0.757]
  F1-Score              0.694          [0.533 - 0.830]
  Composite             0.736                        -

  CM: TP=17 FP=14 FN=1 TN=5
  Toplam Hata: 15/37
=================================================================

=================================================================
  MAE-Tiny Final (All-Data)  |  Threshold: @Constraint (OOF-style) 0.686
=================================================================
  Metrik                Değer                   95% CI
  -------------------------------------------------------
  AUC-ROC               0.772          [0.599 - 0.920]
  AUC-PR                0.814                        -
  Sensitivity           0.667          [0.429 - 0.882]
  Specificity           0.895          [0.737 - 1.000]
  PPV                   0.857          [0.643 - 1.000]
  NPV                   0.739          [0.542 - 0.909]
  Accuracy              0.784          [0.649 - 0.919]
  F1-Score              0.750          [0.545 - 0.900]
  Composite             0.748                        -

  CM: TP=12 FP=2 FN=6 TN=17
  Toplam Hata: 8/37
=================================================================

Sonuçlar kaydedildi: /home/zera/Downloads/Appendiks varyasyon3 DS-20260713T105239Z-2-001/Appendiks varyasyon3 DS/segformer/experiments_q1_final/mae_tinytransformer_final
