shared_utils.py yüklendi. [Q1 | Sensitivity-First | TTA | ClinicalFocalLoss]

======================================================================
SegFormer3D MAE Pretraining başlıyor (241 hasta, self-supervised)...
======================================================================
  MAE pretraining manifest: 204 benzersiz hasta
  [MAE pretrain | epoch 001] recon_loss=0.5001
  [MAE pretrain | epoch 010] recon_loss=0.1860
  [MAE pretrain | epoch 020] recon_loss=0.1226
  [MAE pretrain | epoch 030] recon_loss=0.1114
  [MAE pretrain | epoch 040] recon_loss=0.0953
  [MAE pretrain | epoch 050] recon_loss=0.0865
  [MAE pretrain | epoch 060] recon_loss=0.0858
  SegFormer3D MAE encoder kaydedildi: /home/zera/Downloads/Appendiks varyasyon3 DS-20260713T105239Z-2-001/Appendiks varyasyon3 DS/segformer/experiments_q1_final/segformer3d_mae/segformer3d_mae_encoder.pt
================================================================================
SegFormer3D-MSCA — External Test: 37 hasta
================================================================================

======================================================================
FOLD 1/5
======================================================================
  [Fold 1] class_counts: NEG=85, POS=79
  [Fold 1] MAE pretrained encoder yüklendi (204 katman).
[segformer3d | fold 1 | epoch 001] train=0.5143 val_loss=0.4667 auc=0.5405 thr=0.452
  [Metrics] AUC:0.540 F1:0.667 SENS:0.850 SPEC:0.333 | COMPOSITE:0.6493 EMA:-1.3507
[segformer3d | fold 1 | epoch 002] train=0.4975 val_loss=0.5283 auc=0.4976 thr=0.382
  [Metrics] AUC:0.498 F1:0.615 SENS:0.800 SPEC:0.238 | COMPOSITE:0.5940 EMA:-1.3673
[segformer3d | fold 1 | epoch 003] train=0.4985 val_loss=0.5003 auc=0.6095 thr=0.375
  [Metrics] AUC:0.610 F1:0.615 SENS:0.800 SPEC:0.238 | COMPOSITE:0.6219 EMA:-1.3705
    ☆ SAVED FALLBACK (SENS=0.800 SPEC=0.238 | comp=0.6219)
[segformer3d | fold 1 | epoch 004] train=0.5643 val_loss=0.4991 auc=0.5024 thr=0.421
  [Metrics] AUC:0.502 F1:0.627 SENS:0.800 SPEC:0.286 | COMPOSITE:0.6053 EMA:-1.3778
[segformer3d | fold 1 | epoch 005] train=0.4887 val_loss=0.4883 auc=0.4810 thr=0.422
  [Metrics] AUC:0.481 F1:0.679 SENS:0.900 SPEC:0.286 | COMPOSITE:0.6479 EMA:-1.3701
    ☆ SAVED FALLBACK (SENS=0.900 SPEC=0.286 | comp=0.6479)
[segformer3d | fold 1 | epoch 006] train=0.4670 val_loss=0.4876 auc=0.4524 thr=0.396
  [Metrics] AUC:0.452 F1:0.667 SENS:0.950 SPEC:0.143 | COMPOSITE:0.6337 EMA:-1.3689
    ☆ SAVED FALLBACK (SENS=0.950 SPEC=0.143 | comp=0.6337)
[segformer3d | fold 1 | epoch 007] train=0.4986 val_loss=0.4770 auc=0.4786 thr=0.441
  [Metrics] AUC:0.479 F1:0.604 SENS:0.800 SPEC:0.190 | COMPOSITE:0.5792 EMA:-1.3845
[segformer3d | fold 1 | epoch 008] train=0.4781 val_loss=0.4616 auc=0.5119 thr=0.447
  [Metrics] AUC:0.512 F1:0.627 SENS:0.800 SPEC:0.286 | COMPOSITE:0.6077 EMA:-1.3869
[segformer3d | fold 1 | epoch 009] train=0.4486 val_loss=0.4593 auc=0.4571 thr=0.456
  [Metrics] AUC:0.457 F1:0.640 SENS:0.800 SPEC:0.333 | COMPOSITE:0.6043 EMA:-1.3895
[segformer3d | fold 1 | epoch 010] train=0.4875 val_loss=0.4445 auc=0.5119 thr=0.475
  [Metrics] AUC:0.512 F1:0.642 SENS:0.850 SPEC:0.238 | COMPOSITE:0.6216 EMA:-1.3862
[segformer3d | fold 1 | epoch 011] train=0.4577 val_loss=0.4887 auc=0.4381 thr=0.424
  [Metrics] AUC:0.438 F1:0.630 SENS:0.850 SPEC:0.190 | COMPOSITE:0.5930 EMA:-1.3924
[segformer3d | fold 1 | epoch 012] train=0.4663 val_loss=0.4648 auc=0.4190 thr=0.445
  [Metrics] AUC:0.419 F1:0.571 SENS:0.800 SPEC:0.048 | COMPOSITE:0.5348 EMA:-1.4143
[segformer3d | fold 1 | epoch 013] train=0.4468 val_loss=0.4873 auc=0.4381 thr=0.443
  [Metrics] AUC:0.438 F1:0.593 SENS:0.800 SPEC:0.143 | COMPOSITE:0.5591 EMA:-1.4223
[segformer3d | fold 1 | epoch 014] train=0.4593 val_loss=0.4819 auc=0.4167 thr=0.450
  [Metrics] AUC:0.417 F1:0.607 SENS:0.850 SPEC:0.095 | COMPOSITE:0.5677 EMA:-1.4253
[segformer3d | fold 1 | epoch 015] train=0.4681 val_loss=0.4608 auc=0.4786 thr=0.449
  [Metrics] AUC:0.479 F1:0.607 SENS:0.850 SPEC:0.095 | COMPOSITE:0.5832 EMA:-1.4227
[segformer3d | fold 1 | epoch 016] train=0.4616 val_loss=0.4968 auc=0.4095 thr=0.389
  [Metrics] AUC:0.410 F1:0.632 SENS:0.900 SPEC:0.095 | COMPOSITE:0.5896 EMA:-1.4190
[segformer3d | fold 1 | epoch 017] train=0.4520 val_loss=0.4762 auc=0.4405 thr=0.430
  [Metrics] AUC:0.440 F1:0.655 SENS:0.950 SPEC:0.095 | COMPOSITE:0.6207 EMA:-1.4071
[segformer3d | fold 1 | epoch 018] train=0.5011 val_loss=0.4930 auc=0.3976 thr=0.405
  [Metrics] AUC:0.398 F1:0.667 SENS:0.950 SPEC:0.143 | COMPOSITE:0.6200 EMA:-1.3990
[segformer3d | fold 1 | epoch 019] train=0.4610 val_loss=0.5105 auc=0.3262 thr=0.421
  [Metrics] AUC:0.326 F1:0.607 SENS:0.850 SPEC:0.095 | COMPOSITE:0.5451 EMA:-1.4158
[segformer3d | fold 1 | epoch 020] train=0.4588 val_loss=0.4859 auc=0.3643 thr=0.469
  [Metrics] AUC:0.364 F1:0.582 SENS:0.800 SPEC:0.095 | COMPOSITE:0.5308 EMA:-1.4318
[segformer3d | fold 1 | epoch 021] train=0.4529 val_loss=0.4980 auc=0.4143 thr=0.447
  [Metrics] AUC:0.414 F1:0.593 SENS:0.800 SPEC:0.143 | COMPOSITE:0.5531 EMA:-1.4363
[segformer3d | fold 1 | epoch 022] train=0.4476 val_loss=0.4807 auc=0.4333 thr=0.430
  [Metrics] AUC:0.433 F1:0.593 SENS:0.800 SPEC:0.143 | COMPOSITE:0.5579 EMA:-1.4380
[segformer3d | fold 1 | epoch 023] train=0.4338 val_loss=0.4711 auc=0.4286 thr=0.450
  [Metrics] AUC:0.429 F1:0.618 SENS:0.850 SPEC:0.143 | COMPOSITE:0.5806 EMA:-1.4324
[segformer3d | fold 1 | epoch 024] train=0.4750 val_loss=0.4714 auc=0.3690 thr=0.472
  [Metrics] AUC:0.369 F1:0.593 SENS:0.800 SPEC:0.143 | COMPOSITE:0.5418 EMA:-1.4402
[segformer3d | fold 1 | epoch 025] train=0.4898 val_loss=0.4845 auc=0.3881 thr=0.457
  [Metrics] AUC:0.388 F1:0.604 SENS:0.800 SPEC:0.190 | COMPOSITE:0.5565 EMA:-1.4411
[segformer3d | fold 1 | epoch 026] train=0.4894 val_loss=0.4806 auc=0.3810 thr=0.469
  [Metrics] AUC:0.381 F1:0.593 SENS:0.800 SPEC:0.143 | COMPOSITE:0.5448 EMA:-1.4454
[segformer3d | fold 1 | epoch 027] train=0.4652 val_loss=0.4871 auc=0.4190 thr=0.434
  [Metrics] AUC:0.419 F1:0.593 SENS:0.800 SPEC:0.143 | COMPOSITE:0.5543 EMA:-1.4455
[segformer3d | fold 1 | epoch 028] train=0.4320 val_loss=0.5253 auc=0.3857 thr=0.383
  [Metrics] AUC:0.386 F1:0.607 SENS:0.850 SPEC:0.095 | COMPOSITE:0.5600 EMA:-1.4438
[segformer3d | fold 1 | epoch 029] train=0.4633 val_loss=0.4821 auc=0.3833 thr=0.450
  [Metrics] AUC:0.383 F1:0.618 SENS:0.850 SPEC:0.143 | COMPOSITE:0.5693 EMA:-1.4399
[segformer3d | fold 1 | epoch 030] train=0.4680 val_loss=0.4773 auc=0.4500 thr=0.451
  [Metrics] AUC:0.450 F1:0.582 SENS:0.800 SPEC:0.095 | COMPOSITE:0.5522 EMA:-1.4422
[segformer3d | fold 1 | epoch 031] train=0.4433 val_loss=0.4886 auc=0.4143 thr=0.457
  [Metrics] AUC:0.414 F1:0.582 SENS:0.800 SPEC:0.095 | COMPOSITE:0.5433 EMA:-1.4466
[segformer3d | fold 1 | epoch 032] train=0.4459 val_loss=0.4688 auc=0.4476 thr=0.480
  [Metrics] AUC:0.448 F1:0.607 SENS:0.850 SPEC:0.095 | COMPOSITE:0.5755 EMA:-1.4400
[segformer3d | fold 1 | epoch 033] train=0.4682 val_loss=0.4701 auc=0.4214 thr=0.474
  [Metrics] AUC:0.421 F1:0.632 SENS:0.900 SPEC:0.095 | COMPOSITE:0.5925 EMA:-1.4302
[segformer3d | fold 1 | epoch 034] train=0.4281 val_loss=0.4892 auc=0.4286 thr=0.433
  [Metrics] AUC:0.429 F1:0.618 SENS:0.850 SPEC:0.143 | COMPOSITE:0.5806 EMA:-1.4270
[segformer3d | fold 1 | epoch 035] train=0.4262 val_loss=0.4888 auc=0.3952 thr=0.476
  [Metrics] AUC:0.395 F1:0.593 SENS:0.800 SPEC:0.143 | COMPOSITE:0.5484 EMA:-1.4344
[segformer3d | fold 1 | epoch 036] train=0.4575 val_loss=0.4947 auc=0.3571 thr=0.368
  [Metrics] AUC:0.357 F1:0.656 SENS:1.000 SPEC:0.000 | COMPOSITE:0.6032 EMA:-1.4231
[segformer3d | fold 1 | epoch 037] train=0.4482 val_loss=0.4870 auc=0.4167 thr=0.438
  [Metrics] AUC:0.417 F1:0.632 SENS:0.900 SPEC:0.095 | COMPOSITE:0.5913 EMA:-1.4188
[segformer3d | fold 1 | epoch 038] train=0.4087 val_loss=0.4782 auc=0.4214 thr=0.454
  [Metrics] AUC:0.421 F1:0.607 SENS:0.850 SPEC:0.095 | COMPOSITE:0.5689 EMA:-1.4224
[segformer3d | fold 1 | epoch 039] train=0.4777 val_loss=0.4821 auc=0.4310 thr=0.460
  [Metrics] AUC:0.431 F1:0.607 SENS:0.850 SPEC:0.095 | COMPOSITE:0.5713 EMA:-1.4243
[segformer3d | fold 1 | epoch 040] train=0.4552 val_loss=0.4575 auc=0.4952 thr=0.485
  [Metrics] AUC:0.495 F1:0.571 SENS:0.800 SPEC:0.048 | COMPOSITE:0.5538 EMA:-1.4309
[segformer3d | fold 1 | epoch 041] train=0.4310 val_loss=0.4683 auc=0.4738 thr=0.468
  [Metrics] AUC:0.474 F1:0.655 SENS:0.900 SPEC:0.190 | COMPOSITE:0.6257 EMA:-1.4139
[segformer3d | fold 1 | epoch 042] train=0.4347 val_loss=0.4688 auc=0.4714 thr=0.482
  [Metrics] AUC:0.471 F1:0.604 SENS:0.800 SPEC:0.190 | COMPOSITE:0.5774 EMA:-1.4165
[segformer3d | fold 1 | epoch 043] train=0.4341 val_loss=0.4747 auc=0.4643 thr=0.470
  [Metrics] AUC:0.464 F1:0.627 SENS:0.800 SPEC:0.286 | COMPOSITE:0.5958 EMA:-1.4128
[segformer3d | fold 1 | epoch 044] train=0.4508 val_loss=0.4784 auc=0.4714 thr=0.468
  [Metrics] AUC:0.471 F1:0.615 SENS:0.800 SPEC:0.238 | COMPOSITE:0.5874 EMA:-1.4128
[segformer3d | fold 1 | epoch 045] train=0.4400 val_loss=0.4936 auc=0.4667 thr=0.431
  [Metrics] AUC:0.467 F1:0.630 SENS:0.850 SPEC:0.190 | COMPOSITE:0.6001 EMA:-1.4089
[segformer3d | fold 1 | epoch 046] train=0.4189 val_loss=0.4831 auc=0.4333 thr=0.446
  [Metrics] AUC:0.433 F1:0.655 SENS:0.900 SPEC:0.190 | COMPOSITE:0.6155 EMA:-1.4016
[segformer3d | fold 1 | epoch 047] train=0.4601 val_loss=0.4875 auc=0.4167 thr=0.452
  [Metrics] AUC:0.417 F1:0.593 SENS:0.800 SPEC:0.143 | COMPOSITE:0.5537 EMA:-1.4150
[segformer3d | fold 1 | epoch 048] train=0.4127 val_loss=0.4906 auc=0.4548 thr=0.453
  [Metrics] AUC:0.455 F1:0.630 SENS:0.850 SPEC:0.190 | COMPOSITE:0.5972 EMA:-1.4113
[segformer3d | fold 1 | epoch 049] train=0.4151 val_loss=0.4697 auc=0.4548 thr=0.456
  [Metrics] AUC:0.455 F1:0.593 SENS:0.800 SPEC:0.143 | COMPOSITE:0.5633 EMA:-1.4189
[segformer3d | fold 1 | epoch 050] train=0.4478 val_loss=0.4887 auc=0.4643 thr=0.453
  [Metrics] AUC:0.464 F1:0.642 SENS:0.850 SPEC:0.238 | COMPOSITE:0.6097 EMA:-1.4104
[segformer3d | fold 1 | epoch 051] train=0.4542 val_loss=0.4880 auc=0.4548 thr=0.470
  [Metrics] AUC:0.455 F1:0.630 SENS:0.850 SPEC:0.190 | COMPOSITE:0.5972 EMA:-1.4081
[segformer3d | fold 1 | epoch 052] train=0.4564 val_loss=0.4810 auc=0.4571 thr=0.469
  [Metrics] AUC:0.457 F1:0.604 SENS:0.800 SPEC:0.190 | COMPOSITE:0.5738 EMA:-1.4135
[segformer3d | fold 1 | epoch 053] train=0.4373 val_loss=0.4589 auc=0.5214 thr=0.466
  [Metrics] AUC:0.521 F1:0.640 SENS:0.800 SPEC:0.333 | COMPOSITE:0.6204 EMA:-1.4034
[segformer3d | fold 1 | epoch 054] train=0.4457 val_loss=0.4674 auc=0.4548 thr=0.467
  [Metrics] AUC:0.455 F1:0.615 SENS:0.800 SPEC:0.238 | COMPOSITE:0.5833 EMA:-1.4074
[segformer3d | fold 1 | epoch 055] train=0.4376 val_loss=0.4760 auc=0.4786 thr=0.431
  [Metrics] AUC:0.479 F1:0.630 SENS:0.850 SPEC:0.190 | COMPOSITE:0.6031 EMA:-1.4042
[segformer3d | fold 1 | epoch 056] train=0.4474 val_loss=0.4938 auc=0.4810 thr=0.424
  [Metrics] AUC:0.481 F1:0.627 SENS:0.800 SPEC:0.286 | COMPOSITE:0.6000 EMA:-1.4030
[segformer3d | fold 1 | epoch 057] train=0.4394 val_loss=0.4725 auc=0.4690 thr=0.488
  [Metrics] AUC:0.469 F1:0.615 SENS:0.800 SPEC:0.238 | COMPOSITE:0.5868 EMA:-1.4060
[segformer3d | fold 1 | epoch 058] train=0.4281 val_loss=0.4757 auc=0.4595 thr=0.468
  [Metrics] AUC:0.460 F1:0.615 SENS:0.800 SPEC:0.238 | COMPOSITE:0.5844 EMA:-1.4089
[segformer3d | fold 1 | epoch 059] train=0.4170 val_loss=0.4726 auc=0.4548 thr=0.468
  [Metrics] AUC:0.455 F1:0.604 SENS:0.800 SPEC:0.190 | COMPOSITE:0.5732 EMA:-1.4143
[segformer3d | fold 1 | epoch 060] train=0.4352 val_loss=0.4795 auc=0.4667 thr=0.455
  [Metrics] AUC:0.467 F1:0.593 SENS:0.800 SPEC:0.143 | COMPOSITE:0.5662 EMA:-1.4201
[segformer3d | fold 1 | epoch 061] train=0.4406 val_loss=0.4684 auc=0.5119 thr=0.466
  [Metrics] AUC:0.512 F1:0.627 SENS:0.800 SPEC:0.286 | COMPOSITE:0.6077 EMA:-1.4118
[segformer3d | fold 1 | epoch 062] train=0.4160 val_loss=0.4835 auc=0.4810 thr=0.458
  [Metrics] AUC:0.481 F1:0.627 SENS:0.800 SPEC:0.286 | COMPOSITE:0.6000 EMA:-1.4083
[segformer3d | fold 1 | epoch 063] train=0.4605 val_loss=0.4644 auc=0.5071 thr=0.484
  [Metrics] AUC:0.507 F1:0.640 SENS:0.800 SPEC:0.333 | COMPOSITE:0.6168 EMA:-1.4007
[segformer3d | fold 1 | epoch 064] train=0.4340 val_loss=0.4663 auc=0.4500 thr=0.483
  [Metrics] AUC:0.450 F1:0.604 SENS:0.800 SPEC:0.190 | COMPOSITE:0.5720 EMA:-1.4089
[segformer3d | fold 1 | epoch 065] train=0.4246 val_loss=0.4738 auc=0.4333 thr=0.479
  [Metrics] AUC:0.433 F1:0.607 SENS:0.850 SPEC:0.095 | COMPOSITE:0.5719 EMA:-1.4147
[segformer3d | fold 1 | epoch 066] train=0.4242 val_loss=0.4731 auc=0.4881 thr=0.457
  [Metrics] AUC:0.488 F1:0.604 SENS:0.800 SPEC:0.190 | COMPOSITE:0.5815 EMA:-1.4158
[segformer3d | fold 1 | epoch 067] train=0.4700 val_loss=0.4720 auc=0.4857 thr=0.455
  [Metrics] AUC:0.486 F1:0.642 SENS:0.850 SPEC:0.238 | COMPOSITE:0.6150 EMA:-1.4066
[segformer3d | fold 1 | epoch 068] train=0.4203 val_loss=0.4662 auc=0.4976 thr=0.470
  [Metrics] AUC:0.498 F1:0.627 SENS:0.800 SPEC:0.286 | COMPOSITE:0.6041 EMA:-1.4034
[segformer3d | fold 1 | epoch 069] train=0.4552 val_loss=0.4664 auc=0.5071 thr=0.470
  [Metrics] AUC:0.507 F1:0.593 SENS:0.800 SPEC:0.143 | COMPOSITE:0.5764 EMA:-1.4094
[segformer3d | fold 1 | epoch 070] train=0.4308 val_loss=0.4666 auc=0.4786 thr=0.485
  [Metrics] AUC:0.479 F1:0.615 SENS:0.800 SPEC:0.238 | COMPOSITE:0.5892 EMA:-1.4098
  Early stopping @ epoch 70 (best EMA score=-1.3689)
  SWA model finalize ediliyor...
  SWA val COMPOSITE: 0.4747 | Best EMA COMPOSITE: -1.3689
  SWA model kaydedildi (genelleme için tercih edildi, tek-epoch gürültüsüne karşı daha kararlı).

=================================================================
  SegFormer3D Fold 1  |  Threshold: Youden 0.547
=================================================================
  Metrik                Değer                   95% CI
  -------------------------------------------------------
  AUC-ROC               0.471          [0.283 - 0.654]
  AUC-PR                0.521                        -
  Sensitivity           0.350          [0.154 - 0.571]
  Specificity           0.810          [0.636 - 0.955]
  PPV                   0.636          [0.333 - 0.909]
  NPV                   0.567          [0.387 - 0.733]
  Accuracy              0.585          [0.439 - 0.732]
  F1-Score              0.452          [0.222 - 0.650]
  Composite             0.475                        -

  CM: TP=7 FP=4 FN=13 TN=17
  Toplam Hata: 17/41
=================================================================

======================================================================
FOLD 2/5
======================================================================
  [Fold 2] class_counts: NEG=84, POS=80
  [Fold 2] MAE pretrained encoder yüklendi (204 katman).
[segformer3d | fold 2 | epoch 001] train=0.5297 val_loss=0.4740 auc=0.4543 thr=0.463
  [Metrics] AUC:0.454 F1:0.582 SENS:0.800 SPEC:0.174 | COMPOSITE:0.5651 EMA:-1.4349
[segformer3d | fold 2 | epoch 002] train=0.5486 val_loss=0.4828 auc=0.4304 thr=0.437
  [Metrics] AUC:0.430 F1:0.607 SENS:0.850 SPEC:0.174 | COMPOSITE:0.5830 EMA:-1.4295
[segformer3d | fold 2 | epoch 003] train=0.5335 val_loss=0.4566 auc=0.5022 thr=0.480
  [Metrics] AUC:0.502 F1:0.633 SENS:0.950 SPEC:0.087 | COMPOSITE:0.6294 EMA:-1.4118
    ☆ SAVED FALLBACK (SENS=0.950 SPEC=0.087 | comp=0.6294)
[segformer3d | fold 2 | epoch 004] train=0.5783 val_loss=0.4572 auc=0.4674 thr=0.482
  [Metrics] AUC:0.467 F1:0.618 SENS:0.850 SPEC:0.217 | COMPOSITE:0.6015 EMA:-1.4078
    ☆ SAVED FALLBACK (SENS=0.850 SPEC=0.217 | comp=0.6015)
[segformer3d | fold 2 | epoch 005] train=0.4960 val_loss=0.4558 auc=0.4978 thr=0.492
  [Metrics] AUC:0.498 F1:0.604 SENS:0.800 SPEC:0.261 | COMPOSITE:0.5945 EMA:-1.4071
    ☆ SAVED FALLBACK (SENS=0.800 SPEC=0.261 | comp=0.5945)
[segformer3d | fold 2 | epoch 006] train=0.4851 val_loss=0.4586 auc=0.4891 thr=0.464
  [Metrics] AUC:0.489 F1:0.630 SENS:0.850 SPEC:0.261 | COMPOSITE:0.6163 EMA:-1.4001
    ☆ SAVED FALLBACK (SENS=0.850 SPEC=0.261 | comp=0.6163)
[segformer3d | fold 2 | epoch 007] train=0.4841 val_loss=0.4327 auc=0.6022 thr=0.499
  [Metrics] AUC:0.602 F1:0.680 SENS:0.850 SPEC:0.435 | COMPOSITE:0.6833 EMA:-1.3751
    ☆ SAVED FALLBACK (SENS=0.850 SPEC=0.435 | comp=0.6833)
[segformer3d | fold 2 | epoch 008] train=0.4254 val_loss=0.4406 auc=0.5804 thr=0.500
  [Metrics] AUC:0.580 F1:0.615 SENS:0.800 SPEC:0.304 | COMPOSITE:0.6246 EMA:-1.3752
[segformer3d | fold 2 | epoch 009] train=0.4622 val_loss=0.4560 auc=0.6043 thr=0.543
  [Metrics] AUC:0.604 F1:0.667 SENS:0.800 SPEC:0.478 | COMPOSITE:0.6695 EMA:-1.3618
    ☆ SAVED FALLBACK (SENS=0.800 SPEC=0.478 | comp=0.6695)
[segformer3d | fold 2 | epoch 010] train=0.4746 val_loss=0.4428 auc=0.6239 thr=0.523
  [Metrics] AUC:0.624 F1:0.653 SENS:0.800 SPEC:0.435 | COMPOSITE:0.6645 EMA:-1.3539
    ☆ SAVED FALLBACK (SENS=0.800 SPEC=0.435 | comp=0.6645)
[segformer3d | fold 2 | epoch 011] train=0.4474 val_loss=0.4422 auc=0.5848 thr=0.489
  [Metrics] AUC:0.585 F1:0.640 SENS:0.800 SPEC:0.391 | COMPOSITE:0.6449 EMA:-1.3543
[segformer3d | fold 2 | epoch 012] train=0.4437 val_loss=0.4500 auc=0.5913 thr=0.511
  [Metrics] AUC:0.591 F1:0.642 SENS:0.850 SPEC:0.304 | COMPOSITE:0.6514 EMA:-1.3526
    ☆ SAVED FALLBACK (SENS=0.850 SPEC=0.304 | comp=0.6514)
[segformer3d | fold 2 | epoch 013] train=0.4450 val_loss=0.4327 auc=0.6326 thr=0.492
  [Metrics] AUC:0.633 F1:0.667 SENS:0.800 SPEC:0.478 | COMPOSITE:0.6766 EMA:-1.3438
    ☆ SAVED FALLBACK (SENS=0.800 SPEC=0.478 | comp=0.6766)
[segformer3d | fold 2 | epoch 014] train=0.4362 val_loss=0.4390 auc=0.6391 thr=0.516
  [Metrics] AUC:0.639 F1:0.667 SENS:0.800 SPEC:0.478 | COMPOSITE:0.6782 EMA:-1.3372
    ☆ SAVED FALLBACK (SENS=0.800 SPEC=0.478 | comp=0.6782)
[segformer3d | fold 2 | epoch 015] train=0.4200 val_loss=0.4240 auc=0.6065 thr=0.494
  [Metrics] AUC:0.607 F1:0.593 SENS:0.800 SPEC:0.217 | COMPOSITE:0.6124 EMA:-1.3523
[segformer3d | fold 2 | epoch 016] train=0.4684 val_loss=0.4416 auc=0.6152 thr=0.530
  [Metrics] AUC:0.615 F1:0.627 SENS:0.800 SPEC:0.348 | COMPOSITE:0.6428 EMA:-1.3538
[segformer3d | fold 2 | epoch 017] train=0.4590 val_loss=0.4215 auc=0.5870 thr=0.500
  [Metrics] AUC:0.587 F1:0.643 SENS:0.900 SPEC:0.217 | COMPOSITE:0.6551 EMA:-1.3511
[segformer3d | fold 2 | epoch 018] train=0.4425 val_loss=0.4392 auc=0.5978 thr=0.512
  [Metrics] AUC:0.598 F1:0.615 SENS:0.800 SPEC:0.304 | COMPOSITE:0.6290 EMA:-1.3571
[segformer3d | fold 2 | epoch 019] train=0.4541 val_loss=0.4304 auc=0.6087 thr=0.497
  [Metrics] AUC:0.609 F1:0.615 SENS:0.800 SPEC:0.304 | COMPOSITE:0.6317 EMA:-1.3605
[segformer3d | fold 2 | epoch 020] train=0.4761 val_loss=0.4198 auc=0.6217 thr=0.482
  [Metrics] AUC:0.622 F1:0.667 SENS:0.900 SPEC:0.304 | COMPOSITE:0.6828 EMA:-1.3475
[segformer3d | fold 2 | epoch 021] train=0.4191 val_loss=0.4115 auc=0.6000 thr=0.502
  [Metrics] AUC:0.600 F1:0.607 SENS:0.850 SPEC:0.174 | COMPOSITE:0.6254 EMA:-1.3556
[segformer3d | fold 2 | epoch 022] train=0.4479 val_loss=0.4116 auc=0.6413 thr=0.526
  [Metrics] AUC:0.641 F1:0.643 SENS:0.900 SPEC:0.217 | COMPOSITE:0.6686 EMA:-1.3484
[segformer3d | fold 2 | epoch 023] train=0.4417 val_loss=0.4157 auc=0.6217 thr=0.515
  [Metrics] AUC:0.622 F1:0.630 SENS:0.850 SPEC:0.261 | COMPOSITE:0.6495 EMA:-1.3490
[segformer3d | fold 2 | epoch 024] train=0.4352 val_loss=0.4027 auc=0.6630 thr=0.510
  [Metrics] AUC:0.663 F1:0.640 SENS:0.800 SPEC:0.391 | COMPOSITE:0.6645 EMA:-1.3450
[segformer3d | fold 2 | epoch 025] train=0.4346 val_loss=0.4169 auc=0.6109 thr=0.501
  [Metrics] AUC:0.611 F1:0.571 SENS:0.800 SPEC:0.130 | COMPOSITE:0.5951 EMA:-1.3629
[segformer3d | fold 2 | epoch 026] train=0.4443 val_loss=0.4274 auc=0.6283 thr=0.512
  [Metrics] AUC:0.628 F1:0.679 SENS:0.900 SPEC:0.348 | COMPOSITE:0.6941 EMA:-1.3458
[segformer3d | fold 2 | epoch 027] train=0.4609 val_loss=0.4050 auc=0.6130 thr=0.519
  [Metrics] AUC:0.613 F1:0.604 SENS:0.800 SPEC:0.261 | COMPOSITE:0.6233 EMA:-1.3551
[segformer3d | fold 2 | epoch 028] train=0.4472 val_loss=0.4055 auc=0.6565 thr=0.518
  [Metrics] AUC:0.657 F1:0.694 SENS:0.850 SPEC:0.478 | COMPOSITE:0.7068 EMA:-1.3365
    ☆ SAVED FALLBACK (SENS=0.850 SPEC=0.478 | comp=0.7068)
[segformer3d | fold 2 | epoch 029] train=0.4387 val_loss=0.4232 auc=0.6370 thr=0.493
  [Metrics] AUC:0.637 F1:0.706 SENS:0.900 SPEC:0.435 | COMPOSITE:0.7159 EMA:-1.3208
    ☆ SAVED FALLBACK (SENS=0.900 SPEC=0.435 | comp=0.7159)
[segformer3d | fold 2 | epoch 030] train=0.5203 val_loss=0.4344 auc=0.6022 thr=0.523
  [Metrics] AUC:0.602 F1:0.615 SENS:0.800 SPEC:0.304 | COMPOSITE:0.6300 EMA:-1.3355
[segformer3d | fold 2 | epoch 031] train=0.4229 val_loss=0.4093 auc=0.6152 thr=0.494
  [Metrics] AUC:0.615 F1:0.655 SENS:0.900 SPEC:0.261 | COMPOSITE:0.6716 EMA:-1.3334
[segformer3d | fold 2 | epoch 032] train=0.4441 val_loss=0.4120 auc=0.6565 thr=0.512
  [Metrics] AUC:0.657 F1:0.653 SENS:0.800 SPEC:0.435 | COMPOSITE:0.6726 EMA:-1.3316
[segformer3d | fold 2 | epoch 033] train=0.4394 val_loss=0.4083 auc=0.6565 thr=0.517
  [Metrics] AUC:0.657 F1:0.667 SENS:0.800 SPEC:0.478 | COMPOSITE:0.6825 EMA:-1.3274
[segformer3d | fold 2 | epoch 034] train=0.4562 val_loss=0.4216 auc=0.6174 thr=0.533
  [Metrics] AUC:0.617 F1:0.667 SENS:0.850 SPEC:0.391 | COMPOSITE:0.6772 EMA:-1.3260
[segformer3d | fold 2 | epoch 035] train=0.4327 val_loss=0.4136 auc=0.6413 thr=0.502
  [Metrics] AUC:0.641 F1:0.692 SENS:0.900 SPEC:0.391 | COMPOSITE:0.7071 EMA:-1.3161
    ☆ SAVED FALLBACK (SENS=0.900 SPEC=0.391 | comp=0.7071)
[segformer3d | fold 2 | epoch 036] train=0.3932 val_loss=0.4232 auc=0.6174 thr=0.523
  [Metrics] AUC:0.617 F1:0.615 SENS:0.800 SPEC:0.304 | COMPOSITE:0.6338 EMA:-1.3311
[segformer3d | fold 2 | epoch 037] train=0.4423 val_loss=0.4142 auc=0.6196 thr=0.463
  [Metrics] AUC:0.620 F1:0.692 SENS:0.900 SPEC:0.391 | COMPOSITE:0.7017 EMA:-1.3213
[segformer3d | fold 2 | epoch 038] train=0.4487 val_loss=0.4064 auc=0.6500 thr=0.514
  [Metrics] AUC:0.650 F1:0.679 SENS:0.900 SPEC:0.348 | COMPOSITE:0.6995 EMA:-1.3150
    ☆ SAVED FALLBACK (SENS=0.900 SPEC=0.348 | comp=0.6995)
[segformer3d | fold 2 | epoch 039] train=0.4224 val_loss=0.4129 auc=0.6217 thr=0.517
  [Metrics] AUC:0.622 F1:0.654 SENS:0.850 SPEC:0.348 | COMPOSITE:0.6686 EMA:-1.3200
[segformer3d | fold 2 | epoch 040] train=0.4302 val_loss=0.4198 auc=0.6109 thr=0.512
  [Metrics] AUC:0.611 F1:0.667 SENS:0.900 SPEC:0.304 | COMPOSITE:0.6800 EMA:-1.3200
[segformer3d | fold 2 | epoch 041] train=0.4248 val_loss=0.4203 auc=0.6109 thr=0.512
  [Metrics] AUC:0.611 F1:0.640 SENS:0.800 SPEC:0.391 | COMPOSITE:0.6514 EMA:-1.3285
[segformer3d | fold 2 | epoch 042] train=0.4448 val_loss=0.4083 auc=0.6326 thr=0.474
  [Metrics] AUC:0.633 F1:0.691 SENS:0.950 SPEC:0.304 | COMPOSITE:0.7090 EMA:-1.3173
[segformer3d | fold 2 | epoch 043] train=0.4521 val_loss=0.4240 auc=0.6370 thr=0.523
  [Metrics] AUC:0.637 F1:0.653 SENS:0.800 SPEC:0.435 | COMPOSITE:0.6677 EMA:-1.3218
[segformer3d | fold 2 | epoch 044] train=0.4570 val_loss=0.4076 auc=0.6457 thr=0.504
  [Metrics] AUC:0.646 F1:0.667 SENS:0.800 SPEC:0.478 | COMPOSITE:0.6798 EMA:-1.3213
[segformer3d | fold 2 | epoch 045] train=0.4501 val_loss=0.4182 auc=0.6326 thr=0.508
  [Metrics] AUC:0.633 F1:0.667 SENS:0.800 SPEC:0.478 | COMPOSITE:0.6766 EMA:-1.3219
[segformer3d | fold 2 | epoch 046] train=0.4487 val_loss=0.4128 auc=0.6370 thr=0.528
  [Metrics] AUC:0.637 F1:0.680 SENS:0.850 SPEC:0.435 | COMPOSITE:0.6920 EMA:-1.3178
[segformer3d | fold 2 | epoch 047] train=0.4648 val_loss=0.4076 auc=0.6348 thr=0.503
  [Metrics] AUC:0.635 F1:0.680 SENS:0.850 SPEC:0.435 | COMPOSITE:0.6914 EMA:-1.3150
    ☆ SAVED FALLBACK (SENS=0.850 SPEC=0.435 | comp=0.6914)
[segformer3d | fold 2 | epoch 048] train=0.4586 val_loss=0.4179 auc=0.6522 thr=0.479
  [Metrics] AUC:0.652 F1:0.731 SENS:0.950 SPEC:0.435 | COMPOSITE:0.7435 EMA:-1.2975
    ☆ SAVED FALLBACK (SENS=0.950 SPEC=0.435 | comp=0.7435)
[segformer3d | fold 2 | epoch 049] train=0.4500 val_loss=0.4128 auc=0.6435 thr=0.501
  [Metrics] AUC:0.643 F1:0.667 SENS:0.800 SPEC:0.478 | COMPOSITE:0.6793 EMA:-1.3045
[segformer3d | fold 2 | epoch 050] train=0.4330 val_loss=0.4353 auc=0.6196 thr=0.533
  [Metrics] AUC:0.620 F1:0.627 SENS:0.800 SPEC:0.348 | COMPOSITE:0.6439 EMA:-1.3199
[segformer3d | fold 2 | epoch 051] train=0.4196 val_loss=0.4104 auc=0.6457 thr=0.497
  [Metrics] AUC:0.646 F1:0.692 SENS:0.900 SPEC:0.391 | COMPOSITE:0.7082 EMA:-1.3115
[segformer3d | fold 2 | epoch 052] train=0.4498 val_loss=0.4078 auc=0.6348 thr=0.487
  [Metrics] AUC:0.635 F1:0.692 SENS:0.900 SPEC:0.391 | COMPOSITE:0.7055 EMA:-1.3064
[segformer3d | fold 2 | epoch 053] train=0.4472 val_loss=0.4062 auc=0.6370 thr=0.510
  [Metrics] AUC:0.637 F1:0.679 SENS:0.950 SPEC:0.261 | COMPOSITE:0.7005 EMA:-1.3043
[segformer3d | fold 2 | epoch 054] train=0.4445 val_loss=0.3955 auc=0.6652 thr=0.514
  [Metrics] AUC:0.665 F1:0.653 SENS:0.800 SPEC:0.435 | COMPOSITE:0.6748 EMA:-1.3106
[segformer3d | fold 2 | epoch 055] train=0.4304 val_loss=0.3988 auc=0.6609 thr=0.519
  [Metrics] AUC:0.661 F1:0.692 SENS:0.900 SPEC:0.391 | COMPOSITE:0.7120 EMA:-1.3038
[segformer3d | fold 2 | epoch 056] train=0.4406 val_loss=0.4071 auc=0.5891 thr=0.536
  [Metrics] AUC:0.589 F1:0.607 SENS:0.850 SPEC:0.174 | COMPOSITE:0.6227 EMA:-1.3259
[segformer3d | fold 2 | epoch 057] train=0.4130 val_loss=0.4031 auc=0.6152 thr=0.519
  [Metrics] AUC:0.615 F1:0.627 SENS:0.800 SPEC:0.348 | COMPOSITE:0.6428 EMA:-1.3353
[segformer3d | fold 2 | epoch 058] train=0.4237 val_loss=0.4010 auc=0.6087 thr=0.499
  [Metrics] AUC:0.609 F1:0.604 SENS:0.800 SPEC:0.261 | COMPOSITE:0.6222 EMA:-1.3480
[segformer3d | fold 2 | epoch 059] train=0.4425 val_loss=0.3998 auc=0.6435 thr=0.490
  [Metrics] AUC:0.643 F1:0.630 SENS:0.850 SPEC:0.261 | COMPOSITE:0.6549 EMA:-1.3471
[segformer3d | fold 2 | epoch 060] train=0.4175 val_loss=0.3987 auc=0.6391 thr=0.507
  [Metrics] AUC:0.639 F1:0.667 SENS:0.850 SPEC:0.391 | COMPOSITE:0.6826 EMA:-1.3382
[segformer3d | fold 2 | epoch 061] train=0.4759 val_loss=0.4044 auc=0.6565 thr=0.527
  [Metrics] AUC:0.657 F1:0.654 SENS:0.850 SPEC:0.348 | COMPOSITE:0.6773 EMA:-1.3336
[segformer3d | fold 2 | epoch 062] train=0.4251 val_loss=0.3966 auc=0.6609 thr=0.512
  [Metrics] AUC:0.661 F1:0.654 SENS:0.850 SPEC:0.348 | COMPOSITE:0.6784 EMA:-1.3300
[segformer3d | fold 2 | epoch 063] train=0.4373 val_loss=0.4020 auc=0.6348 thr=0.512
  [Metrics] AUC:0.635 F1:0.679 SENS:0.900 SPEC:0.348 | COMPOSITE:0.6957 EMA:-1.3223
[segformer3d | fold 2 | epoch 064] train=0.4487 val_loss=0.4001 auc=0.6130 thr=0.504
  [Metrics] AUC:0.613 F1:0.615 SENS:0.800 SPEC:0.304 | COMPOSITE:0.6328 EMA:-1.3358
[segformer3d | fold 2 | epoch 065] train=0.4416 val_loss=0.4059 auc=0.5804 thr=0.507
  [Metrics] AUC:0.580 F1:0.582 SENS:0.800 SPEC:0.174 | COMPOSITE:0.5967 EMA:-1.3560
[segformer3d | fold 2 | epoch 066] train=0.4201 val_loss=0.4045 auc=0.6283 thr=0.516
  [Metrics] AUC:0.628 F1:0.627 SENS:0.800 SPEC:0.348 | COMPOSITE:0.6461 EMA:-1.3554
[segformer3d | fold 2 | epoch 067] train=0.4248 val_loss=0.4072 auc=0.6109 thr=0.507
  [Metrics] AUC:0.611 F1:0.654 SENS:0.850 SPEC:0.348 | COMPOSITE:0.6659 EMA:-1.3490
[segformer3d | fold 2 | epoch 068] train=0.4524 val_loss=0.3957 auc=0.6783 thr=0.500
  [Metrics] AUC:0.678 F1:0.667 SENS:0.850 SPEC:0.391 | COMPOSITE:0.6924 EMA:-1.3366
[segformer3d | fold 2 | epoch 069] train=0.4281 val_loss=0.3980 auc=0.6217 thr=0.509
  [Metrics] AUC:0.622 F1:0.654 SENS:0.850 SPEC:0.348 | COMPOSITE:0.6686 EMA:-1.3350
[segformer3d | fold 2 | epoch 070] train=0.4346 val_loss=0.3974 auc=0.6500 thr=0.508
  [Metrics] AUC:0.650 F1:0.653 SENS:0.800 SPEC:0.435 | COMPOSITE:0.6710 EMA:-1.3332
[segformer3d | fold 2 | epoch 071] train=0.4393 val_loss=0.3959 auc=0.6435 thr=0.516
  [Metrics] AUC:0.643 F1:0.679 SENS:0.900 SPEC:0.348 | COMPOSITE:0.6979 EMA:-1.3239
[segformer3d | fold 2 | epoch 072] train=0.4045 val_loss=0.3948 auc=0.6370 thr=0.504
  [Metrics] AUC:0.637 F1:0.655 SENS:0.900 SPEC:0.261 | COMPOSITE:0.6770 EMA:-1.3236
[segformer3d | fold 2 | epoch 073] train=0.4232 val_loss=0.3980 auc=0.6543 thr=0.499
  [Metrics] AUC:0.654 F1:0.654 SENS:0.850 SPEC:0.348 | COMPOSITE:0.6767 EMA:-1.3235
  Early stopping @ epoch 73 (best EMA score=-1.2975)
  SWA model finalize ediliyor...
  SWA val COMPOSITE: 0.5803 | Best EMA COMPOSITE: -1.2975
  SWA model kaydedildi (genelleme için tercih edildi, tek-epoch gürültüsüne karşı daha kararlı).

=================================================================
  SegFormer3D Fold 2  |  Threshold: Youden 0.581
=================================================================
  Metrik                Değer                   95% CI
  -------------------------------------------------------
  AUC-ROC               0.650          [0.477 - 0.812]
  AUC-PR                0.672                        -
  Sensitivity           0.450          [0.235 - 0.667]
  Specificity           0.826          [0.652 - 0.960]
  PPV                   0.692          [0.421 - 0.929]
  NPV                   0.633          [0.458 - 0.808]
  Accuracy              0.651          [0.512 - 0.791]
  F1-Score              0.545          [0.320 - 0.727]
  Composite             0.580                        -

  CM: TP=9 FP=4 FN=11 TN=19
  Toplam Hata: 15/43
=================================================================

======================================================================
FOLD 3/5
======================================================================
  [Fold 3] class_counts: NEG=85, POS=80
  [Fold 3] MAE pretrained encoder yüklendi (204 katman).
[segformer3d | fold 3 | epoch 001] train=0.4825 val_loss=0.5044 auc=0.4185 thr=0.393
  [Metrics] AUC:0.419 F1:0.630 SENS:0.895 SPEC:0.143 | COMPOSITE:0.5966 EMA:-1.4034
[segformer3d | fold 3 | epoch 002] train=0.5134 val_loss=0.4820 auc=0.4536 thr=0.417
  [Metrics] AUC:0.454 F1:0.627 SENS:0.842 SPEC:0.238 | COMPOSITE:0.6007 EMA:-1.4021
[segformer3d | fold 3 | epoch 003] train=0.5168 val_loss=0.4898 auc=0.4712 thr=0.396
  [Metrics] AUC:0.471 F1:0.627 SENS:0.842 SPEC:0.238 | COMPOSITE:0.6051 EMA:-1.4000
    ☆ SAVED FALLBACK (SENS=0.842 SPEC=0.238 | comp=0.6051)
[segformer3d | fold 3 | epoch 004] train=0.5222 val_loss=0.4898 auc=0.5038 thr=0.372
  [Metrics] AUC:0.504 F1:0.679 SENS:0.947 SPEC:0.238 | COMPOSITE:0.6630 EMA:-1.3811
    ☆ SAVED FALLBACK (SENS=0.947 SPEC=0.238 | comp=0.6630)
[segformer3d | fold 3 | epoch 005] train=0.4962 val_loss=0.4765 auc=0.5088 thr=0.396
  [Metrics] AUC:0.509 F1:0.654 SENS:0.895 SPEC:0.238 | COMPOSITE:0.6395 EMA:-1.3749
    ☆ SAVED FALLBACK (SENS=0.895 SPEC=0.238 | comp=0.6395)
[segformer3d | fold 3 | epoch 006] train=0.4731 val_loss=0.4986 auc=0.5363 thr=0.342
  [Metrics] AUC:0.536 F1:0.627 SENS:0.842 SPEC:0.238 | COMPOSITE:0.6214 EMA:-1.3760
[segformer3d | fold 3 | epoch 007] train=0.4475 val_loss=0.4914 auc=0.4962 thr=0.391
  [Metrics] AUC:0.496 F1:0.627 SENS:0.842 SPEC:0.238 | COMPOSITE:0.6114 EMA:-1.3798
[segformer3d | fold 3 | epoch 008] train=0.4714 val_loss=0.4662 auc=0.4987 thr=0.426
  [Metrics] AUC:0.499 F1:0.627 SENS:0.842 SPEC:0.238 | COMPOSITE:0.6120 EMA:-1.3823
[segformer3d | fold 3 | epoch 009] train=0.4162 val_loss=0.4747 auc=0.5063 thr=0.408
  [Metrics] AUC:0.506 F1:0.654 SENS:0.895 SPEC:0.238 | COMPOSITE:0.6389 EMA:-1.3759
[segformer3d | fold 3 | epoch 010] train=0.4998 val_loss=0.4793 auc=0.4912 thr=0.417
  [Metrics] AUC:0.491 F1:0.615 SENS:0.842 SPEC:0.190 | COMPOSITE:0.6000 EMA:-1.3831
[segformer3d | fold 3 | epoch 011] train=0.4621 val_loss=0.4824 auc=0.4536 thr=0.418
  [Metrics] AUC:0.454 F1:0.593 SENS:0.842 SPEC:0.095 | COMPOSITE:0.5706 EMA:-1.3970
[segformer3d | fold 3 | epoch 012] train=0.4567 val_loss=0.4480 auc=0.5038 thr=0.445
  [Metrics] AUC:0.504 F1:0.615 SENS:0.842 SPEC:0.190 | COMPOSITE:0.6031 EMA:-1.3970
[segformer3d | fold 3 | epoch 013] train=0.4805 val_loss=0.4486 auc=0.4837 thr=0.429
  [Metrics] AUC:0.484 F1:0.643 SENS:0.947 SPEC:0.095 | COMPOSITE:0.6275 EMA:-1.3896
[segformer3d | fold 3 | epoch 014] train=0.4520 val_loss=0.4606 auc=0.5388 thr=0.417
  [Metrics] AUC:0.539 F1:0.615 SENS:0.842 SPEC:0.190 | COMPOSITE:0.6119 EMA:-1.3892
[segformer3d | fold 3 | epoch 015] train=0.4802 val_loss=0.4600 auc=0.4687 thr=0.459
  [Metrics] AUC:0.469 F1:0.655 SENS:0.947 SPEC:0.143 | COMPOSITE:0.6338 EMA:-1.3823
[segformer3d | fold 3 | epoch 016] train=0.4587 val_loss=0.4329 auc=0.5163 thr=0.452
  [Metrics] AUC:0.516 F1:0.615 SENS:0.842 SPEC:0.190 | COMPOSITE:0.6062 EMA:-1.3857
[segformer3d | fold 3 | epoch 017] train=0.4424 val_loss=0.4505 auc=0.4812 thr=0.471
  [Metrics] AUC:0.481 F1:0.655 SENS:0.947 SPEC:0.143 | COMPOSITE:0.6369 EMA:-1.3789
[segformer3d | fold 3 | epoch 018] train=0.4563 val_loss=0.4531 auc=0.4962 thr=0.438
  [Metrics] AUC:0.496 F1:0.655 SENS:0.947 SPEC:0.143 | COMPOSITE:0.6407 EMA:-1.3730
    ☆ SAVED FALLBACK (SENS=0.947 SPEC=0.143 | comp=0.6407)
[segformer3d | fold 3 | epoch 019] train=0.4569 val_loss=0.4757 auc=0.4937 thr=0.418
  [Metrics] AUC:0.494 F1:0.627 SENS:0.842 SPEC:0.238 | COMPOSITE:0.6107 EMA:-1.3779
[segformer3d | fold 3 | epoch 020] train=0.4622 val_loss=0.4686 auc=0.5063 thr=0.442
  [Metrics] AUC:0.506 F1:0.640 SENS:0.842 SPEC:0.286 | COMPOSITE:0.6242 EMA:-1.3773
[segformer3d | fold 3 | epoch 021] train=0.4660 val_loss=0.4558 auc=0.4837 thr=0.426
  [Metrics] AUC:0.484 F1:0.655 SENS:0.947 SPEC:0.143 | COMPOSITE:0.6376 EMA:-1.3728
    ☆ SAVED FALLBACK (SENS=0.947 SPEC=0.143 | comp=0.6376)
[segformer3d | fold 3 | epoch 022] train=0.4484 val_loss=0.4641 auc=0.5088 thr=0.418
  [Metrics] AUC:0.509 F1:0.679 SENS:1.000 SPEC:0.143 | COMPOSITE:0.6683 EMA:-1.3605
    ☆ SAVED FALLBACK (SENS=1.000 SPEC=0.143 | comp=0.6683)
[segformer3d | fold 3 | epoch 023] train=0.4590 val_loss=0.4849 auc=0.4261 thr=0.414
  [Metrics] AUC:0.426 F1:0.593 SENS:0.842 SPEC:0.095 | COMPOSITE:0.5637 EMA:-1.3832
[segformer3d | fold 3 | epoch 024] train=0.4714 val_loss=0.4793 auc=0.4561 thr=0.413
  [Metrics] AUC:0.456 F1:0.679 SENS:1.000 SPEC:0.143 | COMPOSITE:0.6551 EMA:-1.3717
[segformer3d | fold 3 | epoch 025] train=0.4327 val_loss=0.4514 auc=0.4862 thr=0.463
  [Metrics] AUC:0.486 F1:0.627 SENS:0.842 SPEC:0.238 | COMPOSITE:0.6089 EMA:-1.3776
[segformer3d | fold 3 | epoch 026] train=0.4192 val_loss=0.4682 auc=0.4637 thr=0.431
  [Metrics] AUC:0.464 F1:0.655 SENS:0.947 SPEC:0.143 | COMPOSITE:0.6326 EMA:-1.3745
[segformer3d | fold 3 | epoch 027] train=0.4719 val_loss=0.4975 auc=0.4035 thr=0.384
  [Metrics] AUC:0.404 F1:0.655 SENS:1.000 SPEC:0.048 | COMPOSITE:0.6218 EMA:-1.3756
[segformer3d | fold 3 | epoch 028] train=0.4720 val_loss=0.4885 auc=0.4035 thr=0.413
  [Metrics] AUC:0.404 F1:0.644 SENS:1.000 SPEC:0.000 | COMPOSITE:0.6119 EMA:-1.3794
[segformer3d | fold 3 | epoch 029] train=0.4486 val_loss=0.4908 auc=0.4361 thr=0.417
  [Metrics] AUC:0.436 F1:0.604 SENS:0.842 SPEC:0.143 | COMPOSITE:0.5761 EMA:-1.3927
[segformer3d | fold 3 | epoch 030] train=0.4471 val_loss=0.4855 auc=0.4712 thr=0.424
  [Metrics] AUC:0.471 F1:0.630 SENS:0.895 SPEC:0.143 | COMPOSITE:0.6098 EMA:-1.3920
[segformer3d | fold 3 | epoch 031] train=0.4848 val_loss=0.4951 auc=0.4286 thr=0.431
  [Metrics] AUC:0.429 F1:0.593 SENS:0.842 SPEC:0.095 | COMPOSITE:0.5643 EMA:-1.4051
[segformer3d | fold 3 | epoch 032] train=0.4627 val_loss=0.4845 auc=0.4085 thr=0.437
  [Metrics] AUC:0.409 F1:0.632 SENS:0.947 SPEC:0.048 | COMPOSITE:0.5987 EMA:-1.4039
[segformer3d | fold 3 | epoch 033] train=0.4210 val_loss=0.4705 auc=0.5138 thr=0.422
  [Metrics] AUC:0.514 F1:0.691 SENS:1.000 SPEC:0.190 | COMPOSITE:0.6797 EMA:-1.3788
[segformer3d | fold 3 | epoch 034] train=0.4351 val_loss=0.4784 auc=0.4862 thr=0.460
  [Metrics] AUC:0.486 F1:0.654 SENS:0.895 SPEC:0.238 | COMPOSITE:0.6339 EMA:-1.3750
[segformer3d | fold 3 | epoch 035] train=0.4264 val_loss=0.4549 auc=0.4962 thr=0.443
  [Metrics] AUC:0.496 F1:0.691 SENS:1.000 SPEC:0.190 | COMPOSITE:0.6754 EMA:-1.3599
    ☆ SAVED FALLBACK (SENS=1.000 SPEC=0.190 | comp=0.6754)
[segformer3d | fold 3 | epoch 036] train=0.4387 val_loss=0.4715 auc=0.5238 thr=0.438
  [Metrics] AUC:0.524 F1:0.640 SENS:0.842 SPEC:0.286 | COMPOSITE:0.6285 EMA:-1.3634
[segformer3d | fold 3 | epoch 037] train=0.4299 val_loss=0.4574 auc=0.5614 thr=0.475
  [Metrics] AUC:0.561 F1:0.708 SENS:0.895 SPEC:0.429 | COMPOSITE:0.6949 EMA:-1.3459
    ☆ SAVED FALLBACK (SENS=0.895 SPEC=0.429 | comp=0.6949)
[segformer3d | fold 3 | epoch 038] train=0.4413 val_loss=0.4729 auc=0.5388 thr=0.458
  [Metrics] AUC:0.539 F1:0.706 SENS:0.947 SPEC:0.333 | COMPOSITE:0.6928 EMA:-1.3343
    ☆ SAVED FALLBACK (SENS=0.947 SPEC=0.333 | comp=0.6928)
[segformer3d | fold 3 | epoch 039] train=0.4742 val_loss=0.4802 auc=0.5263 thr=0.428
  [Metrics] AUC:0.526 F1:0.692 SENS:0.947 SPEC:0.286 | COMPOSITE:0.6791 EMA:-1.3303
    ☆ SAVED FALLBACK (SENS=0.947 SPEC=0.286 | comp=0.6791)
[segformer3d | fold 3 | epoch 040] train=0.4413 val_loss=0.4621 auc=0.5414 thr=0.466
  [Metrics] AUC:0.541 F1:0.692 SENS:0.947 SPEC:0.286 | COMPOSITE:0.6829 EMA:-1.3263
    ☆ SAVED FALLBACK (SENS=0.947 SPEC=0.286 | comp=0.6829)
[segformer3d | fold 3 | epoch 041] train=0.4211 val_loss=0.4836 auc=0.5689 thr=0.441
  [Metrics] AUC:0.569 F1:0.708 SENS:0.895 SPEC:0.429 | COMPOSITE:0.6968 EMA:-1.3194
    ☆ SAVED FALLBACK (SENS=0.895 SPEC=0.429 | comp=0.6968)
[segformer3d | fold 3 | epoch 042] train=0.4527 val_loss=0.4642 auc=0.5489 thr=0.439
  [Metrics] AUC:0.549 F1:0.680 SENS:0.895 SPEC:0.333 | COMPOSITE:0.6704 EMA:-1.3225
[segformer3d | fold 3 | epoch 043] train=0.4255 val_loss=0.4605 auc=0.5764 thr=0.429
  [Metrics] AUC:0.576 F1:0.681 SENS:0.842 SPEC:0.429 | COMPOSITE:0.6733 EMA:-1.3237
[segformer3d | fold 3 | epoch 044] train=0.4541 val_loss=0.4634 auc=0.5489 thr=0.443
  [Metrics] AUC:0.549 F1:0.667 SENS:0.842 SPEC:0.381 | COMPOSITE:0.6558 EMA:-1.3299
[segformer3d | fold 3 | epoch 045] train=0.4717 val_loss=0.4922 auc=0.5338 thr=0.448
  [Metrics] AUC:0.534 F1:0.653 SENS:0.842 SPEC:0.333 | COMPOSITE:0.6415 EMA:-1.3385
[segformer3d | fold 3 | epoch 046] train=0.4775 val_loss=0.4801 auc=0.4762 thr=0.429
  [Metrics] AUC:0.476 F1:0.654 SENS:0.895 SPEC:0.238 | COMPOSITE:0.6314 EMA:-1.3475
[segformer3d | fold 3 | epoch 047] train=0.4614 val_loss=0.4688 auc=0.4762 thr=0.448
  [Metrics] AUC:0.476 F1:0.642 SENS:0.895 SPEC:0.190 | COMPOSITE:0.6212 EMA:-1.3569
[segformer3d | fold 3 | epoch 048] train=0.4449 val_loss=0.4559 auc=0.4912 thr=0.450
  [Metrics] AUC:0.491 F1:0.667 SENS:0.947 SPEC:0.190 | COMPOSITE:0.6496 EMA:-1.3550
[segformer3d | fold 3 | epoch 049] train=0.4547 val_loss=0.4800 auc=0.4862 thr=0.456
  [Metrics] AUC:0.486 F1:0.627 SENS:0.842 SPEC:0.238 | COMPOSITE:0.6089 EMA:-1.3658
[segformer3d | fold 3 | epoch 050] train=0.4253 val_loss=0.4725 auc=0.4887 thr=0.444
  [Metrics] AUC:0.489 F1:0.627 SENS:0.842 SPEC:0.238 | COMPOSITE:0.6095 EMA:-1.3732
[segformer3d | fold 3 | epoch 051] train=0.4663 val_loss=0.5092 auc=0.4737 thr=0.436
  [Metrics] AUC:0.474 F1:0.615 SENS:0.842 SPEC:0.190 | COMPOSITE:0.5956 EMA:-1.3826
[segformer3d | fold 3 | epoch 052] train=0.4495 val_loss=0.4913 auc=0.4336 thr=0.446
  [Metrics] AUC:0.434 F1:0.604 SENS:0.842 SPEC:0.143 | COMPOSITE:0.5755 EMA:-1.3952
[segformer3d | fold 3 | epoch 053] train=0.4427 val_loss=0.4911 auc=0.4612 thr=0.432
  [Metrics] AUC:0.461 F1:0.654 SENS:0.895 SPEC:0.238 | COMPOSITE:0.6276 EMA:-1.3883
[segformer3d | fold 3 | epoch 054] train=0.4399 val_loss=0.4810 auc=0.4411 thr=0.452
  [Metrics] AUC:0.441 F1:0.630 SENS:0.895 SPEC:0.143 | COMPOSITE:0.6023 EMA:-1.3911
[segformer3d | fold 3 | epoch 055] train=0.4078 val_loss=0.4934 auc=0.4561 thr=0.419
  [Metrics] AUC:0.456 F1:0.615 SENS:0.842 SPEC:0.190 | COMPOSITE:0.5912 EMA:-1.3964
[segformer3d | fold 3 | epoch 056] train=0.4206 val_loss=0.4896 auc=0.4511 thr=0.411
  [Metrics] AUC:0.451 F1:0.655 SENS:1.000 SPEC:0.048 | COMPOSITE:0.6337 EMA:-1.3874
[segformer3d | fold 3 | epoch 057] train=0.4366 val_loss=0.4792 auc=0.4937 thr=0.435
  [Metrics] AUC:0.494 F1:0.627 SENS:0.842 SPEC:0.238 | COMPOSITE:0.6107 EMA:-1.3880
[segformer3d | fold 3 | epoch 058] train=0.4361 val_loss=0.4968 auc=0.4561 thr=0.422
  [Metrics] AUC:0.456 F1:0.615 SENS:0.842 SPEC:0.190 | COMPOSITE:0.5912 EMA:-1.3942
[segformer3d | fold 3 | epoch 059] train=0.4449 val_loss=0.4969 auc=0.4812 thr=0.473
  [Metrics] AUC:0.481 F1:0.654 SENS:0.895 SPEC:0.238 | COMPOSITE:0.6326 EMA:-1.3862
[segformer3d | fold 3 | epoch 060] train=0.4267 val_loss=0.5038 auc=0.4211 thr=0.446
  [Metrics] AUC:0.421 F1:0.643 SENS:0.947 SPEC:0.095 | COMPOSITE:0.6118 EMA:-1.3868
[segformer3d | fold 3 | epoch 061] train=0.4355 val_loss=0.4782 auc=0.4762 thr=0.451
  [Metrics] AUC:0.476 F1:0.627 SENS:0.842 SPEC:0.238 | COMPOSITE:0.6064 EMA:-1.3888
[segformer3d | fold 3 | epoch 062] train=0.4722 val_loss=0.4926 auc=0.4612 thr=0.445
  [Metrics] AUC:0.461 F1:0.630 SENS:0.895 SPEC:0.143 | COMPOSITE:0.6073 EMA:-1.3900
[segformer3d | fold 3 | epoch 063] train=0.4568 val_loss=0.4755 auc=0.5113 thr=0.446
  [Metrics] AUC:0.511 F1:0.640 SENS:0.842 SPEC:0.286 | COMPOSITE:0.6254 EMA:-1.3854
[segformer3d | fold 3 | epoch 064] train=0.4119 val_loss=0.5285 auc=0.4135 thr=0.403
  [Metrics] AUC:0.414 F1:0.632 SENS:0.947 SPEC:0.048 | COMPOSITE:0.6000 EMA:-1.3898
[segformer3d | fold 3 | epoch 065] train=0.4086 val_loss=0.5195 auc=0.4386 thr=0.418
  [Metrics] AUC:0.439 F1:0.615 SENS:0.842 SPEC:0.190 | COMPOSITE:0.5868 EMA:-1.3968
[segformer3d | fold 3 | epoch 066] train=0.4196 val_loss=0.4913 auc=0.4637 thr=0.437
  [Metrics] AUC:0.464 F1:0.642 SENS:0.895 SPEC:0.190 | COMPOSITE:0.6180 EMA:-1.3923
[segformer3d | fold 3 | epoch 067] train=0.4429 val_loss=0.4651 auc=0.5439 thr=0.444
  [Metrics] AUC:0.544 F1:0.694 SENS:0.895 SPEC:0.381 | COMPOSITE:0.6797 EMA:-1.3707
[segformer3d | fold 3 | epoch 068] train=0.4353 val_loss=0.4866 auc=0.5113 thr=0.440
  [Metrics] AUC:0.511 F1:0.654 SENS:0.895 SPEC:0.238 | COMPOSITE:0.6402 EMA:-1.3675
[segformer3d | fold 3 | epoch 069] train=0.4275 val_loss=0.4811 auc=0.5113 thr=0.429
  [Metrics] AUC:0.511 F1:0.692 SENS:0.947 SPEC:0.286 | COMPOSITE:0.6753 EMA:-1.3546
[segformer3d | fold 3 | epoch 070] train=0.4312 val_loss=0.5145 auc=0.4135 thr=0.440
  [Metrics] AUC:0.414 F1:0.643 SENS:0.947 SPEC:0.095 | COMPOSITE:0.6100 EMA:-1.3652
  Early stopping @ epoch 70 (best EMA score=-1.3194)
  SWA model finalize ediliyor...
  SWA val COMPOSITE: 0.4563 | Best EMA COMPOSITE: -1.3194
  SWA model kaydedildi (genelleme için tercih edildi, tek-epoch gürültüsüne karşı daha kararlı).

=================================================================
  SegFormer3D Fold 3  |  Threshold: Youden 0.562
=================================================================
  Metrik                Değer                   95% CI
  -------------------------------------------------------
  AUC-ROC               0.484          [0.300 - 0.662]
  AUC-PR                0.500                        -
  Sensitivity           0.316          [0.105 - 0.542]
  Specificity           0.810          [0.619 - 0.957]
  PPV                   0.600          [0.250 - 0.900]
  NPV                   0.567          [0.379 - 0.741]
  Accuracy              0.575          [0.425 - 0.725]
  F1-Score              0.414          [0.154 - 0.625]
  Composite             0.456                        -

  CM: TP=6 FP=4 FN=13 TN=17
  Toplam Hata: 17/40
=================================================================

======================================================================
FOLD 4/5
======================================================================
  [Fold 4] class_counts: NEG=86, POS=79
  [Fold 4] MAE pretrained encoder yüklendi (204 katman).
[segformer3d | fold 4 | epoch 001] train=0.4914 val_loss=0.4027 auc=0.7234 thr=0.504
  [Metrics] AUC:0.723 F1:0.776 SENS:0.905 SPEC:0.571 | COMPOSITE:0.7771 EMA:0.7771
[segformer3d | fold 4 | epoch 002] train=0.4589 val_loss=0.4203 auc=0.7120 thr=0.478
  [Metrics] AUC:0.712 F1:0.708 SENS:0.810 SPEC:0.524 | COMPOSITE:0.7170 EMA:0.7591
[segformer3d | fold 4 | epoch 003] train=0.5411 val_loss=0.4215 auc=0.6508 thr=0.508
  [Metrics] AUC:0.651 F1:0.694 SENS:0.810 SPEC:0.476 | COMPOSITE:0.6909 EMA:0.1386
    ☆ SAVED FALLBACK (SENS=0.810 SPEC=0.476 | comp=0.6909)
[segformer3d | fold 4 | epoch 004] train=0.4929 val_loss=0.4132 auc=0.7120 thr=0.493
  [Metrics] AUC:0.712 F1:0.708 SENS:0.810 SPEC:0.524 | COMPOSITE:0.7170 EMA:0.3121
    ★ SAVED DUAL-PASS (SENS=0.810≥0.8 SPEC=0.524≥0.5 | comp=0.7170)
[segformer3d | fold 4 | epoch 005] train=0.4730 val_loss=0.3990 auc=0.7370 thr=0.517
  [Metrics] AUC:0.737 F1:0.739 SENS:0.810 SPEC:0.619 | COMPOSITE:0.7452 EMA:0.4421
    ★ SAVED DUAL-PASS (SENS=0.810≥0.8 SPEC=0.619≥0.5 | comp=0.7452)
[segformer3d | fold 4 | epoch 006] train=0.4595 val_loss=0.3931 auc=0.7755 thr=0.501
  [Metrics] AUC:0.776 F1:0.776 SENS:0.905 SPEC:0.571 | COMPOSITE:0.7901 EMA:0.5465
    ★ SAVED DUAL-PASS (SENS=0.905≥0.8 SPEC=0.571≥0.5 | comp=0.7901)
[segformer3d | fold 4 | epoch 007] train=0.4694 val_loss=0.3926 auc=0.7506 thr=0.512
  [Metrics] AUC:0.751 F1:0.708 SENS:0.810 SPEC:0.524 | COMPOSITE:0.7266 EMA:0.6005
    ★ SAVED DUAL-PASS (SENS=0.810≥0.8 SPEC=0.524≥0.5 | comp=0.7266)
[segformer3d | fold 4 | epoch 008] train=0.4786 val_loss=0.4164 auc=0.7347 thr=0.486
  [Metrics] AUC:0.735 F1:0.735 SENS:0.857 SPEC:0.524 | COMPOSITE:0.7459 EMA:0.6441
    ★ SAVED DUAL-PASS (SENS=0.857≥0.8 SPEC=0.524≥0.5 | comp=0.7459)
[segformer3d | fold 4 | epoch 009] train=0.4598 val_loss=0.4343 auc=0.7188 thr=0.456
  [Metrics] AUC:0.719 F1:0.735 SENS:0.857 SPEC:0.524 | COMPOSITE:0.7420 EMA:0.6735
    ★ SAVED DUAL-PASS (SENS=0.857≥0.8 SPEC=0.524≥0.5 | comp=0.7420)
[segformer3d | fold 4 | epoch 010] train=0.4766 val_loss=0.4333 auc=0.7075 thr=0.469
  [Metrics] AUC:0.707 F1:0.735 SENS:0.857 SPEC:0.524 | COMPOSITE:0.7391 EMA:0.6932
    ★ SAVED DUAL-PASS (SENS=0.857≥0.8 SPEC=0.524≥0.5 | comp=0.7391)
[segformer3d | fold 4 | epoch 011] train=0.4403 val_loss=0.4224 auc=0.6984 thr=0.487
  [Metrics] AUC:0.698 F1:0.680 SENS:0.810 SPEC:0.429 | COMPOSITE:0.6922 EMA:0.0929
[segformer3d | fold 4 | epoch 012] train=0.4569 val_loss=0.3941 auc=0.7188 thr=0.519
  [Metrics] AUC:0.719 F1:0.680 SENS:0.810 SPEC:0.429 | COMPOSITE:0.6973 EMA:-0.3258
[segformer3d | fold 4 | epoch 013] train=0.4570 val_loss=0.4394 auc=0.6984 thr=0.472
  [Metrics] AUC:0.698 F1:0.723 SENS:0.810 SPEC:0.571 | COMPOSITE:0.7245 EMA:-0.0107
[segformer3d | fold 4 | epoch 014] train=0.4715 val_loss=0.4114 auc=0.7551 thr=0.528
  [Metrics] AUC:0.755 F1:0.766 SENS:0.857 SPEC:0.619 | COMPOSITE:0.7731 EMA:0.2244
[segformer3d | fold 4 | epoch 015] train=0.4666 val_loss=0.4159 auc=0.7347 thr=0.514
  [Metrics] AUC:0.735 F1:0.735 SENS:0.857 SPEC:0.524 | COMPOSITE:0.7459 EMA:0.3809
[segformer3d | fold 4 | epoch 016] train=0.4486 val_loss=0.4241 auc=0.7029 thr=0.495
  [Metrics] AUC:0.703 F1:0.694 SENS:0.810 SPEC:0.476 | COMPOSITE:0.7040 EMA:-0.1222
[segformer3d | fold 4 | epoch 017] train=0.4695 val_loss=0.4338 auc=0.7460 thr=0.481
  [Metrics] AUC:0.746 F1:0.735 SENS:0.857 SPEC:0.524 | COMPOSITE:0.7488 EMA:0.1391
[segformer3d | fold 4 | epoch 018] train=0.4709 val_loss=0.4172 auc=0.7120 thr=0.517
  [Metrics] AUC:0.712 F1:0.745 SENS:0.905 SPEC:0.476 | COMPOSITE:0.7524 EMA:-0.2769
[segformer3d | fold 4 | epoch 019] train=0.4605 val_loss=0.4229 auc=0.7007 thr=0.523
  [Metrics] AUC:0.701 F1:0.680 SENS:0.810 SPEC:0.429 | COMPOSITE:0.6928 EMA:-0.5860
[segformer3d | fold 4 | epoch 020] train=0.4583 val_loss=0.4204 auc=0.6689 thr=0.506
  [Metrics] AUC:0.669 F1:0.731 SENS:0.905 SPEC:0.429 | COMPOSITE:0.7309 EMA:-0.7909
[segformer3d | fold 4 | epoch 021] train=0.4631 val_loss=0.3977 auc=0.7778 thr=0.481
  [Metrics] AUC:0.778 F1:0.776 SENS:0.905 SPEC:0.571 | COMPOSITE:0.7907 EMA:-0.3164
[segformer3d | fold 4 | epoch 022] train=0.4811 val_loss=0.3827 auc=0.8027 thr=0.531
  [Metrics] AUC:0.803 F1:0.708 SENS:0.810 SPEC:0.524 | COMPOSITE:0.7397 EMA:0.0004
[segformer3d | fold 4 | epoch 023] train=0.4701 val_loss=0.4027 auc=0.7823 thr=0.553
  [Metrics] AUC:0.782 F1:0.723 SENS:0.810 SPEC:0.571 | COMPOSITE:0.7455 EMA:0.2239
[segformer3d | fold 4 | epoch 024] train=0.4558 val_loss=0.4092 auc=0.7596 thr=0.499
  [Metrics] AUC:0.760 F1:0.769 SENS:0.952 SPEC:0.476 | COMPOSITE:0.7870 EMA:-0.2072
[segformer3d | fold 4 | epoch 025] train=0.4489 val_loss=0.4071 auc=0.7755 thr=0.526
  [Metrics] AUC:0.776 F1:0.708 SENS:0.810 SPEC:0.524 | COMPOSITE:0.7329 EMA:0.0748
[segformer3d | fold 4 | epoch 026] train=0.4316 val_loss=0.4158 auc=0.7528 thr=0.483
  [Metrics] AUC:0.753 F1:0.808 SENS:1.000 SPEC:0.524 | COMPOSITE:0.8187 EMA:0.2980
[segformer3d | fold 4 | epoch 027] train=0.4365 val_loss=0.3955 auc=0.7483 thr=0.546
  [Metrics] AUC:0.748 F1:0.708 SENS:0.810 SPEC:0.524 | COMPOSITE:0.7261 EMA:0.4264
[segformer3d | fold 4 | epoch 028] train=0.4770 val_loss=0.4041 auc=0.7370 thr=0.504
  [Metrics] AUC:0.737 F1:0.720 SENS:0.857 SPEC:0.476 | COMPOSITE:0.7357 EMA:-0.0808
[segformer3d | fold 4 | epoch 029] train=0.4608 val_loss=0.4181 auc=0.6667 thr=0.500
  [Metrics] AUC:0.667 F1:0.643 SENS:0.857 SPEC:0.190 | COMPOSITE:0.6560 EMA:-0.4598
[segformer3d | fold 4 | epoch 030] train=0.4567 val_loss=0.4367 auc=0.5941 thr=0.516
  [Metrics] AUC:0.594 F1:0.630 SENS:0.810 SPEC:0.238 | COMPOSITE:0.6250 EMA:-0.7344
[segformer3d | fold 4 | epoch 031] train=0.4532 val_loss=0.4276 auc=0.6735 thr=0.549
  [Metrics] AUC:0.673 F1:0.750 SENS:0.857 SPEC:0.571 | COMPOSITE:0.7416 EMA:-0.2916
[segformer3d | fold 4 | epoch 032] train=0.4828 val_loss=0.4333 auc=0.6236 thr=0.515
  [Metrics] AUC:0.624 F1:0.667 SENS:0.810 SPEC:0.381 | COMPOSITE:0.6630 EMA:-0.6052
[segformer3d | fold 4 | epoch 033] train=0.4707 val_loss=0.4531 auc=0.6304 thr=0.487
  [Metrics] AUC:0.630 F1:0.596 SENS:0.810 SPEC:0.095 | COMPOSITE:0.6043 EMA:-0.8423
[segformer3d | fold 4 | epoch 034] train=0.4645 val_loss=0.4334 auc=0.5850 thr=0.510
  [Metrics] AUC:0.585 F1:0.654 SENS:0.810 SPEC:0.333 | COMPOSITE:0.6431 EMA:-0.9967
[segformer3d | fold 4 | epoch 035] train=0.4666 val_loss=0.4420 auc=0.5986 thr=0.523
  [Metrics] AUC:0.599 F1:0.654 SENS:0.810 SPEC:0.333 | COMPOSITE:0.6465 EMA:-1.1038
[segformer3d | fold 4 | epoch 036] train=0.4436 val_loss=0.4464 auc=0.5760 thr=0.479
  [Metrics] AUC:0.576 F1:0.655 SENS:0.857 SPEC:0.238 | COMPOSITE:0.6433 EMA:-1.1796
[segformer3d | fold 4 | epoch 037] train=0.4348 val_loss=0.4219 auc=0.6395 thr=0.501
  [Metrics] AUC:0.639 F1:0.714 SENS:0.952 SPEC:0.286 | COMPOSITE:0.7146 EMA:-1.2114
[segformer3d | fold 4 | epoch 038] train=0.4461 val_loss=0.4188 auc=0.6984 thr=0.530
  [Metrics] AUC:0.698 F1:0.694 SENS:0.810 SPEC:0.476 | COMPOSITE:0.7028 EMA:-1.2371
[segformer3d | fold 4 | epoch 039] train=0.4404 val_loss=0.4152 auc=0.6621 thr=0.512
  [Metrics] AUC:0.662 F1:0.692 SENS:0.857 SPEC:0.381 | COMPOSITE:0.6958 EMA:-1.2572
[segformer3d | fold 4 | epoch 040] train=0.4298 val_loss=0.4129 auc=0.6984 thr=0.519
  [Metrics] AUC:0.698 F1:0.694 SENS:0.810 SPEC:0.476 | COMPOSITE:0.7028 EMA:-1.2692
[segformer3d | fold 4 | epoch 041] train=0.4570 val_loss=0.4128 auc=0.7188 thr=0.540
  [Metrics] AUC:0.719 F1:0.731 SENS:0.905 SPEC:0.429 | COMPOSITE:0.7433 EMA:-1.2654
[segformer3d | fold 4 | epoch 042] train=0.4647 val_loss=0.4240 auc=0.6599 thr=0.502
  [Metrics] AUC:0.660 F1:0.667 SENS:0.857 SPEC:0.286 | COMPOSITE:0.6745 EMA:-1.2835
[segformer3d | fold 4 | epoch 043] train=0.4615 val_loss=0.3948 auc=0.7823 thr=0.511
  [Metrics] AUC:0.782 F1:0.808 SENS:1.000 SPEC:0.524 | COMPOSITE:0.8261 EMA:-0.6506
[segformer3d | fold 4 | epoch 044] train=0.4457 val_loss=0.3978 auc=0.8005 thr=0.531
  [Metrics] AUC:0.800 F1:0.809 SENS:0.905 SPEC:0.667 | COMPOSITE:0.8189 EMA:-0.2098
[segformer3d | fold 4 | epoch 045] train=0.4330 val_loss=0.4055 auc=0.7619 thr=0.510
  [Metrics] AUC:0.762 F1:0.800 SENS:0.952 SPEC:0.571 | COMPOSITE:0.8095 EMA:0.0960
[segformer3d | fold 4 | epoch 046] train=0.4297 val_loss=0.4145 auc=0.7188 thr=0.508
  [Metrics] AUC:0.719 F1:0.760 SENS:0.905 SPEC:0.524 | COMPOSITE:0.7649 EMA:0.2967
[segformer3d | fold 4 | epoch 047] train=0.4418 val_loss=0.4078 auc=0.7732 thr=0.521
  [Metrics] AUC:0.773 F1:0.808 SENS:1.000 SPEC:0.524 | COMPOSITE:0.8238 EMA:0.4548
[segformer3d | fold 4 | epoch 048] train=0.4447 val_loss=0.3948 auc=0.7914 thr=0.536
  [Metrics] AUC:0.791 F1:0.833 SENS:0.952 SPEC:0.667 | COMPOSITE:0.8395 EMA:0.5702
[segformer3d | fold 4 | epoch 049] train=0.4587 val_loss=0.4009 auc=0.7937 thr=0.518
  [Metrics] AUC:0.794 F1:0.816 SENS:0.952 SPEC:0.619 | COMPOSITE:0.8287 EMA:0.6478
[segformer3d | fold 4 | epoch 050] train=0.4804 val_loss=0.4144 auc=0.7392 thr=0.516
  [Metrics] AUC:0.739 F1:0.760 SENS:0.905 SPEC:0.524 | COMPOSITE:0.7700 EMA:0.6845
[segformer3d | fold 4 | epoch 051] train=0.4558 val_loss=0.4015 auc=0.7370 thr=0.531
  [Metrics] AUC:0.737 F1:0.723 SENS:0.810 SPEC:0.571 | COMPOSITE:0.7341 EMA:0.6994
    ★ SAVED DUAL-PASS (SENS=0.810≥0.8 SPEC=0.571≥0.5 | comp=0.7341)
[segformer3d | fold 4 | epoch 052] train=0.4348 val_loss=0.3980 auc=0.7937 thr=0.531
  [Metrics] AUC:0.794 F1:0.809 SENS:0.905 SPEC:0.667 | COMPOSITE:0.8172 EMA:0.7347
    ★ SAVED DUAL-PASS (SENS=0.905≥0.8 SPEC=0.667≥0.5 | comp=0.8172)
[segformer3d | fold 4 | epoch 053] train=0.4585 val_loss=0.3974 auc=0.7642 thr=0.552
  [Metrics] AUC:0.764 F1:0.784 SENS:0.952 SPEC:0.524 | COMPOSITE:0.7990 EMA:0.7540
    ★ SAVED DUAL-PASS (SENS=0.952≥0.8 SPEC=0.524≥0.5 | comp=0.7990)
[segformer3d | fold 4 | epoch 054] train=0.4515 val_loss=0.3791 auc=0.8095 thr=0.518
  [Metrics] AUC:0.810 F1:0.808 SENS:1.000 SPEC:0.524 | COMPOSITE:0.8329 EMA:0.7777
    ★ SAVED DUAL-PASS (SENS=1.000≥0.8 SPEC=0.524≥0.5 | comp=0.8329)
[segformer3d | fold 4 | epoch 055] train=0.4507 val_loss=0.4139 auc=0.7143 thr=0.528
  [Metrics] AUC:0.714 F1:0.720 SENS:0.857 SPEC:0.476 | COMPOSITE:0.7300 EMA:0.1634
[segformer3d | fold 4 | epoch 056] train=0.4603 val_loss=0.4081 auc=0.7483 thr=0.547
  [Metrics] AUC:0.748 F1:0.756 SENS:0.810 SPEC:0.667 | COMPOSITE:0.7593 EMA:0.3421
[segformer3d | fold 4 | epoch 057] train=0.4457 val_loss=0.4018 auc=0.7846 thr=0.517
  [Metrics] AUC:0.785 F1:0.784 SENS:0.952 SPEC:0.524 | COMPOSITE:0.8041 EMA:0.4807
[segformer3d | fold 4 | epoch 058] train=0.4520 val_loss=0.4059 auc=0.7438 thr=0.540
  [Metrics] AUC:0.744 F1:0.694 SENS:0.810 SPEC:0.476 | COMPOSITE:0.7142 EMA:-0.0492
[segformer3d | fold 4 | epoch 059] train=0.4387 val_loss=0.4027 auc=0.7596 thr=0.532
  [Metrics] AUC:0.760 F1:0.739 SENS:0.810 SPEC:0.619 | COMPOSITE:0.7509 EMA:0.1908
[segformer3d | fold 4 | epoch 060] train=0.4402 val_loss=0.4004 auc=0.7778 thr=0.512
  [Metrics] AUC:0.778 F1:0.800 SENS:0.952 SPEC:0.571 | COMPOSITE:0.8135 EMA:0.3776
[segformer3d | fold 4 | epoch 061] train=0.4435 val_loss=0.4022 auc=0.7528 thr=0.513
  [Metrics] AUC:0.753 F1:0.750 SENS:0.857 SPEC:0.571 | COMPOSITE:0.7614 EMA:0.4928
[segformer3d | fold 4 | epoch 062] train=0.4451 val_loss=0.4031 auc=0.7528 thr=0.482
  [Metrics] AUC:0.753 F1:0.808 SENS:1.000 SPEC:0.524 | COMPOSITE:0.8187 EMA:0.5905
[segformer3d | fold 4 | epoch 063] train=0.4401 val_loss=0.4047 auc=0.7370 thr=0.483
  [Metrics] AUC:0.737 F1:0.760 SENS:0.905 SPEC:0.524 | COMPOSITE:0.7695 EMA:0.6442
[segformer3d | fold 4 | epoch 064] train=0.4291 val_loss=0.4073 auc=0.7370 thr=0.502
  [Metrics] AUC:0.737 F1:0.708 SENS:0.810 SPEC:0.524 | COMPOSITE:0.7232 EMA:0.6679
[segformer3d | fold 4 | epoch 065] train=0.4646 val_loss=0.3984 auc=0.7483 thr=0.508
  [Metrics] AUC:0.748 F1:0.750 SENS:0.857 SPEC:0.571 | COMPOSITE:0.7603 EMA:0.6956
[segformer3d | fold 4 | epoch 066] train=0.4636 val_loss=0.3797 auc=0.7891 thr=0.504
  [Metrics] AUC:0.789 F1:0.766 SENS:0.857 SPEC:0.619 | COMPOSITE:0.7816 EMA:0.7214
[segformer3d | fold 4 | epoch 067] train=0.4389 val_loss=0.3882 auc=0.7846 thr=0.524
  [Metrics] AUC:0.785 F1:0.756 SENS:0.810 SPEC:0.667 | COMPOSITE:0.7684 EMA:0.7355
[segformer3d | fold 4 | epoch 068] train=0.4597 val_loss=0.3857 auc=0.7687 thr=0.506
  [Metrics] AUC:0.769 F1:0.784 SENS:0.952 SPEC:0.524 | COMPOSITE:0.8002 EMA:0.7549
[segformer3d | fold 4 | epoch 069] train=0.4361 val_loss=0.3879 auc=0.7891 thr=0.495
  [Metrics] AUC:0.789 F1:0.784 SENS:0.952 SPEC:0.524 | COMPOSITE:0.8053 EMA:0.7700
[segformer3d | fold 4 | epoch 070] train=0.4404 val_loss=0.3822 auc=0.7937 thr=0.512
  [Metrics] AUC:0.794 F1:0.800 SENS:0.857 SPEC:0.714 | COMPOSITE:0.8056 EMA:0.7807
    ★ SAVED DUAL-PASS (SENS=0.857≥0.8 SPEC=0.714≥0.5 | comp=0.8056)
[segformer3d | fold 4 | epoch 071] train=0.4507 val_loss=0.3857 auc=0.7937 thr=0.512
  [Metrics] AUC:0.794 F1:0.784 SENS:0.952 SPEC:0.524 | COMPOSITE:0.8064 EMA:0.7884
    ★ SAVED DUAL-PASS (SENS=0.952≥0.8 SPEC=0.524≥0.5 | comp=0.8064)
[segformer3d | fold 4 | epoch 072] train=0.4492 val_loss=0.3881 auc=0.8050 thr=0.532
  [Metrics] AUC:0.805 F1:0.791 SENS:0.810 SPEC:0.762 | COMPOSITE:0.7965 EMA:0.7908
    ★ SAVED DUAL-PASS (SENS=0.810≥0.8 SPEC=0.762≥0.5 | comp=0.7965)
[segformer3d | fold 4 | epoch 073] train=0.4644 val_loss=0.3956 auc=0.7891 thr=0.507
  [Metrics] AUC:0.789 F1:0.792 SENS:0.905 SPEC:0.619 | COMPOSITE:0.8047 EMA:0.7950
    ★ SAVED DUAL-PASS (SENS=0.905≥0.8 SPEC=0.619≥0.5 | comp=0.8047)
[segformer3d | fold 4 | epoch 074] train=0.4286 val_loss=0.3906 auc=0.7868 thr=0.504
  [Metrics] AUC:0.787 F1:0.776 SENS:0.905 SPEC:0.571 | COMPOSITE:0.7930 EMA:0.7944
[segformer3d | fold 4 | epoch 075] train=0.4477 val_loss=0.3905 auc=0.8027 thr=0.517
  [Metrics] AUC:0.803 F1:0.816 SENS:0.952 SPEC:0.619 | COMPOSITE:0.8310 EMA:0.8054
    ★ SAVED DUAL-PASS (SENS=0.952≥0.8 SPEC=0.619≥0.5 | comp=0.8310)
[segformer3d | fold 4 | epoch 076] train=0.4377 val_loss=0.3892 auc=0.7619 thr=0.513
  [Metrics] AUC:0.762 F1:0.735 SENS:0.857 SPEC:0.524 | COMPOSITE:0.7527 EMA:0.7896
[segformer3d | fold 4 | epoch 077] train=0.4571 val_loss=0.3898 auc=0.7687 thr=0.511
  [Metrics] AUC:0.769 F1:0.760 SENS:0.905 SPEC:0.524 | COMPOSITE:0.7774 EMA:0.7859
[segformer3d | fold 4 | epoch 078] train=0.4559 val_loss=0.3968 auc=0.7528 thr=0.509
  [Metrics] AUC:0.753 F1:0.745 SENS:0.905 SPEC:0.476 | COMPOSITE:0.7626 EMA:0.1789
[segformer3d | fold 4 | epoch 079] train=0.4622 val_loss=0.4010 auc=0.7029 thr=0.550
  [Metrics] AUC:0.703 F1:0.692 SENS:0.857 SPEC:0.381 | COMPOSITE:0.7060 EMA:-0.2630
[segformer3d | fold 4 | epoch 080] train=0.4640 val_loss=0.3939 auc=0.7506 thr=0.505
  [Metrics] AUC:0.751 F1:0.708 SENS:0.810 SPEC:0.524 | COMPOSITE:0.7266 EMA:0.0339
[segformer3d | fold 4 | epoch 081] train=0.4298 val_loss=0.4020 auc=0.7415 thr=0.530
  [Metrics] AUC:0.741 F1:0.723 SENS:0.810 SPEC:0.571 | COMPOSITE:0.7353 EMA:0.2443
[segformer3d | fold 4 | epoch 082] train=0.4471 val_loss=0.4025 auc=0.7460 thr=0.515
  [Metrics] AUC:0.746 F1:0.750 SENS:0.857 SPEC:0.571 | COMPOSITE:0.7597 EMA:0.3989
[segformer3d | fold 4 | epoch 083] train=0.4492 val_loss=0.3903 auc=0.7959 thr=0.515
  [Metrics] AUC:0.796 F1:0.824 SENS:1.000 SPEC:0.571 | COMPOSITE:0.8406 EMA:0.5314
[segformer3d | fold 4 | epoch 084] train=0.4520 val_loss=0.4183 auc=0.7392 thr=0.514
  [Metrics] AUC:0.739 F1:0.766 SENS:0.857 SPEC:0.619 | COMPOSITE:0.7692 EMA:0.6027
[segformer3d | fold 4 | epoch 085] train=0.4442 val_loss=0.4226 auc=0.6893 thr=0.529
  [Metrics] AUC:0.689 F1:0.694 SENS:0.810 SPEC:0.476 | COMPOSITE:0.7006 EMA:0.0321
[segformer3d | fold 4 | epoch 086] train=0.4192 val_loss=0.4193 auc=0.7234 thr=0.536
  [Metrics] AUC:0.723 F1:0.750 SENS:0.857 SPEC:0.571 | COMPOSITE:0.7541 EMA:0.2487
[segformer3d | fold 4 | epoch 087] train=0.4497 val_loss=0.4065 auc=0.7551 thr=0.506
  [Metrics] AUC:0.755 F1:0.776 SENS:0.905 SPEC:0.571 | COMPOSITE:0.7850 EMA:0.4096
[segformer3d | fold 4 | epoch 088] train=0.4626 val_loss=0.4220 auc=0.7279 thr=0.516
  [Metrics] AUC:0.728 F1:0.776 SENS:0.905 SPEC:0.571 | COMPOSITE:0.7782 EMA:0.5202
[segformer3d | fold 4 | epoch 089] train=0.4535 val_loss=0.4083 auc=0.7755 thr=0.521
  [Metrics] AUC:0.776 F1:0.784 SENS:0.952 SPEC:0.524 | COMPOSITE:0.8019 EMA:0.6047
[segformer3d | fold 4 | epoch 090] train=0.4648 val_loss=0.3870 auc=0.7982 thr=0.531
  [Metrics] AUC:0.798 F1:0.800 SENS:0.952 SPEC:0.571 | COMPOSITE:0.8186 EMA:0.6689
[segformer3d | fold 4 | epoch 091] train=0.4602 val_loss=0.4147 auc=0.7664 thr=0.500
  [Metrics] AUC:0.766 F1:0.784 SENS:0.952 SPEC:0.524 | COMPOSITE:0.7996 EMA:0.7081
[segformer3d | fold 4 | epoch 092] train=0.4697 val_loss=0.4048 auc=0.7823 thr=0.515
  [Metrics] AUC:0.782 F1:0.792 SENS:0.905 SPEC:0.619 | COMPOSITE:0.8030 EMA:0.7366
[segformer3d | fold 4 | epoch 093] train=0.4485 val_loss=0.3859 auc=0.7891 thr=0.508
  [Metrics] AUC:0.789 F1:0.760 SENS:0.905 SPEC:0.524 | COMPOSITE:0.7825 EMA:0.7503
[segformer3d | fold 4 | epoch 094] train=0.4567 val_loss=0.3902 auc=0.8050 thr=0.529
  [Metrics] AUC:0.805 F1:0.784 SENS:0.952 SPEC:0.524 | COMPOSITE:0.8092 EMA:0.7680
[segformer3d | fold 4 | epoch 095] train=0.4458 val_loss=0.4002 auc=0.7823 thr=0.511
  [Metrics] AUC:0.782 F1:0.816 SENS:0.952 SPEC:0.619 | COMPOSITE:0.8259 EMA:0.7854
[segformer3d | fold 4 | epoch 096] train=0.4466 val_loss=0.3845 auc=0.8027 thr=0.529
  [Metrics] AUC:0.803 F1:0.809 SENS:0.905 SPEC:0.667 | COMPOSITE:0.8195 EMA:0.7956
[segformer3d | fold 4 | epoch 097] train=0.4433 val_loss=0.3958 auc=0.8005 thr=0.506
  [Metrics] AUC:0.800 F1:0.791 SENS:0.810 SPEC:0.762 | COMPOSITE:0.7954 EMA:0.7955
[segformer3d | fold 4 | epoch 098] train=0.4674 val_loss=0.3936 auc=0.8027 thr=0.510
  [Metrics] AUC:0.803 F1:0.808 SENS:1.000 SPEC:0.524 | COMPOSITE:0.8312 EMA:0.8062
    ★ SAVED DUAL-PASS (SENS=1.000≥0.8 SPEC=0.524≥0.5 | comp=0.8312)
[segformer3d | fold 4 | epoch 099] train=0.4378 val_loss=0.4019 auc=0.7574 thr=0.522
  [Metrics] AUC:0.757 F1:0.745 SENS:0.905 SPEC:0.476 | COMPOSITE:0.7637 EMA:0.1935
[segformer3d | fold 4 | epoch 100] train=0.4413 val_loss=0.3967 auc=0.7619 thr=0.521
  [Metrics] AUC:0.762 F1:0.776 SENS:0.905 SPEC:0.571 | COMPOSITE:0.7867 EMA:0.3715
  SWA model finalize ediliyor...
  SWA val COMPOSITE: 0.7394 | Best EMA COMPOSITE: 0.8062

=================================================================
  SegFormer3D Fold 4  |  Threshold: Youden 0.519
=================================================================
  Metrik                Değer                   95% CI
  -------------------------------------------------------
  AUC-ROC               0.803          [0.653 - 0.922]
  AUC-PR                0.792                        -
  Sensitivity           0.857          [0.687 - 1.000]
  Specificity           0.714          [0.500 - 0.895]
  PPV                   0.750          [0.550 - 0.913]
  NPV                   0.833          [0.643 - 1.000]
  Accuracy              0.786          [0.643 - 0.905]
  F1-Score              0.800          [0.638 - 0.913]
  Composite             0.808                        -

  CM: TP=18 FP=6 FN=3 TN=15
  Toplam Hata: 9/42
=================================================================

======================================================================
FOLD 5/5
======================================================================
  [Fold 5] class_counts: NEG=85, POS=79
  [Fold 5] MAE pretrained encoder yüklendi (204 katman).
[segformer3d | fold 5 | epoch 001] train=0.5421 val_loss=0.5817 auc=0.3619 thr=0.355
  [Metrics] AUC:0.362 F1:0.621 SENS:0.900 SPEC:0.048 | COMPOSITE:0.5678 EMA:-1.4322
[segformer3d | fold 5 | epoch 002] train=0.5256 val_loss=0.5481 auc=0.2929 thr=0.276
  [Metrics] AUC:0.293 F1:0.656 SENS:1.000 SPEC:0.000 | COMPOSITE:0.5871 EMA:-1.4264
[segformer3d | fold 5 | epoch 003] train=0.5861 val_loss=0.6216 auc=0.2238 thr=0.350
  [Metrics] AUC:0.224 F1:0.571 SENS:0.800 SPEC:0.048 | COMPOSITE:0.4860 EMA:-1.4527
    ☆ SAVED FALLBACK (SENS=0.800 SPEC=0.048 | comp=0.4860)
[segformer3d | fold 5 | epoch 004] train=0.5426 val_loss=0.4910 auc=0.4048 thr=0.439
  [Metrics] AUC:0.405 F1:0.632 SENS:0.900 SPEC:0.095 | COMPOSITE:0.5884 EMA:-1.4404
    ☆ SAVED FALLBACK (SENS=0.900 SPEC=0.095 | comp=0.5884)
[segformer3d | fold 5 | epoch 005] train=0.5235 val_loss=0.5455 auc=0.3381 thr=0.408
  [Metrics] AUC:0.338 F1:0.593 SENS:0.800 SPEC:0.143 | COMPOSITE:0.5341 EMA:-1.4480
[segformer3d | fold 5 | epoch 006] train=0.5270 val_loss=0.4972 auc=0.4333 thr=0.434
  [Metrics] AUC:0.433 F1:0.655 SENS:0.950 SPEC:0.095 | COMPOSITE:0.6189 EMA:-1.4279
    ☆ SAVED FALLBACK (SENS=0.950 SPEC=0.095 | comp=0.6189)
[segformer3d | fold 5 | epoch 007] train=0.5172 val_loss=0.5323 auc=0.4524 thr=0.393
  [Metrics] AUC:0.452 F1:0.607 SENS:0.850 SPEC:0.095 | COMPOSITE:0.5767 EMA:-1.4266
    ☆ SAVED FALLBACK (SENS=0.850 SPEC=0.095 | comp=0.5767)
[segformer3d | fold 5 | epoch 008] train=0.5229 val_loss=0.4838 auc=0.5524 thr=0.448
  [Metrics] AUC:0.552 F1:0.667 SENS:0.800 SPEC:0.429 | COMPOSITE:0.6490 EMA:-1.4039
    ☆ SAVED FALLBACK (SENS=0.800 SPEC=0.429 | comp=0.6490)
[segformer3d | fold 5 | epoch 009] train=0.5117 val_loss=0.4541 auc=0.5833 thr=0.497
  [Metrics] AUC:0.583 F1:0.696 SENS:0.800 SPEC:0.524 | COMPOSITE:0.6783 EMA:-0.7792
    ★ SAVED DUAL-PASS (SENS=0.800≥0.8 SPEC=0.524≥0.5 | comp=0.6783)
[segformer3d | fold 5 | epoch 010] train=0.4514 val_loss=0.4555 auc=0.6381 thr=0.468
  [Metrics] AUC:0.638 F1:0.696 SENS:0.800 SPEC:0.524 | COMPOSITE:0.6920 EMA:-0.3379
    ★ SAVED DUAL-PASS (SENS=0.800≥0.8 SPEC=0.524≥0.5 | comp=0.6920)
[segformer3d | fold 5 | epoch 011] train=0.4551 val_loss=0.4131 auc=0.7167 thr=0.461
  [Metrics] AUC:0.717 F1:0.696 SENS:0.800 SPEC:0.524 | COMPOSITE:0.7117 EMA:-0.0230
    ★ SAVED DUAL-PASS (SENS=0.800≥0.8 SPEC=0.524≥0.5 | comp=0.7117)
[segformer3d | fold 5 | epoch 012] train=0.4572 val_loss=0.4372 auc=0.6524 thr=0.496
  [Metrics] AUC:0.652 F1:0.708 SENS:0.850 SPEC:0.476 | COMPOSITE:0.7091 EMA:-0.4034
[segformer3d | fold 5 | epoch 013] train=0.4931 val_loss=0.4181 auc=0.7214 thr=0.507
  [Metrics] AUC:0.721 F1:0.766 SENS:0.900 SPEC:0.571 | COMPOSITE:0.7726 EMA:-0.0506
[segformer3d | fold 5 | epoch 014] train=0.4822 val_loss=0.4065 auc=0.7000 thr=0.495
  [Metrics] AUC:0.700 F1:0.681 SENS:0.800 SPEC:0.476 | COMPOSITE:0.6966 EMA:-0.4264
[segformer3d | fold 5 | epoch 015] train=0.4695 val_loss=0.4007 auc=0.7357 thr=0.506
  [Metrics] AUC:0.736 F1:0.723 SENS:0.850 SPEC:0.524 | COMPOSITE:0.7409 EMA:-0.0762
[segformer3d | fold 5 | epoch 016] train=0.4716 val_loss=0.4003 auc=0.7238 thr=0.446
  [Metrics] AUC:0.724 F1:0.720 SENS:0.900 SPEC:0.429 | COMPOSITE:0.7402 EMA:-0.4313
[segformer3d | fold 5 | epoch 017] train=0.4836 val_loss=0.3914 auc=0.7381 thr=0.445
  [Metrics] AUC:0.738 F1:0.720 SENS:0.900 SPEC:0.429 | COMPOSITE:0.7438 EMA:-0.6788
[segformer3d | fold 5 | epoch 018] train=0.4927 val_loss=0.3937 auc=0.7238 thr=0.475
  [Metrics] AUC:0.724 F1:0.681 SENS:0.800 SPEC:0.476 | COMPOSITE:0.7026 EMA:-0.8644
[segformer3d | fold 5 | epoch 019] train=0.4576 val_loss=0.4204 auc=0.6524 thr=0.481
  [Metrics] AUC:0.652 F1:0.667 SENS:0.850 SPEC:0.333 | COMPOSITE:0.6773 EMA:-1.0019
[segformer3d | fold 5 | epoch 020] train=0.4282 val_loss=0.4189 auc=0.6548 thr=0.475
  [Metrics] AUC:0.655 F1:0.642 SENS:0.850 SPEC:0.238 | COMPOSITE:0.6573 EMA:-1.1041
[segformer3d | fold 5 | epoch 021] train=0.4691 val_loss=0.4145 auc=0.7238 thr=0.480
  [Metrics] AUC:0.724 F1:0.696 SENS:0.800 SPEC:0.524 | COMPOSITE:0.7134 EMA:-0.5589
[segformer3d | fold 5 | epoch 022] train=0.4537 val_loss=0.4113 auc=0.7167 thr=0.485
  [Metrics] AUC:0.717 F1:0.727 SENS:0.800 SPEC:0.619 | COMPOSITE:0.7338 EMA:-0.1710
[segformer3d | fold 5 | epoch 023] train=0.4652 val_loss=0.4049 auc=0.6905 thr=0.461
  [Metrics] AUC:0.690 F1:0.640 SENS:0.800 SPEC:0.333 | COMPOSITE:0.6626 EMA:-0.5209
[segformer3d | fold 5 | epoch 024] train=0.4622 val_loss=0.4092 auc=0.7048 thr=0.461
  [Metrics] AUC:0.705 F1:0.653 SENS:0.800 SPEC:0.381 | COMPOSITE:0.6766 EMA:-0.7617
[segformer3d | fold 5 | epoch 025] train=0.4858 val_loss=0.4010 auc=0.7310 thr=0.520
  [Metrics] AUC:0.731 F1:0.727 SENS:0.800 SPEC:0.619 | COMPOSITE:0.7374 EMA:-0.3120
[segformer3d | fold 5 | epoch 026] train=0.4771 val_loss=0.4106 auc=0.6952 thr=0.500
  [Metrics] AUC:0.695 F1:0.696 SENS:0.800 SPEC:0.524 | COMPOSITE:0.7063 EMA:-0.0065
    ★ SAVED DUAL-PASS (SENS=0.800≥0.8 SPEC=0.524≥0.5 | comp=0.7063)
[segformer3d | fold 5 | epoch 027] train=0.4774 val_loss=0.4006 auc=0.7214 thr=0.498
  [Metrics] AUC:0.721 F1:0.653 SENS:0.800 SPEC:0.381 | COMPOSITE:0.6808 EMA:-0.4003
[segformer3d | fold 5 | epoch 028] train=0.4644 val_loss=0.3968 auc=0.7381 thr=0.474
  [Metrics] AUC:0.738 F1:0.723 SENS:0.850 SPEC:0.524 | COMPOSITE:0.7414 EMA:-0.0578
[segformer3d | fold 5 | epoch 029] train=0.4629 val_loss=0.4000 auc=0.7429 thr=0.486
  [Metrics] AUC:0.743 F1:0.723 SENS:0.850 SPEC:0.524 | COMPOSITE:0.7426 EMA:0.1823
    ★ SAVED DUAL-PASS (SENS=0.850≥0.8 SPEC=0.524≥0.5 | comp=0.7426)
[segformer3d | fold 5 | epoch 030] train=0.4661 val_loss=0.3970 auc=0.7643 thr=0.502
  [Metrics] AUC:0.764 F1:0.744 SENS:0.800 SPEC:0.667 | COMPOSITE:0.7571 EMA:0.3548
    ★ SAVED DUAL-PASS (SENS=0.800≥0.8 SPEC=0.667≥0.5 | comp=0.7571)
[segformer3d | fold 5 | epoch 031] train=0.4785 val_loss=0.3861 auc=0.7762 thr=0.485
  [Metrics] AUC:0.776 F1:0.727 SENS:0.800 SPEC:0.619 | COMPOSITE:0.7487 EMA:0.4730
    ★ SAVED DUAL-PASS (SENS=0.800≥0.8 SPEC=0.619≥0.5 | comp=0.7487)
[segformer3d | fold 5 | epoch 032] train=0.4698 val_loss=0.3847 auc=0.8048 thr=0.463
  [Metrics] AUC:0.805 F1:0.750 SENS:0.900 SPEC:0.524 | COMPOSITE:0.7823 EMA:0.5658
    ★ SAVED DUAL-PASS (SENS=0.900≥0.8 SPEC=0.524≥0.5 | comp=0.7823)
[segformer3d | fold 5 | epoch 033] train=0.4594 val_loss=0.3628 auc=0.7762 thr=0.488
  [Metrics] AUC:0.776 F1:0.696 SENS:0.800 SPEC:0.524 | COMPOSITE:0.7265 EMA:0.6140
    ★ SAVED DUAL-PASS (SENS=0.800≥0.8 SPEC=0.524≥0.5 | comp=0.7265)
[segformer3d | fold 5 | epoch 034] train=0.4519 val_loss=0.3846 auc=0.7857 thr=0.443
  [Metrics] AUC:0.786 F1:0.735 SENS:0.900 SPEC:0.476 | COMPOSITE:0.7665 EMA:0.0597
[segformer3d | fold 5 | epoch 035] train=0.4702 val_loss=0.3938 auc=0.7738 thr=0.483
  [Metrics] AUC:0.774 F1:0.711 SENS:0.800 SPEC:0.571 | COMPOSITE:0.7369 EMA:0.2629
[segformer3d | fold 5 | epoch 036] train=0.4611 val_loss=0.3875 auc=0.7881 thr=0.480
  [Metrics] AUC:0.788 F1:0.708 SENS:0.850 SPEC:0.476 | COMPOSITE:0.7430 EMA:-0.1931
[segformer3d | fold 5 | epoch 037] train=0.4644 val_loss=0.3821 auc=0.8095 thr=0.471
  [Metrics] AUC:0.810 F1:0.766 SENS:0.900 SPEC:0.571 | COMPOSITE:0.7946 EMA:0.1032
[segformer3d | fold 5 | epoch 038] train=0.4521 val_loss=0.3793 auc=0.7929 thr=0.465
  [Metrics] AUC:0.793 F1:0.727 SENS:0.800 SPEC:0.619 | COMPOSITE:0.7529 EMA:0.2981
[segformer3d | fold 5 | epoch 039] train=0.4750 val_loss=0.3852 auc=0.8000 thr=0.461
  [Metrics] AUC:0.800 F1:0.756 SENS:0.850 SPEC:0.619 | COMPOSITE:0.7792 EMA:0.4425
[segformer3d | fold 5 | epoch 040] train=0.4706 val_loss=0.3707 auc=0.7929 thr=0.493
  [Metrics] AUC:0.793 F1:0.727 SENS:0.800 SPEC:0.619 | COMPOSITE:0.7529 EMA:0.5356
[segformer3d | fold 5 | epoch 041] train=0.4397 val_loss=0.3665 auc=0.7786 thr=0.496
  [Metrics] AUC:0.779 F1:0.681 SENS:0.800 SPEC:0.476 | COMPOSITE:0.7163 EMA:-0.0102
[segformer3d | fold 5 | epoch 042] train=0.4669 val_loss=0.4044 auc=0.7833 thr=0.477
  [Metrics] AUC:0.783 F1:0.696 SENS:0.800 SPEC:0.524 | COMPOSITE:0.7283 EMA:0.2114
[segformer3d | fold 5 | epoch 043] train=0.4544 val_loss=0.3791 auc=0.7810 thr=0.479
  [Metrics] AUC:0.781 F1:0.694 SENS:0.850 SPEC:0.429 | COMPOSITE:0.7305 EMA:-0.2329
[segformer3d | fold 5 | epoch 044] train=0.4439 val_loss=0.3904 auc=0.7929 thr=0.474
  [Metrics] AUC:0.793 F1:0.744 SENS:0.800 SPEC:0.667 | COMPOSITE:0.7643 EMA:0.0662
[segformer3d | fold 5 | epoch 045] train=0.4441 val_loss=0.3961 auc=0.7762 thr=0.503
  [Metrics] AUC:0.776 F1:0.727 SENS:0.800 SPEC:0.619 | COMPOSITE:0.7487 EMA:0.2710
[segformer3d | fold 5 | epoch 046] train=0.4571 val_loss=0.4019 auc=0.7476 thr=0.480
  [Metrics] AUC:0.748 F1:0.696 SENS:0.800 SPEC:0.524 | COMPOSITE:0.7194 EMA:0.4055
[segformer3d | fold 5 | epoch 047] train=0.4511 val_loss=0.4161 auc=0.7071 thr=0.491
  [Metrics] AUC:0.707 F1:0.694 SENS:0.850 SPEC:0.429 | COMPOSITE:0.7120 EMA:-0.1025
[segformer3d | fold 5 | epoch 048] train=0.4464 val_loss=0.3889 auc=0.7595 thr=0.507
  [Metrics] AUC:0.760 F1:0.723 SENS:0.850 SPEC:0.524 | COMPOSITE:0.7468 EMA:0.1523
[segformer3d | fold 5 | epoch 049] train=0.4469 val_loss=0.4119 auc=0.7262 thr=0.481
  [Metrics] AUC:0.726 F1:0.696 SENS:0.800 SPEC:0.524 | COMPOSITE:0.7140 EMA:0.3208
[segformer3d | fold 5 | epoch 050] train=0.4488 val_loss=0.4163 auc=0.7238 thr=0.485
  [Metrics] AUC:0.724 F1:0.681 SENS:0.800 SPEC:0.476 | COMPOSITE:0.7026 EMA:-0.1647
[segformer3d | fold 5 | epoch 051] train=0.4404 val_loss=0.4078 auc=0.7571 thr=0.484
  [Metrics] AUC:0.757 F1:0.708 SENS:0.850 SPEC:0.476 | COMPOSITE:0.7353 EMA:-0.4947
[segformer3d | fold 5 | epoch 052] train=0.4597 val_loss=0.3856 auc=0.7524 thr=0.497
  [Metrics] AUC:0.752 F1:0.680 SENS:0.850 SPEC:0.381 | COMPOSITE:0.7127 EMA:-0.7325
[segformer3d | fold 5 | epoch 053] train=0.4451 val_loss=0.4148 auc=0.7214 thr=0.492
  [Metrics] AUC:0.721 F1:0.694 SENS:0.850 SPEC:0.429 | COMPOSITE:0.7156 EMA:-0.8980
[segformer3d | fold 5 | epoch 054] train=0.4629 val_loss=0.4204 auc=0.7476 thr=0.474
  [Metrics] AUC:0.748 F1:0.696 SENS:0.800 SPEC:0.524 | COMPOSITE:0.7194 EMA:-0.4128
[segformer3d | fold 5 | epoch 055] train=0.4619 val_loss=0.4135 auc=0.7333 thr=0.488
  [Metrics] AUC:0.733 F1:0.723 SENS:0.850 SPEC:0.524 | COMPOSITE:0.7403 EMA:-0.0669
[segformer3d | fold 5 | epoch 056] train=0.4621 val_loss=0.4069 auc=0.7571 thr=0.476
  [Metrics] AUC:0.757 F1:0.727 SENS:0.800 SPEC:0.619 | COMPOSITE:0.7440 EMA:0.1764
[segformer3d | fold 5 | epoch 057] train=0.4073 val_loss=0.3979 auc=0.7690 thr=0.518
  [Metrics] AUC:0.769 F1:0.791 SENS:0.850 SPEC:0.714 | COMPOSITE:0.7946 EMA:0.3618
[segformer3d | fold 5 | epoch 058] train=0.4427 val_loss=0.3905 auc=0.7333 thr=0.506
  [Metrics] AUC:0.733 F1:0.727 SENS:0.800 SPEC:0.619 | COMPOSITE:0.7380 EMA:0.4747
[segformer3d | fold 5 | epoch 059] train=0.4705 val_loss=0.4051 auc=0.7833 thr=0.484
  [Metrics] AUC:0.783 F1:0.762 SENS:0.800 SPEC:0.714 | COMPOSITE:0.7735 EMA:0.5643
[segformer3d | fold 5 | epoch 060] train=0.4686 val_loss=0.3938 auc=0.7714 thr=0.511
  [Metrics] AUC:0.771 F1:0.727 SENS:0.800 SPEC:0.619 | COMPOSITE:0.7475 EMA:0.6193
    ★ SAVED DUAL-PASS (SENS=0.800≥0.8 SPEC=0.619≥0.5 | comp=0.7475)
[segformer3d | fold 5 | epoch 061] train=0.4412 val_loss=0.3943 auc=0.7929 thr=0.491
  [Metrics] AUC:0.793 F1:0.756 SENS:0.850 SPEC:0.619 | COMPOSITE:0.7775 EMA:0.6667
    ★ SAVED DUAL-PASS (SENS=0.850≥0.8 SPEC=0.619≥0.5 | comp=0.7775)
[segformer3d | fold 5 | epoch 062] train=0.4370 val_loss=0.4024 auc=0.7714 thr=0.503
  [Metrics] AUC:0.771 F1:0.696 SENS:0.800 SPEC:0.524 | COMPOSITE:0.7253 EMA:0.6843
    ★ SAVED DUAL-PASS (SENS=0.800≥0.8 SPEC=0.524≥0.5 | comp=0.7253)
[segformer3d | fold 5 | epoch 063] train=0.4436 val_loss=0.3894 auc=0.7810 thr=0.492
  [Metrics] AUC:0.781 F1:0.696 SENS:0.800 SPEC:0.524 | COMPOSITE:0.7277 EMA:0.6973
    ★ SAVED DUAL-PASS (SENS=0.800≥0.8 SPEC=0.524≥0.5 | comp=0.7277)
[segformer3d | fold 5 | epoch 064] train=0.4402 val_loss=0.3924 auc=0.8071 thr=0.479
  [Metrics] AUC:0.807 F1:0.766 SENS:0.900 SPEC:0.571 | COMPOSITE:0.7940 EMA:0.7263
    ★ SAVED DUAL-PASS (SENS=0.900≥0.8 SPEC=0.571≥0.5 | comp=0.7940)
[segformer3d | fold 5 | epoch 065] train=0.4338 val_loss=0.4123 auc=0.7690 thr=0.461
  [Metrics] AUC:0.769 F1:0.766 SENS:0.900 SPEC:0.571 | COMPOSITE:0.7845 EMA:0.7438
    ★ SAVED DUAL-PASS (SENS=0.900≥0.8 SPEC=0.571≥0.5 | comp=0.7845)
[segformer3d | fold 5 | epoch 066] train=0.4395 val_loss=0.3958 auc=0.7548 thr=0.506
  [Metrics] AUC:0.755 F1:0.696 SENS:0.800 SPEC:0.524 | COMPOSITE:0.7212 EMA:0.7370
[segformer3d | fold 5 | epoch 067] train=0.4765 val_loss=0.3956 auc=0.7500 thr=0.497
  [Metrics] AUC:0.750 F1:0.773 SENS:0.850 SPEC:0.667 | COMPOSITE:0.7782 EMA:0.7494
    ★ SAVED DUAL-PASS (SENS=0.850≥0.8 SPEC=0.667≥0.5 | comp=0.7782)
[segformer3d | fold 5 | epoch 068] train=0.4808 val_loss=0.3929 auc=0.7690 thr=0.510
  [Metrics] AUC:0.769 F1:0.756 SENS:0.850 SPEC:0.619 | COMPOSITE:0.7715 EMA:0.7560
    ★ SAVED DUAL-PASS (SENS=0.850≥0.8 SPEC=0.619≥0.5 | comp=0.7715)
[segformer3d | fold 5 | epoch 069] train=0.4548 val_loss=0.3622 auc=0.7929 thr=0.521
  [Metrics] AUC:0.793 F1:0.773 SENS:0.850 SPEC:0.667 | COMPOSITE:0.7889 EMA:0.7659
    ★ SAVED DUAL-PASS (SENS=0.850≥0.8 SPEC=0.667≥0.5 | comp=0.7889)
[segformer3d | fold 5 | epoch 070] train=0.4611 val_loss=0.4029 auc=0.7857 thr=0.476
  [Metrics] AUC:0.786 F1:0.739 SENS:0.850 SPEC:0.571 | COMPOSITE:0.7644 EMA:0.7654
[segformer3d | fold 5 | epoch 071] train=0.4576 val_loss=0.3919 auc=0.8024 thr=0.491
  [Metrics] AUC:0.802 F1:0.773 SENS:0.850 SPEC:0.667 | COMPOSITE:0.7913 EMA:0.7732
    ★ SAVED DUAL-PASS (SENS=0.850≥0.8 SPEC=0.667≥0.5 | comp=0.7913)
[segformer3d | fold 5 | epoch 072] train=0.4157 val_loss=0.3897 auc=0.7952 thr=0.481
  [Metrics] AUC:0.795 F1:0.783 SENS:0.900 SPEC:0.619 | COMPOSITE:0.8023 EMA:0.7819
    ★ SAVED DUAL-PASS (SENS=0.900≥0.8 SPEC=0.619≥0.5 | comp=0.8023)
[segformer3d | fold 5 | epoch 073] train=0.4666 val_loss=0.4053 auc=0.7381 thr=0.486
  [Metrics] AUC:0.738 F1:0.681 SENS:0.800 SPEC:0.476 | COMPOSITE:0.7062 EMA:0.1592
[segformer3d | fold 5 | epoch 074] train=0.4750 val_loss=0.3945 auc=0.7857 thr=0.484
  [Metrics] AUC:0.786 F1:0.756 SENS:0.850 SPEC:0.619 | COMPOSITE:0.7757 EMA:0.3441
[segformer3d | fold 5 | epoch 075] train=0.4627 val_loss=0.3990 auc=0.7738 thr=0.476
  [Metrics] AUC:0.774 F1:0.681 SENS:0.800 SPEC:0.476 | COMPOSITE:0.7151 EMA:-0.1446
[segformer3d | fold 5 | epoch 076] train=0.4376 val_loss=0.4185 auc=0.7690 thr=0.464
  [Metrics] AUC:0.769 F1:0.727 SENS:0.800 SPEC:0.619 | COMPOSITE:0.7469 EMA:0.1229
[segformer3d | fold 5 | epoch 077] train=0.4486 val_loss=0.4097 auc=0.7929 thr=0.471
  [Metrics] AUC:0.793 F1:0.696 SENS:0.800 SPEC:0.524 | COMPOSITE:0.7307 EMA:0.3052
[segformer3d | fold 5 | epoch 078] train=0.4499 val_loss=0.4054 auc=0.7667 thr=0.469
  [Metrics] AUC:0.767 F1:0.680 SENS:0.850 SPEC:0.381 | COMPOSITE:0.7163 EMA:-0.1714
[segformer3d | fold 5 | epoch 079] train=0.4425 val_loss=0.3924 auc=0.8119 thr=0.503
  [Metrics] AUC:0.812 F1:0.762 SENS:0.800 SPEC:0.714 | COMPOSITE:0.7806 EMA:0.1142
[segformer3d | fold 5 | epoch 080] train=0.4567 val_loss=0.4066 auc=0.7476 thr=0.479
  [Metrics] AUC:0.748 F1:0.681 SENS:0.800 SPEC:0.476 | COMPOSITE:0.7085 EMA:-0.3075
[segformer3d | fold 5 | epoch 081] train=0.4268 val_loss=0.4187 auc=0.7524 thr=0.480
  [Metrics] AUC:0.752 F1:0.756 SENS:0.850 SPEC:0.619 | COMPOSITE:0.7673 EMA:0.0149
[segformer3d | fold 5 | epoch 082] train=0.4303 val_loss=0.4159 auc=0.7619 thr=0.489
  [Metrics] AUC:0.762 F1:0.762 SENS:0.800 SPEC:0.714 | COMPOSITE:0.7681 EMA:0.2409
[segformer3d | fold 5 | epoch 083] train=0.4506 val_loss=0.4139 auc=0.7524 thr=0.481
  [Metrics] AUC:0.752 F1:0.696 SENS:0.800 SPEC:0.524 | COMPOSITE:0.7206 EMA:0.3848
[segformer3d | fold 5 | epoch 084] train=0.4484 val_loss=0.3991 auc=0.7786 thr=0.482
  [Metrics] AUC:0.779 F1:0.756 SENS:0.850 SPEC:0.619 | COMPOSITE:0.7739 EMA:0.5015
[segformer3d | fold 5 | epoch 085] train=0.4836 val_loss=0.3924 auc=0.7952 thr=0.483
  [Metrics] AUC:0.795 F1:0.744 SENS:0.800 SPEC:0.667 | COMPOSITE:0.7649 EMA:0.5805
[segformer3d | fold 5 | epoch 086] train=0.4820 val_loss=0.3736 auc=0.7714 thr=0.482
  [Metrics] AUC:0.771 F1:0.681 SENS:0.800 SPEC:0.476 | COMPOSITE:0.7145 EMA:0.0207
[segformer3d | fold 5 | epoch 087] train=0.4418 val_loss=0.3922 auc=0.7833 thr=0.491
  [Metrics] AUC:0.783 F1:0.739 SENS:0.850 SPEC:0.571 | COMPOSITE:0.7638 EMA:0.2436
[segformer3d | fold 5 | epoch 088] train=0.4485 val_loss=0.4134 auc=0.7381 thr=0.461
  [Metrics] AUC:0.738 F1:0.680 SENS:0.850 SPEC:0.381 | COMPOSITE:0.7092 EMA:-0.2167
[segformer3d | fold 5 | epoch 089] train=0.4567 val_loss=0.4126 auc=0.7619 thr=0.493
  [Metrics] AUC:0.762 F1:0.744 SENS:0.800 SPEC:0.667 | COMPOSITE:0.7565 EMA:0.0753
[segformer3d | fold 5 | epoch 090] train=0.4586 val_loss=0.3975 auc=0.7738 thr=0.478
  [Metrics] AUC:0.774 F1:0.723 SENS:0.850 SPEC:0.524 | COMPOSITE:0.7504 EMA:0.2778
[segformer3d | fold 5 | epoch 091] train=0.4489 val_loss=0.3832 auc=0.7738 thr=0.495
  [Metrics] AUC:0.774 F1:0.696 SENS:0.800 SPEC:0.524 | COMPOSITE:0.7259 EMA:0.4122
[segformer3d | fold 5 | epoch 092] train=0.5024 val_loss=0.4112 auc=0.7690 thr=0.478
  [Metrics] AUC:0.769 F1:0.711 SENS:0.800 SPEC:0.571 | COMPOSITE:0.7358 EMA:0.5093
[segformer3d | fold 5 | epoch 093] train=0.4417 val_loss=0.3931 auc=0.7905 thr=0.459
  [Metrics] AUC:0.790 F1:0.694 SENS:0.850 SPEC:0.429 | COMPOSITE:0.7329 EMA:-0.0236
[segformer3d | fold 5 | epoch 094] train=0.4741 val_loss=0.3924 auc=0.7571 thr=0.478
  [Metrics] AUC:0.757 F1:0.735 SENS:0.900 SPEC:0.476 | COMPOSITE:0.7594 EMA:-0.3887
[segformer3d | fold 5 | epoch 095] train=0.4636 val_loss=0.4038 auc=0.7786 thr=0.477
  [Metrics] AUC:0.779 F1:0.727 SENS:0.800 SPEC:0.619 | COMPOSITE:0.7493 EMA:-0.0473
[segformer3d | fold 5 | epoch 096] train=0.4501 val_loss=0.3944 auc=0.7881 thr=0.493
  [Metrics] AUC:0.788 F1:0.773 SENS:0.850 SPEC:0.667 | COMPOSITE:0.7877 EMA:0.2032
[segformer3d | fold 5 | epoch 097] train=0.4607 val_loss=0.3942 auc=0.7595 thr=0.511
  [Metrics] AUC:0.760 F1:0.696 SENS:0.800 SPEC:0.524 | COMPOSITE:0.7224 EMA:0.3589
  Early stopping @ epoch 97 (best EMA score=0.7819)
  SWA model finalize ediliyor...
  SWA val COMPOSITE: 0.7337 | Best EMA COMPOSITE: 0.7819

=================================================================
  SegFormer3D Fold 5  |  Threshold: Youden 0.481
=================================================================
  Metrik                Değer                   95% CI
  -------------------------------------------------------
  AUC-ROC               0.795          [0.645 - 0.926]
  AUC-PR                0.829                        -
  Sensitivity           0.900          [0.750 - 1.000]
  Specificity           0.619          [0.400 - 0.833]
  PPV                   0.692          [0.500 - 0.870]
  NPV                   0.867          [0.667 - 1.000]
  Accuracy              0.756          [0.610 - 0.878]
  F1-Score              0.783          [0.629 - 0.898]
  Composite             0.802                        -

  CM: TP=18 FP=8 FN=2 TN=13
  Toplam Hata: 10/41
=================================================================

AGGREGATE OOF (5-Fold Cross-Validation):

=================================================================
  SegFormer3D Aggregate OOF  |  Threshold: Youden 0.542
=================================================================
  Metrik                Değer                   95% CI
  -------------------------------------------------------
  AUC-ROC               0.635          [0.558 - 0.712]
  AUC-PR                0.646                        -
  Sensitivity           0.470          [0.374 - 0.568]
  Specificity           0.776          [0.695 - 0.851]
  PPV                   0.662          [0.545 - 0.773]
  NPV                   0.610          [0.528 - 0.688]
  Accuracy              0.628          [0.565 - 0.696]
  F1-Score              0.550          [0.454 - 0.636]
  Composite             0.577                        -

  CM: TP=47 FP=24 FN=53 TN=83
  Toplam Hata: 77/207
=================================================================

SegFormer3D-MSCA — Kalibrasyon: Brier=0.2369 | ECE=0.1020

SegFormer3D-MSCA — EXTERNAL TEST (ALL FOLDS + ENSEMBLE):
               fold  auc_roc  sensitivity  specificity  accuracy    f1   ppv   npv  tp  fp  fn  tn
             Fold 1    0.582        0.444        0.895     0.676 0.571 0.800 0.630   8   2  10  17
             Fold 2    0.594        0.500        0.737     0.622 0.562 0.643 0.609   9   5   9  14
             Fold 3    0.693        0.944        0.474     0.703 0.756 0.630 0.900  17  10   1   9
             Fold 4    0.620        0.500        0.895     0.703 0.621 0.818 0.654   9   2   9  17
             Fold 5    0.599        0.389        0.895     0.649 0.519 0.778 0.607   7   2  11  17
    Ensemble (@0.5)    0.608        0.667        0.474     0.568 0.600 0.545 0.600  12  10   6   9
 Ensemble (@Youden)    0.608        0.444        0.842     0.649 0.552 0.727 0.615   8   3  10  16
Ensemble (90+ Sens)    0.608        0.944        0.105     0.514 0.654 0.500 0.667  17  17   1   2

SegFormer3D-MSCA — ENSEMBLE @Youden (0.564) — %95 Bootstrap CI:

=================================================================
  SegFormer3D-MSCA  |  Threshold: Youden 0.564
=================================================================
  Metrik                Değer                   95% CI
  -------------------------------------------------------
  AUC-ROC               0.608          [0.414 - 0.791]
  AUC-PR                0.699                        -
  Sensitivity           0.444          [0.231 - 0.692]
  Specificity           0.842          [0.647 - 1.000]
  PPV                   0.727          [0.444 - 1.000]
  NPV                   0.615          [0.419 - 0.808]
  Accuracy              0.649          [0.486 - 0.784]
  F1-Score              0.552          [0.312 - 0.750]
  Composite             0.572                        -

  CM: TP=8 FP=3 FN=10 TN=16
  Toplam Hata: 13/37
=================================================================

SegFormer3D-MSCA — ENSEMBLE @90%+ Sensitivity (0.464) — %95 Bootstrap CI:

=================================================================
  SegFormer3D-MSCA  |  Threshold: 90+Sens 0.464
=================================================================
  Metrik                Değer                   95% CI
  -------------------------------------------------------
  AUC-ROC               0.608          [0.414 - 0.791]
  AUC-PR                0.699                        -
  Sensitivity           0.944          [0.812 - 1.000]
  Specificity           0.105          [0.000 - 0.267]
  PPV                   0.500          [0.333 - 0.667]
  NPV                   0.667          [0.000 - 1.000]
  Accuracy              0.514          [0.351 - 0.676]
  F1-Score              0.654          [0.489 - 0.792]
  Composite             0.662                        -

  CM: TP=17 FP=17 FN=1 TN=2
  Toplam Hata: 18/37
=================================================================
